-- The C compiler identification is GNU 11.4.0
-- The CXX compiler identification is GNU 11.4.0
-- Detecting C compiler ABI info
-- Detecting C compiler ABI info - done
-- Check for working C compiler: /usr/bin/cc - skipped
-- Detecting C compile features
-- Detecting C compile features - done
-- Detecting CXX compiler ABI info
-- Detecting CXX compiler ABI info - done
-- Check for working CXX compiler: /usr/bin/c++ - skipped
-- Detecting CXX compile features
-- Detecting CXX compile features - done
-- Found ament_cmake: 1.3.14 (/opt/ros/humble/share/ament_cmake/cmake)
-- Found Python3: /usr/bin/python3 (found version "3.10.12") found components: Interpreter 
-- Override CMake install command with custom implementation using symlinks instead of copying resources
-- Found rosidl_default_generators: 1.2.1 (/opt/ros/humble/share/rosidl_default_generators/cmake)
-- Using all available rosidl_typesupport_c: rosidl_typesupport_fastrtps_c;rosidl_typesupport_introspection_c
-- Found rosidl_adapter: 3.1.8 (/opt/ros/humble/share/rosidl_adapter/cmake)
-- Using all available rosidl_typesupport_cpp: rosidl_typesupport_fastrtps_cpp;rosidl_typesupport_introspection_cpp
-- Found std_msgs: 4.9.1 (/opt/ros/humble/share/std_msgs/cmake)
-- Configuring done
-- Generating done
-- Build files have been written to: /home/mtouri/ros2_ws_humble/build/circular_carrier_msgs
-- Install configuration: ""
-- Execute custom install script
-- Symlinking: /home/mtouri/ros2_ws_humble/install/circular_carrier_msgs/share/ament_index/resource_index/package_run_dependencies/circular_carrier_msgs
-- Symlinking: /home/mtouri/ros2_ws_humble/install/circular_carrier_msgs/share/ament_index/resource_index/parent_prefix_path/circular_carrier_msgs
-- Symlinking: /home/mtouri/ros2_ws_humble/install/circular_carrier_msgs/share/circular_carrier_msgs/environment/ament_prefix_path.sh
-- Symlinking: /home/mtouri/ros2_ws_humble/install/circular_carrier_msgs/share/circular_carrier_msgs/environment/ament_prefix_path.dsv
-- Symlinking: /home/mtouri/ros2_ws_humble/install/circular_carrier_msgs/share/circular_carrier_msgs/environment/path.sh
-- Symlinking: /home/mtouri/ros2_ws_humble/install/circular_carrier_msgs/share/circular_carrier_msgs/environment/path.dsv
-- Symlinking: /home/mtouri/ros2_ws_humble/install/circular_carrier_msgs/share/circular_carrier_msgs/local_setup.bash
-- Symlinking: /home/mtouri/ros2_ws_humble/install/circular_carrier_msgs/share/circular_carrier_msgs/local_setup.sh
-- Symlinking: /home/mtouri/ros2_ws_humble/install/circular_carrier_msgs/share/circular_carrier_msgs/local_setup.zsh
-- Symlinking: /home/mtouri/ros2_ws_humble/install/circular_carrier_msgs/share/circular_carrier_msgs/local_setup.dsv
-- Symlinking: /home/mtouri/ros2_ws_humble/install/circular_carrier_msgs/share/circular_carrier_msgs/package.dsv
-- Symlinking: /home/mtouri/ros2_ws_humble/install/circular_carrier_msgs/share/ament_index/resource_index/packages/circular_carrier_msgs
-- Symlinking: /home/mtouri/ros2_ws_humble/install/circular_carrier_msgs/share/circular_carrier_msgs/cmake/ament_cmake_export_dependencies-extras.cmake
-- Symlinking: /home/mtouri/ros2_ws_humble/install/circular_carrier_msgs/share/circular_carrier_msgs/cmake/circular_carrier_msgsConfig.cmake
-- Symlinking: /home/mtouri/ros2_ws_humble/install/circular_carrier_msgs/share/circular_carrier_msgs/cmake/circular_carrier_msgsConfig-version.cmake
-- Symlinking: /home/mtouri/ros2_ws_humble/install/circular_carrier_msgs/share/circular_carrier_msgs/package.xml
