[0.880s] Invoking command in '/home/mtouri/ros2_ws_humble/build/circular_carrier_msgs': CMAKE_PREFIX_PATH=${CMAKE_PREFIX_PATH}:/home/mtouri/spot_ws/install/synchros2_tutorials_example:/home/mtouri/spot_ws/install/spot_examples:/home/mtouri/spot_ws/install/spot_common:/home/mtouri/spot_ws/install/synchros2:/home/mtouri/ros2_ws_humble/install/rviz_manager:/home/mtouri/ros2_ws_humble/install/nimblbot_control:/home/mtouri/ros2_ws_humble/install/nimblbot_utils:/home/mtouri/ros2_ws_humble/install/nimblbot_simulation_scenes:/home/mtouri/ros2_ws_humble/install/nimblbot_path_follow:/home/mtouri/ros2_ws_humble/install/nimblbot_kinematics:/home/mtouri/ros2_ws_humble/install/nimblbot_driver:/home/mtouri/ros2_ws_humble/install/circular_carrier_control:/home/mtouri/ros2_ws_humble/install/nanotec_driver:/opt/ros/humble /usr/bin/cmake /home/mtouri/ros2_ws_humble/src/circular-carrier-ros2/circular_carrier_msgs -DAMENT_CMAKE_SYMLINK_INSTALL=1 -DCMAKE_INSTALL_PREFIX=/home/mtouri/ros2_ws_humble/install/circular_carrier_msgs
[2.037s] -- The C compiler identification is GNU 11.4.0
[2.037s] -- The CXX compiler identification is GNU 11.4.0
[2.037s] -- Detecting C compiler ABI info
[2.037s] -- Detecting C compiler ABI info - done
[2.037s] -- Check for working C compiler: /usr/bin/cc - skipped
[2.037s] -- Detecting C compile features
[2.037s] -- Detecting C compile features - done
[2.037s] -- Detecting CXX compiler ABI info
[2.037s] -- Detecting CXX compiler ABI info - done
[2.037s] -- Check for working CXX compiler: /usr/bin/c++ - skipped
[2.037s] -- Detecting CXX compile features
[2.037s] -- Detecting CXX compile features - done
[2.037s] -- Found ament_cmake: 1.3.14 (/opt/ros/humble/share/ament_cmake/cmake)
[2.037s] -- Found Python3: /usr/bin/python3 (found version "3.10.12") found components: Interpreter 
[2.037s] -- Override CMake install command with custom implementation using symlinks instead of copying resources
[2.037s] -- Found rosidl_default_generators: 1.2.1 (/opt/ros/humble/share/rosidl_default_generators/cmake)
[2.037s] -- Using all available rosidl_typesupport_c: rosidl_typesupport_fastrtps_c;rosidl_typesupport_introspection_c
[2.037s] -- Found rosidl_adapter: 3.1.8 (/opt/ros/humble/share/rosidl_adapter/cmake)
[2.037s] -- Using all available rosidl_typesupport_cpp: rosidl_typesupport_fastrtps_cpp;rosidl_typesupport_introspection_cpp
[2.037s] -- Found std_msgs: 4.9.1 (/opt/ros/humble/share/std_msgs/cmake)
[2.038s] -- Configuring done
[2.038s] -- Generating done
[2.038s] -- Build files have been written to: /home/mtouri/ros2_ws_humble/build/circular_carrier_msgs
[2.314s] Invoked command in '/home/mtouri/ros2_ws_humble/build/circular_carrier_msgs' returned '0': CMAKE_PREFIX_PATH=${CMAKE_PREFIX_PATH}:/home/mtouri/spot_ws/install/synchros2_tutorials_example:/home/mtouri/spot_ws/install/spot_examples:/home/mtouri/spot_ws/install/spot_common:/home/mtouri/spot_ws/install/synchros2:/home/mtouri/ros2_ws_humble/install/rviz_manager:/home/mtouri/ros2_ws_humble/install/nimblbot_control:/home/mtouri/ros2_ws_humble/install/nimblbot_utils:/home/mtouri/ros2_ws_humble/install/nimblbot_simulation_scenes:/home/mtouri/ros2_ws_humble/install/nimblbot_path_follow:/home/mtouri/ros2_ws_humble/install/nimblbot_kinematics:/home/mtouri/ros2_ws_humble/install/nimblbot_driver:/home/mtouri/ros2_ws_humble/install/circular_carrier_control:/home/mtouri/ros2_ws_humble/install/nanotec_driver:/opt/ros/humble /usr/bin/cmake /home/mtouri/ros2_ws_humble/src/circular-carrier-ros2/circular_carrier_msgs -DAMENT_CMAKE_SYMLINK_INSTALL=1 -DCMAKE_INSTALL_PREFIX=/home/mtouri/ros2_ws_humble/install/circular_carrier_msgs
[2.315s] Invoking command in '/home/mtouri/ros2_ws_humble/build/circular_carrier_msgs': CMAKE_PREFIX_PATH=${CMAKE_PREFIX_PATH}:/home/mtouri/spot_ws/install/synchros2_tutorials_example:/home/mtouri/spot_ws/install/spot_examples:/home/mtouri/spot_ws/install/spot_common:/home/mtouri/spot_ws/install/synchros2:/home/mtouri/ros2_ws_humble/install/rviz_manager:/home/mtouri/ros2_ws_humble/install/nimblbot_control:/home/mtouri/ros2_ws_humble/install/nimblbot_utils:/home/mtouri/ros2_ws_humble/install/nimblbot_simulation_scenes:/home/mtouri/ros2_ws_humble/install/nimblbot_path_follow:/home/mtouri/ros2_ws_humble/install/nimblbot_kinematics:/home/mtouri/ros2_ws_humble/install/nimblbot_driver:/home/mtouri/ros2_ws_humble/install/circular_carrier_control:/home/mtouri/ros2_ws_humble/install/nanotec_driver:/opt/ros/humble /usr/bin/cmake --build /home/mtouri/ros2_ws_humble/build/circular_carrier_msgs -- -j16 -l16
[2.398s] Invoked command in '/home/mtouri/ros2_ws_humble/build/circular_carrier_msgs' returned '0': CMAKE_PREFIX_PATH=${CMAKE_PREFIX_PATH}:/home/mtouri/spot_ws/install/synchros2_tutorials_example:/home/mtouri/spot_ws/install/spot_examples:/home/mtouri/spot_ws/install/spot_common:/home/mtouri/spot_ws/install/synchros2:/home/mtouri/ros2_ws_humble/install/rviz_manager:/home/mtouri/ros2_ws_humble/install/nimblbot_control:/home/mtouri/ros2_ws_humble/install/nimblbot_utils:/home/mtouri/ros2_ws_humble/install/nimblbot_simulation_scenes:/home/mtouri/ros2_ws_humble/install/nimblbot_path_follow:/home/mtouri/ros2_ws_humble/install/nimblbot_kinematics:/home/mtouri/ros2_ws_humble/install/nimblbot_driver:/home/mtouri/ros2_ws_humble/install/circular_carrier_control:/home/mtouri/ros2_ws_humble/install/nanotec_driver:/opt/ros/humble /usr/bin/cmake --build /home/mtouri/ros2_ws_humble/build/circular_carrier_msgs -- -j16 -l16
[2.406s] Invoking command in '/home/mtouri/ros2_ws_humble/build/circular_carrier_msgs': CMAKE_PREFIX_PATH=${CMAKE_PREFIX_PATH}:/home/mtouri/spot_ws/install/synchros2_tutorials_example:/home/mtouri/spot_ws/install/spot_examples:/home/mtouri/spot_ws/install/spot_common:/home/mtouri/spot_ws/install/synchros2:/home/mtouri/ros2_ws_humble/install/rviz_manager:/home/mtouri/ros2_ws_humble/install/nimblbot_control:/home/mtouri/ros2_ws_humble/install/nimblbot_utils:/home/mtouri/ros2_ws_humble/install/nimblbot_simulation_scenes:/home/mtouri/ros2_ws_humble/install/nimblbot_path_follow:/home/mtouri/ros2_ws_humble/install/nimblbot_kinematics:/home/mtouri/ros2_ws_humble/install/nimblbot_driver:/home/mtouri/ros2_ws_humble/install/circular_carrier_control:/home/mtouri/ros2_ws_humble/install/nanotec_driver:/opt/ros/humble /usr/bin/cmake --install /home/mtouri/ros2_ws_humble/build/circular_carrier_msgs
[2.429s] -- Install configuration: ""
[2.431s] -- Execute custom install script
[2.432s] -- Symlinking: /home/mtouri/ros2_ws_humble/install/circular_carrier_msgs/share/ament_index/resource_index/package_run_dependencies/circular_carrier_msgs
[2.465s] -- Symlinking: /home/mtouri/ros2_ws_humble/install/circular_carrier_msgs/share/ament_index/resource_index/parent_prefix_path/circular_carrier_msgs
[2.485s] -- Symlinking: /home/mtouri/ros2_ws_humble/install/circular_carrier_msgs/share/circular_carrier_msgs/environment/ament_prefix_path.sh
[2.520s] -- Symlinking: /home/mtouri/ros2_ws_humble/install/circular_carrier_msgs/share/circular_carrier_msgs/environment/ament_prefix_path.dsv
[2.544s] -- Symlinking: /home/mtouri/ros2_ws_humble/install/circular_carrier_msgs/share/circular_carrier_msgs/environment/path.sh
[2.577s] -- Symlinking: /home/mtouri/ros2_ws_humble/install/circular_carrier_msgs/share/circular_carrier_msgs/environment/path.dsv
[2.605s] -- Symlinking: /home/mtouri/ros2_ws_humble/install/circular_carrier_msgs/share/circular_carrier_msgs/local_setup.bash
[2.623s] -- Symlinking: /home/mtouri/ros2_ws_humble/install/circular_carrier_msgs/share/circular_carrier_msgs/local_setup.sh
[2.641s] -- Symlinking: /home/mtouri/ros2_ws_humble/install/circular_carrier_msgs/share/circular_carrier_msgs/local_setup.zsh
[2.658s] -- Symlinking: /home/mtouri/ros2_ws_humble/install/circular_carrier_msgs/share/circular_carrier_msgs/local_setup.dsv
[2.677s] -- Symlinking: /home/mtouri/ros2_ws_humble/install/circular_carrier_msgs/share/circular_carrier_msgs/package.dsv
[2.696s] -- Symlinking: /home/mtouri/ros2_ws_humble/install/circular_carrier_msgs/share/ament_index/resource_index/packages/circular_carrier_msgs
[2.714s] -- Symlinking: /home/mtouri/ros2_ws_humble/install/circular_carrier_msgs/share/circular_carrier_msgs/cmake/ament_cmake_export_dependencies-extras.cmake
[2.747s] -- Symlinking: /home/mtouri/ros2_ws_humble/install/circular_carrier_msgs/share/circular_carrier_msgs/cmake/circular_carrier_msgsConfig.cmake
[2.778s] -- Symlinking: /home/mtouri/ros2_ws_humble/install/circular_carrier_msgs/share/circular_carrier_msgs/cmake/circular_carrier_msgsConfig-version.cmake
[2.804s] -- Symlinking: /home/mtouri/ros2_ws_humble/install/circular_carrier_msgs/share/circular_carrier_msgs/package.xml
[2.848s] Invoked command in '/home/mtouri/ros2_ws_humble/build/circular_carrier_msgs' returned '0': CMAKE_PREFIX_PATH=${CMAKE_PREFIX_PATH}:/home/mtouri/spot_ws/install/synchros2_tutorials_example:/home/mtouri/spot_ws/install/spot_examples:/home/mtouri/spot_ws/install/spot_common:/home/mtouri/spot_ws/install/synchros2:/home/mtouri/ros2_ws_humble/install/rviz_manager:/home/mtouri/ros2_ws_humble/install/nimblbot_control:/home/mtouri/ros2_ws_humble/install/nimblbot_utils:/home/mtouri/ros2_ws_humble/install/nimblbot_simulation_scenes:/home/mtouri/ros2_ws_humble/install/nimblbot_path_follow:/home/mtouri/ros2_ws_humble/install/nimblbot_kinematics:/home/mtouri/ros2_ws_humble/install/nimblbot_driver:/home/mtouri/ros2_ws_humble/install/circular_carrier_control:/home/mtouri/ros2_ws_humble/install/nanotec_driver:/opt/ros/humble /usr/bin/cmake --install /home/mtouri/ros2_ws_humble/build/circular_carrier_msgs
