running develop
running egg_info
creating nimblbot_utils.egg-info
writing nimblbot_utils.egg-info/PKG-INFO
writing dependency_links to nimblbot_utils.egg-info/dependency_links.txt
writing entry points to nimblbot_utils.egg-info/entry_points.txt
writing requirements to nimblbot_utils.egg-info/requires.txt
writing top-level names to nimblbot_utils.egg-info/top_level.txt
writing manifest file 'nimblbot_utils.egg-info/SOURCES.txt'
reading manifest file 'nimblbot_utils.egg-info/SOURCES.txt'
writing manifest file 'nimblbot_utils.egg-info/SOURCES.txt'
running build_ext
Creating /home/mtouri/ros2_ws_humble/install/nimblbot_utils/lib/python3.10/site-packages/nimblbot-utils.egg-link (link to .)

Installed /home/mtouri/ros2_ws_humble/build/nimblbot_utils
running symlink_data
creating /home/mtouri/ros2_ws_humble/install/nimblbot_utils/share/ament_index
creating /home/mtouri/ros2_ws_humble/install/nimblbot_utils/share/ament_index/resource_index
creating /home/mtouri/ros2_ws_humble/install/nimblbot_utils/share/ament_index/resource_index/packages
symbolically linking /home/mtouri/ros2_ws_humble/build/nimblbot_utils/resource/nimblbot_utils -> /home/mtouri/ros2_ws_humble/install/nimblbot_utils/share/ament_index/resource_index/packages
symbolically linking /home/mtouri/ros2_ws_humble/build/nimblbot_utils/package.xml -> /home/mtouri/ros2_ws_humble/install/nimblbot_utils/share/nimblbot_utils
creating /home/mtouri/ros2_ws_humble/install/nimblbot_utils/share/nimblbot_utils/launch
