[3.185s] Invoking command in '/home/mtouri/ros2_ws_humble/build/nimblbot_utils': PYTHONPATH=/home/mtouri/ros2_ws_humble/build/nimblbot_utils/prefix_override:/usr/lib/python3/dist-packages/colcon_core/task/python/colcon_distutils_commands:/home/mtouri/ros2_ws_humble/install/nimblbot_utils/lib/python3.10/site-packages:${PYTHONPATH} /usr/bin/python3 -W ignore:setup.py install is deprecated -W ignore:easy_install command is deprecated setup.py develop --editable --build-directory /home/mtouri/ros2_ws_humble/build/nimblbot_utils/build --no-deps symlink_data
[3.743s] running develop
[4.382s] running egg_info
[4.382s] creating nimblbot_utils.egg-info
[4.383s] writing nimblbot_utils.egg-info/PKG-INFO
[4.383s] writing dependency_links to nimblbot_utils.egg-info/dependency_links.txt
[4.383s] writing entry points to nimblbot_utils.egg-info/entry_points.txt
[4.383s] writing requirements to nimblbot_utils.egg-info/requires.txt
[4.384s] writing top-level names to nimblbot_utils.egg-info/top_level.txt
[4.384s] writing manifest file 'nimblbot_utils.egg-info/SOURCES.txt'
[4.386s] reading manifest file 'nimblbot_utils.egg-info/SOURCES.txt'
[4.387s] writing manifest file 'nimblbot_utils.egg-info/SOURCES.txt'
[4.389s] running build_ext
[4.391s] Creating /home/mtouri/ros2_ws_humble/install/nimblbot_utils/lib/python3.10/site-packages/nimblbot-utils.egg-link (link to .)
[4.391s] 
[4.391s] Installed /home/mtouri/ros2_ws_humble/build/nimblbot_utils
[4.392s] running symlink_data
[4.392s] creating /home/mtouri/ros2_ws_humble/install/nimblbot_utils/share/ament_index
[4.392s] creating /home/mtouri/ros2_ws_humble/install/nimblbot_utils/share/ament_index/resource_index
[4.392s] creating /home/mtouri/ros2_ws_humble/install/nimblbot_utils/share/ament_index/resource_index/packages
[4.392s] symbolically linking /home/mtouri/ros2_ws_humble/build/nimblbot_utils/resource/nimblbot_utils -> /home/mtouri/ros2_ws_humble/install/nimblbot_utils/share/ament_index/resource_index/packages
[4.393s] symbolically linking /home/mtouri/ros2_ws_humble/build/nimblbot_utils/package.xml -> /home/mtouri/ros2_ws_humble/install/nimblbot_utils/share/nimblbot_utils
[4.393s] creating /home/mtouri/ros2_ws_humble/install/nimblbot_utils/share/nimblbot_utils/launch
[4.539s] Invoked command in '/home/mtouri/ros2_ws_humble/build/nimblbot_utils' returned '0': PYTHONPATH=/home/mtouri/ros2_ws_humble/build/nimblbot_utils/prefix_override:/usr/lib/python3/dist-packages/colcon_core/task/python/colcon_distutils_commands:/home/mtouri/ros2_ws_humble/install/nimblbot_utils/lib/python3.10/site-packages:${PYTHONPATH} /usr/bin/python3 -W ignore:setup.py install is deprecated -W ignore:easy_install command is deprecated setup.py develop --editable --build-directory /home/mtouri/ros2_ws_humble/build/nimblbot_utils/build --no-deps symlink_data
