[1.723s] Invoking command in '/home/mtouri/ros2_ws_humble/build/rviz_manager_msgs': CMAKE_PREFIX_PATH=${CMAKE_PREFIX_PATH}:/home/mtouri/spot_ws/install/synchros2_tutorials_example:/home/mtouri/spot_ws/install/spot_examples:/home/mtouri/spot_ws/install/spot_common:/home/mtouri/spot_ws/install/synchros2:/home/mtouri/ros2_ws_humble/install/rviz_manager:/home/mtouri/ros2_ws_humble/install/nimblbot_control:/home/mtouri/ros2_ws_humble/install/nimblbot_utils:/home/mtouri/ros2_ws_humble/install/nimblbot_simulation_scenes:/home/mtouri/ros2_ws_humble/install/nimblbot_path_follow:/home/mtouri/ros2_ws_humble/install/nimblbot_kinematics:/home/mtouri/ros2_ws_humble/install/nimblbot_driver:/home/mtouri/ros2_ws_humble/install/circular_carrier_control:/home/mtouri/ros2_ws_humble/install/nanotec_driver:/opt/ros/humble /usr/bin/cmake /home/mtouri/ros2_ws_humble/src/rviz-overlay-ros2/rviz_manager_msgs -DAMENT_CMAKE_SYMLINK_INSTALL=1 -DCMAKE_INSTALL_PREFIX=/home/mtouri/ros2_ws_humble/install/rviz_manager_msgs
[2.016s] -- The C compiler identification is GNU 11.4.0
[2.016s] -- The CXX compiler identification is GNU 11.4.0
[2.016s] -- Detecting C compiler ABI info
[2.016s] -- Detecting C compiler ABI info - done
[2.016s] -- Check for working C compiler: /usr/bin/cc - skipped
[2.016s] -- Detecting C compile features
[2.016s] -- Detecting C compile features - done
[2.016s] -- Detecting CXX compiler ABI info
[2.016s] -- Detecting CXX compiler ABI info - done
[2.016s] -- Check for working CXX compiler: /usr/bin/c++ - skipped
[2.016s] -- Detecting CXX compile features
[2.016s] -- Detecting CXX compile features - done
[2.016s] -- Found ament_cmake: 1.3.14 (/opt/ros/humble/share/ament_cmake/cmake)
[2.155s] -- Found Python3: /usr/bin/python3 (found version "3.10.12") found components: Interpreter 
[2.219s] -- Override CMake install command with custom implementation using symlinks instead of copying resources
[2.266s] -- Found rosidl_default_generators: 1.2.1 (/opt/ros/humble/share/rosidl_default_generators/cmake)
[2.273s] -- Using all available rosidl_typesupport_c: rosidl_typesupport_fastrtps_c;rosidl_typesupport_introspection_c
[2.285s] -- Found rosidl_adapter: 3.1.8 (/opt/ros/humble/share/rosidl_adapter/cmake)
[2.364s] -- Using all available rosidl_typesupport_cpp: rosidl_typesupport_fastrtps_cpp;rosidl_typesupport_introspection_cpp
[2.449s] -- Found std_msgs: 4.9.1 (/opt/ros/humble/share/std_msgs/cmake)
[3.063s] -- Found ament_cmake_ros: 0.10.0 (/opt/ros/humble/share/ament_cmake_ros/cmake)
[3.585s] -- Using all available rosidl_typesupport_c: rosidl_typesupport_fastrtps_c;rosidl_typesupport_introspection_c
[4.336s] -- Using all available rosidl_typesupport_cpp: rosidl_typesupport_fastrtps_cpp;rosidl_typesupport_introspection_cpp
[4.394s] -- Found PythonInterp: /usr/bin/python3 (found suitable version "3.10.12", minimum required is "3.6") 
[4.401s] -- Found python_cmake_module: 0.10.0 (/opt/ros/humble/share/python_cmake_module/cmake)
[4.469s] -- Found PythonLibs: /usr/lib/x86_64-linux-gnu/libpython3.10.so (found suitable version "3.10.12", minimum required is "3.5") 
[4.469s] -- Using PYTHON_EXECUTABLE: /usr/bin/python3
[4.469s] -- Using PYTHON_INCLUDE_DIRS: /usr/include/python3.10
[4.470s] -- Using PYTHON_LIBRARIES: /usr/lib/x86_64-linux-gnu/libpython3.10.so
[4.517s] -- Found PythonExtra: .so  
[4.693s] -- Configuring done
[4.725s] -- Generating done
[4.735s] -- Build files have been written to: /home/mtouri/ros2_ws_humble/build/rviz_manager_msgs
[4.904s] Invoked command in '/home/mtouri/ros2_ws_humble/build/rviz_manager_msgs' returned '0': CMAKE_PREFIX_PATH=${CMAKE_PREFIX_PATH}:/home/mtouri/spot_ws/install/synchros2_tutorials_example:/home/mtouri/spot_ws/install/spot_examples:/home/mtouri/spot_ws/install/spot_common:/home/mtouri/spot_ws/install/synchros2:/home/mtouri/ros2_ws_humble/install/rviz_manager:/home/mtouri/ros2_ws_humble/install/nimblbot_control:/home/mtouri/ros2_ws_humble/install/nimblbot_utils:/home/mtouri/ros2_ws_humble/install/nimblbot_simulation_scenes:/home/mtouri/ros2_ws_humble/install/nimblbot_path_follow:/home/mtouri/ros2_ws_humble/install/nimblbot_kinematics:/home/mtouri/ros2_ws_humble/install/nimblbot_driver:/home/mtouri/ros2_ws_humble/install/circular_carrier_control:/home/mtouri/ros2_ws_humble/install/nanotec_driver:/opt/ros/humble /usr/bin/cmake /home/mtouri/ros2_ws_humble/src/rviz-overlay-ros2/rviz_manager_msgs -DAMENT_CMAKE_SYMLINK_INSTALL=1 -DCMAKE_INSTALL_PREFIX=/home/mtouri/ros2_ws_humble/install/rviz_manager_msgs
[4.905s] Invoking command in '/home/mtouri/ros2_ws_humble/build/rviz_manager_msgs': CMAKE_PREFIX_PATH=${CMAKE_PREFIX_PATH}:/home/mtouri/spot_ws/install/synchros2_tutorials_example:/home/mtouri/spot_ws/install/spot_examples:/home/mtouri/spot_ws/install/spot_common:/home/mtouri/spot_ws/install/synchros2:/home/mtouri/ros2_ws_humble/install/rviz_manager:/home/mtouri/ros2_ws_humble/install/nimblbot_control:/home/mtouri/ros2_ws_humble/install/nimblbot_utils:/home/mtouri/ros2_ws_humble/install/nimblbot_simulation_scenes:/home/mtouri/ros2_ws_humble/install/nimblbot_path_follow:/home/mtouri/ros2_ws_humble/install/nimblbot_kinematics:/home/mtouri/ros2_ws_humble/install/nimblbot_driver:/home/mtouri/ros2_ws_humble/install/circular_carrier_control:/home/mtouri/ros2_ws_humble/install/nanotec_driver:/opt/ros/humble /usr/bin/cmake --build /home/mtouri/ros2_ws_humble/build/rviz_manager_msgs -- -j16 -l16
[4.967s] [  2%] [34m[1mGenerating C code for ROS interfaces[0m
[4.984s] [  5%] [34m[1mGenerating Rust code for ROS interfaces[0m
[4.991s] [  7%] [34m[1mGenerating C++ code for ROS interfaces[0m
[5.004s] [  7%] Built target ament_cmake_python_symlink_rviz_manager_msgs
[5.617s] running egg_info
[5.619s] creating rviz_manager_msgs.egg-info
[5.619s] writing rviz_manager_msgs.egg-info/PKG-INFO
[5.619s] writing dependency_links to rviz_manager_msgs.egg-info/dependency_links.txt
[5.620s] writing top-level names to rviz_manager_msgs.egg-info/top_level.txt
[5.620s] writing manifest file 'rviz_manager_msgs.egg-info/SOURCES.txt'
[5.625s] reading manifest file 'rviz_manager_msgs.egg-info/SOURCES.txt'
[5.626s] writing manifest file 'rviz_manager_msgs.egg-info/SOURCES.txt'
[5.738s] [  7%] Built target ament_cmake_python_build_rviz_manager_msgs_egg
[6.099s] [  7%] Built target rviz_manager_msgs__rs
[6.162s] [ 10%] [32mBuilding C object CMakeFiles/rviz_manager_msgs__rosidl_generator_c.dir/rosidl_generator_c/rviz_manager_msgs/msg/detail/manager_status__functions.c.o[0m
[6.162s] [ 12%] [32mBuilding C object CMakeFiles/rviz_manager_msgs__rosidl_generator_c.dir/rosidl_generator_c/rviz_manager_msgs/msg/detail/manager_launch__functions.c.o[0m
[6.275s] [ 12%] Built target rviz_manager_msgs__cpp
[6.314s] [ 15%] [34m[1mGenerating C++ type support dispatch for ROS interfaces[0m
[6.314s] [ 17%] [34m[1mGenerating C++ type support for eProsima Fast-RTPS[0m
[6.318s] [ 20%] [34m[1mGenerating C++ introspection for ROS interfaces[0m
[6.319s] [ 22%] [32m[1mLinking C shared library librviz_manager_msgs__rosidl_generator_c.so[0m
[6.436s] [ 22%] Built target rviz_manager_msgs__rosidl_generator_c
[6.477s] [ 27%] [34m[1mGenerating C introspection for ROS interfaces[0m
[6.478s] [ 27%] [34m[1mGenerating C type support dispatch for ROS interfaces[0m
[6.484s] [ 30%] [34m[1mGenerating C type support for eProsima Fast-RTPS[0m
[7.481s] [ 32%] [32mBuilding CXX object CMakeFiles/rviz_manager_msgs__rosidl_typesupport_cpp.dir/rosidl_typesupport_cpp/rviz_manager_msgs/msg/manager_launch__type_support.cpp.o[0m
[7.481s] [ 35%] [32mBuilding CXX object CMakeFiles/rviz_manager_msgs__rosidl_typesupport_cpp.dir/rosidl_typesupport_cpp/rviz_manager_msgs/msg/manager_status__type_support.cpp.o[0m
[7.781s] [ 37%] [32mBuilding CXX object CMakeFiles/rviz_manager_msgs__rosidl_typesupport_c.dir/rosidl_typesupport_c/rviz_manager_msgs/msg/manager_status__type_support.cpp.o[0m
[7.784s] [ 40%] [32mBuilding CXX object CMakeFiles/rviz_manager_msgs__rosidl_typesupport_c.dir/rosidl_typesupport_c/rviz_manager_msgs/msg/manager_launch__type_support.cpp.o[0m
[7.865s] [ 42%] [32mBuilding CXX object CMakeFiles/rviz_manager_msgs__rosidl_typesupport_fastrtps_cpp.dir/rosidl_typesupport_fastrtps_cpp/rviz_manager_msgs/msg/detail/dds_fastrtps/manager_launch__type_support.cpp.o[0m
[7.868s] [ 45%] [32mBuilding CXX object CMakeFiles/rviz_manager_msgs__rosidl_typesupport_fastrtps_cpp.dir/rosidl_typesupport_fastrtps_cpp/rviz_manager_msgs/msg/detail/dds_fastrtps/manager_status__type_support.cpp.o[0m
[7.920s] [ 47%] [32m[1mLinking CXX shared library librviz_manager_msgs__rosidl_typesupport_c.so[0m
[7.925s] [ 50%] [32mBuilding CXX object CMakeFiles/rviz_manager_msgs__rosidl_typesupport_fastrtps_c.dir/rosidl_typesupport_fastrtps_c/rviz_manager_msgs/msg/detail/manager_launch__type_support_c.cpp.o[0m
[7.928s] [ 52%] [32mBuilding CXX object CMakeFiles/rviz_manager_msgs__rosidl_typesupport_fastrtps_c.dir/rosidl_typesupport_fastrtps_c/rviz_manager_msgs/msg/detail/manager_status__type_support_c.cpp.o[0m
[8.010s] [ 55%] [32mBuilding CXX object CMakeFiles/rviz_manager_msgs__rosidl_typesupport_introspection_cpp.dir/rosidl_typesupport_introspection_cpp/rviz_manager_msgs/msg/detail/manager_status__type_support.cpp.o[0m
[8.018s] [ 57%] [32mBuilding CXX object CMakeFiles/rviz_manager_msgs__rosidl_typesupport_introspection_cpp.dir/rosidl_typesupport_introspection_cpp/rviz_manager_msgs/msg/detail/manager_launch__type_support.cpp.o[0m
[8.100s] [ 60%] [32mBuilding C object CMakeFiles/rviz_manager_msgs__rosidl_typesupport_introspection_c.dir/rosidl_typesupport_introspection_c/rviz_manager_msgs/msg/detail/manager_launch__type_support.c.o[0m
[8.100s] [ 62%] [32mBuilding C object CMakeFiles/rviz_manager_msgs__rosidl_typesupport_introspection_c.dir/rosidl_typesupport_introspection_c/rviz_manager_msgs/msg/detail/manager_status__type_support.c.o[0m
[8.129s] [ 62%] Built target rviz_manager_msgs__rosidl_typesupport_c
[8.279s] [ 65%] [32m[1mLinking C shared library librviz_manager_msgs__rosidl_typesupport_introspection_c.so[0m
[8.410s] [ 65%] Built target rviz_manager_msgs__rosidl_typesupport_introspection_c
[8.652s] [ 67%] [32m[1mLinking CXX shared library librviz_manager_msgs__rosidl_typesupport_cpp.so[0m
[8.846s] [ 67%] Built target rviz_manager_msgs__rosidl_typesupport_cpp
[9.334s] [ 70%] [32m[1mLinking CXX shared library librviz_manager_msgs__rosidl_typesupport_fastrtps_c.so[0m
[9.379s] [ 72%] [32m[1mLinking CXX shared library librviz_manager_msgs__rosidl_typesupport_fastrtps_cpp.so[0m
[9.587s] [ 72%] Built target rviz_manager_msgs__rosidl_typesupport_fastrtps_c
[9.617s] [ 75%] [32m[1mLinking CXX shared library librviz_manager_msgs__rosidl_typesupport_introspection_cpp.so[0m
[9.737s] [ 75%] Built target rviz_manager_msgs__rosidl_typesupport_fastrtps_cpp
[9.877s] [ 75%] Built target rviz_manager_msgs__rosidl_typesupport_introspection_cpp
[9.964s] [ 75%] Built target rviz_manager_msgs
[10.060s] [ 77%] [34m[1mGenerating Python code for ROS interfaces[0m
[11.773s] [ 77%] Built target rviz_manager_msgs__py
[11.854s] [ 80%] [32mBuilding C object CMakeFiles/rviz_manager_msgs__rosidl_generator_py.dir/rosidl_generator_py/rviz_manager_msgs/msg/_manager_launch_s.c.o[0m
[11.859s] [ 82%] [32mBuilding C object CMakeFiles/rviz_manager_msgs__rosidl_generator_py.dir/rosidl_generator_py/rviz_manager_msgs/msg/_manager_status_s.c.o[0m
[12.249s] [ 85%] [32m[1mLinking C shared library rosidl_generator_py/rviz_manager_msgs/librviz_manager_msgs__rosidl_generator_py.so[0m
[12.431s] [ 85%] Built target rviz_manager_msgs__rosidl_generator_py
[12.514s] [ 90%] [32mBuilding C object CMakeFiles/rviz_manager_msgs__rosidl_typesupport_fastrtps_c__pyext.dir/rosidl_generator_py/rviz_manager_msgs/_rviz_manager_msgs_s.ep.rosidl_typesupport_fastrtps_c.c.o[0m
[12.514s] [ 90%] [32mBuilding C object CMakeFiles/rviz_manager_msgs__rosidl_typesupport_introspection_c__pyext.dir/rosidl_generator_py/rviz_manager_msgs/_rviz_manager_msgs_s.ep.rosidl_typesupport_introspection_c.c.o[0m
[12.516s] [ 92%] [32mBuilding C object CMakeFiles/rviz_manager_msgs__rosidl_typesupport_c__pyext.dir/rosidl_generator_py/rviz_manager_msgs/_rviz_manager_msgs_s.ep.rosidl_typesupport_c.c.o[0m
[12.693s] [ 95%] [32m[1mLinking C shared library rosidl_generator_py/rviz_manager_msgs/rviz_manager_msgs_s__rosidl_typesupport_fastrtps_c.cpython-310-x86_64-linux-gnu.so[0m
[12.743s] [ 97%] [32m[1mLinking C shared library rosidl_generator_py/rviz_manager_msgs/rviz_manager_msgs_s__rosidl_typesupport_c.cpython-310-x86_64-linux-gnu.so[0m
[12.753s] [100%] [32m[1mLinking C shared library rosidl_generator_py/rviz_manager_msgs/rviz_manager_msgs_s__rosidl_typesupport_introspection_c.cpython-310-x86_64-linux-gnu.so[0m
[12.782s] [100%] Built target rviz_manager_msgs__rosidl_typesupport_fastrtps_c__pyext
[12.838s] [100%] Built target rviz_manager_msgs__rosidl_typesupport_introspection_c__pyext
[12.888s] [100%] Built target rviz_manager_msgs__rosidl_typesupport_c__pyext
[12.947s] Invoked command in '/home/mtouri/ros2_ws_humble/build/rviz_manager_msgs' returned '0': CMAKE_PREFIX_PATH=${CMAKE_PREFIX_PATH}:/home/mtouri/spot_ws/install/synchros2_tutorials_example:/home/mtouri/spot_ws/install/spot_examples:/home/mtouri/spot_ws/install/spot_common:/home/mtouri/spot_ws/install/synchros2:/home/mtouri/ros2_ws_humble/install/rviz_manager:/home/mtouri/ros2_ws_humble/install/nimblbot_control:/home/mtouri/ros2_ws_humble/install/nimblbot_utils:/home/mtouri/ros2_ws_humble/install/nimblbot_simulation_scenes:/home/mtouri/ros2_ws_humble/install/nimblbot_path_follow:/home/mtouri/ros2_ws_humble/install/nimblbot_kinematics:/home/mtouri/ros2_ws_humble/install/nimblbot_driver:/home/mtouri/ros2_ws_humble/install/circular_carrier_control:/home/mtouri/ros2_ws_humble/install/nanotec_driver:/opt/ros/humble /usr/bin/cmake --build /home/mtouri/ros2_ws_humble/build/rviz_manager_msgs -- -j16 -l16
[12.948s] Invoking command in '/home/mtouri/ros2_ws_humble/build/rviz_manager_msgs': CMAKE_PREFIX_PATH=${CMAKE_PREFIX_PATH}:/home/mtouri/spot_ws/install/synchros2_tutorials_example:/home/mtouri/spot_ws/install/spot_examples:/home/mtouri/spot_ws/install/spot_common:/home/mtouri/spot_ws/install/synchros2:/home/mtouri/ros2_ws_humble/install/rviz_manager:/home/mtouri/ros2_ws_humble/install/nimblbot_control:/home/mtouri/ros2_ws_humble/install/nimblbot_utils:/home/mtouri/ros2_ws_humble/install/nimblbot_simulation_scenes:/home/mtouri/ros2_ws_humble/install/nimblbot_path_follow:/home/mtouri/ros2_ws_humble/install/nimblbot_kinematics:/home/mtouri/ros2_ws_humble/install/nimblbot_driver:/home/mtouri/ros2_ws_humble/install/circular_carrier_control:/home/mtouri/ros2_ws_humble/install/nanotec_driver:/opt/ros/humble /usr/bin/cmake --install /home/mtouri/ros2_ws_humble/build/rviz_manager_msgs
[12.981s] -- Install configuration: ""
[12.982s] -- Execute custom install script
[12.983s] -- Symlinking: /home/mtouri/ros2_ws_humble/install/rviz_manager_msgs/share/ament_index/resource_index/rosidl_interfaces/rviz_manager_msgs
[13.021s] -- Symlinking: /home/mtouri/ros2_ws_humble/install/rviz_manager_msgs/include/rviz_manager_msgs/rviz_manager_msgs/msg/detail/manager_launch__functions.h
[13.059s] -- Symlinking: /home/mtouri/ros2_ws_humble/install/rviz_manager_msgs/include/rviz_manager_msgs/rviz_manager_msgs/msg/detail/manager_launch__struct.h
[13.087s] -- Symlinking: /home/mtouri/ros2_ws_humble/install/rviz_manager_msgs/include/rviz_manager_msgs/rviz_manager_msgs/msg/detail/manager_launch__type_support.h
[13.106s] -- Symlinking: /home/mtouri/ros2_ws_humble/install/rviz_manager_msgs/include/rviz_manager_msgs/rviz_manager_msgs/msg/detail/manager_status__functions.h
[13.125s] -- Symlinking: /home/mtouri/ros2_ws_humble/install/rviz_manager_msgs/include/rviz_manager_msgs/rviz_manager_msgs/msg/detail/manager_status__struct.h
[13.144s] -- Symlinking: /home/mtouri/ros2_ws_humble/install/rviz_manager_msgs/include/rviz_manager_msgs/rviz_manager_msgs/msg/detail/manager_status__type_support.h
[13.164s] -- Symlinking: /home/mtouri/ros2_ws_humble/install/rviz_manager_msgs/include/rviz_manager_msgs/rviz_manager_msgs/msg/manager_launch.h
[13.185s] -- Symlinking: /home/mtouri/ros2_ws_humble/install/rviz_manager_msgs/include/rviz_manager_msgs/rviz_manager_msgs/msg/manager_status.h
[13.204s] -- Symlinking: /home/mtouri/ros2_ws_humble/install/rviz_manager_msgs/include/rviz_manager_msgs/rviz_manager_msgs/msg/rosidl_generator_c__visibility_control.h
[13.222s] -- Symlinking: /home/mtouri/ros2_ws_humble/install/rviz_manager_msgs/share/rviz_manager_msgs/environment/library_path.sh
[13.240s] -- Symlinking: /home/mtouri/ros2_ws_humble/install/rviz_manager_msgs/share/rviz_manager_msgs/environment/library_path.dsv
[13.257s] -- Symlinking: /home/mtouri/ros2_ws_humble/install/rviz_manager_msgs/include/rviz_manager_msgs/rviz_manager_msgs/msg/detail/manager_launch__rosidl_typesupport_fastrtps_c.h
[13.278s] -- Symlinking: /home/mtouri/ros2_ws_humble/install/rviz_manager_msgs/include/rviz_manager_msgs/rviz_manager_msgs/msg/detail/manager_status__rosidl_typesupport_fastrtps_c.h
[13.292s] -- Symlinking: /home/mtouri/ros2_ws_humble/install/rviz_manager_msgs/include/rviz_manager_msgs/rviz_manager_msgs/msg/rosidl_typesupport_fastrtps_c__visibility_control.h
[13.310s] -- Symlinking: /home/mtouri/ros2_ws_humble/install/rviz_manager_msgs/include/rviz_manager_msgs/rviz_manager_msgs/msg/detail/manager_launch__rosidl_typesupport_introspection_c.h
[13.327s] -- Symlinking: /home/mtouri/ros2_ws_humble/install/rviz_manager_msgs/include/rviz_manager_msgs/rviz_manager_msgs/msg/detail/manager_status__rosidl_typesupport_introspection_c.h
[13.343s] -- Symlinking: /home/mtouri/ros2_ws_humble/install/rviz_manager_msgs/include/rviz_manager_msgs/rviz_manager_msgs/msg/rosidl_typesupport_introspection_c__visibility_control.h
[13.361s] -- Symlinking: /home/mtouri/ros2_ws_humble/install/rviz_manager_msgs/include/rviz_manager_msgs/rviz_manager_msgs/msg/detail/manager_launch__builder.hpp
[13.380s] -- Symlinking: /home/mtouri/ros2_ws_humble/install/rviz_manager_msgs/include/rviz_manager_msgs/rviz_manager_msgs/msg/detail/manager_launch__struct.hpp
[13.397s] -- Symlinking: /home/mtouri/ros2_ws_humble/install/rviz_manager_msgs/include/rviz_manager_msgs/rviz_manager_msgs/msg/detail/manager_launch__traits.hpp
[13.417s] -- Symlinking: /home/mtouri/ros2_ws_humble/install/rviz_manager_msgs/include/rviz_manager_msgs/rviz_manager_msgs/msg/detail/manager_launch__type_support.hpp
[13.439s] -- Symlinking: /home/mtouri/ros2_ws_humble/install/rviz_manager_msgs/include/rviz_manager_msgs/rviz_manager_msgs/msg/detail/manager_status__builder.hpp
[13.457s] -- Symlinking: /home/mtouri/ros2_ws_humble/install/rviz_manager_msgs/include/rviz_manager_msgs/rviz_manager_msgs/msg/detail/manager_status__struct.hpp
[13.472s] -- Symlinking: /home/mtouri/ros2_ws_humble/install/rviz_manager_msgs/include/rviz_manager_msgs/rviz_manager_msgs/msg/detail/manager_status__traits.hpp
[13.489s] -- Symlinking: /home/mtouri/ros2_ws_humble/install/rviz_manager_msgs/include/rviz_manager_msgs/rviz_manager_msgs/msg/detail/manager_status__type_support.hpp
[13.508s] -- Symlinking: /home/mtouri/ros2_ws_humble/install/rviz_manager_msgs/include/rviz_manager_msgs/rviz_manager_msgs/msg/manager_launch.hpp
[13.523s] -- Symlinking: /home/mtouri/ros2_ws_humble/install/rviz_manager_msgs/include/rviz_manager_msgs/rviz_manager_msgs/msg/manager_status.hpp
[13.540s] -- Symlinking: /home/mtouri/ros2_ws_humble/install/rviz_manager_msgs/include/rviz_manager_msgs/rviz_manager_msgs/msg/rosidl_generator_cpp__visibility_control.hpp
[13.559s] -- Symlinking: /home/mtouri/ros2_ws_humble/install/rviz_manager_msgs/include/rviz_manager_msgs/rviz_manager_msgs/msg/detail/manager_launch__rosidl_typesupport_fastrtps_cpp.hpp
[13.581s] -- Symlinking: /home/mtouri/ros2_ws_humble/install/rviz_manager_msgs/include/rviz_manager_msgs/rviz_manager_msgs/msg/detail/manager_status__rosidl_typesupport_fastrtps_cpp.hpp
[13.600s] -- Symlinking: /home/mtouri/ros2_ws_humble/install/rviz_manager_msgs/include/rviz_manager_msgs/rviz_manager_msgs/msg/rosidl_typesupport_fastrtps_cpp__visibility_control.h
[13.618s] -- Symlinking: /home/mtouri/ros2_ws_humble/install/rviz_manager_msgs/include/rviz_manager_msgs/rviz_manager_msgs/msg/detail/manager_launch__rosidl_typesupport_introspection_cpp.hpp
[13.637s] -- Symlinking: /home/mtouri/ros2_ws_humble/install/rviz_manager_msgs/include/rviz_manager_msgs/rviz_manager_msgs/msg/detail/manager_status__rosidl_typesupport_introspection_cpp.hpp
[13.659s] -- Symlinking: /home/mtouri/ros2_ws_humble/install/rviz_manager_msgs/share/rviz_manager_msgs/environment/pythonpath.sh
[13.679s] -- Symlinking: /home/mtouri/ros2_ws_humble/install/rviz_manager_msgs/share/rviz_manager_msgs/environment/pythonpath.dsv
[13.695s] -- Symlinking: /home/mtouri/ros2_ws_humble/install/rviz_manager_msgs/local/lib/python3.10/dist-packages/rviz_manager_msgs-0.0.1-py3.10.egg-info/PKG-INFO
[13.712s] -- Symlinking: /home/mtouri/ros2_ws_humble/install/rviz_manager_msgs/local/lib/python3.10/dist-packages/rviz_manager_msgs-0.0.1-py3.10.egg-info/SOURCES.txt
[13.729s] -- Symlinking: /home/mtouri/ros2_ws_humble/install/rviz_manager_msgs/local/lib/python3.10/dist-packages/rviz_manager_msgs-0.0.1-py3.10.egg-info/dependency_links.txt
[13.748s] -- Symlinking: /home/mtouri/ros2_ws_humble/install/rviz_manager_msgs/local/lib/python3.10/dist-packages/rviz_manager_msgs-0.0.1-py3.10.egg-info/top_level.txt
[13.767s] -- Symlinking: /home/mtouri/ros2_ws_humble/install/rviz_manager_msgs/local/lib/python3.10/dist-packages/rviz_manager_msgs/__init__.py
[13.789s] -- Symlinking: /home/mtouri/ros2_ws_humble/install/rviz_manager_msgs/local/lib/python3.10/dist-packages/rviz_manager_msgs/_rviz_manager_msgs_s.ep.rosidl_typesupport_c.c
[13.806s] -- Symlinking: /home/mtouri/ros2_ws_humble/install/rviz_manager_msgs/local/lib/python3.10/dist-packages/rviz_manager_msgs/_rviz_manager_msgs_s.ep.rosidl_typesupport_fastrtps_c.c
[13.825s] -- Symlinking: /home/mtouri/ros2_ws_humble/install/rviz_manager_msgs/local/lib/python3.10/dist-packages/rviz_manager_msgs/_rviz_manager_msgs_s.ep.rosidl_typesupport_introspection_c.c
[13.843s] -- Symlinking: /home/mtouri/ros2_ws_humble/install/rviz_manager_msgs/local/lib/python3.10/dist-packages/rviz_manager_msgs/librviz_manager_msgs__rosidl_generator_py.so
[13.862s] -- Symlinking: /home/mtouri/ros2_ws_humble/install/rviz_manager_msgs/local/lib/python3.10/dist-packages/rviz_manager_msgs/msg/__init__.py
[13.881s] -- Symlinking: /home/mtouri/ros2_ws_humble/install/rviz_manager_msgs/local/lib/python3.10/dist-packages/rviz_manager_msgs/msg/_manager_launch.py
[13.899s] -- Symlinking: /home/mtouri/ros2_ws_humble/install/rviz_manager_msgs/local/lib/python3.10/dist-packages/rviz_manager_msgs/msg/_manager_launch_s.c
[13.918s] -- Symlinking: /home/mtouri/ros2_ws_humble/install/rviz_manager_msgs/local/lib/python3.10/dist-packages/rviz_manager_msgs/msg/_manager_status.py
[13.936s] -- Symlinking: /home/mtouri/ros2_ws_humble/install/rviz_manager_msgs/local/lib/python3.10/dist-packages/rviz_manager_msgs/msg/_manager_status_s.c
[13.953s] -- Symlinking: /home/mtouri/ros2_ws_humble/install/rviz_manager_msgs/local/lib/python3.10/dist-packages/rviz_manager_msgs/rviz_manager_msgs_s__rosidl_typesupport_c.cpython-310-x86_64-linux-gnu.so
[13.972s] -- Symlinking: /home/mtouri/ros2_ws_humble/install/rviz_manager_msgs/local/lib/python3.10/dist-packages/rviz_manager_msgs/rviz_manager_msgs_s__rosidl_typesupport_fastrtps_c.cpython-310-x86_64-linux-gnu.so
[13.990s] -- Symlinking: /home/mtouri/ros2_ws_humble/install/rviz_manager_msgs/local/lib/python3.10/dist-packages/rviz_manager_msgs/rviz_manager_msgs_s__rosidl_typesupport_introspection_c.cpython-310-x86_64-linux-gnu.so
[14.008s] -- Up-to-date symlink: /home/mtouri/ros2_ws_humble/install/rviz_manager_msgs/local/lib/python3.10/dist-packages/rviz_manager_msgs/rviz_manager_msgs_s__rosidl_typesupport_fastrtps_c.cpython-310-x86_64-linux-gnu.so
[14.009s] -- Up-to-date symlink: /home/mtouri/ros2_ws_humble/install/rviz_manager_msgs/local/lib/python3.10/dist-packages/rviz_manager_msgs/rviz_manager_msgs_s__rosidl_typesupport_introspection_c.cpython-310-x86_64-linux-gnu.so
[14.009s] -- Up-to-date symlink: /home/mtouri/ros2_ws_humble/install/rviz_manager_msgs/local/lib/python3.10/dist-packages/rviz_manager_msgs/rviz_manager_msgs_s__rosidl_typesupport_c.cpython-310-x86_64-linux-gnu.so
[14.009s] -- Symlinking: /home/mtouri/ros2_ws_humble/install/rviz_manager_msgs/share/ament_index/resource_index/rust_packages/rviz_manager_msgs
[14.027s] -- Symlinking: /home/mtouri/ros2_ws_humble/install/rviz_manager_msgs/share/rviz_manager_msgs/rust/Cargo.toml
[14.045s] -- Symlinking: /home/mtouri/ros2_ws_humble/install/rviz_manager_msgs/share/rviz_manager_msgs/rust/build.rs
[14.064s] -- Symlinking: /home/mtouri/ros2_ws_humble/install/rviz_manager_msgs/share/rviz_manager_msgs/rust/src/lib.rs
[14.083s] -- Symlinking: /home/mtouri/ros2_ws_humble/install/rviz_manager_msgs/share/rviz_manager_msgs/rust/src/msg.rs
[14.102s] -- Symlinking: /home/mtouri/ros2_ws_humble/install/rviz_manager_msgs/share/rviz_manager_msgs/rust/src/msg/rmw.rs
[14.120s] -- Symlinking: /home/mtouri/ros2_ws_humble/install/rviz_manager_msgs/share/rviz_manager_msgs/msg/ManagerLaunch.idl
[14.139s] -- Symlinking: /home/mtouri/ros2_ws_humble/install/rviz_manager_msgs/share/rviz_manager_msgs/msg/ManagerStatus.idl
[14.157s] -- Symlinking: /home/mtouri/ros2_ws_humble/install/rviz_manager_msgs/share/rviz_manager_msgs/msg/ManagerLaunch.msg
[14.176s] -- Symlinking: /home/mtouri/ros2_ws_humble/install/rviz_manager_msgs/share/rviz_manager_msgs/msg/ManagerStatus.msg
[14.195s] -- Up-to-date symlink: /home/mtouri/ros2_ws_humble/install/rviz_manager_msgs/share/rviz_manager_msgs/msg/ManagerLaunch.msg
[14.195s] -- Up-to-date symlink: /home/mtouri/ros2_ws_humble/install/rviz_manager_msgs/share/rviz_manager_msgs/msg/ManagerStatus.msg
[14.196s] -- Symlinking: /home/mtouri/ros2_ws_humble/install/rviz_manager_msgs/share/ament_index/resource_index/package_run_dependencies/rviz_manager_msgs
[14.215s] -- Symlinking: /home/mtouri/ros2_ws_humble/install/rviz_manager_msgs/share/ament_index/resource_index/parent_prefix_path/rviz_manager_msgs
[14.234s] -- Symlinking: /home/mtouri/ros2_ws_humble/install/rviz_manager_msgs/share/rviz_manager_msgs/environment/ament_prefix_path.sh
[14.252s] -- Symlinking: /home/mtouri/ros2_ws_humble/install/rviz_manager_msgs/share/rviz_manager_msgs/environment/ament_prefix_path.dsv
[14.271s] -- Symlinking: /home/mtouri/ros2_ws_humble/install/rviz_manager_msgs/share/rviz_manager_msgs/environment/path.sh
[14.292s] -- Symlinking: /home/mtouri/ros2_ws_humble/install/rviz_manager_msgs/share/rviz_manager_msgs/environment/path.dsv
[14.309s] -- Symlinking: /home/mtouri/ros2_ws_humble/install/rviz_manager_msgs/share/rviz_manager_msgs/local_setup.bash
[14.332s] -- Symlinking: /home/mtouri/ros2_ws_humble/install/rviz_manager_msgs/share/rviz_manager_msgs/local_setup.sh
[14.348s] -- Symlinking: /home/mtouri/ros2_ws_humble/install/rviz_manager_msgs/share/rviz_manager_msgs/local_setup.zsh
[14.370s] -- Symlinking: /home/mtouri/ros2_ws_humble/install/rviz_manager_msgs/share/rviz_manager_msgs/local_setup.dsv
[14.387s] -- Symlinking: /home/mtouri/ros2_ws_humble/install/rviz_manager_msgs/share/rviz_manager_msgs/package.dsv
[14.404s] -- Symlinking: /home/mtouri/ros2_ws_humble/install/rviz_manager_msgs/share/ament_index/resource_index/packages/rviz_manager_msgs
[14.421s] -- Symlinking: /home/mtouri/ros2_ws_humble/install/rviz_manager_msgs/share/rviz_manager_msgs/cmake/rosidl_cmake-extras.cmake
[14.439s] -- Symlinking: /home/mtouri/ros2_ws_humble/install/rviz_manager_msgs/share/rviz_manager_msgs/cmake/ament_cmake_export_dependencies-extras.cmake
[14.458s] -- Symlinking: /home/mtouri/ros2_ws_humble/install/rviz_manager_msgs/share/rviz_manager_msgs/cmake/ament_cmake_export_include_directories-extras.cmake
[14.477s] -- Symlinking: /home/mtouri/ros2_ws_humble/install/rviz_manager_msgs/share/rviz_manager_msgs/cmake/ament_cmake_export_libraries-extras.cmake
[14.494s] -- Symlinking: /home/mtouri/ros2_ws_humble/install/rviz_manager_msgs/share/rviz_manager_msgs/cmake/ament_cmake_export_targets-extras.cmake
[14.512s] -- Symlinking: /home/mtouri/ros2_ws_humble/install/rviz_manager_msgs/share/rviz_manager_msgs/cmake/rosidl_cmake_export_typesupport_targets-extras.cmake
[14.530s] -- Symlinking: /home/mtouri/ros2_ws_humble/install/rviz_manager_msgs/share/rviz_manager_msgs/cmake/rosidl_cmake_export_typesupport_libraries-extras.cmake
[14.547s] -- Symlinking: /home/mtouri/ros2_ws_humble/install/rviz_manager_msgs/share/rviz_manager_msgs/cmake/rviz_manager_msgsConfig.cmake
[14.565s] -- Symlinking: /home/mtouri/ros2_ws_humble/install/rviz_manager_msgs/share/rviz_manager_msgs/cmake/rviz_manager_msgsConfig-version.cmake
[14.584s] -- Symlinking: /home/mtouri/ros2_ws_humble/install/rviz_manager_msgs/share/rviz_manager_msgs/package.xml
[14.602s] -- Installing: /home/mtouri/ros2_ws_humble/install/rviz_manager_msgs/lib/librviz_manager_msgs__rosidl_generator_c.so
[14.603s] -- Set runtime path of "/home/mtouri/ros2_ws_humble/install/rviz_manager_msgs/lib/librviz_manager_msgs__rosidl_generator_c.so" to ""
[14.603s] -- Installing: /home/mtouri/ros2_ws_humble/install/rviz_manager_msgs/lib/librviz_manager_msgs__rosidl_typesupport_fastrtps_c.so
[14.603s] -- Set runtime path of "/home/mtouri/ros2_ws_humble/install/rviz_manager_msgs/lib/librviz_manager_msgs__rosidl_typesupport_fastrtps_c.so" to ""
[14.603s] -- Installing: /home/mtouri/ros2_ws_humble/install/rviz_manager_msgs/lib/librviz_manager_msgs__rosidl_typesupport_introspection_c.so
[14.604s] -- Set runtime path of "/home/mtouri/ros2_ws_humble/install/rviz_manager_msgs/lib/librviz_manager_msgs__rosidl_typesupport_introspection_c.so" to ""
[14.604s] -- Installing: /home/mtouri/ros2_ws_humble/install/rviz_manager_msgs/lib/librviz_manager_msgs__rosidl_typesupport_c.so
[14.605s] -- Set runtime path of "/home/mtouri/ros2_ws_humble/install/rviz_manager_msgs/lib/librviz_manager_msgs__rosidl_typesupport_c.so" to ""
[14.605s] -- Installing: /home/mtouri/ros2_ws_humble/install/rviz_manager_msgs/lib/librviz_manager_msgs__rosidl_typesupport_fastrtps_cpp.so
[14.606s] -- Set runtime path of "/home/mtouri/ros2_ws_humble/install/rviz_manager_msgs/lib/librviz_manager_msgs__rosidl_typesupport_fastrtps_cpp.so" to ""
[14.607s] -- Installing: /home/mtouri/ros2_ws_humble/install/rviz_manager_msgs/lib/librviz_manager_msgs__rosidl_typesupport_introspection_cpp.so
[14.607s] -- Set runtime path of "/home/mtouri/ros2_ws_humble/install/rviz_manager_msgs/lib/librviz_manager_msgs__rosidl_typesupport_introspection_cpp.so" to ""
[14.607s] -- Installing: /home/mtouri/ros2_ws_humble/install/rviz_manager_msgs/lib/librviz_manager_msgs__rosidl_typesupport_cpp.so
[14.608s] -- Set runtime path of "/home/mtouri/ros2_ws_humble/install/rviz_manager_msgs/lib/librviz_manager_msgs__rosidl_typesupport_cpp.so" to ""
[14.690s] Listing '/home/mtouri/ros2_ws_humble/install/rviz_manager_msgs/local/lib/python3.10/dist-packages/rviz_manager_msgs'...
[14.690s] Compiling '/home/mtouri/ros2_ws_humble/install/rviz_manager_msgs/local/lib/python3.10/dist-packages/rviz_manager_msgs/__init__.py'...
[14.690s] Listing '/home/mtouri/ros2_ws_humble/install/rviz_manager_msgs/local/lib/python3.10/dist-packages/rviz_manager_msgs/msg'...
[14.690s] Compiling '/home/mtouri/ros2_ws_humble/install/rviz_manager_msgs/local/lib/python3.10/dist-packages/rviz_manager_msgs/msg/__init__.py'...
[14.690s] Compiling '/home/mtouri/ros2_ws_humble/install/rviz_manager_msgs/local/lib/python3.10/dist-packages/rviz_manager_msgs/msg/_manager_launch.py'...
[14.690s] Compiling '/home/mtouri/ros2_ws_humble/install/rviz_manager_msgs/local/lib/python3.10/dist-packages/rviz_manager_msgs/msg/_manager_status.py'...
[14.699s] -- Installing: /home/mtouri/ros2_ws_humble/install/rviz_manager_msgs/lib/librviz_manager_msgs__rosidl_generator_py.so
[14.699s] -- Set runtime path of "/home/mtouri/ros2_ws_humble/install/rviz_manager_msgs/lib/librviz_manager_msgs__rosidl_generator_py.so" to ""
[14.699s] -- Installing: /home/mtouri/ros2_ws_humble/install/rviz_manager_msgs/share/rviz_manager_msgs/cmake/export_rviz_manager_msgs__rosidl_generator_cExport.cmake
[14.700s] -- Installing: /home/mtouri/ros2_ws_humble/install/rviz_manager_msgs/share/rviz_manager_msgs/cmake/export_rviz_manager_msgs__rosidl_generator_cExport-noconfig.cmake
[14.700s] -- Installing: /home/mtouri/ros2_ws_humble/install/rviz_manager_msgs/share/rviz_manager_msgs/cmake/export_rviz_manager_msgs__rosidl_typesupport_fastrtps_cExport.cmake
[14.700s] -- Installing: /home/mtouri/ros2_ws_humble/install/rviz_manager_msgs/share/rviz_manager_msgs/cmake/export_rviz_manager_msgs__rosidl_typesupport_fastrtps_cExport-noconfig.cmake
[14.700s] -- Installing: /home/mtouri/ros2_ws_humble/install/rviz_manager_msgs/share/rviz_manager_msgs/cmake/rviz_manager_msgs__rosidl_typesupport_introspection_cExport.cmake
[14.700s] -- Installing: /home/mtouri/ros2_ws_humble/install/rviz_manager_msgs/share/rviz_manager_msgs/cmake/rviz_manager_msgs__rosidl_typesupport_introspection_cExport-noconfig.cmake
[14.701s] -- Installing: /home/mtouri/ros2_ws_humble/install/rviz_manager_msgs/share/rviz_manager_msgs/cmake/rviz_manager_msgs__rosidl_typesupport_cExport.cmake
[14.701s] -- Installing: /home/mtouri/ros2_ws_humble/install/rviz_manager_msgs/share/rviz_manager_msgs/cmake/rviz_manager_msgs__rosidl_typesupport_cExport-noconfig.cmake
[14.701s] -- Installing: /home/mtouri/ros2_ws_humble/install/rviz_manager_msgs/share/rviz_manager_msgs/cmake/export_rviz_manager_msgs__rosidl_generator_cppExport.cmake
[14.701s] -- Installing: /home/mtouri/ros2_ws_humble/install/rviz_manager_msgs/share/rviz_manager_msgs/cmake/export_rviz_manager_msgs__rosidl_typesupport_fastrtps_cppExport.cmake
[14.701s] -- Installing: /home/mtouri/ros2_ws_humble/install/rviz_manager_msgs/share/rviz_manager_msgs/cmake/export_rviz_manager_msgs__rosidl_typesupport_fastrtps_cppExport-noconfig.cmake
[14.702s] -- Installing: /home/mtouri/ros2_ws_humble/install/rviz_manager_msgs/share/rviz_manager_msgs/cmake/rviz_manager_msgs__rosidl_typesupport_introspection_cppExport.cmake
[14.702s] -- Installing: /home/mtouri/ros2_ws_humble/install/rviz_manager_msgs/share/rviz_manager_msgs/cmake/rviz_manager_msgs__rosidl_typesupport_introspection_cppExport-noconfig.cmake
[14.702s] -- Installing: /home/mtouri/ros2_ws_humble/install/rviz_manager_msgs/share/rviz_manager_msgs/cmake/rviz_manager_msgs__rosidl_typesupport_cppExport.cmake
[14.702s] -- Installing: /home/mtouri/ros2_ws_humble/install/rviz_manager_msgs/share/rviz_manager_msgs/cmake/rviz_manager_msgs__rosidl_typesupport_cppExport-noconfig.cmake
[14.702s] -- Installing: /home/mtouri/ros2_ws_humble/install/rviz_manager_msgs/share/rviz_manager_msgs/cmake/export_rviz_manager_msgs__rosidl_generator_pyExport.cmake
[14.703s] -- Installing: /home/mtouri/ros2_ws_humble/install/rviz_manager_msgs/share/rviz_manager_msgs/cmake/export_rviz_manager_msgs__rosidl_generator_pyExport-noconfig.cmake
[14.707s] Invoked command in '/home/mtouri/ros2_ws_humble/build/rviz_manager_msgs' returned '0': CMAKE_PREFIX_PATH=${CMAKE_PREFIX_PATH}:/home/mtouri/spot_ws/install/synchros2_tutorials_example:/home/mtouri/spot_ws/install/spot_examples:/home/mtouri/spot_ws/install/spot_common:/home/mtouri/spot_ws/install/synchros2:/home/mtouri/ros2_ws_humble/install/rviz_manager:/home/mtouri/ros2_ws_humble/install/nimblbot_control:/home/mtouri/ros2_ws_humble/install/nimblbot_utils:/home/mtouri/ros2_ws_humble/install/nimblbot_simulation_scenes:/home/mtouri/ros2_ws_humble/install/nimblbot_path_follow:/home/mtouri/ros2_ws_humble/install/nimblbot_kinematics:/home/mtouri/ros2_ws_humble/install/nimblbot_driver:/home/mtouri/ros2_ws_humble/install/circular_carrier_control:/home/mtouri/ros2_ws_humble/install/nanotec_driver:/opt/ros/humble /usr/bin/cmake --install /home/mtouri/ros2_ws_humble/build/rviz_manager_msgs
