-- The C compiler identification is GNU 11.4.0
-- The CXX compiler identification is GNU 11.4.0
-- Detecting C compiler ABI info
-- Detecting C compiler ABI info - done
-- Check for working C compiler: /usr/bin/cc - skipped
-- Detecting C compile features
-- Detecting C compile features - done
-- Detecting CXX compiler ABI info
-- Detecting CXX compiler ABI info - done
-- Check for working CXX compiler: /usr/bin/c++ - skipped
-- Detecting CXX compile features
-- Detecting CXX compile features - done
-- Found ament_cmake: 1.3.14 (/opt/ros/humble/share/ament_cmake/cmake)
-- Found Python3: /usr/bin/python3 (found version "3.10.12") found components: Interpreter 
-- Override CMake install command with custom implementation using symlinks instead of copying resources
-- Found ament_cmake_ros: 0.10.0 (/opt/ros/humble/share/ament_cmake_ros/cmake)
-- Found std_msgs: 4.9.1 (/opt/ros/humble/share/std_msgs/cmake)
-- Found rosidl_generator_c: 3.1.8 (/opt/ros/humble/share/rosidl_generator_c/cmake)
-- Found rosidl_adapter: 3.1.8 (/opt/ros/humble/share/rosidl_adapter/cmake)
-- Found rosidl_generator_cpp: 3.1.8 (/opt/ros/humble/share/rosidl_generator_cpp/cmake)
-- Using all available rosidl_typesupport_c: rosidl_typesupport_fastrtps_c;rosidl_typesupport_introspection_c
-- Using all available rosidl_typesupport_cpp: rosidl_typesupport_fastrtps_cpp;rosidl_typesupport_introspection_cpp
-- Found pluginlib: 5.1.3 (/opt/ros/humble/share/pluginlib/cmake)
-- Found std_srvs: 4.9.1 (/opt/ros/humble/share/std_srvs/cmake)
-- Found spot_msgs: 0.0.0 (/home/mtouri/spot_ws/install/spot_msgs/share/spot_msgs/cmake)
-- Found PythonInterp: /usr/bin/python3.10 (found version "3.10.12") 
-- Found Protobuf: /usr/lib/x86_64-linux-gnu/libprotobuf.so (found version "3.12.4") 
-- Found rclcpp: 16.0.19 (/opt/ros/humble/share/rclcpp/cmake)
-- Found rmw_implementation_cmake: 6.1.2 (/opt/ros/humble/share/rmw_implementation_cmake/cmake)
-- Found rmw_fastrtps_cpp: 6.2.10 (/opt/ros/humble/share/rmw_fastrtps_cpp/cmake)
-- Found TinyXML2 via Config file: TinyXML2_DIR-NOTFOUND
-- Found OpenSSL: /usr/lib/x86_64-linux-gnu/libcrypto.so (found version "3.0.2")  
-- Found TinyXML2 via Config file: TinyXML2_DIR-NOTFOUND
-- Found FastRTPS: /opt/ros/humble/include  
-- Found TinyXML2 via Config file: TinyXML2_DIR-NOTFOUND
-- Found TinyXML2 via Config file: TinyXML2_DIR-NOTFOUND
-- Using RMW implementation 'rmw_fastrtps_cpp' as default
-- Found Threads: TRUE  
-- Found rosidl_default_generators: 1.2.1 (/opt/ros/humble/share/rosidl_default_generators/cmake)
-- Checking for module 'grpc'
--   Found grpc, version 10.0.0
-- Checking for module 'grpc++'
--   Found grpc++, version 1.30.2
-- CMake is running /opt/spot-cpp-sdk/lib/cmake/bosdyn/UseInstallbosdyn.cmake
-- Found rviz_common: 11.2.26 (/opt/ros/humble/share/rviz_common/cmake)
-- Setting assimp_DIR to: '/opt/ros/humble/share/rviz_assimp_vendor/cmake/../../../opt/rviz_assimp_vendor/lib/cmake/assimp-4.1'
-- Setting OGRE_DIR to: '/opt/ros/humble/share/rviz_ogre_vendor/cmake/../../../opt/rviz_ogre_vendor/lib/OGRE/cmake'
-- Found OGRE
--   static     : OFF
--   components : HLMS;MeshLodGenerator;Overlay;Paging;Property;RTShaderSystem;Terrain;Volume
--   plugins    : Plugin_BSPSceneManager;Plugin_OctreeSceneManager;Plugin_PCZSceneManager;Plugin_ParticleFX;RenderSystem_GL;RenderSystem_GL3Plus;Codec_STBI
--   media      : /opt/ros/humble/opt/rviz_ogre_vendor/share/OGRE/Media
-- OGRE_LIBRARIES: OgreHLMS;OgreMeshLodGenerator;OgreOverlay;OgrePaging;OgreProperty;OgreRTShaderSystem;OgreTerrain;OgreVolume;OgreMain
-- OGRE_LIBRARY_DIRS: /opt/ros/humble/opt/rviz_ogre_vendor/lib
-- OGRE_PLUGINS: Plugin_BSPSceneManager;Plugin_OctreeSceneManager;Plugin_PCZSceneManager;Plugin_ParticleFX;RenderSystem_GL;RenderSystem_GL3Plus;Codec_STBI
-- OGRE_PLUGIN_DIR: /opt/ros/humble/opt/rviz_ogre_vendor/lib/OGRE
-- rviz_ogre_vendor::OgreOverlay for IMPORTED_LOCATION_RELEASE: /opt/ros/humble/opt/rviz_ogre_vendor/lib/libOgreOverlay.so
-- rviz_ogre_vendor::OgreOverlay for IMPORTED_LOCATION_DEBUG: /opt/ros/humble/opt/rviz_ogre_vendor/lib/libOgreOverlay.so
-- rviz_ogre_vendor::OgreMain for IMPORTED_LOCATION_RELEASE: /opt/ros/humble/opt/rviz_ogre_vendor/lib/libOgreMain.so
-- rviz_ogre_vendor::OgreMain for IMPORTED_LOCATION_DEBUG: /opt/ros/humble/opt/rviz_ogre_vendor/lib/libOgreMain.so
-- Could not find freeimage library
-- Found ZLIB: /usr/lib/x86_64-linux-gnu/libz.so (found version "1.2.11") 
-- Found OpenGL: /usr/lib/x86_64-linux-gnu/libOpenGL.so   
-- Found X11: /usr/include   
-- Looking for XOpenDisplay in /usr/lib/x86_64-linux-gnu/libX11.so;/usr/lib/x86_64-linux-gnu/libXext.so
-- Looking for XOpenDisplay in /usr/lib/x86_64-linux-gnu/libX11.so;/usr/lib/x86_64-linux-gnu/libXext.so - found
-- Looking for gethostbyname
-- Looking for gethostbyname - found
-- Looking for connect
-- Looking for connect - found
-- Looking for remove
-- Looking for remove - found
-- Looking for shmat
-- Looking for shmat - found
-- Looking for IceConnectionNumber in ICE
-- Looking for IceConnectionNumber in ICE - found
-- library: /usr/lib/x86_64-linux-gnu/libcurl.so
-- Found Eigen3: TRUE (found version "3.4.0") 
-- Ensuring Eigen3 include directory is part of orocos-kdl CMake target
-- Configuring done
-- Generating done
-- Build files have been written to: /home/mtouri/spot_ws/build/spot_rviz_plugins
[ 16%] [34m[1mAutomatic MOC for target spot_rviz_plugins[0m
[ 16%] Built target spot_rviz_plugins_autogen
[ 33%] [34m[1mGenerating include/spot_rviz_plugins/moc_spot_panel.cpp[0m
[ 66%] [32mBuilding CXX object CMakeFiles/spot_rviz_plugins.dir/src/spot_panel.cpp.o[0m
[ 66%] [32mBuilding CXX object CMakeFiles/spot_rviz_plugins.dir/include/spot_rviz_plugins/moc_spot_panel.cpp.o[0m
[ 83%] [32mBuilding CXX object CMakeFiles/spot_rviz_plugins.dir/spot_rviz_plugins_autogen/mocs_compilation.cpp.o[0m
[100%] [32m[1mLinking CXX shared library libspot_rviz_plugins.so[0m
[100%] Built target spot_rviz_plugins
-- Install configuration: ""
-- Execute custom install script
-- Symlinking: /home/mtouri/spot_ws/install/spot_rviz_plugins/share/spot_rviz_plugins/rviz_common_plugins.xml
-- Symlinking: /home/mtouri/spot_ws/install/spot_rviz_plugins/include/spot_rviz_plugins/spot_panel.hpp
-- Up-to-date symlink: /home/mtouri/spot_ws/install/spot_rviz_plugins/share/spot_rviz_plugins/rviz_common_plugins.xml
-- Symlinking: /home/mtouri/spot_ws/install/spot_rviz_plugins/share/spot_rviz_plugins/resource/spot_panel.ui
-- Up-to-date symlink: /home/mtouri/spot_ws/install/spot_rviz_plugins/share/spot_rviz_plugins//rviz_common_plugins.xml
-- Symlinking: /home/mtouri/spot_ws/install/spot_rviz_plugins/share/ament_index/resource_index/package_run_dependencies/spot_rviz_plugins
-- Symlinking: /home/mtouri/spot_ws/install/spot_rviz_plugins/share/ament_index/resource_index/parent_prefix_path/spot_rviz_plugins
-- Symlinking: /home/mtouri/spot_ws/install/spot_rviz_plugins/share/spot_rviz_plugins/environment/ament_prefix_path.sh
-- Symlinking: /home/mtouri/spot_ws/install/spot_rviz_plugins/share/spot_rviz_plugins/environment/ament_prefix_path.dsv
-- Symlinking: /home/mtouri/spot_ws/install/spot_rviz_plugins/share/spot_rviz_plugins/environment/path.sh
-- Symlinking: /home/mtouri/spot_ws/install/spot_rviz_plugins/share/spot_rviz_plugins/environment/path.dsv
-- Symlinking: /home/mtouri/spot_ws/install/spot_rviz_plugins/share/spot_rviz_plugins/local_setup.bash
-- Symlinking: /home/mtouri/spot_ws/install/spot_rviz_plugins/share/spot_rviz_plugins/local_setup.sh
-- Symlinking: /home/mtouri/spot_ws/install/spot_rviz_plugins/share/spot_rviz_plugins/local_setup.zsh
-- Symlinking: /home/mtouri/spot_ws/install/spot_rviz_plugins/share/spot_rviz_plugins/local_setup.dsv
-- Symlinking: /home/mtouri/spot_ws/install/spot_rviz_plugins/share/spot_rviz_plugins/package.dsv
-- Symlinking: /home/mtouri/spot_ws/install/spot_rviz_plugins/share/ament_index/resource_index/packages/spot_rviz_plugins
-- Symlinking: /home/mtouri/spot_ws/install/spot_rviz_plugins/share/ament_index/resource_index/rviz_common__pluginlib__plugin/spot_rviz_plugins
-- Symlinking: /home/mtouri/spot_ws/install/spot_rviz_plugins/share/spot_rviz_plugins/cmake/ament_cmake_export_include_directories-extras.cmake
-- Symlinking: /home/mtouri/spot_ws/install/spot_rviz_plugins/share/spot_rviz_plugins/cmake/ament_cmake_export_targets-extras.cmake
-- Symlinking: /home/mtouri/spot_ws/install/spot_rviz_plugins/share/spot_rviz_plugins/cmake/spot_rviz_pluginsConfig.cmake
-- Symlinking: /home/mtouri/spot_ws/install/spot_rviz_plugins/share/spot_rviz_plugins/cmake/spot_rviz_pluginsConfig-version.cmake
-- Symlinking: /home/mtouri/spot_ws/install/spot_rviz_plugins/share/spot_rviz_plugins/package.xml
-- Installing: /home/mtouri/spot_ws/install/spot_rviz_plugins/lib/libspot_rviz_plugins.so
-- Set runtime path of "/home/mtouri/spot_ws/install/spot_rviz_plugins/lib/libspot_rviz_plugins.so" to ""
-- Installing: /home/mtouri/spot_ws/install/spot_rviz_plugins/share/spot_rviz_plugins/cmake/export_spot_rviz_pluginsExport.cmake
-- Installing: /home/mtouri/spot_ws/install/spot_rviz_plugins/share/spot_rviz_plugins/cmake/export_spot_rviz_pluginsExport-noconfig.cmake
