[0.008s] Invoking command in '/home/mtouri/spot_ws/build/spot_rviz_plugins': AMENT_PREFIX_PATH=/home/mtouri/spot_ws/install/spot_msgs:${AMENT_PREFIX_PATH} CMAKE_PREFIX_PATH=/home/mtouri/spot_ws/install/spot_msgs:/opt/ros/humble LD_LIBRARY_PATH=/home/mtouri/spot_ws/install/spot_msgs/lib:/opt/spot-cpp-sdk/lib:/opt/ros/humble/opt/rviz_ogre_vendor/lib:/opt/ros/humble/lib/x86_64-linux-gnu:/opt/ros/humble/lib:/usr/lib:/usr/lib PYTHONPATH=/home/mtouri/spot_ws/install/spot_msgs/local/lib/python3.10/dist-packages:${PYTHONPATH} /usr/bin/cmake /home/mtouri/spot_ws/src/spot_ros2/spot_rviz_plugins -DAMENT_CMAKE_SYMLINK_INSTALL=1 -DCMAKE_INSTALL_PREFIX=/home/mtouri/spot_ws/install/spot_rviz_plugins
[0.050s] -- The C compiler identification is GNU 11.4.0
[0.095s] -- The CXX compiler identification is GNU 11.4.0
[0.101s] -- Detecting C compiler ABI info
[0.161s] -- Detecting C compiler ABI info - done
[0.167s] -- Check for working C compiler: /usr/bin/cc - skipped
[0.167s] -- Detecting C compile features
[0.167s] -- Detecting C compile features - done
[0.169s] -- Detecting CXX compiler ABI info
[0.236s] -- Detecting CXX compiler ABI info - done
[0.241s] -- Check for working CXX compiler: /usr/bin/c++ - skipped
[0.241s] -- Detecting CXX compile features
[0.242s] -- Detecting CXX compile features - done
[0.244s] -- Found ament_cmake: 1.3.14 (/opt/ros/humble/share/ament_cmake/cmake)
[0.366s] -- Found Python3: /usr/bin/python3 (found version "3.10.12") found components: Interpreter 
[0.417s] -- Override CMake install command with custom implementation using symlinks instead of copying resources
[0.442s] -- Found ament_cmake_ros: 0.10.0 (/opt/ros/humble/share/ament_cmake_ros/cmake)
[0.449s] -- Found std_msgs: 4.9.1 (/opt/ros/humble/share/std_msgs/cmake)
[0.478s] -- Found rosidl_generator_c: 3.1.8 (/opt/ros/humble/share/rosidl_generator_c/cmake)
[0.482s] -- Found rosidl_adapter: 3.1.8 (/opt/ros/humble/share/rosidl_adapter/cmake)
[0.489s] -- Found rosidl_generator_cpp: 3.1.8 (/opt/ros/humble/share/rosidl_generator_cpp/cmake)
[0.497s] -- Using all available rosidl_typesupport_c: rosidl_typesupport_fastrtps_c;rosidl_typesupport_introspection_c
[0.509s] -- Using all available rosidl_typesupport_cpp: rosidl_typesupport_fastrtps_cpp;rosidl_typesupport_introspection_cpp
[0.529s] -- Found pluginlib: 5.1.3 (/opt/ros/humble/share/pluginlib/cmake)
[0.562s] -- Found std_srvs: 4.9.1 (/opt/ros/humble/share/std_srvs/cmake)
[0.574s] -- Found spot_msgs: 0.0.0 (/home/mtouri/spot_ws/install/spot_msgs/share/spot_msgs/cmake)
[0.654s] -- Found PythonInterp: /usr/bin/python3.10 (found version "3.10.12") 
[0.804s] -- Found Protobuf: /usr/lib/x86_64-linux-gnu/libprotobuf.so (found version "3.12.4") 
[0.808s] -- Found rclcpp: 16.0.19 (/opt/ros/humble/share/rclcpp/cmake)
[0.837s] -- Found rmw_implementation_cmake: 6.1.2 (/opt/ros/humble/share/rmw_implementation_cmake/cmake)
[0.839s] -- Found rmw_fastrtps_cpp: 6.2.10 (/opt/ros/humble/share/rmw_fastrtps_cpp/cmake)
[0.859s] -- Found TinyXML2 via Config file: TinyXML2_DIR-NOTFOUND
[0.917s] -- Found OpenSSL: /usr/lib/x86_64-linux-gnu/libcrypto.so (found version "3.0.2")  
[0.919s] -- Found TinyXML2 via Config file: TinyXML2_DIR-NOTFOUND
[0.933s] -- Found FastRTPS: /opt/ros/humble/include  
[0.935s] -- Found TinyXML2 via Config file: TinyXML2_DIR-NOTFOUND
[0.944s] -- Found TinyXML2 via Config file: TinyXML2_DIR-NOTFOUND
[0.954s] -- Using RMW implementation 'rmw_fastrtps_cpp' as default
[0.962s] -- Found Threads: TRUE  
[0.990s] -- Found rosidl_default_generators: 1.2.1 (/opt/ros/humble/share/rosidl_default_generators/cmake)
[1.082s] -- Checking for module 'grpc'
[1.097s] --   Found grpc, version 10.0.0
[1.134s] -- Checking for module 'grpc++'
[1.149s] --   Found grpc++, version 1.30.2
[1.193s] -- CMake is running /opt/spot-cpp-sdk/lib/cmake/bosdyn/UseInstallbosdyn.cmake
[1.289s] -- Found rviz_common: 11.2.26 (/opt/ros/humble/share/rviz_common/cmake)
[1.316s] -- Setting assimp_DIR to: '/opt/ros/humble/share/rviz_assimp_vendor/cmake/../../../opt/rviz_assimp_vendor/lib/cmake/assimp-4.1'
[1.324s] -- Setting OGRE_DIR to: '/opt/ros/humble/share/rviz_ogre_vendor/cmake/../../../opt/rviz_ogre_vendor/lib/OGRE/cmake'
[1.326s] -- Found OGRE
[1.326s] --   static     : OFF
[1.326s] --   components : HLMS;MeshLodGenerator;Overlay;Paging;Property;RTShaderSystem;Terrain;Volume
[1.326s] --   plugins    : Plugin_BSPSceneManager;Plugin_OctreeSceneManager;Plugin_PCZSceneManager;Plugin_ParticleFX;RenderSystem_GL;RenderSystem_GL3Plus;Codec_STBI
[1.327s] --   media      : /opt/ros/humble/opt/rviz_ogre_vendor/share/OGRE/Media
[1.327s] -- OGRE_LIBRARIES: OgreHLMS;OgreMeshLodGenerator;OgreOverlay;OgrePaging;OgreProperty;OgreRTShaderSystem;OgreTerrain;OgreVolume;OgreMain
[1.327s] -- OGRE_LIBRARY_DIRS: /opt/ros/humble/opt/rviz_ogre_vendor/lib
[1.327s] -- OGRE_PLUGINS: Plugin_BSPSceneManager;Plugin_OctreeSceneManager;Plugin_PCZSceneManager;Plugin_ParticleFX;RenderSystem_GL;RenderSystem_GL3Plus;Codec_STBI
[1.327s] -- OGRE_PLUGIN_DIR: /opt/ros/humble/opt/rviz_ogre_vendor/lib/OGRE
[1.327s] -- rviz_ogre_vendor::OgreOverlay for IMPORTED_LOCATION_RELEASE: /opt/ros/humble/opt/rviz_ogre_vendor/lib/libOgreOverlay.so
[1.327s] -- rviz_ogre_vendor::OgreOverlay for IMPORTED_LOCATION_DEBUG: /opt/ros/humble/opt/rviz_ogre_vendor/lib/libOgreOverlay.so
[1.327s] -- rviz_ogre_vendor::OgreMain for IMPORTED_LOCATION_RELEASE: /opt/ros/humble/opt/rviz_ogre_vendor/lib/libOgreMain.so
[1.327s] -- rviz_ogre_vendor::OgreMain for IMPORTED_LOCATION_DEBUG: /opt/ros/humble/opt/rviz_ogre_vendor/lib/libOgreMain.so
[1.328s] -- Could not find freeimage library
[1.344s] -- Found ZLIB: /usr/lib/x86_64-linux-gnu/libz.so (found version "1.2.11") 
[1.347s] -- Found OpenGL: /usr/lib/x86_64-linux-gnu/libOpenGL.so   
[1.439s] -- Found X11: /usr/include   
[1.439s] -- Looking for XOpenDisplay in /usr/lib/x86_64-linux-gnu/libX11.so;/usr/lib/x86_64-linux-gnu/libXext.so
[1.512s] -- Looking for XOpenDisplay in /usr/lib/x86_64-linux-gnu/libX11.so;/usr/lib/x86_64-linux-gnu/libXext.so - found
[1.512s] -- Looking for gethostbyname
[1.576s] -- Looking for gethostbyname - found
[1.576s] -- Looking for connect
[1.641s] -- Looking for connect - found
[1.641s] -- Looking for remove
[1.720s] -- Looking for remove - found
[1.720s] -- Looking for shmat
[1.791s] -- Looking for shmat - found
[1.791s] -- Looking for IceConnectionNumber in ICE
[1.865s] -- Looking for IceConnectionNumber in ICE - found
[1.967s] -- library: /usr/lib/x86_64-linux-gnu/libcurl.so
[1.991s] -- Found Eigen3: TRUE (found version "3.4.0") 
[1.991s] -- Ensuring Eigen3 include directory is part of orocos-kdl CMake target
[2.146s] -- Configuring done
[2.189s] -- Generating done
[2.196s] -- Build files have been written to: /home/mtouri/spot_ws/build/spot_rviz_plugins
[2.218s] Invoked command in '/home/mtouri/spot_ws/build/spot_rviz_plugins' returned '0': AMENT_PREFIX_PATH=/home/mtouri/spot_ws/install/spot_msgs:${AMENT_PREFIX_PATH} CMAKE_PREFIX_PATH=/home/mtouri/spot_ws/install/spot_msgs:/opt/ros/humble LD_LIBRARY_PATH=/home/mtouri/spot_ws/install/spot_msgs/lib:/opt/spot-cpp-sdk/lib:/opt/ros/humble/opt/rviz_ogre_vendor/lib:/opt/ros/humble/lib/x86_64-linux-gnu:/opt/ros/humble/lib:/usr/lib:/usr/lib PYTHONPATH=/home/mtouri/spot_ws/install/spot_msgs/local/lib/python3.10/dist-packages:${PYTHONPATH} /usr/bin/cmake /home/mtouri/spot_ws/src/spot_ros2/spot_rviz_plugins -DAMENT_CMAKE_SYMLINK_INSTALL=1 -DCMAKE_INSTALL_PREFIX=/home/mtouri/spot_ws/install/spot_rviz_plugins
[2.220s] Invoking command in '/home/mtouri/spot_ws/build/spot_rviz_plugins': AMENT_PREFIX_PATH=/home/mtouri/spot_ws/install/spot_msgs:${AMENT_PREFIX_PATH} CMAKE_PREFIX_PATH=/home/mtouri/spot_ws/install/spot_msgs:/opt/ros/humble LD_LIBRARY_PATH=/home/mtouri/spot_ws/install/spot_msgs/lib:/opt/spot-cpp-sdk/lib:/opt/ros/humble/opt/rviz_ogre_vendor/lib:/opt/ros/humble/lib/x86_64-linux-gnu:/opt/ros/humble/lib:/usr/lib:/usr/lib PYTHONPATH=/home/mtouri/spot_ws/install/spot_msgs/local/lib/python3.10/dist-packages:${PYTHONPATH} /usr/bin/cmake --build /home/mtouri/spot_ws/build/spot_rviz_plugins -- -j16 -l16
[2.277s] [ 16%] [34m[1mAutomatic MOC for target spot_rviz_plugins[0m
[2.308s] [ 16%] Built target spot_rviz_plugins_autogen
[2.320s] [ 33%] [34m[1mGenerating include/spot_rviz_plugins/moc_spot_panel.cpp[0m
[2.346s] [ 66%] [32mBuilding CXX object CMakeFiles/spot_rviz_plugins.dir/src/spot_panel.cpp.o[0m
[2.346s] [ 66%] [32mBuilding CXX object CMakeFiles/spot_rviz_plugins.dir/include/spot_rviz_plugins/moc_spot_panel.cpp.o[0m
[2.346s] [ 83%] [32mBuilding CXX object CMakeFiles/spot_rviz_plugins.dir/spot_rviz_plugins_autogen/mocs_compilation.cpp.o[0m
[22.431s] [100%] [32m[1mLinking CXX shared library libspot_rviz_plugins.so[0m
[23.990s] [100%] Built target spot_rviz_plugins
[24.003s] Invoked command in '/home/mtouri/spot_ws/build/spot_rviz_plugins' returned '0': AMENT_PREFIX_PATH=/home/mtouri/spot_ws/install/spot_msgs:${AMENT_PREFIX_PATH} CMAKE_PREFIX_PATH=/home/mtouri/spot_ws/install/spot_msgs:/opt/ros/humble LD_LIBRARY_PATH=/home/mtouri/spot_ws/install/spot_msgs/lib:/opt/spot-cpp-sdk/lib:/opt/ros/humble/opt/rviz_ogre_vendor/lib:/opt/ros/humble/lib/x86_64-linux-gnu:/opt/ros/humble/lib:/usr/lib:/usr/lib PYTHONPATH=/home/mtouri/spot_ws/install/spot_msgs/local/lib/python3.10/dist-packages:${PYTHONPATH} /usr/bin/cmake --build /home/mtouri/spot_ws/build/spot_rviz_plugins -- -j16 -l16
[24.005s] Invoking command in '/home/mtouri/spot_ws/build/spot_rviz_plugins': AMENT_PREFIX_PATH=/home/mtouri/spot_ws/install/spot_msgs:${AMENT_PREFIX_PATH} CMAKE_PREFIX_PATH=/home/mtouri/spot_ws/install/spot_msgs:/opt/ros/humble LD_LIBRARY_PATH=/home/mtouri/spot_ws/install/spot_msgs/lib:/opt/spot-cpp-sdk/lib:/opt/ros/humble/opt/rviz_ogre_vendor/lib:/opt/ros/humble/lib/x86_64-linux-gnu:/opt/ros/humble/lib:/usr/lib:/usr/lib PYTHONPATH=/home/mtouri/spot_ws/install/spot_msgs/local/lib/python3.10/dist-packages:${PYTHONPATH} /usr/bin/cmake --install /home/mtouri/spot_ws/build/spot_rviz_plugins
[24.014s] -- Install configuration: ""
[24.014s] -- Execute custom install script
[24.014s] -- Symlinking: /home/mtouri/spot_ws/install/spot_rviz_plugins/share/spot_rviz_plugins/rviz_common_plugins.xml
[24.024s] -- Symlinking: /home/mtouri/spot_ws/install/spot_rviz_plugins/include/spot_rviz_plugins/spot_panel.hpp
[24.034s] -- Up-to-date symlink: /home/mtouri/spot_ws/install/spot_rviz_plugins/share/spot_rviz_plugins/rviz_common_plugins.xml
[24.034s] -- Symlinking: /home/mtouri/spot_ws/install/spot_rviz_plugins/share/spot_rviz_plugins/resource/spot_panel.ui
[24.044s] -- Up-to-date symlink: /home/mtouri/spot_ws/install/spot_rviz_plugins/share/spot_rviz_plugins//rviz_common_plugins.xml
[24.044s] -- Symlinking: /home/mtouri/spot_ws/install/spot_rviz_plugins/share/ament_index/resource_index/package_run_dependencies/spot_rviz_plugins
[24.053s] -- Symlinking: /home/mtouri/spot_ws/install/spot_rviz_plugins/share/ament_index/resource_index/parent_prefix_path/spot_rviz_plugins
[24.061s] -- Symlinking: /home/mtouri/spot_ws/install/spot_rviz_plugins/share/spot_rviz_plugins/environment/ament_prefix_path.sh
[24.070s] -- Symlinking: /home/mtouri/spot_ws/install/spot_rviz_plugins/share/spot_rviz_plugins/environment/ament_prefix_path.dsv
[24.079s] -- Symlinking: /home/mtouri/spot_ws/install/spot_rviz_plugins/share/spot_rviz_plugins/environment/path.sh
[24.088s] -- Symlinking: /home/mtouri/spot_ws/install/spot_rviz_plugins/share/spot_rviz_plugins/environment/path.dsv
[24.097s] -- Symlinking: /home/mtouri/spot_ws/install/spot_rviz_plugins/share/spot_rviz_plugins/local_setup.bash
[24.106s] -- Symlinking: /home/mtouri/spot_ws/install/spot_rviz_plugins/share/spot_rviz_plugins/local_setup.sh
[24.114s] -- Symlinking: /home/mtouri/spot_ws/install/spot_rviz_plugins/share/spot_rviz_plugins/local_setup.zsh
[24.125s] -- Symlinking: /home/mtouri/spot_ws/install/spot_rviz_plugins/share/spot_rviz_plugins/local_setup.dsv
[24.133s] -- Symlinking: /home/mtouri/spot_ws/install/spot_rviz_plugins/share/spot_rviz_plugins/package.dsv
[24.141s] -- Symlinking: /home/mtouri/spot_ws/install/spot_rviz_plugins/share/ament_index/resource_index/packages/spot_rviz_plugins
[24.149s] -- Symlinking: /home/mtouri/spot_ws/install/spot_rviz_plugins/share/ament_index/resource_index/rviz_common__pluginlib__plugin/spot_rviz_plugins
[24.158s] -- Symlinking: /home/mtouri/spot_ws/install/spot_rviz_plugins/share/spot_rviz_plugins/cmake/ament_cmake_export_include_directories-extras.cmake
[24.167s] -- Symlinking: /home/mtouri/spot_ws/install/spot_rviz_plugins/share/spot_rviz_plugins/cmake/ament_cmake_export_targets-extras.cmake
[24.174s] -- Symlinking: /home/mtouri/spot_ws/install/spot_rviz_plugins/share/spot_rviz_plugins/cmake/spot_rviz_pluginsConfig.cmake
[24.183s] -- Symlinking: /home/mtouri/spot_ws/install/spot_rviz_plugins/share/spot_rviz_plugins/cmake/spot_rviz_pluginsConfig-version.cmake
[24.192s] -- Symlinking: /home/mtouri/spot_ws/install/spot_rviz_plugins/share/spot_rviz_plugins/package.xml
[24.201s] -- Installing: /home/mtouri/spot_ws/install/spot_rviz_plugins/lib/libspot_rviz_plugins.so
[24.221s] -- Set runtime path of "/home/mtouri/spot_ws/install/spot_rviz_plugins/lib/libspot_rviz_plugins.so" to ""
[24.221s] -- Installing: /home/mtouri/spot_ws/install/spot_rviz_plugins/share/spot_rviz_plugins/cmake/export_spot_rviz_pluginsExport.cmake
[24.222s] -- Installing: /home/mtouri/spot_ws/install/spot_rviz_plugins/share/spot_rviz_plugins/cmake/export_spot_rviz_pluginsExport-noconfig.cmake
[24.224s] Invoked command in '/home/mtouri/spot_ws/build/spot_rviz_plugins' returned '0': AMENT_PREFIX_PATH=/home/mtouri/spot_ws/install/spot_msgs:${AMENT_PREFIX_PATH} CMAKE_PREFIX_PATH=/home/mtouri/spot_ws/install/spot_msgs:/opt/ros/humble LD_LIBRARY_PATH=/home/mtouri/spot_ws/install/spot_msgs/lib:/opt/spot-cpp-sdk/lib:/opt/ros/humble/opt/rviz_ogre_vendor/lib:/opt/ros/humble/lib/x86_64-linux-gnu:/opt/ros/humble/lib:/usr/lib:/usr/lib PYTHONPATH=/home/mtouri/spot_ws/install/spot_msgs/local/lib/python3.10/dist-packages:${PYTHONPATH} /usr/bin/cmake --install /home/mtouri/spot_ws/build/spot_rviz_plugins
