-- The C compiler identification is GNU 11.4.0
-- The CXX compiler identification is GNU 11.4.0
-- Detecting C compiler ABI info
-- Detecting C compiler ABI info - done
-- Check for working C compiler: /usr/bin/cc - skipped
-- Detecting C compile features
-- Detecting C compile features - done
-- Detecting CXX compiler ABI info
-- Detecting CXX compiler ABI info - done
-- Check for working CXX compiler: /usr/bin/c++ - skipped
-- Detecting CXX compile features
-- Detecting CXX compile features - done
-- Found ament_cmake: 1.3.14 (/opt/ros/humble/share/ament_cmake/cmake)
-- Found Python3: /usr/bin/python3 (found version "3.10.12") found components: Interpreter 
-- Override CMake install command with custom implementation using symlinks instead of copying resources
-- Found bondcpp: 4.1.4 (/opt/ros/humble/share/bondcpp/cmake)
-- Found rosidl_generator_c: 3.1.8 (/opt/ros/humble/share/rosidl_generator_c/cmake)
-- Found rosidl_adapter: 3.1.8 (/opt/ros/humble/share/rosidl_adapter/cmake)
-- Found rosidl_generator_cpp: 3.1.8 (/opt/ros/humble/share/rosidl_generator_cpp/cmake)
-- Using all available rosidl_typesupport_c: rosidl_typesupport_fastrtps_c;rosidl_typesupport_introspection_c
-- Using all available rosidl_typesupport_cpp: rosidl_typesupport_fastrtps_cpp;rosidl_typesupport_introspection_cpp
-- Found rmw_implementation_cmake: 6.1.2 (/opt/ros/humble/share/rmw_implementation_cmake/cmake)
-- Found rmw_fastrtps_cpp: 6.2.10 (/opt/ros/humble/share/rmw_fastrtps_cpp/cmake)
-- Found OpenSSL: /usr/lib/x86_64-linux-gnu/libcrypto.so (found version "3.0.2")  
-- Found FastRTPS: /opt/ros/humble/include  
-- Using RMW implementation 'rmw_fastrtps_cpp' as default
-- Looking for pthread.h
-- Looking for pthread.h - found
-- Performing Test CMAKE_HAVE_LIBC_PTHREAD
-- Performing Test CMAKE_HAVE_LIBC_PTHREAD - Success
-- Found Threads: TRUE  
-- Found hardware_interface: 2.53.1 (/opt/ros/humble/share/hardware_interface/cmake)
-- Found bosdyn_api_msgs: 5.0.1 (/opt/ros/humble/share/bosdyn_api_msgs/cmake)
-- Found PythonInterp: /usr/bin/python3.10 (found version "3.10.12") 
-- Found Protobuf: /usr/lib/x86_64-linux-gnu/libprotobuf.so (found version "3.12.4") 
-- Found rosidl_default_generators: 1.2.1 (/opt/ros/humble/share/rosidl_default_generators/cmake)
-- Checking for module 'grpc'
--   Found grpc, version 10.0.0
-- Checking for module 'grpc++'
--   Found grpc++, version 1.30.2
-- CMake is running /opt/spot-cpp-sdk/lib/cmake/bosdyn/UseInstallbosdyn.cmake
-- Found spot_msgs: 0.0.0 (/home/mtouri/spot_ws/install/spot_msgs/share/spot_msgs/cmake)
-- Found tl_expected: 1.2.0 (/opt/ros/humble/share/tl_expected/cmake)
-- Found PkgConfig: /usr/bin/pkg-config (found version "0.29.2") 
-- CMake is running /opt/spot-cpp-sdk/lib/cmake/bosdyn/UseInstallbosdyn.cmake
-- Configuring done
-- Generating done
-- Build files have been written to: /home/mtouri/spot_ws/build/spot_hardware_interface
[ 66%] [32mBuilding CXX object CMakeFiles/spot_hardware_interface.dir/src/spot_hardware_interface.cpp.o[0m
[ 66%] [32mBuilding CXX object CMakeFiles/spot_hardware_interface.dir/src/spot_leasing_interface.cpp.o[0m
[100%] [32m[1mLinking CXX shared library libspot_hardware_interface.so[0m
[100%] Built target spot_hardware_interface
-- Install configuration: ""
-- Execute custom install script
-- Symlinking: /home/mtouri/spot_ws/install/spot_hardware_interface/share/spot_hardware_interface//spot_hardware_interface.xml
-- Symlinking: /home/mtouri/spot_ws/install/spot_hardware_interface/include/spot_hardware_interface/spot_constants.hpp
-- Symlinking: /home/mtouri/spot_ws/install/spot_hardware_interface/include/spot_hardware_interface/spot_hardware_interface.hpp
-- Symlinking: /home/mtouri/spot_ws/install/spot_hardware_interface/include/spot_hardware_interface/spot_leasing_interface.hpp
-- Symlinking: /home/mtouri/spot_ws/install/spot_hardware_interface/include/spot_hardware_interface/visibility_control.h
-- Symlinking: /home/mtouri/spot_ws/install/spot_hardware_interface/share/spot_hardware_interface/environment/library_path.sh
-- Symlinking: /home/mtouri/spot_ws/install/spot_hardware_interface/share/spot_hardware_interface/environment/library_path.dsv
-- Symlinking: /home/mtouri/spot_ws/install/spot_hardware_interface/share/ament_index/resource_index/package_run_dependencies/spot_hardware_interface
-- Symlinking: /home/mtouri/spot_ws/install/spot_hardware_interface/share/ament_index/resource_index/parent_prefix_path/spot_hardware_interface
-- Symlinking: /home/mtouri/spot_ws/install/spot_hardware_interface/share/spot_hardware_interface/environment/ament_prefix_path.sh
-- Symlinking: /home/mtouri/spot_ws/install/spot_hardware_interface/share/spot_hardware_interface/environment/ament_prefix_path.dsv
-- Symlinking: /home/mtouri/spot_ws/install/spot_hardware_interface/share/spot_hardware_interface/environment/path.sh
-- Symlinking: /home/mtouri/spot_ws/install/spot_hardware_interface/share/spot_hardware_interface/environment/path.dsv
-- Symlinking: /home/mtouri/spot_ws/install/spot_hardware_interface/share/spot_hardware_interface/local_setup.bash
-- Symlinking: /home/mtouri/spot_ws/install/spot_hardware_interface/share/spot_hardware_interface/local_setup.sh
-- Symlinking: /home/mtouri/spot_ws/install/spot_hardware_interface/share/spot_hardware_interface/local_setup.zsh
-- Symlinking: /home/mtouri/spot_ws/install/spot_hardware_interface/share/spot_hardware_interface/local_setup.dsv
-- Symlinking: /home/mtouri/spot_ws/install/spot_hardware_interface/share/spot_hardware_interface/package.dsv
-- Symlinking: /home/mtouri/spot_ws/install/spot_hardware_interface/share/ament_index/resource_index/packages/spot_hardware_interface
-- Symlinking: /home/mtouri/spot_ws/install/spot_hardware_interface/share/ament_index/resource_index/hardware_interface__pluginlib__plugin/spot_hardware_interface
-- Symlinking: /home/mtouri/spot_ws/install/spot_hardware_interface/share/spot_hardware_interface/cmake/ament_cmake_export_targets-extras.cmake
-- Symlinking: /home/mtouri/spot_ws/install/spot_hardware_interface/share/spot_hardware_interface/cmake/ament_cmake_export_dependencies-extras.cmake
-- Symlinking: /home/mtouri/spot_ws/install/spot_hardware_interface/share/spot_hardware_interface/cmake/spot_hardware_interfaceConfig.cmake
-- Symlinking: /home/mtouri/spot_ws/install/spot_hardware_interface/share/spot_hardware_interface/cmake/spot_hardware_interfaceConfig-version.cmake
-- Symlinking: /home/mtouri/spot_ws/install/spot_hardware_interface/share/spot_hardware_interface/package.xml
-- Installing: /home/mtouri/spot_ws/install/spot_hardware_interface/lib/libspot_hardware_interface.so
-- Set runtime path of "/home/mtouri/spot_ws/install/spot_hardware_interface/lib/libspot_hardware_interface.so" to ""
-- Installing: /home/mtouri/spot_ws/install/spot_hardware_interface/share/spot_hardware_interface/cmake/export_spot_hardware_interfaceExport.cmake
-- Installing: /home/mtouri/spot_ws/install/spot_hardware_interface/share/spot_hardware_interface/cmake/export_spot_hardware_interfaceExport-noconfig.cmake
