[0.009s] Invoking command in '/home/mtouri/spot_ws/build/spot_hardware_interface': AMENT_PREFIX_PATH=/home/mtouri/spot_ws/install/spot_msgs:/home/mtouri/spot_ws/install/spot_description:${AMENT_PREFIX_PATH} CMAKE_PREFIX_PATH=/home/mtouri/spot_ws/install/spot_msgs:/home/mtouri/spot_ws/install/spot_description:/opt/ros/humble LD_LIBRARY_PATH=/home/mtouri/spot_ws/install/spot_msgs/lib:/opt/spot-cpp-sdk/lib:/opt/ros/humble/opt/rviz_ogre_vendor/lib:/opt/ros/humble/lib/x86_64-linux-gnu:/opt/ros/humble/lib:/usr/lib:/usr/lib PYTHONPATH=/home/mtouri/spot_ws/install/spot_msgs/local/lib/python3.10/dist-packages:${PYTHONPATH} /usr/bin/cmake /home/mtouri/spot_ws/src/spot_ros2/spot_hardware_interface -DAMENT_CMAKE_SYMLINK_INSTALL=1 -DCMAKE_INSTALL_PREFIX=/home/mtouri/spot_ws/install/spot_hardware_interface
[0.053s] -- The C compiler identification is GNU 11.4.0
[0.098s] -- The CXX compiler identification is GNU 11.4.0
[0.105s] -- Detecting C compiler ABI info
[0.163s] -- Detecting C compiler ABI info - done
[0.168s] -- Check for working C compiler: /usr/bin/cc - skipped
[0.168s] -- Detecting C compile features
[0.169s] -- Detecting C compile features - done
[0.171s] -- Detecting CXX compiler ABI info
[0.238s] -- Detecting CXX compiler ABI info - done
[0.245s] -- Check for working CXX compiler: /usr/bin/c++ - skipped
[0.245s] -- Detecting CXX compile features
[0.245s] -- Detecting CXX compile features - done
[0.247s] -- Found ament_cmake: 1.3.14 (/opt/ros/humble/share/ament_cmake/cmake)
[0.369s] -- Found Python3: /usr/bin/python3 (found version "3.10.12") found components: Interpreter 
[0.419s] -- Override CMake install command with custom implementation using symlinks instead of copying resources
[0.445s] -- Found bondcpp: 4.1.4 (/opt/ros/humble/share/bondcpp/cmake)
[0.478s] -- Found rosidl_generator_c: 3.1.8 (/opt/ros/humble/share/rosidl_generator_c/cmake)
[0.482s] -- Found rosidl_adapter: 3.1.8 (/opt/ros/humble/share/rosidl_adapter/cmake)
[0.489s] -- Found rosidl_generator_cpp: 3.1.8 (/opt/ros/humble/share/rosidl_generator_cpp/cmake)
[0.498s] -- Using all available rosidl_typesupport_c: rosidl_typesupport_fastrtps_c;rosidl_typesupport_introspection_c
[0.511s] -- Using all available rosidl_typesupport_cpp: rosidl_typesupport_fastrtps_cpp;rosidl_typesupport_introspection_cpp
[0.569s] -- Found rmw_implementation_cmake: 6.1.2 (/opt/ros/humble/share/rmw_implementation_cmake/cmake)
[0.571s] -- Found rmw_fastrtps_cpp: 6.2.10 (/opt/ros/humble/share/rmw_fastrtps_cpp/cmake)
[0.664s] -- Found OpenSSL: /usr/lib/x86_64-linux-gnu/libcrypto.so (found version "3.0.2")  
[0.692s] -- Found FastRTPS: /opt/ros/humble/include  
[0.731s] -- Using RMW implementation 'rmw_fastrtps_cpp' as default
[0.738s] -- Looking for pthread.h
[0.805s] -- Looking for pthread.h - found
[0.805s] -- Performing Test CMAKE_HAVE_LIBC_PTHREAD
[0.874s] -- Performing Test CMAKE_HAVE_LIBC_PTHREAD - Success
[0.875s] -- Found Threads: TRUE  
[0.925s] -- Found hardware_interface: 2.53.1 (/opt/ros/humble/share/hardware_interface/cmake)
[1.027s] -- Found bosdyn_api_msgs: 5.0.1 (/opt/ros/humble/share/bosdyn_api_msgs/cmake)
[1.094s] -- Found PythonInterp: /usr/bin/python3.10 (found version "3.10.12") 
[1.107s] -- Found Protobuf: /usr/lib/x86_64-linux-gnu/libprotobuf.so (found version "3.12.4") 
[1.111s] -- Found rosidl_default_generators: 1.2.1 (/opt/ros/humble/share/rosidl_default_generators/cmake)
[1.207s] -- Checking for module 'grpc'
[1.219s] --   Found grpc, version 10.0.0
[1.251s] -- Checking for module 'grpc++'
[1.264s] --   Found grpc++, version 1.30.2
[1.304s] -- CMake is running /opt/spot-cpp-sdk/lib/cmake/bosdyn/UseInstallbosdyn.cmake
[1.311s] -- Found spot_msgs: 0.0.0 (/home/mtouri/spot_ws/install/spot_msgs/share/spot_msgs/cmake)
[1.381s] -- Found tl_expected: 1.2.0 (/opt/ros/humble/share/tl_expected/cmake)
[1.394s] -- Found PkgConfig: /usr/bin/pkg-config (found version "0.29.2") 
[1.396s] -- CMake is running /opt/spot-cpp-sdk/lib/cmake/bosdyn/UseInstallbosdyn.cmake
[1.451s] -- Configuring done
[1.467s] -- Generating done
[1.471s] -- Build files have been written to: /home/mtouri/spot_ws/build/spot_hardware_interface
[1.485s] Invoked command in '/home/mtouri/spot_ws/build/spot_hardware_interface' returned '0': AMENT_PREFIX_PATH=/home/mtouri/spot_ws/install/spot_msgs:/home/mtouri/spot_ws/install/spot_description:${AMENT_PREFIX_PATH} CMAKE_PREFIX_PATH=/home/mtouri/spot_ws/install/spot_msgs:/home/mtouri/spot_ws/install/spot_description:/opt/ros/humble LD_LIBRARY_PATH=/home/mtouri/spot_ws/install/spot_msgs/lib:/opt/spot-cpp-sdk/lib:/opt/ros/humble/opt/rviz_ogre_vendor/lib:/opt/ros/humble/lib/x86_64-linux-gnu:/opt/ros/humble/lib:/usr/lib:/usr/lib PYTHONPATH=/home/mtouri/spot_ws/install/spot_msgs/local/lib/python3.10/dist-packages:${PYTHONPATH} /usr/bin/cmake /home/mtouri/spot_ws/src/spot_ros2/spot_hardware_interface -DAMENT_CMAKE_SYMLINK_INSTALL=1 -DCMAKE_INSTALL_PREFIX=/home/mtouri/spot_ws/install/spot_hardware_interface
[1.487s] Invoking command in '/home/mtouri/spot_ws/build/spot_hardware_interface': AMENT_PREFIX_PATH=/home/mtouri/spot_ws/install/spot_msgs:/home/mtouri/spot_ws/install/spot_description:${AMENT_PREFIX_PATH} CMAKE_PREFIX_PATH=/home/mtouri/spot_ws/install/spot_msgs:/home/mtouri/spot_ws/install/spot_description:/opt/ros/humble LD_LIBRARY_PATH=/home/mtouri/spot_ws/install/spot_msgs/lib:/opt/spot-cpp-sdk/lib:/opt/ros/humble/opt/rviz_ogre_vendor/lib:/opt/ros/humble/lib/x86_64-linux-gnu:/opt/ros/humble/lib:/usr/lib:/usr/lib PYTHONPATH=/home/mtouri/spot_ws/install/spot_msgs/local/lib/python3.10/dist-packages:${PYTHONPATH} /usr/bin/cmake --build /home/mtouri/spot_ws/build/spot_hardware_interface -- -j16 -l16
[1.539s] [ 66%] [32mBuilding CXX object CMakeFiles/spot_hardware_interface.dir/src/spot_hardware_interface.cpp.o[0m
[1.540s] [ 66%] [32mBuilding CXX object CMakeFiles/spot_hardware_interface.dir/src/spot_leasing_interface.cpp.o[0m
[35.382s] [100%] [32m[1mLinking CXX shared library libspot_hardware_interface.so[0m
[37.377s] [100%] Built target spot_hardware_interface
[37.388s] Invoked command in '/home/mtouri/spot_ws/build/spot_hardware_interface' returned '0': AMENT_PREFIX_PATH=/home/mtouri/spot_ws/install/spot_msgs:/home/mtouri/spot_ws/install/spot_description:${AMENT_PREFIX_PATH} CMAKE_PREFIX_PATH=/home/mtouri/spot_ws/install/spot_msgs:/home/mtouri/spot_ws/install/spot_description:/opt/ros/humble LD_LIBRARY_PATH=/home/mtouri/spot_ws/install/spot_msgs/lib:/opt/spot-cpp-sdk/lib:/opt/ros/humble/opt/rviz_ogre_vendor/lib:/opt/ros/humble/lib/x86_64-linux-gnu:/opt/ros/humble/lib:/usr/lib:/usr/lib PYTHONPATH=/home/mtouri/spot_ws/install/spot_msgs/local/lib/python3.10/dist-packages:${PYTHONPATH} /usr/bin/cmake --build /home/mtouri/spot_ws/build/spot_hardware_interface -- -j16 -l16
[37.390s] Invoking command in '/home/mtouri/spot_ws/build/spot_hardware_interface': AMENT_PREFIX_PATH=/home/mtouri/spot_ws/install/spot_msgs:/home/mtouri/spot_ws/install/spot_description:${AMENT_PREFIX_PATH} CMAKE_PREFIX_PATH=/home/mtouri/spot_ws/install/spot_msgs:/home/mtouri/spot_ws/install/spot_description:/opt/ros/humble LD_LIBRARY_PATH=/home/mtouri/spot_ws/install/spot_msgs/lib:/opt/spot-cpp-sdk/lib:/opt/ros/humble/opt/rviz_ogre_vendor/lib:/opt/ros/humble/lib/x86_64-linux-gnu:/opt/ros/humble/lib:/usr/lib:/usr/lib PYTHONPATH=/home/mtouri/spot_ws/install/spot_msgs/local/lib/python3.10/dist-packages:${PYTHONPATH} /usr/bin/cmake --install /home/mtouri/spot_ws/build/spot_hardware_interface
[37.397s] -- Install configuration: ""
[37.398s] -- Execute custom install script
[37.398s] -- Symlinking: /home/mtouri/spot_ws/install/spot_hardware_interface/share/spot_hardware_interface//spot_hardware_interface.xml
[37.406s] -- Symlinking: /home/mtouri/spot_ws/install/spot_hardware_interface/include/spot_hardware_interface/spot_constants.hpp
[37.415s] -- Symlinking: /home/mtouri/spot_ws/install/spot_hardware_interface/include/spot_hardware_interface/spot_hardware_interface.hpp
[37.423s] -- Symlinking: /home/mtouri/spot_ws/install/spot_hardware_interface/include/spot_hardware_interface/spot_leasing_interface.hpp
[37.432s] -- Symlinking: /home/mtouri/spot_ws/install/spot_hardware_interface/include/spot_hardware_interface/visibility_control.h
[37.440s] -- Symlinking: /home/mtouri/spot_ws/install/spot_hardware_interface/share/spot_hardware_interface/environment/library_path.sh
[37.448s] -- Symlinking: /home/mtouri/spot_ws/install/spot_hardware_interface/share/spot_hardware_interface/environment/library_path.dsv
[37.457s] -- Symlinking: /home/mtouri/spot_ws/install/spot_hardware_interface/share/ament_index/resource_index/package_run_dependencies/spot_hardware_interface
[37.466s] -- Symlinking: /home/mtouri/spot_ws/install/spot_hardware_interface/share/ament_index/resource_index/parent_prefix_path/spot_hardware_interface
[37.473s] -- Symlinking: /home/mtouri/spot_ws/install/spot_hardware_interface/share/spot_hardware_interface/environment/ament_prefix_path.sh
[37.482s] -- Symlinking: /home/mtouri/spot_ws/install/spot_hardware_interface/share/spot_hardware_interface/environment/ament_prefix_path.dsv
[37.490s] -- Symlinking: /home/mtouri/spot_ws/install/spot_hardware_interface/share/spot_hardware_interface/environment/path.sh
[37.497s] -- Symlinking: /home/mtouri/spot_ws/install/spot_hardware_interface/share/spot_hardware_interface/environment/path.dsv
[37.505s] -- Symlinking: /home/mtouri/spot_ws/install/spot_hardware_interface/share/spot_hardware_interface/local_setup.bash
[37.512s] -- Symlinking: /home/mtouri/spot_ws/install/spot_hardware_interface/share/spot_hardware_interface/local_setup.sh
[37.519s] -- Symlinking: /home/mtouri/spot_ws/install/spot_hardware_interface/share/spot_hardware_interface/local_setup.zsh
[37.527s] -- Symlinking: /home/mtouri/spot_ws/install/spot_hardware_interface/share/spot_hardware_interface/local_setup.dsv
[37.535s] -- Symlinking: /home/mtouri/spot_ws/install/spot_hardware_interface/share/spot_hardware_interface/package.dsv
[37.543s] -- Symlinking: /home/mtouri/spot_ws/install/spot_hardware_interface/share/ament_index/resource_index/packages/spot_hardware_interface
[37.551s] -- Symlinking: /home/mtouri/spot_ws/install/spot_hardware_interface/share/ament_index/resource_index/hardware_interface__pluginlib__plugin/spot_hardware_interface
[37.558s] -- Symlinking: /home/mtouri/spot_ws/install/spot_hardware_interface/share/spot_hardware_interface/cmake/ament_cmake_export_targets-extras.cmake
[37.566s] -- Symlinking: /home/mtouri/spot_ws/install/spot_hardware_interface/share/spot_hardware_interface/cmake/ament_cmake_export_dependencies-extras.cmake
[37.575s] -- Symlinking: /home/mtouri/spot_ws/install/spot_hardware_interface/share/spot_hardware_interface/cmake/spot_hardware_interfaceConfig.cmake
[37.583s] -- Symlinking: /home/mtouri/spot_ws/install/spot_hardware_interface/share/spot_hardware_interface/cmake/spot_hardware_interfaceConfig-version.cmake
[37.592s] -- Symlinking: /home/mtouri/spot_ws/install/spot_hardware_interface/share/spot_hardware_interface/package.xml
[37.600s] -- Installing: /home/mtouri/spot_ws/install/spot_hardware_interface/lib/libspot_hardware_interface.so
[37.605s] -- Set runtime path of "/home/mtouri/spot_ws/install/spot_hardware_interface/lib/libspot_hardware_interface.so" to ""
[37.606s] -- Installing: /home/mtouri/spot_ws/install/spot_hardware_interface/share/spot_hardware_interface/cmake/export_spot_hardware_interfaceExport.cmake
[37.606s] -- Installing: /home/mtouri/spot_ws/install/spot_hardware_interface/share/spot_hardware_interface/cmake/export_spot_hardware_interfaceExport-noconfig.cmake
[37.608s] Invoked command in '/home/mtouri/spot_ws/build/spot_hardware_interface' returned '0': AMENT_PREFIX_PATH=/home/mtouri/spot_ws/install/spot_msgs:/home/mtouri/spot_ws/install/spot_description:${AMENT_PREFIX_PATH} CMAKE_PREFIX_PATH=/home/mtouri/spot_ws/install/spot_msgs:/home/mtouri/spot_ws/install/spot_description:/opt/ros/humble LD_LIBRARY_PATH=/home/mtouri/spot_ws/install/spot_msgs/lib:/opt/spot-cpp-sdk/lib:/opt/ros/humble/opt/rviz_ogre_vendor/lib:/opt/ros/humble/lib/x86_64-linux-gnu:/opt/ros/humble/lib:/usr/lib:/usr/lib PYTHONPATH=/home/mtouri/spot_ws/install/spot_msgs/local/lib/python3.10/dist-packages:${PYTHONPATH} /usr/bin/cmake --install /home/mtouri/spot_ws/build/spot_hardware_interface
