[0.147s] DEBUG:colcon:Command line arguments: ['/usr/bin/colcon', 'build', '--symlink-install', '--packages-select', 'spot_description']
[0.147s] DEBUG:colcon:Parsed command line arguments: Namespace(log_base=None, log_level=None, verb_name='build', build_base='build', install_base='install', merge_install=False, symlink_install=True, test_result_base=None, continue_on_error=False, executor='parallel', parallel_workers=16, event_handlers=None, ignore_user_meta=False, metas=['./colcon.meta'], base_paths=['.'], packages_ignore=None, packages_ignore_regex=None, paths=None, packages_up_to=None, packages_up_to_regex=None, packages_above=None, packages_above_and_dependencies=None, packages_above_depth=None, packages_select_by_dep=None, packages_skip_by_dep=None, packages_skip_up_to=None, packages_select_build_failed=False, packages_skip_build_finished=False, packages_select_test_failures=False, packages_skip_test_passed=False, packages_select=['spot_description'], packages_skip=None, packages_select_regex=None, packages_skip_regex=None, packages_start=None, packages_end=None, allow_overriding=[], cmake_args=None, cmake_target=None, cmake_target_skip_unavailable=False, cmake_clean_cache=False, cmake_clean_first=False, cmake_force_configure=False, ament_cmake_args=None, catkin_cmake_args=None, catkin_skip_building_tests=False, mixin_files=None, mixin=None, verb_parser=<colcon_mixin.mixin.mixin_argument.MixinArgumentDecorator object at 0x7c67e40a27d0>, verb_extension=<colcon_core.verb.build.BuildVerb object at 0x7c67e40a2200>, main=<bound method BuildVerb.main of <colcon_core.verb.build.BuildVerb object at 0x7c67e40a2200>>, mixin_verb=('build',))
[0.384s] Level 1:colcon.colcon_core.package_discovery:discover_packages(colcon_meta) check parameters
[0.384s] Level 1:colcon.colcon_core.package_discovery:discover_packages(recursive) check parameters
[0.384s] Level 1:colcon.colcon_core.package_discovery:discover_packages(ignore) check parameters
[0.384s] Level 1:colcon.colcon_core.package_discovery:discover_packages(path) check parameters
[0.384s] Level 1:colcon.colcon_core.package_discovery:discover_packages(colcon_meta) discover
[0.384s] Level 1:colcon.colcon_core.package_discovery:discover_packages(recursive) discover
[0.384s] INFO:colcon.colcon_core.package_discovery:Crawling recursively for packages in '/home/mtouri/spot_ws'
[0.384s] Level 1:colcon.colcon_core.package_identification:_identify(.) by extensions ['ignore', 'ignore_ament_install']
[0.384s] Level 1:colcon.colcon_core.package_identification:_identify(.) by extension 'ignore'
[0.384s] Level 1:colcon.colcon_core.package_identification:_identify(.) by extension 'ignore_ament_install'
[0.384s] Level 1:colcon.colcon_core.package_identification:_identify(.) by extensions ['colcon_pkg']
[0.384s] Level 1:colcon.colcon_core.package_identification:_identify(.) by extension 'colcon_pkg'
[0.384s] Level 1:colcon.colcon_core.package_identification:_identify(.) by extensions ['colcon_meta']
[0.384s] Level 1:colcon.colcon_core.package_identification:_identify(.) by extension 'colcon_meta'
[0.384s] Level 1:colcon.colcon_core.package_identification:_identify(.) by extensions ['ros']
[0.384s] Level 1:colcon.colcon_core.package_identification:_identify(.) by extension 'ros'
[0.394s] Level 1:colcon.colcon_core.package_identification:_identify(.) by extensions ['cmake', 'python']
[0.394s] Level 1:colcon.colcon_core.package_identification:_identify(.) by extension 'cmake'
[0.394s] Level 1:colcon.colcon_core.package_identification:_identify(.) by extension 'python'
[0.394s] Level 1:colcon.colcon_core.package_identification:_identify(.) by extensions ['python_setup_py']
[0.394s] Level 1:colcon.colcon_core.package_identification:_identify(.) by extension 'python_setup_py'
[0.394s] Level 1:colcon.colcon_core.package_identification:_identify(build) by extensions ['ignore', 'ignore_ament_install']
[0.394s] Level 1:colcon.colcon_core.package_identification:_identify(build) by extension 'ignore'
[0.394s] Level 1:colcon.colcon_core.package_identification:_identify(build) ignored
[0.394s] Level 1:colcon.colcon_core.package_identification:_identify(install) by extensions ['ignore', 'ignore_ament_install']
[0.395s] Level 1:colcon.colcon_core.package_identification:_identify(install) by extension 'ignore'
[0.395s] Level 1:colcon.colcon_core.package_identification:_identify(install) ignored
[0.395s] Level 1:colcon.colcon_core.package_identification:_identify(log) by extensions ['ignore', 'ignore_ament_install']
[0.395s] Level 1:colcon.colcon_core.package_identification:_identify(log) by extension 'ignore'
[0.395s] Level 1:colcon.colcon_core.package_identification:_identify(log) ignored
[0.395s] Level 1:colcon.colcon_core.package_identification:_identify(src) by extensions ['ignore', 'ignore_ament_install']
[0.395s] Level 1:colcon.colcon_core.package_identification:_identify(src) by extension 'ignore'
[0.395s] Level 1:colcon.colcon_core.package_identification:_identify(src) by extension 'ignore_ament_install'
[0.395s] Level 1:colcon.colcon_core.package_identification:_identify(src) by extensions ['colcon_pkg']
[0.395s] Level 1:colcon.colcon_core.package_identification:_identify(src) by extension 'colcon_pkg'
[0.395s] Level 1:colcon.colcon_core.package_identification:_identify(src) by extensions ['colcon_meta']
[0.395s] Level 1:colcon.colcon_core.package_identification:_identify(src) by extension 'colcon_meta'
[0.395s] Level 1:colcon.colcon_core.package_identification:_identify(src) by extensions ['ros']
[0.395s] Level 1:colcon.colcon_core.package_identification:_identify(src) by extension 'ros'
[0.395s] Level 1:colcon.colcon_core.package_identification:_identify(src) by extensions ['cmake', 'python']
[0.395s] Level 1:colcon.colcon_core.package_identification:_identify(src) by extension 'cmake'
[0.395s] Level 1:colcon.colcon_core.package_identification:_identify(src) by extension 'python'
[0.395s] Level 1:colcon.colcon_core.package_identification:_identify(src) by extensions ['python_setup_py']
[0.395s] Level 1:colcon.colcon_core.package_identification:_identify(src) by extension 'python_setup_py'
[0.395s] Level 1:colcon.colcon_core.package_identification:_identify(src/spot_ros2) by extensions ['ignore', 'ignore_ament_install']
[0.395s] Level 1:colcon.colcon_core.package_identification:_identify(src/spot_ros2) by extension 'ignore'
[0.395s] Level 1:colcon.colcon_core.package_identification:_identify(src/spot_ros2) by extension 'ignore_ament_install'
[0.395s] Level 1:colcon.colcon_core.package_identification:_identify(src/spot_ros2) by extensions ['colcon_pkg']
[0.395s] Level 1:colcon.colcon_core.package_identification:_identify(src/spot_ros2) by extension 'colcon_pkg'
[0.395s] Level 1:colcon.colcon_core.package_identification:_identify(src/spot_ros2) by extensions ['colcon_meta']
[0.395s] Level 1:colcon.colcon_core.package_identification:_identify(src/spot_ros2) by extension 'colcon_meta'
[0.395s] Level 1:colcon.colcon_core.package_identification:_identify(src/spot_ros2) by extensions ['ros']
[0.395s] Level 1:colcon.colcon_core.package_identification:_identify(src/spot_ros2) by extension 'ros'
[0.395s] Level 1:colcon.colcon_core.package_identification:_identify(src/spot_ros2) by extensions ['cmake', 'python']
[0.396s] Level 1:colcon.colcon_core.package_identification:_identify(src/spot_ros2) by extension 'cmake'
[0.396s] Level 1:colcon.colcon_core.package_identification:_identify(src/spot_ros2) by extension 'python'
[0.396s] Level 1:colcon.colcon_core.package_identification:_identify(src/spot_ros2) by extensions ['python_setup_py']
[0.396s] Level 1:colcon.colcon_core.package_identification:_identify(src/spot_ros2) by extension 'python_setup_py'
[0.396s] Level 1:colcon.colcon_core.package_identification:_identify(src/spot_ros2/docs) by extensions ['ignore', 'ignore_ament_install']
[0.396s] Level 1:colcon.colcon_core.package_identification:_identify(src/spot_ros2/docs) by extension 'ignore'
[0.396s] Level 1:colcon.colcon_core.package_identification:_identify(src/spot_ros2/docs) by extension 'ignore_ament_install'
[0.396s] Level 1:colcon.colcon_core.package_identification:_identify(src/spot_ros2/docs) by extensions ['colcon_pkg']
[0.396s] Level 1:colcon.colcon_core.package_identification:_identify(src/spot_ros2/docs) by extension 'colcon_pkg'
[0.396s] Level 1:colcon.colcon_core.package_identification:_identify(src/spot_ros2/docs) by extensions ['colcon_meta']
[0.396s] Level 1:colcon.colcon_core.package_identification:_identify(src/spot_ros2/docs) by extension 'colcon_meta'
[0.396s] Level 1:colcon.colcon_core.package_identification:_identify(src/spot_ros2/docs) by extensions ['ros']
[0.396s] Level 1:colcon.colcon_core.package_identification:_identify(src/spot_ros2/docs) by extension 'ros'
[0.396s] Level 1:colcon.colcon_core.package_identification:_identify(src/spot_ros2/docs) by extensions ['cmake', 'python']
[0.396s] Level 1:colcon.colcon_core.package_identification:_identify(src/spot_ros2/docs) by extension 'cmake'
[0.396s] Level 1:colcon.colcon_core.package_identification:_identify(src/spot_ros2/docs) by extension 'python'
[0.396s] Level 1:colcon.colcon_core.package_identification:_identify(src/spot_ros2/docs) by extensions ['python_setup_py']
[0.396s] Level 1:colcon.colcon_core.package_identification:_identify(src/spot_ros2/docs) by extension 'python_setup_py'
[0.396s] Level 1:colcon.colcon_core.package_identification:_identify(src/spot_ros2/docs/source) by extensions ['ignore', 'ignore_ament_install']
[0.396s] Level 1:colcon.colcon_core.package_identification:_identify(src/spot_ros2/docs/source) by extension 'ignore'
[0.396s] Level 1:colcon.colcon_core.package_identification:_identify(src/spot_ros2/docs/source) by extension 'ignore_ament_install'
[0.396s] Level 1:colcon.colcon_core.package_identification:_identify(src/spot_ros2/docs/source) by extensions ['colcon_pkg']
[0.396s] Level 1:colcon.colcon_core.package_identification:_identify(src/spot_ros2/docs/source) by extension 'colcon_pkg'
[0.396s] Level 1:colcon.colcon_core.package_identification:_identify(src/spot_ros2/docs/source) by extensions ['colcon_meta']
[0.396s] Level 1:colcon.colcon_core.package_identification:_identify(src/spot_ros2/docs/source) by extension 'colcon_meta'
[0.396s] Level 1:colcon.colcon_core.package_identification:_identify(src/spot_ros2/docs/source) by extensions ['ros']
[0.396s] Level 1:colcon.colcon_core.package_identification:_identify(src/spot_ros2/docs/source) by extension 'ros'
[0.396s] Level 1:colcon.colcon_core.package_identification:_identify(src/spot_ros2/docs/source) by extensions ['cmake', 'python']
[0.396s] Level 1:colcon.colcon_core.package_identification:_identify(src/spot_ros2/docs/source) by extension 'cmake'
[0.396s] Level 1:colcon.colcon_core.package_identification:_identify(src/spot_ros2/docs/source) by extension 'python'
[0.396s] Level 1:colcon.colcon_core.package_identification:_identify(src/spot_ros2/docs/source) by extensions ['python_setup_py']
[0.396s] Level 1:colcon.colcon_core.package_identification:_identify(src/spot_ros2/docs/source) by extension 'python_setup_py'
[0.397s] Level 1:colcon.colcon_core.package_identification:_identify(src/spot_ros2/spot_common) by extensions ['ignore', 'ignore_ament_install']
[0.397s] Level 1:colcon.colcon_core.package_identification:_identify(src/spot_ros2/spot_common) by extension 'ignore'
[0.397s] Level 1:colcon.colcon_core.package_identification:_identify(src/spot_ros2/spot_common) by extension 'ignore_ament_install'
[0.397s] Level 1:colcon.colcon_core.package_identification:_identify(src/spot_ros2/spot_common) by extensions ['colcon_pkg']
[0.397s] Level 1:colcon.colcon_core.package_identification:_identify(src/spot_ros2/spot_common) by extension 'colcon_pkg'
[0.397s] Level 1:colcon.colcon_core.package_identification:_identify(src/spot_ros2/spot_common) by extensions ['colcon_meta']
[0.397s] Level 1:colcon.colcon_core.package_identification:_identify(src/spot_ros2/spot_common) by extension 'colcon_meta'
[0.397s] Level 1:colcon.colcon_core.package_identification:_identify(src/spot_ros2/spot_common) by extensions ['ros']
[0.397s] Level 1:colcon.colcon_core.package_identification:_identify(src/spot_ros2/spot_common) by extension 'ros'
[0.399s] DEBUG:colcon.colcon_core.package_identification:Package 'src/spot_ros2/spot_common' with type 'ros.ament_python' and name 'spot_common'
[0.399s] Level 1:colcon.colcon_core.package_identification:_identify(src/spot_ros2/spot_controllers) by extensions ['ignore', 'ignore_ament_install']
[0.399s] Level 1:colcon.colcon_core.package_identification:_identify(src/spot_ros2/spot_controllers) by extension 'ignore'
[0.399s] Level 1:colcon.colcon_core.package_identification:_identify(src/spot_ros2/spot_controllers) by extension 'ignore_ament_install'
[0.399s] Level 1:colcon.colcon_core.package_identification:_identify(src/spot_ros2/spot_controllers) by extensions ['colcon_pkg']
[0.399s] Level 1:colcon.colcon_core.package_identification:_identify(src/spot_ros2/spot_controllers) by extension 'colcon_pkg'
[0.399s] Level 1:colcon.colcon_core.package_identification:_identify(src/spot_ros2/spot_controllers) by extensions ['colcon_meta']
[0.399s] Level 1:colcon.colcon_core.package_identification:_identify(src/spot_ros2/spot_controllers) by extension 'colcon_meta'
[0.399s] Level 1:colcon.colcon_core.package_identification:_identify(src/spot_ros2/spot_controllers) by extensions ['ros']
[0.399s] Level 1:colcon.colcon_core.package_identification:_identify(src/spot_ros2/spot_controllers) by extension 'ros'
[0.400s] DEBUG:colcon.colcon_core.package_identification:Package 'src/spot_ros2/spot_controllers' with type 'ros.ament_cmake' and name 'spot_controllers'
[0.400s] Level 1:colcon.colcon_core.package_identification:_identify(src/spot_ros2/spot_description) by extensions ['ignore', 'ignore_ament_install']
[0.400s] Level 1:colcon.colcon_core.package_identification:_identify(src/spot_ros2/spot_description) by extension 'ignore'
[0.400s] Level 1:colcon.colcon_core.package_identification:_identify(src/spot_ros2/spot_description) by extension 'ignore_ament_install'
[0.400s] Level 1:colcon.colcon_core.package_identification:_identify(src/spot_ros2/spot_description) by extensions ['colcon_pkg']
[0.400s] Level 1:colcon.colcon_core.package_identification:_identify(src/spot_ros2/spot_description) by extension 'colcon_pkg'
[0.400s] Level 1:colcon.colcon_core.package_identification:_identify(src/spot_ros2/spot_description) by extensions ['colcon_meta']
[0.400s] Level 1:colcon.colcon_core.package_identification:_identify(src/spot_ros2/spot_description) by extension 'colcon_meta'
[0.400s] Level 1:colcon.colcon_core.package_identification:_identify(src/spot_ros2/spot_description) by extensions ['ros']
[0.400s] Level 1:colcon.colcon_core.package_identification:_identify(src/spot_ros2/spot_description) by extension 'ros'
[0.400s] Level 1:colcon.colcon_core.package_identification:_identify(src/spot_ros2/spot_description) by extensions ['cmake', 'python']
[0.400s] Level 1:colcon.colcon_core.package_identification:_identify(src/spot_ros2/spot_description) by extension 'cmake'
[0.400s] Level 1:colcon.colcon_core.package_identification:_identify(src/spot_ros2/spot_description) by extension 'python'
[0.400s] Level 1:colcon.colcon_core.package_identification:_identify(src/spot_ros2/spot_description) by extensions ['python_setup_py']
[0.400s] Level 1:colcon.colcon_core.package_identification:_identify(src/spot_ros2/spot_description) by extension 'python_setup_py'
[0.400s] Level 1:colcon.colcon_core.package_identification:_identify(src/spot_ros2/spot_description/spot_description) by extensions ['ignore', 'ignore_ament_install']
[0.400s] Level 1:colcon.colcon_core.package_identification:_identify(src/spot_ros2/spot_description/spot_description) by extension 'ignore'
[0.400s] Level 1:colcon.colcon_core.package_identification:_identify(src/spot_ros2/spot_description/spot_description) by extension 'ignore_ament_install'
[0.400s] Level 1:colcon.colcon_core.package_identification:_identify(src/spot_ros2/spot_description/spot_description) by extensions ['colcon_pkg']
[0.400s] Level 1:colcon.colcon_core.package_identification:_identify(src/spot_ros2/spot_description/spot_description) by extension 'colcon_pkg'
[0.400s] Level 1:colcon.colcon_core.package_identification:_identify(src/spot_ros2/spot_description/spot_description) by extensions ['colcon_meta']
[0.400s] Level 1:colcon.colcon_core.package_identification:_identify(src/spot_ros2/spot_description/spot_description) by extension 'colcon_meta'
[0.400s] Level 1:colcon.colcon_core.package_identification:_identify(src/spot_ros2/spot_description/spot_description) by extensions ['ros']
[0.400s] Level 1:colcon.colcon_core.package_identification:_identify(src/spot_ros2/spot_description/spot_description) by extension 'ros'
[0.401s] DEBUG:colcon.colcon_core.package_identification:Package 'src/spot_ros2/spot_description/spot_description' with type 'ros.ament_cmake' and name 'spot_description'
[0.401s] Level 1:colcon.colcon_core.package_identification:_identify(src/spot_ros2/spot_driver) by extensions ['ignore', 'ignore_ament_install']
[0.401s] Level 1:colcon.colcon_core.package_identification:_identify(src/spot_ros2/spot_driver) by extension 'ignore'
[0.401s] Level 1:colcon.colcon_core.package_identification:_identify(src/spot_ros2/spot_driver) by extension 'ignore_ament_install'
[0.401s] Level 1:colcon.colcon_core.package_identification:_identify(src/spot_ros2/spot_driver) by extensions ['colcon_pkg']
[0.401s] Level 1:colcon.colcon_core.package_identification:_identify(src/spot_ros2/spot_driver) by extension 'colcon_pkg'
[0.401s] Level 1:colcon.colcon_core.package_identification:_identify(src/spot_ros2/spot_driver) by extensions ['colcon_meta']
[0.401s] Level 1:colcon.colcon_core.package_identification:_identify(src/spot_ros2/spot_driver) by extension 'colcon_meta'
[0.401s] Level 1:colcon.colcon_core.package_identification:_identify(src/spot_ros2/spot_driver) by extensions ['ros']
[0.401s] Level 1:colcon.colcon_core.package_identification:_identify(src/spot_ros2/spot_driver) by extension 'ros'
[0.403s] DEBUG:colcon.colcon_core.package_identification:Package 'src/spot_ros2/spot_driver' with type 'ros.ament_cmake' and name 'spot_driver'
[0.403s] Level 1:colcon.colcon_core.package_identification:_identify(src/spot_ros2/spot_examples) by extensions ['ignore', 'ignore_ament_install']
[0.403s] Level 1:colcon.colcon_core.package_identification:_identify(src/spot_ros2/spot_examples) by extension 'ignore'
[0.403s] Level 1:colcon.colcon_core.package_identification:_identify(src/spot_ros2/spot_examples) by extension 'ignore_ament_install'
[0.403s] Level 1:colcon.colcon_core.package_identification:_identify(src/spot_ros2/spot_examples) by extensions ['colcon_pkg']
[0.403s] Level 1:colcon.colcon_core.package_identification:_identify(src/spot_ros2/spot_examples) by extension 'colcon_pkg'
[0.403s] Level 1:colcon.colcon_core.package_identification:_identify(src/spot_ros2/spot_examples) by extensions ['colcon_meta']
[0.403s] Level 1:colcon.colcon_core.package_identification:_identify(src/spot_ros2/spot_examples) by extension 'colcon_meta'
[0.403s] Level 1:colcon.colcon_core.package_identification:_identify(src/spot_ros2/spot_examples) by extensions ['ros']
[0.403s] Level 1:colcon.colcon_core.package_identification:_identify(src/spot_ros2/spot_examples) by extension 'ros'
[0.404s] DEBUG:colcon.colcon_core.package_identification:Package 'src/spot_ros2/spot_examples' with type 'ros.ament_python' and name 'spot_examples'
[0.404s] Level 1:colcon.colcon_core.package_identification:_identify(src/spot_ros2/spot_hardware_interface) by extensions ['ignore', 'ignore_ament_install']
[0.404s] Level 1:colcon.colcon_core.package_identification:_identify(src/spot_ros2/spot_hardware_interface) by extension 'ignore'
[0.404s] Level 1:colcon.colcon_core.package_identification:_identify(src/spot_ros2/spot_hardware_interface) by extension 'ignore_ament_install'
[0.404s] Level 1:colcon.colcon_core.package_identification:_identify(src/spot_ros2/spot_hardware_interface) by extensions ['colcon_pkg']
[0.404s] Level 1:colcon.colcon_core.package_identification:_identify(src/spot_ros2/spot_hardware_interface) by extension 'colcon_pkg'
[0.404s] Level 1:colcon.colcon_core.package_identification:_identify(src/spot_ros2/spot_hardware_interface) by extensions ['colcon_meta']
[0.404s] Level 1:colcon.colcon_core.package_identification:_identify(src/spot_ros2/spot_hardware_interface) by extension 'colcon_meta'
[0.404s] Level 1:colcon.colcon_core.package_identification:_identify(src/spot_ros2/spot_hardware_interface) by extensions ['ros']
[0.404s] Level 1:colcon.colcon_core.package_identification:_identify(src/spot_ros2/spot_hardware_interface) by extension 'ros'
[0.405s] DEBUG:colcon.colcon_core.package_identification:Package 'src/spot_ros2/spot_hardware_interface' with type 'ros.ament_cmake' and name 'spot_hardware_interface'
[0.405s] Level 1:colcon.colcon_core.package_identification:_identify(src/spot_ros2/spot_msgs) by extensions ['ignore', 'ignore_ament_install']
[0.405s] Level 1:colcon.colcon_core.package_identification:_identify(src/spot_ros2/spot_msgs) by extension 'ignore'
[0.405s] Level 1:colcon.colcon_core.package_identification:_identify(src/spot_ros2/spot_msgs) by extension 'ignore_ament_install'
[0.405s] Level 1:colcon.colcon_core.package_identification:_identify(src/spot_ros2/spot_msgs) by extensions ['colcon_pkg']
[0.405s] Level 1:colcon.colcon_core.package_identification:_identify(src/spot_ros2/spot_msgs) by extension 'colcon_pkg'
[0.405s] Level 1:colcon.colcon_core.package_identification:_identify(src/spot_ros2/spot_msgs) by extensions ['colcon_meta']
[0.405s] Level 1:colcon.colcon_core.package_identification:_identify(src/spot_ros2/spot_msgs) by extension 'colcon_meta'
[0.405s] Level 1:colcon.colcon_core.package_identification:_identify(src/spot_ros2/spot_msgs) by extensions ['ros']
[0.405s] Level 1:colcon.colcon_core.package_identification:_identify(src/spot_ros2/spot_msgs) by extension 'ros'
[0.405s] DEBUG:colcon.colcon_core.package_identification:Package 'src/spot_ros2/spot_msgs' with type 'ros.ament_cmake' and name 'spot_msgs'
[0.405s] Level 1:colcon.colcon_core.package_identification:_identify(src/spot_ros2/spot_ros2_control) by extensions ['ignore', 'ignore_ament_install']
[0.405s] Level 1:colcon.colcon_core.package_identification:_identify(src/spot_ros2/spot_ros2_control) by extension 'ignore'
[0.405s] Level 1:colcon.colcon_core.package_identification:_identify(src/spot_ros2/spot_ros2_control) by extension 'ignore_ament_install'
[0.405s] Level 1:colcon.colcon_core.package_identification:_identify(src/spot_ros2/spot_ros2_control) by extensions ['colcon_pkg']
[0.405s] Level 1:colcon.colcon_core.package_identification:_identify(src/spot_ros2/spot_ros2_control) by extension 'colcon_pkg'
[0.405s] Level 1:colcon.colcon_core.package_identification:_identify(src/spot_ros2/spot_ros2_control) by extensions ['colcon_meta']
[0.405s] Level 1:colcon.colcon_core.package_identification:_identify(src/spot_ros2/spot_ros2_control) by extension 'colcon_meta'
[0.406s] Level 1:colcon.colcon_core.package_identification:_identify(src/spot_ros2/spot_ros2_control) by extensions ['ros']
[0.406s] Level 1:colcon.colcon_core.package_identification:_identify(src/spot_ros2/spot_ros2_control) by extension 'ros'
[0.406s] DEBUG:colcon.colcon_core.package_identification:Package 'src/spot_ros2/spot_ros2_control' with type 'ros.ament_cmake' and name 'spot_ros2_control'
[0.406s] Level 1:colcon.colcon_core.package_identification:_identify(src/spot_ros2/spot_rviz_plugins) by extensions ['ignore', 'ignore_ament_install']
[0.406s] Level 1:colcon.colcon_core.package_identification:_identify(src/spot_ros2/spot_rviz_plugins) by extension 'ignore'
[0.406s] Level 1:colcon.colcon_core.package_identification:_identify(src/spot_ros2/spot_rviz_plugins) by extension 'ignore_ament_install'
[0.406s] Level 1:colcon.colcon_core.package_identification:_identify(src/spot_ros2/spot_rviz_plugins) by extensions ['colcon_pkg']
[0.406s] Level 1:colcon.colcon_core.package_identification:_identify(src/spot_ros2/spot_rviz_plugins) by extension 'colcon_pkg'
[0.406s] Level 1:colcon.colcon_core.package_identification:_identify(src/spot_ros2/spot_rviz_plugins) by extensions ['colcon_meta']
[0.407s] Level 1:colcon.colcon_core.package_identification:_identify(src/spot_ros2/spot_rviz_plugins) by extension 'colcon_meta'
[0.407s] Level 1:colcon.colcon_core.package_identification:_identify(src/spot_ros2/spot_rviz_plugins) by extensions ['ros']
[0.407s] Level 1:colcon.colcon_core.package_identification:_identify(src/spot_ros2/spot_rviz_plugins) by extension 'ros'
[0.407s] DEBUG:colcon.colcon_core.package_identification:Package 'src/spot_ros2/spot_rviz_plugins' with type 'ros.ament_cmake' and name 'spot_rviz_plugins'
[0.407s] Level 1:colcon.colcon_core.package_identification:_identify(src/spot_ros2/spot_wrapper) by extensions ['ignore', 'ignore_ament_install']
[0.407s] Level 1:colcon.colcon_core.package_identification:_identify(src/spot_ros2/spot_wrapper) by extension 'ignore'
[0.407s] Level 1:colcon.colcon_core.package_identification:_identify(src/spot_ros2/spot_wrapper) by extension 'ignore_ament_install'
[0.407s] Level 1:colcon.colcon_core.package_identification:_identify(src/spot_ros2/spot_wrapper) by extensions ['colcon_pkg']
[0.407s] Level 1:colcon.colcon_core.package_identification:_identify(src/spot_ros2/spot_wrapper) by extension 'colcon_pkg'
[0.407s] Level 1:colcon.colcon_core.package_identification:_identify(src/spot_ros2/spot_wrapper) by extensions ['colcon_meta']
[0.407s] Level 1:colcon.colcon_core.package_identification:_identify(src/spot_ros2/spot_wrapper) by extension 'colcon_meta'
[0.407s] Level 1:colcon.colcon_core.package_identification:_identify(src/spot_ros2/spot_wrapper) by extensions ['ros']
[0.407s] Level 1:colcon.colcon_core.package_identification:_identify(src/spot_ros2/spot_wrapper) by extension 'ros'
[0.407s] Level 1:colcon.colcon_core.package_identification:_identify(src/spot_ros2/spot_wrapper) by extensions ['cmake', 'python']
[0.407s] Level 1:colcon.colcon_core.package_identification:_identify(src/spot_ros2/spot_wrapper) by extension 'cmake'
[0.407s] Level 1:colcon.colcon_core.package_identification:_identify(src/spot_ros2/spot_wrapper) by extension 'python'
[0.408s] Level 1:colcon.colcon_core.package_identification:_identify(src/spot_ros2/spot_wrapper) by extensions ['python_setup_py']
[0.408s] Level 1:colcon.colcon_core.package_identification:_identify(src/spot_ros2/spot_wrapper) by extension 'python_setup_py'
[0.636s] DEBUG:colcon.colcon_core.package_identification:Package 'src/spot_ros2/spot_wrapper' with type 'python' and name 'spot_wrapper'
[0.636s] Level 1:colcon.colcon_core.package_identification:_identify(src/spot_ros2/synchros2) by extensions ['ignore', 'ignore_ament_install']
[0.636s] Level 1:colcon.colcon_core.package_identification:_identify(src/spot_ros2/synchros2) by extension 'ignore'
[0.636s] Level 1:colcon.colcon_core.package_identification:_identify(src/spot_ros2/synchros2) by extension 'ignore_ament_install'
[0.636s] Level 1:colcon.colcon_core.package_identification:_identify(src/spot_ros2/synchros2) by extensions ['colcon_pkg']
[0.636s] Level 1:colcon.colcon_core.package_identification:_identify(src/spot_ros2/synchros2) by extension 'colcon_pkg'
[0.636s] Level 1:colcon.colcon_core.package_identification:_identify(src/spot_ros2/synchros2) by extensions ['colcon_meta']
[0.636s] Level 1:colcon.colcon_core.package_identification:_identify(src/spot_ros2/synchros2) by extension 'colcon_meta'
[0.636s] Level 1:colcon.colcon_core.package_identification:_identify(src/spot_ros2/synchros2) by extensions ['ros']
[0.636s] Level 1:colcon.colcon_core.package_identification:_identify(src/spot_ros2/synchros2) by extension 'ros'
[0.636s] Level 1:colcon.colcon_core.package_identification:_identify(src/spot_ros2/synchros2) by extensions ['cmake', 'python']
[0.636s] Level 1:colcon.colcon_core.package_identification:_identify(src/spot_ros2/synchros2) by extension 'cmake'
[0.637s] Level 1:colcon.colcon_core.package_identification:_identify(src/spot_ros2/synchros2) by extension 'python'
[0.637s] Level 1:colcon.colcon_core.package_identification:_identify(src/spot_ros2/synchros2) by extensions ['python_setup_py']
[0.637s] Level 1:colcon.colcon_core.package_identification:_identify(src/spot_ros2/synchros2) by extension 'python_setup_py'
[0.637s] Level 1:colcon.colcon_core.package_identification:_identify(src/spot_ros2/synchros2/synchros2) by extensions ['ignore', 'ignore_ament_install']
[0.637s] Level 1:colcon.colcon_core.package_identification:_identify(src/spot_ros2/synchros2/synchros2) by extension 'ignore'
[0.637s] Level 1:colcon.colcon_core.package_identification:_identify(src/spot_ros2/synchros2/synchros2) by extension 'ignore_ament_install'
[0.637s] Level 1:colcon.colcon_core.package_identification:_identify(src/spot_ros2/synchros2/synchros2) by extensions ['colcon_pkg']
[0.637s] Level 1:colcon.colcon_core.package_identification:_identify(src/spot_ros2/synchros2/synchros2) by extension 'colcon_pkg'
[0.637s] Level 1:colcon.colcon_core.package_identification:_identify(src/spot_ros2/synchros2/synchros2) by extensions ['colcon_meta']
[0.637s] Level 1:colcon.colcon_core.package_identification:_identify(src/spot_ros2/synchros2/synchros2) by extension 'colcon_meta'
[0.637s] Level 1:colcon.colcon_core.package_identification:_identify(src/spot_ros2/synchros2/synchros2) by extensions ['ros']
[0.637s] Level 1:colcon.colcon_core.package_identification:_identify(src/spot_ros2/synchros2/synchros2) by extension 'ros'
[0.638s] DEBUG:colcon.colcon_core.package_identification:Package 'src/spot_ros2/synchros2/synchros2' with type 'ros.ament_python' and name 'synchros2'
[0.638s] Level 1:colcon.colcon_core.package_identification:_identify(src/spot_ros2/synchros2/synchros2_tutorials_example) by extensions ['ignore', 'ignore_ament_install']
[0.638s] Level 1:colcon.colcon_core.package_identification:_identify(src/spot_ros2/synchros2/synchros2_tutorials_example) by extension 'ignore'
[0.638s] Level 1:colcon.colcon_core.package_identification:_identify(src/spot_ros2/synchros2/synchros2_tutorials_example) by extension 'ignore_ament_install'
[0.638s] Level 1:colcon.colcon_core.package_identification:_identify(src/spot_ros2/synchros2/synchros2_tutorials_example) by extensions ['colcon_pkg']
[0.638s] Level 1:colcon.colcon_core.package_identification:_identify(src/spot_ros2/synchros2/synchros2_tutorials_example) by extension 'colcon_pkg'
[0.638s] Level 1:colcon.colcon_core.package_identification:_identify(src/spot_ros2/synchros2/synchros2_tutorials_example) by extensions ['colcon_meta']
[0.638s] Level 1:colcon.colcon_core.package_identification:_identify(src/spot_ros2/synchros2/synchros2_tutorials_example) by extension 'colcon_meta'
[0.638s] Level 1:colcon.colcon_core.package_identification:_identify(src/spot_ros2/synchros2/synchros2_tutorials_example) by extensions ['ros']
[0.638s] Level 1:colcon.colcon_core.package_identification:_identify(src/spot_ros2/synchros2/synchros2_tutorials_example) by extension 'ros'
[0.639s] DEBUG:colcon.colcon_core.package_identification:Package 'src/spot_ros2/synchros2/synchros2_tutorials_example' with type 'ros.ament_python' and name 'synchros2_tutorials_example'
[0.639s] Level 1:colcon.colcon_core.package_identification:_identify(src/spot_ros2/synchros2/synchros2_tutorials_interfaces_example) by extensions ['ignore', 'ignore_ament_install']
[0.640s] Level 1:colcon.colcon_core.package_identification:_identify(src/spot_ros2/synchros2/synchros2_tutorials_interfaces_example) by extension 'ignore'
[0.640s] Level 1:colcon.colcon_core.package_identification:_identify(src/spot_ros2/synchros2/synchros2_tutorials_interfaces_example) by extension 'ignore_ament_install'
[0.640s] Level 1:colcon.colcon_core.package_identification:_identify(src/spot_ros2/synchros2/synchros2_tutorials_interfaces_example) by extensions ['colcon_pkg']
[0.640s] Level 1:colcon.colcon_core.package_identification:_identify(src/spot_ros2/synchros2/synchros2_tutorials_interfaces_example) by extension 'colcon_pkg'
[0.640s] Level 1:colcon.colcon_core.package_identification:_identify(src/spot_ros2/synchros2/synchros2_tutorials_interfaces_example) by extensions ['colcon_meta']
[0.640s] Level 1:colcon.colcon_core.package_identification:_identify(src/spot_ros2/synchros2/synchros2_tutorials_interfaces_example) by extension 'colcon_meta'
[0.640s] Level 1:colcon.colcon_core.package_identification:_identify(src/spot_ros2/synchros2/synchros2_tutorials_interfaces_example) by extensions ['ros']
[0.640s] Level 1:colcon.colcon_core.package_identification:_identify(src/spot_ros2/synchros2/synchros2_tutorials_interfaces_example) by extension 'ros'
[0.640s] DEBUG:colcon.colcon_core.package_identification:Package 'src/spot_ros2/synchros2/synchros2_tutorials_interfaces_example' with type 'ros.ament_cmake' and name 'synchros2_tutorials_interfaces_example'
[0.640s] Level 1:colcon.colcon_core.package_discovery:discover_packages(recursive) using defaults
[0.640s] Level 1:colcon.colcon_core.package_discovery:discover_packages(ignore) discover
[0.640s] Level 1:colcon.colcon_core.package_discovery:discover_packages(ignore) using defaults
[0.640s] Level 1:colcon.colcon_core.package_discovery:discover_packages(path) discover
[0.640s] Level 1:colcon.colcon_core.package_discovery:discover_packages(path) using defaults
[0.668s] INFO:colcon.colcon_core.package_selection:Skipping not selected package 'spot_msgs' in 'src/spot_ros2/spot_msgs'
[0.668s] INFO:colcon.colcon_core.package_selection:Skipping not selected package 'spot_wrapper' in 'src/spot_ros2/spot_wrapper'
[0.668s] INFO:colcon.colcon_core.package_selection:Skipping not selected package 'synchros2' in 'src/spot_ros2/synchros2/synchros2'
[0.668s] INFO:colcon.colcon_core.package_selection:Skipping not selected package 'synchros2_tutorials_interfaces_example' in 'src/spot_ros2/synchros2/synchros2_tutorials_interfaces_example'
[0.668s] INFO:colcon.colcon_core.package_selection:Skipping not selected package 'spot_common' in 'src/spot_ros2/spot_common'
[0.668s] INFO:colcon.colcon_core.package_selection:Skipping not selected package 'spot_controllers' in 'src/spot_ros2/spot_controllers'
[0.668s] INFO:colcon.colcon_core.package_selection:Skipping not selected package 'spot_examples' in 'src/spot_ros2/spot_examples'
[0.668s] INFO:colcon.colcon_core.package_selection:Skipping not selected package 'spot_hardware_interface' in 'src/spot_ros2/spot_hardware_interface'
[0.668s] INFO:colcon.colcon_core.package_selection:Skipping not selected package 'spot_rviz_plugins' in 'src/spot_ros2/spot_rviz_plugins'
[0.668s] INFO:colcon.colcon_core.package_selection:Skipping not selected package 'synchros2_tutorials_example' in 'src/spot_ros2/synchros2/synchros2_tutorials_example'
[0.668s] INFO:colcon.colcon_core.package_selection:Skipping not selected package 'spot_ros2_control' in 'src/spot_ros2/spot_ros2_control'
[0.668s] INFO:colcon.colcon_core.package_selection:Skipping not selected package 'spot_driver' in 'src/spot_ros2/spot_driver'
[0.669s] Level 1:colcon.colcon_core.package_discovery:discover_packages(prefix_path) check parameters
[0.669s] Level 1:colcon.colcon_core.package_discovery:discover_packages(prefix_path) discover
[0.672s] DEBUG:colcon.colcon_installed_package_information.package_discovery:Found 13 installed packages in /home/mtouri/spot_ws/install
[0.673s] DEBUG:colcon.colcon_installed_package_information.package_discovery:Found 380 installed packages in /opt/ros/humble
[0.674s] Level 1:colcon.colcon_core.package_discovery:discover_packages(prefix_path) using defaults
[0.715s] WARNING:colcon.colcon_core.package_selection:Some selected packages are already built in one or more underlay workspaces:
	'spot_description' is in: /home/mtouri/spot_ws/install/spot_description
If a package in a merged underlay workspace is overridden and it installs headers, then all packages in the overlay must sort their include directories by workspace order. Failure to do so may result in build failures or undefined behavior at run time.
If the overridden package is used by another package in any underlay, then the overriding package in the overlay must be API and ABI compatible or undefined behavior at run time may occur.

If you understand the risks and want to override a package anyways, add the following to the command line:
	--allow-overriding spot_description

This may be promoted to an error in a future release of colcon-override-check.
[0.716s] Level 5:colcon.colcon_core.verb:set package 'spot_description' build argument 'cmake_args' from command line to 'None'
[0.716s] Level 5:colcon.colcon_core.verb:set package 'spot_description' build argument 'cmake_target' from command line to 'None'
[0.716s] Level 5:colcon.colcon_core.verb:set package 'spot_description' build argument 'cmake_target_skip_unavailable' from command line to 'False'
[0.716s] Level 5:colcon.colcon_core.verb:set package 'spot_description' build argument 'cmake_clean_cache' from command line to 'False'
[0.716s] Level 5:colcon.colcon_core.verb:set package 'spot_description' build argument 'cmake_clean_first' from command line to 'False'
[0.716s] Level 5:colcon.colcon_core.verb:set package 'spot_description' build argument 'cmake_force_configure' from command line to 'False'
[0.716s] Level 5:colcon.colcon_core.verb:set package 'spot_description' build argument 'ament_cmake_args' from command line to 'None'
[0.716s] Level 5:colcon.colcon_core.verb:set package 'spot_description' build argument 'catkin_cmake_args' from command line to 'None'
[0.716s] Level 5:colcon.colcon_core.verb:set package 'spot_description' build argument 'catkin_skip_building_tests' from command line to 'False'
[0.716s] DEBUG:colcon.colcon_core.verb:Building package 'spot_description' with the following arguments: {'ament_cmake_args': None, 'build_base': '/home/mtouri/spot_ws/build/spot_description', 'catkin_cmake_args': None, 'catkin_skip_building_tests': False, 'cmake_args': None, 'cmake_clean_cache': False, 'cmake_clean_first': False, 'cmake_force_configure': False, 'cmake_target': None, 'cmake_target_skip_unavailable': False, 'install_base': '/home/mtouri/spot_ws/install/spot_description', 'merge_install': False, 'path': '/home/mtouri/spot_ws/src/spot_ros2/spot_description/spot_description', 'symlink_install': True, 'test_result_base': None}
[0.716s] INFO:colcon.colcon_core.executor:Executing jobs using 'parallel' executor
[0.717s] DEBUG:colcon.colcon_parallel_executor.executor.parallel:run_until_complete
[0.717s] INFO:colcon.colcon_ros.task.ament_cmake.build:Building ROS package in '/home/mtouri/spot_ws/src/spot_ros2/spot_description/spot_description' with build type 'ament_cmake'
[0.717s] INFO:colcon.colcon_cmake.task.cmake.build:Building CMake package in '/home/mtouri/spot_ws/src/spot_ros2/spot_description/spot_description'
[0.722s] INFO:colcon.colcon_core.plugin_system:Skipping extension 'colcon_core.shell.bat': Not used on non-Windows systems
[0.722s] INFO:colcon.colcon_core.shell:Skip shell extension 'powershell' for command environment: Not usable outside of PowerShell
[0.722s] DEBUG:colcon.colcon_core.shell:Skip shell extension 'dsv' for command environment
[0.733s] DEBUG:colcon.colcon_core.event_handler.log_command:Invoking command in '/home/mtouri/spot_ws/build/spot_description': CMAKE_PREFIX_PATH=${CMAKE_PREFIX_PATH}:/home/mtouri/spot_ws/install/synchros2_tutorials_example:/home/mtouri/spot_ws/install/spot_examples:/home/mtouri/spot_ws/install/spot_common:/home/mtouri/spot_ws/install/synchros2:/opt/ros/humble /usr/bin/cmake --build /home/mtouri/spot_ws/build/spot_description -- -j16 -l16
[0.790s] DEBUG:colcon.colcon_core.event_handler.log_command:Invoked command in '/home/mtouri/spot_ws/build/spot_description' returned '0': CMAKE_PREFIX_PATH=${CMAKE_PREFIX_PATH}:/home/mtouri/spot_ws/install/synchros2_tutorials_example:/home/mtouri/spot_ws/install/spot_examples:/home/mtouri/spot_ws/install/spot_common:/home/mtouri/spot_ws/install/synchros2:/opt/ros/humble /usr/bin/cmake --build /home/mtouri/spot_ws/build/spot_description -- -j16 -l16
[0.801s] DEBUG:colcon.colcon_core.event_handler.log_command:Invoking command in '/home/mtouri/spot_ws/build/spot_description': CMAKE_PREFIX_PATH=${CMAKE_PREFIX_PATH}:/home/mtouri/spot_ws/install/synchros2_tutorials_example:/home/mtouri/spot_ws/install/spot_examples:/home/mtouri/spot_ws/install/spot_common:/home/mtouri/spot_ws/install/synchros2:/opt/ros/humble /usr/bin/cmake --install /home/mtouri/spot_ws/build/spot_description
[0.832s] Level 1:colcon.colcon_core.environment:create_environment_scripts_only(spot_description)
[0.833s] DEBUG:colcon.colcon_core.event_handler.log_command:Invoked command in '/home/mtouri/spot_ws/build/spot_description' returned '0': CMAKE_PREFIX_PATH=${CMAKE_PREFIX_PATH}:/home/mtouri/spot_ws/install/synchros2_tutorials_example:/home/mtouri/spot_ws/install/spot_examples:/home/mtouri/spot_ws/install/spot_common:/home/mtouri/spot_ws/install/synchros2:/opt/ros/humble /usr/bin/cmake --install /home/mtouri/spot_ws/build/spot_description
[0.836s] Level 1:colcon.colcon_core.environment:checking '/home/mtouri/spot_ws/install/spot_description' for CMake module files
[0.837s] Level 1:colcon.colcon_core.environment:checking '/home/mtouri/spot_ws/install/spot_description' for CMake config files
[0.837s] Level 1:colcon.colcon_core.shell:create_environment_hook('spot_description', 'cmake_prefix_path')
[0.837s] INFO:colcon.colcon_core.shell:Creating environment hook '/home/mtouri/spot_ws/install/spot_description/share/spot_description/hook/cmake_prefix_path.ps1'
[0.837s] INFO:colcon.colcon_core.shell:Creating environment descriptor '/home/mtouri/spot_ws/install/spot_description/share/spot_description/hook/cmake_prefix_path.dsv'
[0.838s] INFO:colcon.colcon_core.shell:Creating environment hook '/home/mtouri/spot_ws/install/spot_description/share/spot_description/hook/cmake_prefix_path.sh'
[0.838s] Level 1:colcon.colcon_core.environment:checking '/home/mtouri/spot_ws/install/spot_description/bin'
[0.838s] Level 1:colcon.colcon_core.environment:checking '/home/mtouri/spot_ws/install/spot_description/lib/pkgconfig/spot_description.pc'
[0.839s] Level 1:colcon.colcon_core.environment:checking '/home/mtouri/spot_ws/install/spot_description/lib/python3.10/site-packages'
[0.839s] Level 1:colcon.colcon_core.environment:checking '/home/mtouri/spot_ws/install/spot_description/bin'
[0.839s] INFO:colcon.colcon_core.shell:Creating package script '/home/mtouri/spot_ws/install/spot_description/share/spot_description/package.ps1'
[0.840s] INFO:colcon.colcon_core.shell:Creating package descriptor '/home/mtouri/spot_ws/install/spot_description/share/spot_description/package.dsv'
[0.840s] INFO:colcon.colcon_core.shell:Creating package script '/home/mtouri/spot_ws/install/spot_description/share/spot_description/package.sh'
[0.841s] INFO:colcon.colcon_core.shell:Creating package script '/home/mtouri/spot_ws/install/spot_description/share/spot_description/package.bash'
[0.841s] INFO:colcon.colcon_core.shell:Creating package script '/home/mtouri/spot_ws/install/spot_description/share/spot_description/package.zsh'
[0.841s] Level 1:colcon.colcon_core.environment:create_file_with_runtime_dependencies(/home/mtouri/spot_ws/install/spot_description/share/colcon-core/packages/spot_description)
[0.842s] Level 1:colcon.colcon_core.environment:create_environment_scripts_only(spot_description)
[0.842s] Level 1:colcon.colcon_core.environment:checking '/home/mtouri/spot_ws/install/spot_description' for CMake module files
[0.842s] Level 1:colcon.colcon_core.environment:checking '/home/mtouri/spot_ws/install/spot_description' for CMake config files
[0.842s] Level 1:colcon.colcon_core.shell:create_environment_hook('spot_description', 'cmake_prefix_path')
[0.842s] INFO:colcon.colcon_core.shell:Creating environment hook '/home/mtouri/spot_ws/install/spot_description/share/spot_description/hook/cmake_prefix_path.ps1'
[0.843s] INFO:colcon.colcon_core.shell:Creating environment descriptor '/home/mtouri/spot_ws/install/spot_description/share/spot_description/hook/cmake_prefix_path.dsv'
[0.843s] INFO:colcon.colcon_core.shell:Creating environment hook '/home/mtouri/spot_ws/install/spot_description/share/spot_description/hook/cmake_prefix_path.sh'
[0.843s] Level 1:colcon.colcon_core.environment:checking '/home/mtouri/spot_ws/install/spot_description/bin'
[0.843s] Level 1:colcon.colcon_core.environment:checking '/home/mtouri/spot_ws/install/spot_description/lib/pkgconfig/spot_description.pc'
[0.843s] Level 1:colcon.colcon_core.environment:checking '/home/mtouri/spot_ws/install/spot_description/lib/python3.10/site-packages'
[0.844s] Level 1:colcon.colcon_core.environment:checking '/home/mtouri/spot_ws/install/spot_description/bin'
[0.844s] INFO:colcon.colcon_core.shell:Creating package script '/home/mtouri/spot_ws/install/spot_description/share/spot_description/package.ps1'
[0.844s] INFO:colcon.colcon_core.shell:Creating package descriptor '/home/mtouri/spot_ws/install/spot_description/share/spot_description/package.dsv'
[0.845s] INFO:colcon.colcon_core.shell:Creating package script '/home/mtouri/spot_ws/install/spot_description/share/spot_description/package.sh'
[0.845s] INFO:colcon.colcon_core.shell:Creating package script '/home/mtouri/spot_ws/install/spot_description/share/spot_description/package.bash'
[0.845s] INFO:colcon.colcon_core.shell:Creating package script '/home/mtouri/spot_ws/install/spot_description/share/spot_description/package.zsh'
[0.845s] Level 1:colcon.colcon_core.environment:create_file_with_runtime_dependencies(/home/mtouri/spot_ws/install/spot_description/share/colcon-core/packages/spot_description)
[0.845s] DEBUG:colcon.colcon_parallel_executor.executor.parallel:closing loop
[0.846s] DEBUG:colcon.colcon_parallel_executor.executor.parallel:loop closed
[0.846s] DEBUG:colcon.colcon_parallel_executor.executor.parallel:run_until_complete finished with '0'
[0.846s] DEBUG:colcon.colcon_core.event_reactor:joining thread
[0.850s] INFO:colcon.colcon_core.plugin_system:Skipping extension 'colcon_notification.desktop_notification.notify_send': Could not find 'notify-send'
[0.850s] INFO:colcon.colcon_core.plugin_system:Skipping extension 'colcon_notification.desktop_notification.terminal_notifier': Not used on non-Darwin systems
[0.850s] INFO:colcon.colcon_core.plugin_system:Skipping extension 'colcon_notification.desktop_notification.win32': Not used on non-Windows systems
[0.850s] INFO:colcon.colcon_notification.desktop_notification:Sending desktop notification using 'notify2'
[0.866s] DEBUG:colcon.colcon_core.event_reactor:joined thread
[0.866s] INFO:colcon.colcon_core.shell:Creating prefix script '/home/mtouri/spot_ws/install/local_setup.ps1'
[0.867s] INFO:colcon.colcon_core.shell:Creating prefix util module '/home/mtouri/spot_ws/install/_local_setup_util_ps1.py'
[0.868s] INFO:colcon.colcon_core.shell:Creating prefix chain script '/home/mtouri/spot_ws/install/setup.ps1'
[0.869s] INFO:colcon.colcon_core.shell:Creating prefix script '/home/mtouri/spot_ws/install/local_setup.sh'
[0.870s] INFO:colcon.colcon_core.shell:Creating prefix util module '/home/mtouri/spot_ws/install/_local_setup_util_sh.py'
[0.871s] INFO:colcon.colcon_core.shell:Creating prefix chain script '/home/mtouri/spot_ws/install/setup.sh'
[0.872s] INFO:colcon.colcon_core.shell:Creating prefix script '/home/mtouri/spot_ws/install/local_setup.bash'
[0.872s] INFO:colcon.colcon_core.shell:Creating prefix chain script '/home/mtouri/spot_ws/install/setup.bash'
[0.873s] INFO:colcon.colcon_core.shell:Creating prefix script '/home/mtouri/spot_ws/install/local_setup.zsh'
[0.873s] INFO:colcon.colcon_core.shell:Creating prefix chain script '/home/mtouri/spot_ws/install/setup.zsh'
