-- The C compiler identification is GNU 11.4.0
-- The CXX compiler identification is GNU 11.4.0
-- Detecting C compiler ABI info
-- Detecting C compiler ABI info - done
-- Check for working C compiler: /usr/bin/cc - skipped
-- Detecting C compile features
-- Detecting C compile features - done
-- Detecting CXX compiler ABI info
-- Detecting CXX compiler ABI info - done
-- Check for working CXX compiler: /usr/bin/c++ - skipped
-- Detecting CXX compile features
-- Detecting CXX compile features - done
-- Found ament_cmake: 1.3.14 (/opt/ros/humble/share/ament_cmake/cmake)
-- Found Python3: /usr/bin/python3 (found version "3.10.12") found components: Interpreter 
-- Override CMake install command with custom implementation using symlinks instead of copying resources
-- Found bondcpp: 4.1.4 (/opt/ros/humble/share/bondcpp/cmake)
-- Found rosidl_generator_c: 3.1.8 (/opt/ros/humble/share/rosidl_generator_c/cmake)
-- Found rosidl_adapter: 3.1.8 (/opt/ros/humble/share/rosidl_adapter/cmake)
-- Found rosidl_generator_cpp: 3.1.8 (/opt/ros/humble/share/rosidl_generator_cpp/cmake)
-- Using all available rosidl_typesupport_c: rosidl_typesupport_fastrtps_c;rosidl_typesupport_introspection_c
-- Using all available rosidl_typesupport_cpp: rosidl_typesupport_fastrtps_cpp;rosidl_typesupport_introspection_cpp
-- Found rmw_implementation_cmake: 6.1.2 (/opt/ros/humble/share/rmw_implementation_cmake/cmake)
-- Found rmw_fastrtps_cpp: 6.2.10 (/opt/ros/humble/share/rmw_fastrtps_cpp/cmake)
-- Found OpenSSL: /usr/lib/x86_64-linux-gnu/libcrypto.so (found version "3.0.2")  
-- Found FastRTPS: /opt/ros/humble/include  
-- Using RMW implementation 'rmw_fastrtps_cpp' as default
-- Looking for pthread.h
-- Looking for pthread.h - found
-- Performing Test CMAKE_HAVE_LIBC_PTHREAD
-- Performing Test CMAKE_HAVE_LIBC_PTHREAD - Success
-- Found Threads: TRUE  
-- Found bosdyn_api_msgs: 5.0.1 (/opt/ros/humble/share/bosdyn_api_msgs/cmake)
-- Found PythonInterp: /usr/bin/python3.10 (found version "3.10.12") 
-- Found Protobuf: /usr/lib/x86_64-linux-gnu/libprotobuf.so (found version "3.12.4") 
-- Found rosidl_default_generators: 1.2.1 (/opt/ros/humble/share/rosidl_default_generators/cmake)
-- Checking for module 'grpc'
--   Found grpc, version 10.0.0
-- Checking for module 'grpc++'
--   Found grpc++, version 1.30.2
-- CMake is running /opt/spot-cpp-sdk/lib/cmake/bosdyn/UseInstallbosdyn.cmake
-- Found bosdyn_spot_api_msgs: 5.0.1 (/opt/ros/humble/share/bosdyn_spot_api_msgs/cmake)
-- Found cv_bridge: 3.2.1 (/opt/ros/humble/share/cv_bridge/cmake)
-- Found image_transport: 3.1.12 (/opt/ros/humble/share/image_transport/cmake)
-- Found OpenCV: /usr (found version "4.5.4") 
-- Found rclcpp_components: 16.0.19 (/opt/ros/humble/share/rclcpp_components/cmake)
-- Found tf2_eigen: 0.25.20 (/opt/ros/humble/share/tf2_eigen/cmake)
-- Found tl_expected: 1.2.0 (/opt/ros/humble/share/tl_expected/cmake)
-- Found spot_msgs: 0.0.0 (/home/mtouri/spot_ws/install/spot_msgs/share/spot_msgs/cmake)
-- Found std_srvs: 4.9.1 (/opt/ros/humble/share/std_srvs/cmake)
-- Found nav_msgs: 4.9.1 (/opt/ros/humble/share/nav_msgs/cmake)
-- Found PkgConfig: /usr/bin/pkg-config (found version "0.29.2") 
-- CMake is running /opt/spot-cpp-sdk/lib/cmake/bosdyn/UseInstallbosdyn.cmake
-- Found OpenCV: /usr (found suitable version "4.5.4", minimum required is "4") 
-- Found ament_cmake_gmock: 1.3.14 (/opt/ros/humble/share/ament_cmake_gmock/cmake)
-- Found ament_cmake_pytest: 1.3.14 (/opt/ros/humble/share/ament_cmake_pytest/cmake)
-- Found gmock sources under '/opt/ros/humble/src/gmock_vendor': C++ tests using 'Google Mock' will be built
-- Found ament_cmake_gtest: 1.3.14 (/opt/ros/humble/share/ament_cmake_gtest/cmake)
-- Found gtest sources under '/opt/ros/humble/src/gtest_vendor': C++ tests using 'Google Test' will be built
-- Configuring done
-- Generating done
-- Build files have been written to: /home/mtouri/spot_ws/build/spot_driver
[  2%] [32mBuilding CXX object gmock/CMakeFiles/gmock.dir/opt/ros/humble/src/gtest_vendor/src/gtest-all.cc.o[0m
[  2%] [32mBuilding CXX object CMakeFiles/spot_api.dir/src/api/default_lease_client.cpp.o[0m
[  4%] [32mBuilding CXX object CMakeFiles/spot_api.dir/src/api/default_kinematic_api.cpp.o[0m
[  9%] [32mBuilding CXX object gmock/CMakeFiles/gmock.dir/src/gmock-all.cc.o[0m
[ 11%] [32mBuilding CXX object CMakeFiles/spot_api.dir/src/api/default_image_client.cpp.o[0m
[ 11%] [32mBuilding CXX object CMakeFiles/spot_api.dir/src/api/default_spot_api.cpp.o[0m
[ 11%] [32mBuilding CXX object CMakeFiles/state_publisher_node_component.dir/rclcpp_components/node_main_state_publisher_node_component.cpp.o[0m
[ 11%] [32mBuilding CXX object test/CMakeFiles/rclcpp_test.dir/src/rclcpp_test.cpp.o[0m
[ 11%] [32mBuilding CXX object CMakeFiles/spot_api.dir/src/api/default_state_client.cpp.o[0m
[ 11%] [32mBuilding CXX object CMakeFiles/lease_manager_node_component.dir/rclcpp_components/node_main_lease_manager_node_component.cpp.o[0m
[ 11%] [32mBuilding CXX object gmock/CMakeFiles/gmock_main.dir/src/gmock_main.cc.o[0m
[ 11%] [32mBuilding CXX object CMakeFiles/spot_api.dir/src/api/default_time_sync_api.cpp.o[0m
[ 13%] [32mBuilding CXX object CMakeFiles/spot_inverse_kinematics_node_component.dir/rclcpp_components/node_main_spot_inverse_kinematics_node_component.cpp.o[0m
[ 13%] [32mBuilding CXX object CMakeFiles/spot_api.dir/src/api/default_world_object_client.cpp.o[0m
[ 13%] [32mBuilding CXX object CMakeFiles/spot_image_publisher_node_component.dir/rclcpp_components/node_main_spot_image_publisher_node_component.cpp.o[0m
[ 13%] Built target ament_cmake_python_symlink_spot_driver
running egg_info
creating spot_driver.egg-info
writing spot_driver.egg-info/PKG-INFO
writing dependency_links to spot_driver.egg-info/dependency_links.txt
writing top-level names to spot_driver.egg-info/top_level.txt
writing manifest file 'spot_driver.egg-info/SOURCES.txt'
reading manifest file 'spot_driver.egg-info/SOURCES.txt'
writing manifest file 'spot_driver.egg-info/SOURCES.txt'
[ 13%] Built target ament_cmake_python_build_spot_driver_egg
[ 14%] [32mBuilding CXX object CMakeFiles/spot_api.dir/src/api/spot_clock_sources.cpp.o[0m
[ 15%] [32m[1mLinking CXX static library libgmock_main.a[0m
[ 15%] Built target gmock_main
[ 16%] [32mBuilding CXX object CMakeFiles/spot_api.dir/src/api/spot_image_sources.cpp.o[0m
[ 17%] [32mBuilding CXX object CMakeFiles/spot_api.dir/src/conversions/common_conversions.cpp.o[0m
[ 18%] [32mBuilding CXX object CMakeFiles/spot_api.dir/src/conversions/decompress_images.cpp.o[0m
[ 19%] [32mBuilding CXX object CMakeFiles/spot_api.dir/src/conversions/geometry.cpp.o[0m
[ 20%] [32m[1mLinking CXX static library libgmock.a[0m
[ 21%] [32mBuilding CXX object CMakeFiles/spot_api.dir/src/conversions/kinematic_conversions.cpp.o[0m
[ 22%] [32mBuilding CXX object CMakeFiles/spot_api.dir/src/conversions/robot_state.cpp.o[0m
[ 23%] [32mBuilding CXX object CMakeFiles/spot_api.dir/src/conversions/time.cpp.o[0m
[ 23%] Built target gmock
[ 25%] [32mBuilding CXX object CMakeFiles/spot_api.dir/src/images/spot_image_publisher.cpp.o[0m
[ 26%] [32mBuilding CXX object CMakeFiles/spot_api.dir/src/images/images_middleware_handle.cpp.o[0m
[ 27%] [32m[1mLinking CXX executable spot_inverse_kinematics_node_component[0m
[ 28%] [32m[1mLinking CXX executable spot_image_publisher_node_component[0m
[ 29%] [32m[1mLinking CXX static library librclcpp_test.a[0m
[ 30%] [32m[1mLinking CXX executable lease_manager_node_component[0m
[ 31%] [32m[1mLinking CXX executable state_publisher_node_component[0m
[ 31%] Built target rclcpp_test
[ 32%] [32mBuilding CXX object CMakeFiles/spot_api.dir/src/interfaces/rclcpp_clock_interface.cpp.o[0m
[ 33%] [32mBuilding CXX object CMakeFiles/spot_api.dir/src/images/spot_image_publisher_node.cpp.o[0m
[ 33%] Built target spot_inverse_kinematics_node_component
[ 34%] [32mBuilding CXX object CMakeFiles/spot_api.dir/src/interfaces/rclcpp_logger_interface.cpp.o[0m
[ 34%] Built target spot_image_publisher_node_component
[ 34%] Built target state_publisher_node_component
[ 35%] [32mBuilding CXX object CMakeFiles/spot_api.dir/src/interfaces/rclcpp_parameter_interface.cpp.o[0m
[ 35%] [32mBuilding CXX object CMakeFiles/spot_api.dir/src/interfaces/rclcpp_node_interface.cpp.o[0m
[ 35%] Built target lease_manager_node_component
[ 36%] [32mBuilding CXX object CMakeFiles/spot_api.dir/src/interfaces/rclcpp_tf_broadcaster_interface.cpp.o[0m
[ 37%] [32mBuilding CXX object CMakeFiles/spot_api.dir/src/interfaces/rclcpp_tf_listener_interface.cpp.o[0m
[ 38%] [32mBuilding CXX object CMakeFiles/spot_api.dir/src/interfaces/rclcpp_wall_timer_interface.cpp.o[0m
[ 39%] [32mBuilding CXX object CMakeFiles/spot_api.dir/src/lease/lease_manager.cpp.o[0m
[ 40%] [32mBuilding CXX object CMakeFiles/spot_api.dir/src/lease/lease_manager_node.cpp.o[0m
[ 41%] [32mBuilding CXX object CMakeFiles/spot_api.dir/src/lease/lease_middleware_handle.cpp.o[0m
[ 42%] [32mBuilding CXX object CMakeFiles/spot_api.dir/src/kinematic/kinematic_node.cpp.o[0m
[ 43%] [32mBuilding CXX object CMakeFiles/spot_api.dir/src/kinematic/kinematic_service.cpp.o[0m
[ 44%] [32mBuilding CXX object CMakeFiles/spot_api.dir/src/kinematic/kinematic_middleware_handle.cpp.o[0m
[ 45%] [32mBuilding CXX object CMakeFiles/spot_api.dir/src/object_sync/object_synchronizer.cpp.o[0m
[ 46%] [32mBuilding CXX object CMakeFiles/spot_api.dir/src/object_sync/object_synchronizer_node.cpp.o[0m
[ 47%] [32mBuilding CXX object CMakeFiles/spot_api.dir/src/robot_state/state_middleware_handle.cpp.o[0m
[ 48%] [32mBuilding CXX object CMakeFiles/spot_api.dir/src/robot_state/state_publisher.cpp.o[0m
[ 50%] [32mBuilding CXX object CMakeFiles/spot_api.dir/src/robot_state/state_publisher_node.cpp.o[0m
[ 51%] [32m[1mLinking CXX static library libspot_api.a[0m
[ 51%] Built target spot_api
[ 55%] [32mBuilding CXX object test/CMakeFiles/test_spot_image_publisher.dir/src/images/test_spot_image_publisher.cpp.o[0m
[ 55%] [32mBuilding CXX object CMakeFiles/state_publisher_node.dir/src/robot_state/state_publisher_node_main.cpp.o[0m
[ 55%] [32mBuilding CXX object CMakeFiles/spot_image_publisher_component.dir/src/images/spot_image_publisher_component.cpp.o[0m
[ 55%] [32mBuilding CXX object CMakeFiles/lease_manager_component.dir/src/lease/lease_manager_component.cpp.o[0m
[ 55%] [32mBuilding CXX object CMakeFiles/spot_image_publisher_node.dir/src/images/spot_image_publisher_node_main.cpp.o[0m
[ 56%] [32mBuilding CXX object CMakeFiles/state_publisher_component.dir/src/robot_state/state_publisher_component.cpp.o[0m
[ 57%] [32mBuilding CXX object CMakeFiles/object_synchronizer_node.dir/src/object_sync/object_synchronizer_node_main.cpp.o[0m
[ 58%] [32mBuilding CXX object test/CMakeFiles/test_clock_source.dir/src/test_clock_source.cpp.o[0m
[ 59%] [32mBuilding CXX object CMakeFiles/image_stitcher.dir/src/image_stitcher/image_stitcher.cpp.o[0m
[ 60%] [32mBuilding CXX object CMakeFiles/lease_manager_node.dir/src/lease/lease_manager_node_main.cpp.o[0m
[ 62%] [32mBuilding CXX object CMakeFiles/spot_inverse_kinematics_component.dir/src/kinematic/kinematic_component.cpp.o[0m
[ 62%] [32mBuilding CXX object CMakeFiles/spot_inverse_kinematics_node.dir/src/kinematic/kinematic_node_main.cpp.o[0m
[ 63%] [32mBuilding CXX object test/CMakeFiles/test_spot_image_publisher_node.dir/src/images/test_spot_image_publisher_node.cpp.o[0m
[ 64%] [32mBuilding CXX object test/CMakeFiles/test_spot_image_sources.dir/src/images/test_spot_image_sources.cpp.o[0m
[ 65%] [32mBuilding CXX object test/CMakeFiles/test_clock_skew.dir/src/test_clock_skew.cpp.o[0m
[ 66%] [32mBuilding CXX object test/CMakeFiles/test_parameter_interface.dir/src/test_parameter_interface.cpp.o[0m
[ 67%] [32m[1mLinking CXX executable test_clock_source[0m
[ 68%] [32m[1mLinking CXX executable test_clock_skew[0m
[ 68%] Built target test_clock_skew
[ 69%] [32mBuilding CXX object CMakeFiles/image_stitcher.dir/src/image_stitcher/image_stitcher_node.cpp.o[0m
[ 69%] Built target test_clock_source
[ 70%] [32mBuilding CXX object test/CMakeFiles/test_state_publisher.dir/src/robot_state/test_state_publisher.cpp.o[0m
[ 71%] [32m[1mLinking CXX shared library libstate_publisher_component.so[0m
[ 72%] [32m[1mLinking CXX executable test_spot_image_sources[0m
[ 72%] [32m[1mLinking CXX executable state_publisher_node[0m
[ 73%] [32m[1mLinking CXX executable object_synchronizer_node[0m
[ 75%] [32m[1mLinking CXX executable lease_manager_node[0m
[ 76%] [32m[1mLinking CXX shared library libspot_inverse_kinematics_component.so[0m
[ 77%] [32m[1mLinking CXX executable spot_image_publisher_node[0m
[ 78%] [32m[1mLinking CXX shared library libspot_image_publisher_component.so[0m
[ 79%] [32m[1mLinking CXX executable test_parameter_interface[0m
[ 79%] [32m[1mLinking CXX shared library liblease_manager_component.so[0m
[ 80%] [32m[1mLinking CXX executable spot_inverse_kinematics_node[0m
[ 80%] Built target test_spot_image_sources
[ 81%] [32mBuilding CXX object test/CMakeFiles/test_state_publisher_node.dir/src/robot_state/test_state_publisher_node.cpp.o[0m
[ 81%] Built target test_parameter_interface
[ 82%] [32mBuilding CXX object test/CMakeFiles/test_conversions_geometry.dir/src/conversions/test_geometry.cpp.o[0m
[ 83%] [32m[1mLinking CXX executable test_state_publisher[0m
[ 84%] [32m[1mLinking CXX executable test_conversions_geometry[0m
[ 85%] [32m[1mLinking CXX executable test_spot_image_publisher_node[0m
[ 86%] [32m[1mLinking CXX executable test_spot_image_publisher[0m
[ 87%] [32mBuilding CXX object test/CMakeFiles/test_conversions_robot_state.dir/src/conversions/test_robot_state.cpp.o[0m
[ 87%] Built target spot_inverse_kinematics_component
[ 88%] [32mBuilding CXX object test/CMakeFiles/test_kinematic_conversions.dir/src/conversions/test_kinematic_conversions.cpp.o[0m
[ 88%] Built target lease_manager_component
[ 89%] [32mBuilding CXX object test/CMakeFiles/test_common_conversions.dir/src/conversions/test_common_conversions.cpp.o[0m
[ 89%] Built target spot_inverse_kinematics_node
[ 90%] [32mBuilding CXX object test/CMakeFiles/test_lease_manager.dir/src/lease/test_lease_manager.cpp.o[0m
[ 90%] Built target state_publisher_component
[ 90%] [32mBuilding CXX object test/CMakeFiles/test_kinematic_service.dir/src/kinematic/test_kinematic_service.cpp.o[0m
[ 90%] Built target spot_image_publisher_component
[ 90%] Built target spot_image_publisher_node
[ 90%] Built target lease_manager_node
[ 90%] Built target state_publisher_node
[ 90%] Built target object_synchronizer_node
[ 90%] Built target test_conversions_geometry
[ 90%] Built target test_spot_image_publisher
[ 91%] [32m[1mLinking CXX static library libimage_stitcher.a[0m
[ 91%] Built target test_state_publisher
[ 91%] Built target image_stitcher
[ 92%] [32mBuilding CXX object CMakeFiles/image_stitcher_node.dir/src/image_stitcher/image_stitcher_node_main.cpp.o[0m
[ 92%] Built target test_spot_image_publisher_node
[ 93%] [32m[1mLinking CXX executable test_kinematic_conversions[0m
[ 94%] [32m[1mLinking CXX executable test_common_conversions[0m
[ 95%] [32m[1mLinking CXX executable test_conversions_robot_state[0m
[ 96%] [32m[1mLinking CXX executable test_kinematic_service[0m
[ 97%] [32m[1mLinking CXX executable test_state_publisher_node[0m
[ 98%] [32m[1mLinking CXX executable image_stitcher_node[0m
[ 98%] Built target test_kinematic_conversions
[ 98%] Built target test_common_conversions
[ 98%] Built target test_kinematic_service
[ 98%] Built target test_conversions_robot_state
[ 98%] Built target image_stitcher_node
[ 98%] Built target test_state_publisher_node
[100%] [32m[1mLinking CXX executable test_lease_manager[0m
[100%] Built target test_lease_manager
-- Install configuration: ""
-- Execute custom install script
-- Symlinking: /home/mtouri/spot_ws/install/spot_driver/lib/spot_driver/spot_image_publisher_node_component
-- Symlinking: /home/mtouri/spot_ws/install/spot_driver/lib/spot_driver/state_publisher_node_component
-- Symlinking: /home/mtouri/spot_ws/install/spot_driver/lib/spot_driver/lease_manager_node_component
-- Symlinking: /home/mtouri/spot_ws/install/spot_driver/lib/spot_driver/spot_inverse_kinematics_node_component
-- Symlinking: /home/mtouri/spot_ws/install/spot_driver/share/spot_driver/environment/pythonpath.sh
-- Symlinking: /home/mtouri/spot_ws/install/spot_driver/share/spot_driver/environment/pythonpath.dsv
-- Symlinking: /home/mtouri/spot_ws/install/spot_driver/local/lib/python3.10/dist-packages/spot_driver-0.0.0-py3.10.egg-info/PKG-INFO
-- Symlinking: /home/mtouri/spot_ws/install/spot_driver/local/lib/python3.10/dist-packages/spot_driver-0.0.0-py3.10.egg-info/SOURCES.txt
-- Symlinking: /home/mtouri/spot_ws/install/spot_driver/local/lib/python3.10/dist-packages/spot_driver-0.0.0-py3.10.egg-info/dependency_links.txt
-- Symlinking: /home/mtouri/spot_ws/install/spot_driver/local/lib/python3.10/dist-packages/spot_driver-0.0.0-py3.10.egg-info/top_level.txt
-- Symlinking: /home/mtouri/spot_ws/install/spot_driver/local/lib/python3.10/dist-packages/spot_driver/__init__.py
-- Symlinking: /home/mtouri/spot_ws/install/spot_driver/local/lib/python3.10/dist-packages/spot_driver/calibrated_reregistered_hand_camera_depth_publisher.py
-- Symlinking: /home/mtouri/spot_ws/install/spot_driver/local/lib/python3.10/dist-packages/spot_driver/manual_conversions.py
-- Symlinking: /home/mtouri/spot_ws/install/spot_driver/local/lib/python3.10/dist-packages/spot_driver/robot_command_util.py
-- Symlinking: /home/mtouri/spot_ws/install/spot_driver/local/lib/python3.10/dist-packages/spot_driver/ros_helpers.py
-- Symlinking: /home/mtouri/spot_ws/install/spot_driver/local/lib/python3.10/dist-packages/spot_driver/spot_alerts.py
-- Symlinking: /home/mtouri/spot_ws/install/spot_driver/local/lib/python3.10/dist-packages/spot_driver/spot_ros2.py
-- Symlinking: /home/mtouri/spot_ws/install/spot_driver/lib/spot_driver/calibrated_reregistered_hand_camera_depth_publisher.py
-- Symlinking: /home/mtouri/spot_ws/install/spot_driver/lib/spot_driver/image_stitcher_node
-- Symlinking: /home/mtouri/spot_ws/install/spot_driver/lib/spot_driver/lease_manager_node
-- Up-to-date symlink: /home/mtouri/spot_ws/install/spot_driver/lib/spot_driver/lease_manager_node_component
-- Symlinking: /home/mtouri/spot_ws/install/spot_driver/lib/spot_driver/object_synchronizer_node
-- Symlinking: /home/mtouri/spot_ws/install/spot_driver/lib/spot_driver/spot_image_publisher_node
-- Up-to-date symlink: /home/mtouri/spot_ws/install/spot_driver/lib/spot_driver/spot_image_publisher_node_component
-- Symlinking: /home/mtouri/spot_ws/install/spot_driver/lib/spot_driver/spot_inverse_kinematics_node
-- Up-to-date symlink: /home/mtouri/spot_ws/install/spot_driver/lib/spot_driver/spot_inverse_kinematics_node_component
-- Symlinking: /home/mtouri/spot_ws/install/spot_driver/lib/spot_driver/state_publisher_node
-- Up-to-date symlink: /home/mtouri/spot_ws/install/spot_driver/lib/spot_driver/state_publisher_node_component
-- Symlinking: /home/mtouri/spot_ws/install/spot_driver/include/spot_driver/api/default_image_client.hpp
-- Symlinking: /home/mtouri/spot_ws/install/spot_driver/include/spot_driver/api/default_kinematic_api.hpp
-- Symlinking: /home/mtouri/spot_ws/install/spot_driver/include/spot_driver/api/default_lease_client.hpp
-- Symlinking: /home/mtouri/spot_ws/install/spot_driver/include/spot_driver/api/default_spot_api.hpp
-- Symlinking: /home/mtouri/spot_ws/install/spot_driver/include/spot_driver/api/default_state_client.hpp
-- Symlinking: /home/mtouri/spot_ws/install/spot_driver/include/spot_driver/api/default_time_sync_api.hpp
-- Symlinking: /home/mtouri/spot_ws/install/spot_driver/include/spot_driver/api/default_world_object_client.hpp
-- Symlinking: /home/mtouri/spot_ws/install/spot_driver/include/spot_driver/api/kinematic_api.hpp
-- Symlinking: /home/mtouri/spot_ws/install/spot_driver/include/spot_driver/api/lease_client_interface.hpp
-- Symlinking: /home/mtouri/spot_ws/install/spot_driver/include/spot_driver/api/middleware_handle_base.hpp
-- Symlinking: /home/mtouri/spot_ws/install/spot_driver/include/spot_driver/api/spot_api.hpp
-- Symlinking: /home/mtouri/spot_ws/install/spot_driver/include/spot_driver/api/spot_clock_sources.hpp
-- Symlinking: /home/mtouri/spot_ws/install/spot_driver/include/spot_driver/api/spot_image_sources.hpp
-- Symlinking: /home/mtouri/spot_ws/install/spot_driver/include/spot_driver/api/state_client_interface.hpp
-- Symlinking: /home/mtouri/spot_ws/install/spot_driver/include/spot_driver/api/time_sync_api.hpp
-- Symlinking: /home/mtouri/spot_ws/install/spot_driver/include/spot_driver/api/world_object_client_interface.hpp
-- Symlinking: /home/mtouri/spot_ws/install/spot_driver/include/spot_driver/conversions/common_conversions.hpp
-- Symlinking: /home/mtouri/spot_ws/install/spot_driver/include/spot_driver/conversions/decompress_images.hpp
-- Symlinking: /home/mtouri/spot_ws/install/spot_driver/include/spot_driver/conversions/geometry.hpp
-- Symlinking: /home/mtouri/spot_ws/install/spot_driver/include/spot_driver/conversions/kinematic_conversions.hpp
-- Symlinking: /home/mtouri/spot_ws/install/spot_driver/include/spot_driver/conversions/robot_state.hpp
-- Symlinking: /home/mtouri/spot_ws/install/spot_driver/include/spot_driver/conversions/time.hpp
-- Symlinking: /home/mtouri/spot_ws/install/spot_driver/include/spot_driver/image_stitcher/image_stitcher.hpp
-- Symlinking: /home/mtouri/spot_ws/install/spot_driver/include/spot_driver/image_stitcher/image_stitcher_node.hpp
-- Symlinking: /home/mtouri/spot_ws/install/spot_driver/include/spot_driver/images/images_middleware_handle.hpp
-- Symlinking: /home/mtouri/spot_ws/install/spot_driver/include/spot_driver/images/spot_image_publisher.hpp
-- Symlinking: /home/mtouri/spot_ws/install/spot_driver/include/spot_driver/images/spot_image_publisher_node.hpp
-- Symlinking: /home/mtouri/spot_ws/install/spot_driver/include/spot_driver/interfaces/clock_interface_base.hpp
-- Symlinking: /home/mtouri/spot_ws/install/spot_driver/include/spot_driver/interfaces/image_client_interface.hpp
-- Symlinking: /home/mtouri/spot_ws/install/spot_driver/include/spot_driver/interfaces/logger_interface_base.hpp
-- Symlinking: /home/mtouri/spot_ws/install/spot_driver/include/spot_driver/interfaces/node_interface_base.hpp
-- Symlinking: /home/mtouri/spot_ws/install/spot_driver/include/spot_driver/interfaces/parameter_interface_base.hpp
-- Symlinking: /home/mtouri/spot_ws/install/spot_driver/include/spot_driver/interfaces/rclcpp_clock_interface.hpp
-- Symlinking: /home/mtouri/spot_ws/install/spot_driver/include/spot_driver/interfaces/rclcpp_logger_interface.hpp
-- Symlinking: /home/mtouri/spot_ws/install/spot_driver/include/spot_driver/interfaces/rclcpp_node_interface.hpp
-- Symlinking: /home/mtouri/spot_ws/install/spot_driver/include/spot_driver/interfaces/rclcpp_parameter_interface.hpp
-- Symlinking: /home/mtouri/spot_ws/install/spot_driver/include/spot_driver/interfaces/rclcpp_tf_broadcaster_interface.hpp
-- Symlinking: /home/mtouri/spot_ws/install/spot_driver/include/spot_driver/interfaces/rclcpp_tf_listener_interface.hpp
-- Symlinking: /home/mtouri/spot_ws/install/spot_driver/include/spot_driver/interfaces/rclcpp_wall_timer_interface.hpp
-- Symlinking: /home/mtouri/spot_ws/install/spot_driver/include/spot_driver/interfaces/tf_broadcaster_interface_base.hpp
-- Symlinking: /home/mtouri/spot_ws/install/spot_driver/include/spot_driver/interfaces/tf_listener_interface_base.hpp
-- Symlinking: /home/mtouri/spot_ws/install/spot_driver/include/spot_driver/interfaces/timer_interface_base.hpp
-- Symlinking: /home/mtouri/spot_ws/install/spot_driver/include/spot_driver/kinematic/kinematic_middleware_handle.hpp
-- Symlinking: /home/mtouri/spot_ws/install/spot_driver/include/spot_driver/kinematic/kinematic_node.hpp
-- Symlinking: /home/mtouri/spot_ws/install/spot_driver/include/spot_driver/kinematic/kinematic_service.hpp
-- Symlinking: /home/mtouri/spot_ws/install/spot_driver/include/spot_driver/lease/lease_manager.hpp
-- Symlinking: /home/mtouri/spot_ws/install/spot_driver/include/spot_driver/lease/lease_manager_node.hpp
-- Symlinking: /home/mtouri/spot_ws/install/spot_driver/include/spot_driver/lease/lease_middleware_handle.hpp
-- Symlinking: /home/mtouri/spot_ws/install/spot_driver/include/spot_driver/object_sync/object_synchronizer.hpp
-- Symlinking: /home/mtouri/spot_ws/install/spot_driver/include/spot_driver/object_sync/object_synchronizer_node.hpp
-- Symlinking: /home/mtouri/spot_ws/install/spot_driver/include/spot_driver/robot_state/state_middleware_handle.hpp
-- Symlinking: /home/mtouri/spot_ws/install/spot_driver/include/spot_driver/robot_state/state_publisher.hpp
-- Symlinking: /home/mtouri/spot_ws/install/spot_driver/include/spot_driver/robot_state/state_publisher_node.hpp
-- Symlinking: /home/mtouri/spot_ws/install/spot_driver/include/spot_driver/types.hpp
-- Symlinking: /home/mtouri/spot_ws/install/spot_driver/share/spot_driver/config/planar.yaml
-- Symlinking: /home/mtouri/spot_ws/install/spot_driver/share/spot_driver/config/spot_ros_example.yaml
-- Symlinking: /home/mtouri/spot_ws/install/spot_driver/share/spot_driver/config/teleop.yaml
-- Symlinking: /home/mtouri/spot_ws/install/spot_driver/share/spot_driver/config/twist_mux.yaml
-- Symlinking: /home/mtouri/spot_ws/install/spot_driver/share/spot_driver/launch/point_cloud_xyz.launch.py
-- Symlinking: /home/mtouri/spot_ws/install/spot_driver/share/spot_driver/launch/point_cloud_xyzrgb.launch.py
-- Symlinking: /home/mtouri/spot_ws/install/spot_driver/share/spot_driver/launch/rs_launch.py
-- Symlinking: /home/mtouri/spot_ws/install/spot_driver/share/spot_driver/launch/rviz.launch.py
-- Symlinking: /home/mtouri/spot_ws/install/spot_driver/share/spot_driver/launch/spot_driver.launch.py
-- Symlinking: /home/mtouri/spot_ws/install/spot_driver/share/spot_driver/launch/spot_image_publishers.launch.py
-- Symlinking: /home/mtouri/spot_ws/install/spot_driver/share/spot_driver/rviz/spot_template.yaml
-- Symlinking: /home/mtouri/spot_ws/install/spot_driver/share/spot_driver/rviz/viz_spot.rviz
-- Symlinking: /home/mtouri/spot_ws/install/spot_driver/share/spot_driver/environment/library_path.sh
-- Symlinking: /home/mtouri/spot_ws/install/spot_driver/share/spot_driver/environment/library_path.dsv
-- Symlinking: /home/mtouri/spot_ws/install/spot_driver/share/ament_index/resource_index/package_run_dependencies/spot_driver
-- Symlinking: /home/mtouri/spot_ws/install/spot_driver/share/ament_index/resource_index/parent_prefix_path/spot_driver
-- Symlinking: /home/mtouri/spot_ws/install/spot_driver/share/spot_driver/environment/ament_prefix_path.sh
-- Symlinking: /home/mtouri/spot_ws/install/spot_driver/share/spot_driver/environment/ament_prefix_path.dsv
-- Symlinking: /home/mtouri/spot_ws/install/spot_driver/share/spot_driver/environment/path.sh
-- Symlinking: /home/mtouri/spot_ws/install/spot_driver/share/spot_driver/environment/path.dsv
-- Symlinking: /home/mtouri/spot_ws/install/spot_driver/share/spot_driver/local_setup.bash
-- Symlinking: /home/mtouri/spot_ws/install/spot_driver/share/spot_driver/local_setup.sh
-- Symlinking: /home/mtouri/spot_ws/install/spot_driver/share/spot_driver/local_setup.zsh
-- Symlinking: /home/mtouri/spot_ws/install/spot_driver/share/spot_driver/local_setup.dsv
-- Symlinking: /home/mtouri/spot_ws/install/spot_driver/share/spot_driver/package.dsv
-- Symlinking: /home/mtouri/spot_ws/install/spot_driver/share/ament_index/resource_index/packages/spot_driver
-- Symlinking: /home/mtouri/spot_ws/install/spot_driver/share/ament_index/resource_index/rclcpp_components/spot_driver
-- Symlinking: /home/mtouri/spot_ws/install/spot_driver/share/spot_driver/cmake/ament_cmake_export_targets-extras.cmake
-- Symlinking: /home/mtouri/spot_ws/install/spot_driver/share/spot_driver/cmake/spot_driverConfig.cmake
-- Symlinking: /home/mtouri/spot_ws/install/spot_driver/share/spot_driver/cmake/spot_driverConfig-version.cmake
-- Symlinking: /home/mtouri/spot_ws/install/spot_driver/share/spot_driver/package.xml
Listing '/home/mtouri/spot_ws/install/spot_driver/local/lib/python3.10/dist-packages/spot_driver'...
Compiling '/home/mtouri/spot_ws/install/spot_driver/local/lib/python3.10/dist-packages/spot_driver/__init__.py'...
Compiling '/home/mtouri/spot_ws/install/spot_driver/local/lib/python3.10/dist-packages/spot_driver/calibrated_reregistered_hand_camera_depth_publisher.py'...
Compiling '/home/mtouri/spot_ws/install/spot_driver/local/lib/python3.10/dist-packages/spot_driver/manual_conversions.py'...
Compiling '/home/mtouri/spot_ws/install/spot_driver/local/lib/python3.10/dist-packages/spot_driver/robot_command_util.py'...
Compiling '/home/mtouri/spot_ws/install/spot_driver/local/lib/python3.10/dist-packages/spot_driver/ros_helpers.py'...
Compiling '/home/mtouri/spot_ws/install/spot_driver/local/lib/python3.10/dist-packages/spot_driver/spot_alerts.py'...
Compiling '/home/mtouri/spot_ws/install/spot_driver/local/lib/python3.10/dist-packages/spot_driver/spot_ros2.py'...
-- Installing: /home/mtouri/spot_ws/install/spot_driver/lib/spot_driver/spot_ros2
-- Installing: /home/mtouri/spot_ws/install/spot_driver/lib/spot_driver/spot_alerts
-- Installing: /home/mtouri/spot_ws/install/spot_driver/lib/libimage_stitcher.a
-- Installing: /home/mtouri/spot_ws/install/spot_driver/lib/liblease_manager_component.so
-- Set runtime path of "/home/mtouri/spot_ws/install/spot_driver/lib/liblease_manager_component.so" to ""
-- Installing: /home/mtouri/spot_ws/install/spot_driver/lib/libspot_api.a
-- Installing: /home/mtouri/spot_ws/install/spot_driver/lib/libspot_image_publisher_component.so
-- Set runtime path of "/home/mtouri/spot_ws/install/spot_driver/lib/libspot_image_publisher_component.so" to ""
-- Installing: /home/mtouri/spot_ws/install/spot_driver/lib/libspot_inverse_kinematics_component.so
-- Set runtime path of "/home/mtouri/spot_ws/install/spot_driver/lib/libspot_inverse_kinematics_component.so" to ""
-- Installing: /home/mtouri/spot_ws/install/spot_driver/lib/libstate_publisher_component.so
-- Set runtime path of "/home/mtouri/spot_ws/install/spot_driver/lib/libstate_publisher_component.so" to ""
-- Installing: /home/mtouri/spot_ws/install/spot_driver/share/spot_driver/cmake/spot_driverTargetsExport.cmake
-- Installing: /home/mtouri/spot_ws/install/spot_driver/share/spot_driver/cmake/spot_driverTargetsExport-noconfig.cmake
