[0.064s] Invoking command in '/home/mtouri/ros2_ws_humble/build/circular_carrier_description': CMAKE_PREFIX_PATH=${CMAKE_PREFIX_PATH}:/home/mtouri/spot_ws/install/synchros2_tutorials_example:/home/mtouri/spot_ws/install/spot_examples:/home/mtouri/spot_ws/install/spot_common:/home/mtouri/spot_ws/install/synchros2:/home/mtouri/ros2_ws_humble/install/rviz_manager:/home/mtouri/ros2_ws_humble/install/nimblbot_control:/home/mtouri/ros2_ws_humble/install/nimblbot_utils:/home/mtouri/ros2_ws_humble/install/nimblbot_simulation_scenes:/home/mtouri/ros2_ws_humble/install/nimblbot_path_follow:/home/mtouri/ros2_ws_humble/install/nimblbot_kinematics:/home/mtouri/ros2_ws_humble/install/nimblbot_driver:/home/mtouri/ros2_ws_humble/install/circular_carrier_control:/home/mtouri/ros2_ws_humble/install/nanotec_driver:/opt/ros/humble /usr/bin/cmake /home/mtouri/ros2_ws_humble/src/circular-carrier-ros2/circular_carrier_description -DAMENT_CMAKE_SYMLINK_INSTALL=1 -DCMAKE_INSTALL_PREFIX=/home/mtouri/ros2_ws_humble/install/circular_carrier_description
[2.054s] -- The C compiler identification is GNU 11.4.0
[2.054s] -- The CXX compiler identification is GNU 11.4.0
[2.054s] -- Detecting C compiler ABI info
[2.054s] -- Detecting C compiler ABI info - done
[2.055s] -- Check for working C compiler: /usr/bin/cc - skipped
[2.055s] -- Detecting C compile features
[2.055s] -- Detecting C compile features - done
[2.055s] -- Detecting CXX compiler ABI info
[2.055s] -- Detecting CXX compiler ABI info - done
[2.055s] -- Check for working CXX compiler: /usr/bin/c++ - skipped
[2.056s] -- Detecting CXX compile features
[2.056s] -- Detecting CXX compile features - done
[2.056s] -- Found ament_cmake: 1.3.14 (/opt/ros/humble/share/ament_cmake/cmake)
[2.056s] -- Found Python3: /usr/bin/python3 (found version "3.10.12") found components: Interpreter 
[2.056s] -- Override CMake install command with custom implementation using symlinks instead of copying resources
[2.056s] -- Found ament_lint_auto: 0.12.15 (/opt/ros/humble/share/ament_lint_auto/cmake)
[2.056s] -- Added test 'flake8' to check Python code syntax and style conventions
[2.056s] -- Added test 'lint_cmake' to check CMake code style
[2.056s] -- Added test 'pep257' to check Python code against some of the docstring style conventions in PEP 257
[2.056s] -- Added test 'xmllint' to check XML markup files
[2.056s] -- Configuring done
[2.056s] -- Generating done
[2.056s] -- Build files have been written to: /home/mtouri/ros2_ws_humble/build/circular_carrier_description
[2.331s] Invoked command in '/home/mtouri/ros2_ws_humble/build/circular_carrier_description' returned '0': CMAKE_PREFIX_PATH=${CMAKE_PREFIX_PATH}:/home/mtouri/spot_ws/install/synchros2_tutorials_example:/home/mtouri/spot_ws/install/spot_examples:/home/mtouri/spot_ws/install/spot_common:/home/mtouri/spot_ws/install/synchros2:/home/mtouri/ros2_ws_humble/install/rviz_manager:/home/mtouri/ros2_ws_humble/install/nimblbot_control:/home/mtouri/ros2_ws_humble/install/nimblbot_utils:/home/mtouri/ros2_ws_humble/install/nimblbot_simulation_scenes:/home/mtouri/ros2_ws_humble/install/nimblbot_path_follow:/home/mtouri/ros2_ws_humble/install/nimblbot_kinematics:/home/mtouri/ros2_ws_humble/install/nimblbot_driver:/home/mtouri/ros2_ws_humble/install/circular_carrier_control:/home/mtouri/ros2_ws_humble/install/nanotec_driver:/opt/ros/humble /usr/bin/cmake /home/mtouri/ros2_ws_humble/src/circular-carrier-ros2/circular_carrier_description -DAMENT_CMAKE_SYMLINK_INSTALL=1 -DCMAKE_INSTALL_PREFIX=/home/mtouri/ros2_ws_humble/install/circular_carrier_description
[2.332s] Invoking command in '/home/mtouri/ros2_ws_humble/build/circular_carrier_description': CMAKE_PREFIX_PATH=${CMAKE_PREFIX_PATH}:/home/mtouri/spot_ws/install/synchros2_tutorials_example:/home/mtouri/spot_ws/install/spot_examples:/home/mtouri/spot_ws/install/spot_common:/home/mtouri/spot_ws/install/synchros2:/home/mtouri/ros2_ws_humble/install/rviz_manager:/home/mtouri/ros2_ws_humble/install/nimblbot_control:/home/mtouri/ros2_ws_humble/install/nimblbot_utils:/home/mtouri/ros2_ws_humble/install/nimblbot_simulation_scenes:/home/mtouri/ros2_ws_humble/install/nimblbot_path_follow:/home/mtouri/ros2_ws_humble/install/nimblbot_kinematics:/home/mtouri/ros2_ws_humble/install/nimblbot_driver:/home/mtouri/ros2_ws_humble/install/circular_carrier_control:/home/mtouri/ros2_ws_humble/install/nanotec_driver:/opt/ros/humble /usr/bin/cmake --build /home/mtouri/ros2_ws_humble/build/circular_carrier_description -- -j16 -l16
[2.392s] Invoked command in '/home/mtouri/ros2_ws_humble/build/circular_carrier_description' returned '0': CMAKE_PREFIX_PATH=${CMAKE_PREFIX_PATH}:/home/mtouri/spot_ws/install/synchros2_tutorials_example:/home/mtouri/spot_ws/install/spot_examples:/home/mtouri/spot_ws/install/spot_common:/home/mtouri/spot_ws/install/synchros2:/home/mtouri/ros2_ws_humble/install/rviz_manager:/home/mtouri/ros2_ws_humble/install/nimblbot_control:/home/mtouri/ros2_ws_humble/install/nimblbot_utils:/home/mtouri/ros2_ws_humble/install/nimblbot_simulation_scenes:/home/mtouri/ros2_ws_humble/install/nimblbot_path_follow:/home/mtouri/ros2_ws_humble/install/nimblbot_kinematics:/home/mtouri/ros2_ws_humble/install/nimblbot_driver:/home/mtouri/ros2_ws_humble/install/circular_carrier_control:/home/mtouri/ros2_ws_humble/install/nanotec_driver:/opt/ros/humble /usr/bin/cmake --build /home/mtouri/ros2_ws_humble/build/circular_carrier_description -- -j16 -l16
[2.417s] Invoking command in '/home/mtouri/ros2_ws_humble/build/circular_carrier_description': CMAKE_PREFIX_PATH=${CMAKE_PREFIX_PATH}:/home/mtouri/spot_ws/install/synchros2_tutorials_example:/home/mtouri/spot_ws/install/spot_examples:/home/mtouri/spot_ws/install/spot_common:/home/mtouri/spot_ws/install/synchros2:/home/mtouri/ros2_ws_humble/install/rviz_manager:/home/mtouri/ros2_ws_humble/install/nimblbot_control:/home/mtouri/ros2_ws_humble/install/nimblbot_utils:/home/mtouri/ros2_ws_humble/install/nimblbot_simulation_scenes:/home/mtouri/ros2_ws_humble/install/nimblbot_path_follow:/home/mtouri/ros2_ws_humble/install/nimblbot_kinematics:/home/mtouri/ros2_ws_humble/install/nimblbot_driver:/home/mtouri/ros2_ws_humble/install/circular_carrier_control:/home/mtouri/ros2_ws_humble/install/nanotec_driver:/opt/ros/humble /usr/bin/cmake --install /home/mtouri/ros2_ws_humble/build/circular_carrier_description
[2.427s] -- Install configuration: ""
[2.428s] -- Execute custom install script
[2.428s] -- Symlinking: /home/mtouri/ros2_ws_humble/install/circular_carrier_description/share/circular_carrier_description/launch/generic_display_launch.py
[2.445s] -- Symlinking: /home/mtouri/ros2_ws_humble/install/circular_carrier_description/share/circular_carrier_description/meshes/v3/chape.stl
[2.462s] -- Symlinking: /home/mtouri/ros2_ws_humble/install/circular_carrier_description/share/circular_carrier_description/meshes/v3/socle.stl
[2.478s] -- Symlinking: /home/mtouri/ros2_ws_humble/install/circular_carrier_description/share/circular_carrier_description/meshes/v3/structure.stl
[2.497s] -- Symlinking: /home/mtouri/ros2_ws_humble/install/circular_carrier_description/share/circular_carrier_description/meshes/v4.2/chape.stl
[2.519s] -- Symlinking: /home/mtouri/ros2_ws_humble/install/circular_carrier_description/share/circular_carrier_description/meshes/v4.2/socle.stl
[2.535s] -- Symlinking: /home/mtouri/ros2_ws_humble/install/circular_carrier_description/share/circular_carrier_description/meshes/v4.2/structure.stl
[2.557s] -- Symlinking: /home/mtouri/ros2_ws_humble/install/circular_carrier_description/share/circular_carrier_description/meshes/v4/chape.stl
[2.585s] -- Symlinking: /home/mtouri/ros2_ws_humble/install/circular_carrier_description/share/circular_carrier_description/meshes/v4/socle.stl
[2.614s] -- Symlinking: /home/mtouri/ros2_ws_humble/install/circular_carrier_description/share/circular_carrier_description/meshes/v4/structure.stl
[2.647s] -- Symlinking: /home/mtouri/ros2_ws_humble/install/circular_carrier_description/share/circular_carrier_description/xacro/v3/circular_carrier.srdf
[2.681s] -- Symlinking: /home/mtouri/ros2_ws_humble/install/circular_carrier_description/share/circular_carrier_description/xacro/v3/circular_carrier.xacro
[2.699s] -- Symlinking: /home/mtouri/ros2_ws_humble/install/circular_carrier_description/share/circular_carrier_description/xacro/v3/config.yaml
[2.734s] -- Symlinking: /home/mtouri/ros2_ws_humble/install/circular_carrier_description/share/circular_carrier_description/xacro/v4.2/circular_carrier.srdf
[2.771s] -- Symlinking: /home/mtouri/ros2_ws_humble/install/circular_carrier_description/share/circular_carrier_description/xacro/v4.2/circular_carrier.xacro
[2.800s] -- Symlinking: /home/mtouri/ros2_ws_humble/install/circular_carrier_description/share/circular_carrier_description/xacro/v4.2/config.yaml
[2.830s] -- Symlinking: /home/mtouri/ros2_ws_humble/install/circular_carrier_description/share/circular_carrier_description/xacro/v4/circular_carrier.srdf
[2.863s] -- Symlinking: /home/mtouri/ros2_ws_humble/install/circular_carrier_description/share/circular_carrier_description/xacro/v4/circular_carrier.xacro
[2.902s] -- Symlinking: /home/mtouri/ros2_ws_humble/install/circular_carrier_description/share/circular_carrier_description/xacro/v4/config.yaml
[2.929s] -- Symlinking: /home/mtouri/ros2_ws_humble/install/circular_carrier_description/share/circular_carrier_description/rviz/rviz_default.rviz
[2.954s] -- Symlinking: /home/mtouri/ros2_ws_humble/install/circular_carrier_description/share/ament_index/resource_index/package_run_dependencies/circular_carrier_description
[2.973s] -- Symlinking: /home/mtouri/ros2_ws_humble/install/circular_carrier_description/share/ament_index/resource_index/parent_prefix_path/circular_carrier_description
[2.995s] -- Symlinking: /home/mtouri/ros2_ws_humble/install/circular_carrier_description/share/circular_carrier_description/environment/ament_prefix_path.sh
[3.029s] -- Symlinking: /home/mtouri/ros2_ws_humble/install/circular_carrier_description/share/circular_carrier_description/environment/ament_prefix_path.dsv
[3.050s] -- Symlinking: /home/mtouri/ros2_ws_humble/install/circular_carrier_description/share/circular_carrier_description/environment/path.sh
[3.068s] -- Symlinking: /home/mtouri/ros2_ws_humble/install/circular_carrier_description/share/circular_carrier_description/environment/path.dsv
[3.094s] -- Symlinking: /home/mtouri/ros2_ws_humble/install/circular_carrier_description/share/circular_carrier_description/local_setup.bash
[3.121s] -- Symlinking: /home/mtouri/ros2_ws_humble/install/circular_carrier_description/share/circular_carrier_description/local_setup.sh
[3.151s] -- Symlinking: /home/mtouri/ros2_ws_humble/install/circular_carrier_description/share/circular_carrier_description/local_setup.zsh
[3.183s] -- Symlinking: /home/mtouri/ros2_ws_humble/install/circular_carrier_description/share/circular_carrier_description/local_setup.dsv
[3.198s] -- Symlinking: /home/mtouri/ros2_ws_humble/install/circular_carrier_description/share/circular_carrier_description/package.dsv
[3.229s] -- Symlinking: /home/mtouri/ros2_ws_humble/install/circular_carrier_description/share/ament_index/resource_index/packages/circular_carrier_description
[3.266s] -- Symlinking: /home/mtouri/ros2_ws_humble/install/circular_carrier_description/share/circular_carrier_description/cmake/circular_carrier_descriptionConfig.cmake
[3.309s] -- Symlinking: /home/mtouri/ros2_ws_humble/install/circular_carrier_description/share/circular_carrier_description/cmake/circular_carrier_descriptionConfig-version.cmake
[3.348s] -- Symlinking: /home/mtouri/ros2_ws_humble/install/circular_carrier_description/share/circular_carrier_description/package.xml
[3.382s] Invoked command in '/home/mtouri/ros2_ws_humble/build/circular_carrier_description' returned '0': CMAKE_PREFIX_PATH=${CMAKE_PREFIX_PATH}:/home/mtouri/spot_ws/install/synchros2_tutorials_example:/home/mtouri/spot_ws/install/spot_examples:/home/mtouri/spot_ws/install/spot_common:/home/mtouri/spot_ws/install/synchros2:/home/mtouri/ros2_ws_humble/install/rviz_manager:/home/mtouri/ros2_ws_humble/install/nimblbot_control:/home/mtouri/ros2_ws_humble/install/nimblbot_utils:/home/mtouri/ros2_ws_humble/install/nimblbot_simulation_scenes:/home/mtouri/ros2_ws_humble/install/nimblbot_path_follow:/home/mtouri/ros2_ws_humble/install/nimblbot_kinematics:/home/mtouri/ros2_ws_humble/install/nimblbot_driver:/home/mtouri/ros2_ws_humble/install/circular_carrier_control:/home/mtouri/ros2_ws_humble/install/nanotec_driver:/opt/ros/humble /usr/bin/cmake --install /home/mtouri/ros2_ws_humble/build/circular_carrier_description
