running develop
running egg_info
creating nimblbot_path_follow.egg-info
writing nimblbot_path_follow.egg-info/PKG-INFO
writing dependency_links to nimblbot_path_follow.egg-info/dependency_links.txt
writing entry points to nimblbot_path_follow.egg-info/entry_points.txt
writing requirements to nimblbot_path_follow.egg-info/requires.txt
writing top-level names to nimblbot_path_follow.egg-info/top_level.txt
writing manifest file 'nimblbot_path_follow.egg-info/SOURCES.txt'
reading manifest file 'nimblbot_path_follow.egg-info/SOURCES.txt'
writing manifest file 'nimblbot_path_follow.egg-info/SOURCES.txt'
running build_ext
Creating /home/mtouri/ros2_ws_humble/install/nimblbot_path_follow/lib/python3.10/site-packages/nimblbot-path-follow.egg-link (link to .)
Installing target_path_manager script to /home/mtouri/ros2_ws_humble/install/nimblbot_path_follow/lib/nimblbot_path_follow

Installed /home/mtouri/ros2_ws_humble/build/nimblbot_path_follow
running symlink_data
creating /home/mtouri/ros2_ws_humble/install/nimblbot_path_follow/share/ament_index
creating /home/mtouri/ros2_ws_humble/install/nimblbot_path_follow/share/ament_index/resource_index
creating /home/mtouri/ros2_ws_humble/install/nimblbot_path_follow/share/ament_index/resource_index/packages
symbolically linking /home/mtouri/ros2_ws_humble/build/nimblbot_path_follow/resource/nimblbot_path_follow -> /home/mtouri/ros2_ws_humble/install/nimblbot_path_follow/share/ament_index/resource_index/packages
symbolically linking /home/mtouri/ros2_ws_humble/build/nimblbot_path_follow/package.xml -> /home/mtouri/ros2_ws_humble/install/nimblbot_path_follow/share/nimblbot_path_follow
