[3.110s] Invoking command in '/home/mtouri/ros2_ws_humble/build/nimblbot_path_follow': PYTHONPATH=/home/mtouri/ros2_ws_humble/build/nimblbot_path_follow/prefix_override:/usr/lib/python3/dist-packages/colcon_core/task/python/colcon_distutils_commands:/home/mtouri/ros2_ws_humble/install/nimblbot_path_follow/lib/python3.10/site-packages:${PYTHONPATH} /usr/bin/python3 -W ignore:setup.py install is deprecated -W ignore:easy_install command is deprecated setup.py develop --editable --build-directory /home/mtouri/ros2_ws_humble/build/nimblbot_path_follow/build --no-deps symlink_data
[3.701s] running develop
[4.112s] running egg_info
[4.112s] creating nimblbot_path_follow.egg-info
[4.112s] writing nimblbot_path_follow.egg-info/PKG-INFO
[4.112s] writing dependency_links to nimblbot_path_follow.egg-info/dependency_links.txt
[4.113s] writing entry points to nimblbot_path_follow.egg-info/entry_points.txt
[4.113s] writing requirements to nimblbot_path_follow.egg-info/requires.txt
[4.113s] writing top-level names to nimblbot_path_follow.egg-info/top_level.txt
[4.116s] writing manifest file 'nimblbot_path_follow.egg-info/SOURCES.txt'
[4.116s] reading manifest file 'nimblbot_path_follow.egg-info/SOURCES.txt'
[4.116s] writing manifest file 'nimblbot_path_follow.egg-info/SOURCES.txt'
[4.120s] running build_ext
[4.120s] Creating /home/mtouri/ros2_ws_humble/install/nimblbot_path_follow/lib/python3.10/site-packages/nimblbot-path-follow.egg-link (link to .)
[4.121s] Installing target_path_manager script to /home/mtouri/ros2_ws_humble/install/nimblbot_path_follow/lib/nimblbot_path_follow
[4.122s] 
[4.123s] Installed /home/mtouri/ros2_ws_humble/build/nimblbot_path_follow
[4.123s] running symlink_data
[4.123s] creating /home/mtouri/ros2_ws_humble/install/nimblbot_path_follow/share/ament_index
[4.123s] creating /home/mtouri/ros2_ws_humble/install/nimblbot_path_follow/share/ament_index/resource_index
[4.123s] creating /home/mtouri/ros2_ws_humble/install/nimblbot_path_follow/share/ament_index/resource_index/packages
[4.123s] symbolically linking /home/mtouri/ros2_ws_humble/build/nimblbot_path_follow/resource/nimblbot_path_follow -> /home/mtouri/ros2_ws_humble/install/nimblbot_path_follow/share/ament_index/resource_index/packages
[4.123s] symbolically linking /home/mtouri/ros2_ws_humble/build/nimblbot_path_follow/package.xml -> /home/mtouri/ros2_ws_humble/install/nimblbot_path_follow/share/nimblbot_path_follow
[4.261s] Invoked command in '/home/mtouri/ros2_ws_humble/build/nimblbot_path_follow' returned '0': PYTHONPATH=/home/mtouri/ros2_ws_humble/build/nimblbot_path_follow/prefix_override:/usr/lib/python3/dist-packages/colcon_core/task/python/colcon_distutils_commands:/home/mtouri/ros2_ws_humble/install/nimblbot_path_follow/lib/python3.10/site-packages:${PYTHONPATH} /usr/bin/python3 -W ignore:setup.py install is deprecated -W ignore:easy_install command is deprecated setup.py develop --editable --build-directory /home/mtouri/ros2_ws_humble/build/nimblbot_path_follow/build --no-deps symlink_data
