running develop
running egg_info
creating nimblbot_simulation_scenes.egg-info
writing nimblbot_simulation_scenes.egg-info/PKG-INFO
writing dependency_links to nimblbot_simulation_scenes.egg-info/dependency_links.txt
writing entry points to nimblbot_simulation_scenes.egg-info/entry_points.txt
writing requirements to nimblbot_simulation_scenes.egg-info/requires.txt
writing top-level names to nimblbot_simulation_scenes.egg-info/top_level.txt
writing manifest file 'nimblbot_simulation_scenes.egg-info/SOURCES.txt'
reading manifest file 'nimblbot_simulation_scenes.egg-info/SOURCES.txt'
writing manifest file 'nimblbot_simulation_scenes.egg-info/SOURCES.txt'
running build_ext
Creating /home/mtouri/ros2_ws_humble/install/nimblbot_simulation_scenes/lib/python3.10/site-packages/nimblbot-simulation-scenes.egg-link (link to .)
Installing dynamic_mesh_publisher script to /home/mtouri/ros2_ws_humble/install/nimblbot_simulation_scenes/lib/nimblbot_simulation_scenes
Installing fake_grasper script to /home/mtouri/ros2_ws_humble/install/nimblbot_simulation_scenes/lib/nimblbot_simulation_scenes
Installing follower_tf_publisher script to /home/mtouri/ros2_ws_humble/install/nimblbot_simulation_scenes/lib/nimblbot_simulation_scenes
Installing frames_connector script to /home/mtouri/ros2_ws_humble/install/nimblbot_simulation_scenes/lib/nimblbot_simulation_scenes
Installing interactive_tf_publisher script to /home/mtouri/ros2_ws_humble/install/nimblbot_simulation_scenes/lib/nimblbot_simulation_scenes
Installing mesh_publisher script to /home/mtouri/ros2_ws_humble/install/nimblbot_simulation_scenes/lib/nimblbot_simulation_scenes
Installing robot_trajectory_visualization script to /home/mtouri/ros2_ws_humble/install/nimblbot_simulation_scenes/lib/nimblbot_simulation_scenes
Installing tf_trace script to /home/mtouri/ros2_ws_humble/install/nimblbot_simulation_scenes/lib/nimblbot_simulation_scenes
Installing trajectory_path_generator script to /home/mtouri/ros2_ws_humble/install/nimblbot_simulation_scenes/lib/nimblbot_simulation_scenes
Installing update_robot_description script to /home/mtouri/ros2_ws_humble/install/nimblbot_simulation_scenes/lib/nimblbot_simulation_scenes

Installed /home/mtouri/ros2_ws_humble/build/nimblbot_simulation_scenes
running symlink_data
creating /home/mtouri/ros2_ws_humble/install/nimblbot_simulation_scenes/share/ament_index
creating /home/mtouri/ros2_ws_humble/install/nimblbot_simulation_scenes/share/ament_index/resource_index
creating /home/mtouri/ros2_ws_humble/install/nimblbot_simulation_scenes/share/ament_index/resource_index/packages
symbolically linking /home/mtouri/ros2_ws_humble/build/nimblbot_simulation_scenes/resource/nimblbot_simulation_scenes -> /home/mtouri/ros2_ws_humble/install/nimblbot_simulation_scenes/share/ament_index/resource_index/packages
symbolically linking /home/mtouri/ros2_ws_humble/build/nimblbot_simulation_scenes/package.xml -> /home/mtouri/ros2_ws_humble/install/nimblbot_simulation_scenes/share/nimblbot_simulation_scenes
creating /home/mtouri/ros2_ws_humble/install/nimblbot_simulation_scenes/share/nimblbot_simulation_scenes/launch
symbolically linking /home/mtouri/ros2_ws_humble/build/nimblbot_simulation_scenes/launch/scene_display_launch.xml -> /home/mtouri/ros2_ws_humble/install/nimblbot_simulation_scenes/share/nimblbot_simulation_scenes/launch
