running develop
running egg_info
creating synchros2_tutorials_example.egg-info
writing synchros2_tutorials_example.egg-info/PKG-INFO
writing dependency_links to synchros2_tutorials_example.egg-info/dependency_links.txt
writing entry points to synchros2_tutorials_example.egg-info/entry_points.txt
writing requirements to synchros2_tutorials_example.egg-info/requires.txt
writing top-level names to synchros2_tutorials_example.egg-info/top_level.txt
writing manifest file 'synchros2_tutorials_example.egg-info/SOURCES.txt'
reading manifest file 'synchros2_tutorials_example.egg-info/SOURCES.txt'
writing manifest file 'synchros2_tutorials_example.egg-info/SOURCES.txt'
running build_ext
Creating /home/mtouri/spot_ws/install/synchros2_tutorials_example/lib/python3.10/site-packages/synchros2-tutorials-example.egg-link (link to .)

Installed /home/mtouri/spot_ws/build/synchros2_tutorials_example
running symlink_data
creating /home/mtouri/spot_ws/install/synchros2_tutorials_example/share/ament_index
creating /home/mtouri/spot_ws/install/synchros2_tutorials_example/share/ament_index/resource_index
creating /home/mtouri/spot_ws/install/synchros2_tutorials_example/share/ament_index/resource_index/packages
symbolically linking /home/mtouri/spot_ws/build/synchros2_tutorials_example/resource/synchros2_tutorials_example -> /home/mtouri/spot_ws/install/synchros2_tutorials_example/share/ament_index/resource_index/packages
symbolically linking /home/mtouri/spot_ws/build/synchros2_tutorials_example/package.xml -> /home/mtouri/spot_ws/install/synchros2_tutorials_example/share/synchros2_tutorials_example
