[0.581s] Invoking command in '/home/mtouri/spot_ws/build/synchros2_tutorials_example': AMENT_PREFIX_PATH=/home/mtouri/spot_ws/install/synchros2_tutorials_interfaces_example:/home/mtouri/spot_ws/install/synchros2:${AMENT_PREFIX_PATH} CMAKE_PREFIX_PATH=/home/mtouri/spot_ws/install/synchros2_tutorials_interfaces_example LD_LIBRARY_PATH=/home/mtouri/spot_ws/install/synchros2_tutorials_interfaces_example/lib:/opt/spot-cpp-sdk/lib:/opt/ros/humble/opt/rviz_ogre_vendor/lib:/opt/ros/humble/lib/x86_64-linux-gnu:/opt/ros/humble/lib:/usr/lib:/usr/lib PYTHONPATH=/home/mtouri/spot_ws/build/synchros2_tutorials_example/prefix_override:/usr/lib/python3/dist-packages/colcon_core/task/python/colcon_distutils_commands:/home/mtouri/spot_ws/install/synchros2_tutorials_example/lib/python3.10/site-packages:/home/mtouri/spot_ws/install/synchros2_tutorials_interfaces_example/local/lib/python3.10/dist-packages:/home/mtouri/spot_ws/build/synchros2:/home/mtouri/spot_ws/install/synchros2/lib/python3.10/site-packages:${PYTHONPATH} /usr/bin/python3 -W ignore:setup.py install is deprecated -W ignore:easy_install command is deprecated setup.py develop --editable --build-directory /home/mtouri/spot_ws/build/synchros2_tutorials_example/build --no-deps symlink_data
[0.808s] running develop
[0.972s] running egg_info
[0.973s] creating synchros2_tutorials_example.egg-info
[0.973s] writing synchros2_tutorials_example.egg-info/PKG-INFO
[0.973s] writing dependency_links to synchros2_tutorials_example.egg-info/dependency_links.txt
[0.973s] writing entry points to synchros2_tutorials_example.egg-info/entry_points.txt
[0.973s] writing requirements to synchros2_tutorials_example.egg-info/requires.txt
[0.973s] writing top-level names to synchros2_tutorials_example.egg-info/top_level.txt
[0.973s] writing manifest file 'synchros2_tutorials_example.egg-info/SOURCES.txt'
[0.975s] reading manifest file 'synchros2_tutorials_example.egg-info/SOURCES.txt'
[0.975s] writing manifest file 'synchros2_tutorials_example.egg-info/SOURCES.txt'
[0.976s] running build_ext
[0.976s] Creating /home/mtouri/spot_ws/install/synchros2_tutorials_example/lib/python3.10/site-packages/synchros2-tutorials-example.egg-link (link to .)
[0.977s] 
[0.977s] Installed /home/mtouri/spot_ws/build/synchros2_tutorials_example
[0.977s] running symlink_data
[0.977s] creating /home/mtouri/spot_ws/install/synchros2_tutorials_example/share/ament_index
[0.977s] creating /home/mtouri/spot_ws/install/synchros2_tutorials_example/share/ament_index/resource_index
[0.977s] creating /home/mtouri/spot_ws/install/synchros2_tutorials_example/share/ament_index/resource_index/packages
[0.977s] symbolically linking /home/mtouri/spot_ws/build/synchros2_tutorials_example/resource/synchros2_tutorials_example -> /home/mtouri/spot_ws/install/synchros2_tutorials_example/share/ament_index/resource_index/packages
[0.977s] symbolically linking /home/mtouri/spot_ws/build/synchros2_tutorials_example/package.xml -> /home/mtouri/spot_ws/install/synchros2_tutorials_example/share/synchros2_tutorials_example
[1.007s] Invoked command in '/home/mtouri/spot_ws/build/synchros2_tutorials_example' returned '0': AMENT_PREFIX_PATH=/home/mtouri/spot_ws/install/synchros2_tutorials_interfaces_example:/home/mtouri/spot_ws/install/synchros2:${AMENT_PREFIX_PATH} CMAKE_PREFIX_PATH=/home/mtouri/spot_ws/install/synchros2_tutorials_interfaces_example LD_LIBRARY_PATH=/home/mtouri/spot_ws/install/synchros2_tutorials_interfaces_example/lib:/opt/spot-cpp-sdk/lib:/opt/ros/humble/opt/rviz_ogre_vendor/lib:/opt/ros/humble/lib/x86_64-linux-gnu:/opt/ros/humble/lib:/usr/lib:/usr/lib PYTHONPATH=/home/mtouri/spot_ws/build/synchros2_tutorials_example/prefix_override:/usr/lib/python3/dist-packages/colcon_core/task/python/colcon_distutils_commands:/home/mtouri/spot_ws/install/synchros2_tutorials_example/lib/python3.10/site-packages:/home/mtouri/spot_ws/install/synchros2_tutorials_interfaces_example/local/lib/python3.10/dist-packages:/home/mtouri/spot_ws/build/synchros2:/home/mtouri/spot_ws/install/synchros2/lib/python3.10/site-packages:${PYTHONPATH} /usr/bin/python3 -W ignore:setup.py install is deprecated -W ignore:easy_install command is deprecated setup.py develop --editable --build-directory /home/mtouri/spot_ws/build/synchros2_tutorials_example/build --no-deps symlink_data
