-- The C compiler identification is GNU 11.4.0
-- The CXX compiler identification is GNU 11.4.0
-- Detecting C compiler ABI info
-- Detecting C compiler ABI info - done
-- Check for working C compiler: /usr/bin/cc - skipped
-- Detecting C compile features
-- Detecting C compile features - done
-- Detecting CXX compiler ABI info
-- Detecting CXX compiler ABI info - done
-- Check for working CXX compiler: /usr/bin/c++ - skipped
-- Detecting CXX compile features
-- Detecting CXX compile features - done
-- Found ament_cmake: 1.3.14 (/opt/ros/humble/share/ament_cmake/cmake)
-- Found Python3: /usr/bin/python3 (found version "3.10.12") found components: Interpreter 
-- Override CMake install command with custom implementation using symlinks instead of copying resources
-- Found ament_lint_auto: 0.12.15 (/opt/ros/humble/share/ament_lint_auto/cmake)
-- Added test 'flake8' to check Python code syntax and style conventions
-- Added test 'lint_cmake' to check CMake code style
-- Added test 'pep257' to check Python code against some of the docstring style conventions in PEP 257
-- Added test 'xmllint' to check XML markup files
-- Configuring done
-- Generating done
-- Build files have been written to: /home/mtouri/ros2_ws_humble/build/nimblbot_description
Built target ament_cmake_python_symlink_xacro_maker
running egg_info
creating xacro_maker.egg-info
writing xacro_maker.egg-info/PKG-INFO
writing dependency_links to xacro_maker.egg-info/dependency_links.txt
writing top-level names to xacro_maker.egg-info/top_level.txt
writing manifest file 'xacro_maker.egg-info/SOURCES.txt'
reading manifest file 'xacro_maker.egg-info/SOURCES.txt'
writing manifest file 'xacro_maker.egg-info/SOURCES.txt'
Built target ament_cmake_python_build_xacro_maker_egg
-- Install configuration: ""
-- Execute custom install script
-- Symlinking: /home/mtouri/ros2_ws_humble/install/nimblbot_description/share/nimblbot_description/launch/generic_display_launch.py
-- Symlinking: /home/mtouri/ros2_ws_humble/install/nimblbot_description/share/nimblbot_description/meshes/nb120/low/bride.stl
-- Symlinking: /home/mtouri/ros2_ws_humble/install/nimblbot_description/share/nimblbot_description/meshes/nb120/low/poignet.stl
-- Symlinking: /home/mtouri/ros2_ws_humble/install/nimblbot_description/share/nimblbot_description/meshes/nb120/low/vertebre.stl
-- Symlinking: /home/mtouri/ros2_ws_humble/install/nimblbot_description/share/nimblbot_description/meshes/nb120/low/virole.stl
-- Symlinking: /home/mtouri/ros2_ws_humble/install/nimblbot_description/share/nimblbot_description/meshes/nb120/low/virole_femelle.stl
-- Symlinking: /home/mtouri/ros2_ws_humble/install/nimblbot_description/share/nimblbot_description/meshes/nb120/low/virole_male.stl
-- Symlinking: /home/mtouri/ros2_ws_humble/install/nimblbot_description/share/nimblbot_description/meshes/nb120/standard/demi_bride.stl
-- Symlinking: /home/mtouri/ros2_ws_humble/install/nimblbot_description/share/nimblbot_description/meshes/nb120/standard/poignet.stl
-- Symlinking: /home/mtouri/ros2_ws_humble/install/nimblbot_description/share/nimblbot_description/meshes/nb120/standard/rolling_line_1.stl
-- Symlinking: /home/mtouri/ros2_ws_humble/install/nimblbot_description/share/nimblbot_description/meshes/nb120/standard/rolling_line_2.stl
-- Symlinking: /home/mtouri/ros2_ws_humble/install/nimblbot_description/share/nimblbot_description/meshes/nb120/standard/vertebre.stl
-- Symlinking: /home/mtouri/ros2_ws_humble/install/nimblbot_description/share/nimblbot_description/meshes/nb120/standard/virole_femelle.stl
-- Symlinking: /home/mtouri/ros2_ws_humble/install/nimblbot_description/share/nimblbot_description/meshes/nb120/standard/virole_male.stl
-- Symlinking: /home/mtouri/ros2_ws_humble/install/nimblbot_description/share/nimblbot_description/meshes/nb55/low/bride.stl
-- Symlinking: /home/mtouri/ros2_ws_humble/install/nimblbot_description/share/nimblbot_description/meshes/nb55/low/poignet.stl
-- Symlinking: /home/mtouri/ros2_ws_humble/install/nimblbot_description/share/nimblbot_description/meshes/nb55/low/vertebre.stl
-- Symlinking: /home/mtouri/ros2_ws_humble/install/nimblbot_description/share/nimblbot_description/meshes/nb55/low/virole.stl
-- Symlinking: /home/mtouri/ros2_ws_humble/install/nimblbot_description/share/nimblbot_description/meshes/nb55/low/virole_femelle.stl
-- Symlinking: /home/mtouri/ros2_ws_humble/install/nimblbot_description/share/nimblbot_description/meshes/nb55/low/virole_male.stl
-- Symlinking: /home/mtouri/ros2_ws_humble/install/nimblbot_description/share/nimblbot_description/meshes/nb55/standard/demi_bride.stl
-- Symlinking: /home/mtouri/ros2_ws_humble/install/nimblbot_description/share/nimblbot_description/meshes/nb55/standard/poignet.stl
-- Symlinking: /home/mtouri/ros2_ws_humble/install/nimblbot_description/share/nimblbot_description/meshes/nb55/standard/rolling_line_1.stl
-- Symlinking: /home/mtouri/ros2_ws_humble/install/nimblbot_description/share/nimblbot_description/meshes/nb55/standard/rolling_line_2.stl
-- Symlinking: /home/mtouri/ros2_ws_humble/install/nimblbot_description/share/nimblbot_description/meshes/nb55/standard/vertebre.stl
-- Symlinking: /home/mtouri/ros2_ws_humble/install/nimblbot_description/share/nimblbot_description/meshes/nb55/standard/virole_femelle.stl
-- Symlinking: /home/mtouri/ros2_ws_humble/install/nimblbot_description/share/nimblbot_description/meshes/nb55/standard/virole_male.stl
-- Symlinking: /home/mtouri/ros2_ws_humble/install/nimblbot_description/share/nimblbot_description/templates/nb_robot.xacro
-- Symlinking: /home/mtouri/ros2_ws_humble/install/nimblbot_description/share/nimblbot_description/xacro/nb55_v7_mimic.xacro
-- Symlinking: /home/mtouri/ros2_ws_humble/install/nimblbot_description/share/nimblbot_description/xacro/nb_module.xacro
-- Symlinking: /home/mtouri/ros2_ws_humble/install/nimblbot_description/share/nimblbot_description/xacro/nb_module_mimic.xacro
-- Symlinking: /home/mtouri/ros2_ws_humble/install/nimblbot_description/share/nimblbot_description/xacro/nb_wrist.xacro
-- Symlinking: /home/mtouri/ros2_ws_humble/install/nimblbot_description/share/nimblbot_description/xacro_maker/__init__.py
-- Symlinking: /home/mtouri/ros2_ws_humble/install/nimblbot_description/share/nimblbot_description/xacro_maker/moveit_config_maker.py
-- Symlinking: /home/mtouri/ros2_ws_humble/install/nimblbot_description/share/nimblbot_description/xacro_maker/xacro_maker.py
-- Symlinking: /home/mtouri/ros2_ws_humble/install/nimblbot_description/share/nimblbot_description/config/initial_positions.yaml
-- Symlinking: /home/mtouri/ros2_ws_humble/install/nimblbot_description/share/nimblbot_description/config/joint_limits.yaml
-- Symlinking: /home/mtouri/ros2_ws_humble/install/nimblbot_description/share/nimblbot_description/config/kinematics.yaml
-- Symlinking: /home/mtouri/ros2_ws_humble/install/nimblbot_description/share/nimblbot_description/config/moveit_controllers.yaml
-- Symlinking: /home/mtouri/ros2_ws_humble/install/nimblbot_description/share/nimblbot_description/config/nb_moveit_configs_utils/nb_chomp_planning.yaml
-- Symlinking: /home/mtouri/ros2_ws_humble/install/nimblbot_description/share/nimblbot_description/config/nb_moveit_configs_utils/nb_ompl_planning.yaml
-- Symlinking: /home/mtouri/ros2_ws_humble/install/nimblbot_description/share/nimblbot_description/config/nb_moveit_configs_utils/nb_stomp_planning.yaml
-- Symlinking: /home/mtouri/ros2_ws_humble/install/nimblbot_description/share/nimblbot_description/config/nb_servo.yaml
-- Symlinking: /home/mtouri/ros2_ws_humble/install/nimblbot_description/share/nimblbot_description/config/ros2_controllers.yaml
-- Symlinking: /home/mtouri/ros2_ws_humble/install/nimblbot_description/share/nimblbot_description/config/trajectory_template.yaml
-- Symlinking: /home/mtouri/ros2_ws_humble/install/nimblbot_description/share/nimblbot_description/environment/pythonpath.sh
-- Symlinking: /home/mtouri/ros2_ws_humble/install/nimblbot_description/share/nimblbot_description/environment/pythonpath.dsv
-- Symlinking: /home/mtouri/ros2_ws_humble/install/nimblbot_description/local/lib/python3.10/dist-packages/xacro_maker-0.1.0-py3.10.egg-info/PKG-INFO
-- Symlinking: /home/mtouri/ros2_ws_humble/install/nimblbot_description/local/lib/python3.10/dist-packages/xacro_maker-0.1.0-py3.10.egg-info/SOURCES.txt
-- Symlinking: /home/mtouri/ros2_ws_humble/install/nimblbot_description/local/lib/python3.10/dist-packages/xacro_maker-0.1.0-py3.10.egg-info/dependency_links.txt
-- Symlinking: /home/mtouri/ros2_ws_humble/install/nimblbot_description/local/lib/python3.10/dist-packages/xacro_maker-0.1.0-py3.10.egg-info/top_level.txt
-- Symlinking: /home/mtouri/ros2_ws_humble/install/nimblbot_description/local/lib/python3.10/dist-packages/xacro_maker/__init__.py
-- Symlinking: /home/mtouri/ros2_ws_humble/install/nimblbot_description/local/lib/python3.10/dist-packages/xacro_maker/moveit_config_maker.py
-- Symlinking: /home/mtouri/ros2_ws_humble/install/nimblbot_description/local/lib/python3.10/dist-packages/xacro_maker/xacro_maker.py
-- Symlinking: /home/mtouri/ros2_ws_humble/install/nimblbot_description/share/ament_index/resource_index/package_run_dependencies/nimblbot_description
-- Symlinking: /home/mtouri/ros2_ws_humble/install/nimblbot_description/share/ament_index/resource_index/parent_prefix_path/nimblbot_description
-- Symlinking: /home/mtouri/ros2_ws_humble/install/nimblbot_description/share/nimblbot_description/environment/ament_prefix_path.sh
-- Symlinking: /home/mtouri/ros2_ws_humble/install/nimblbot_description/share/nimblbot_description/environment/ament_prefix_path.dsv
-- Symlinking: /home/mtouri/ros2_ws_humble/install/nimblbot_description/share/nimblbot_description/environment/path.sh
-- Symlinking: /home/mtouri/ros2_ws_humble/install/nimblbot_description/share/nimblbot_description/environment/path.dsv
-- Symlinking: /home/mtouri/ros2_ws_humble/install/nimblbot_description/share/nimblbot_description/local_setup.bash
-- Symlinking: /home/mtouri/ros2_ws_humble/install/nimblbot_description/share/nimblbot_description/local_setup.sh
-- Symlinking: /home/mtouri/ros2_ws_humble/install/nimblbot_description/share/nimblbot_description/local_setup.zsh
-- Symlinking: /home/mtouri/ros2_ws_humble/install/nimblbot_description/share/nimblbot_description/local_setup.dsv
-- Symlinking: /home/mtouri/ros2_ws_humble/install/nimblbot_description/share/nimblbot_description/package.dsv
-- Symlinking: /home/mtouri/ros2_ws_humble/install/nimblbot_description/share/ament_index/resource_index/packages/nimblbot_description
-- Symlinking: /home/mtouri/ros2_ws_humble/install/nimblbot_description/share/nimblbot_description/cmake/nimblbot_descriptionConfig.cmake
-- Symlinking: /home/mtouri/ros2_ws_humble/install/nimblbot_description/share/nimblbot_description/cmake/nimblbot_descriptionConfig-version.cmake
-- Symlinking: /home/mtouri/ros2_ws_humble/install/nimblbot_description/share/nimblbot_description/package.xml
Listing '/home/mtouri/ros2_ws_humble/install/nimblbot_description/local/lib/python3.10/dist-packages/xacro_maker'...
Compiling '/home/mtouri/ros2_ws_humble/install/nimblbot_description/local/lib/python3.10/dist-packages/xacro_maker/__init__.py'...
Compiling '/home/mtouri/ros2_ws_humble/install/nimblbot_description/local/lib/python3.10/dist-packages/xacro_maker/moveit_config_maker.py'...
Compiling '/home/mtouri/ros2_ws_humble/install/nimblbot_description/local/lib/python3.10/dist-packages/xacro_maker/xacro_maker.py'...
