[0.062s] Invoking command in '/home/mtouri/ros2_ws_humble/build/nimblbot_description': CMAKE_PREFIX_PATH=${CMAKE_PREFIX_PATH}:/home/mtouri/spot_ws/install/synchros2_tutorials_example:/home/mtouri/spot_ws/install/spot_examples:/home/mtouri/spot_ws/install/spot_common:/home/mtouri/spot_ws/install/synchros2:/home/mtouri/ros2_ws_humble/install/rviz_manager:/home/mtouri/ros2_ws_humble/install/nimblbot_control:/home/mtouri/ros2_ws_humble/install/nimblbot_utils:/home/mtouri/ros2_ws_humble/install/nimblbot_simulation_scenes:/home/mtouri/ros2_ws_humble/install/nimblbot_path_follow:/home/mtouri/ros2_ws_humble/install/nimblbot_kinematics:/home/mtouri/ros2_ws_humble/install/nimblbot_driver:/home/mtouri/ros2_ws_humble/install/circular_carrier_control:/home/mtouri/ros2_ws_humble/install/nanotec_driver:/opt/ros/humble /usr/bin/cmake /home/mtouri/ros2_ws_humble/src/nimblbot-ros-2/nimblbot_description -DAMENT_CMAKE_SYMLINK_INSTALL=1 -DCMAKE_INSTALL_PREFIX=/home/mtouri/ros2_ws_humble/install/nimblbot_description
[2.052s] -- The C compiler identification is GNU 11.4.0
[2.052s] -- The CXX compiler identification is GNU 11.4.0
[2.052s] -- Detecting C compiler ABI info
[2.052s] -- Detecting C compiler ABI info - done
[2.052s] -- Check for working C compiler: /usr/bin/cc - skipped
[2.052s] -- Detecting C compile features
[2.052s] -- Detecting C compile features - done
[2.052s] -- Detecting CXX compiler ABI info
[2.052s] -- Detecting CXX compiler ABI info - done
[2.052s] -- Check for working CXX compiler: /usr/bin/c++ - skipped
[2.053s] -- Detecting CXX compile features
[2.053s] -- Detecting CXX compile features - done
[2.053s] -- Found ament_cmake: 1.3.14 (/opt/ros/humble/share/ament_cmake/cmake)
[2.053s] -- Found Python3: /usr/bin/python3 (found version "3.10.12") found components: Interpreter 
[2.053s] -- Override CMake install command with custom implementation using symlinks instead of copying resources
[2.053s] -- Found ament_lint_auto: 0.12.15 (/opt/ros/humble/share/ament_lint_auto/cmake)
[2.053s] -- Added test 'flake8' to check Python code syntax and style conventions
[2.053s] -- Added test 'lint_cmake' to check CMake code style
[2.053s] -- Added test 'pep257' to check Python code against some of the docstring style conventions in PEP 257
[2.053s] -- Added test 'xmllint' to check XML markup files
[2.053s] -- Configuring done
[2.053s] -- Generating done
[2.053s] -- Build files have been written to: /home/mtouri/ros2_ws_humble/build/nimblbot_description
[2.328s] Invoked command in '/home/mtouri/ros2_ws_humble/build/nimblbot_description' returned '0': CMAKE_PREFIX_PATH=${CMAKE_PREFIX_PATH}:/home/mtouri/spot_ws/install/synchros2_tutorials_example:/home/mtouri/spot_ws/install/spot_examples:/home/mtouri/spot_ws/install/spot_common:/home/mtouri/spot_ws/install/synchros2:/home/mtouri/ros2_ws_humble/install/rviz_manager:/home/mtouri/ros2_ws_humble/install/nimblbot_control:/home/mtouri/ros2_ws_humble/install/nimblbot_utils:/home/mtouri/ros2_ws_humble/install/nimblbot_simulation_scenes:/home/mtouri/ros2_ws_humble/install/nimblbot_path_follow:/home/mtouri/ros2_ws_humble/install/nimblbot_kinematics:/home/mtouri/ros2_ws_humble/install/nimblbot_driver:/home/mtouri/ros2_ws_humble/install/circular_carrier_control:/home/mtouri/ros2_ws_humble/install/nanotec_driver:/opt/ros/humble /usr/bin/cmake /home/mtouri/ros2_ws_humble/src/nimblbot-ros-2/nimblbot_description -DAMENT_CMAKE_SYMLINK_INSTALL=1 -DCMAKE_INSTALL_PREFIX=/home/mtouri/ros2_ws_humble/install/nimblbot_description
[2.330s] Invoking command in '/home/mtouri/ros2_ws_humble/build/nimblbot_description': CMAKE_PREFIX_PATH=${CMAKE_PREFIX_PATH}:/home/mtouri/spot_ws/install/synchros2_tutorials_example:/home/mtouri/spot_ws/install/spot_examples:/home/mtouri/spot_ws/install/spot_common:/home/mtouri/spot_ws/install/synchros2:/home/mtouri/ros2_ws_humble/install/rviz_manager:/home/mtouri/ros2_ws_humble/install/nimblbot_control:/home/mtouri/ros2_ws_humble/install/nimblbot_utils:/home/mtouri/ros2_ws_humble/install/nimblbot_simulation_scenes:/home/mtouri/ros2_ws_humble/install/nimblbot_path_follow:/home/mtouri/ros2_ws_humble/install/nimblbot_kinematics:/home/mtouri/ros2_ws_humble/install/nimblbot_driver:/home/mtouri/ros2_ws_humble/install/circular_carrier_control:/home/mtouri/ros2_ws_humble/install/nanotec_driver:/opt/ros/humble /usr/bin/cmake --build /home/mtouri/ros2_ws_humble/build/nimblbot_description -- -j16 -l16
[2.423s] Built target ament_cmake_python_symlink_xacro_maker
[3.022s] running egg_info
[3.022s] creating xacro_maker.egg-info
[3.026s] writing xacro_maker.egg-info/PKG-INFO
[3.026s] writing dependency_links to xacro_maker.egg-info/dependency_links.txt
[3.028s] writing top-level names to xacro_maker.egg-info/top_level.txt
[3.028s] writing manifest file 'xacro_maker.egg-info/SOURCES.txt'
[3.039s] reading manifest file 'xacro_maker.egg-info/SOURCES.txt'
[3.040s] writing manifest file 'xacro_maker.egg-info/SOURCES.txt'
[3.131s] Built target ament_cmake_python_build_xacro_maker_egg
[3.156s] Invoked command in '/home/mtouri/ros2_ws_humble/build/nimblbot_description' returned '0': CMAKE_PREFIX_PATH=${CMAKE_PREFIX_PATH}:/home/mtouri/spot_ws/install/synchros2_tutorials_example:/home/mtouri/spot_ws/install/spot_examples:/home/mtouri/spot_ws/install/spot_common:/home/mtouri/spot_ws/install/synchros2:/home/mtouri/ros2_ws_humble/install/rviz_manager:/home/mtouri/ros2_ws_humble/install/nimblbot_control:/home/mtouri/ros2_ws_humble/install/nimblbot_utils:/home/mtouri/ros2_ws_humble/install/nimblbot_simulation_scenes:/home/mtouri/ros2_ws_humble/install/nimblbot_path_follow:/home/mtouri/ros2_ws_humble/install/nimblbot_kinematics:/home/mtouri/ros2_ws_humble/install/nimblbot_driver:/home/mtouri/ros2_ws_humble/install/circular_carrier_control:/home/mtouri/ros2_ws_humble/install/nanotec_driver:/opt/ros/humble /usr/bin/cmake --build /home/mtouri/ros2_ws_humble/build/nimblbot_description -- -j16 -l16
[3.157s] Invoking command in '/home/mtouri/ros2_ws_humble/build/nimblbot_description': CMAKE_PREFIX_PATH=${CMAKE_PREFIX_PATH}:/home/mtouri/spot_ws/install/synchros2_tutorials_example:/home/mtouri/spot_ws/install/spot_examples:/home/mtouri/spot_ws/install/spot_common:/home/mtouri/spot_ws/install/synchros2:/home/mtouri/ros2_ws_humble/install/rviz_manager:/home/mtouri/ros2_ws_humble/install/nimblbot_control:/home/mtouri/ros2_ws_humble/install/nimblbot_utils:/home/mtouri/ros2_ws_humble/install/nimblbot_simulation_scenes:/home/mtouri/ros2_ws_humble/install/nimblbot_path_follow:/home/mtouri/ros2_ws_humble/install/nimblbot_kinematics:/home/mtouri/ros2_ws_humble/install/nimblbot_driver:/home/mtouri/ros2_ws_humble/install/circular_carrier_control:/home/mtouri/ros2_ws_humble/install/nanotec_driver:/opt/ros/humble /usr/bin/cmake --install /home/mtouri/ros2_ws_humble/build/nimblbot_description
[3.170s] -- Install configuration: ""
[3.170s] -- Execute custom install script
[3.171s] -- Symlinking: /home/mtouri/ros2_ws_humble/install/nimblbot_description/share/nimblbot_description/launch/generic_display_launch.py
[3.195s] -- Symlinking: /home/mtouri/ros2_ws_humble/install/nimblbot_description/share/nimblbot_description/meshes/nb120/low/bride.stl
[3.213s] -- Symlinking: /home/mtouri/ros2_ws_humble/install/nimblbot_description/share/nimblbot_description/meshes/nb120/low/poignet.stl
[3.235s] -- Symlinking: /home/mtouri/ros2_ws_humble/install/nimblbot_description/share/nimblbot_description/meshes/nb120/low/vertebre.stl
[3.251s] -- Symlinking: /home/mtouri/ros2_ws_humble/install/nimblbot_description/share/nimblbot_description/meshes/nb120/low/virole.stl
[3.268s] -- Symlinking: /home/mtouri/ros2_ws_humble/install/nimblbot_description/share/nimblbot_description/meshes/nb120/low/virole_femelle.stl
[3.295s] -- Symlinking: /home/mtouri/ros2_ws_humble/install/nimblbot_description/share/nimblbot_description/meshes/nb120/low/virole_male.stl
[3.307s] -- Symlinking: /home/mtouri/ros2_ws_humble/install/nimblbot_description/share/nimblbot_description/meshes/nb120/standard/demi_bride.stl
[3.342s] -- Symlinking: /home/mtouri/ros2_ws_humble/install/nimblbot_description/share/nimblbot_description/meshes/nb120/standard/poignet.stl
[3.369s] -- Symlinking: /home/mtouri/ros2_ws_humble/install/nimblbot_description/share/nimblbot_description/meshes/nb120/standard/rolling_line_1.stl
[3.391s] -- Symlinking: /home/mtouri/ros2_ws_humble/install/nimblbot_description/share/nimblbot_description/meshes/nb120/standard/rolling_line_2.stl
[3.413s] -- Symlinking: /home/mtouri/ros2_ws_humble/install/nimblbot_description/share/nimblbot_description/meshes/nb120/standard/vertebre.stl
[3.440s] -- Symlinking: /home/mtouri/ros2_ws_humble/install/nimblbot_description/share/nimblbot_description/meshes/nb120/standard/virole_femelle.stl
[3.474s] -- Symlinking: /home/mtouri/ros2_ws_humble/install/nimblbot_description/share/nimblbot_description/meshes/nb120/standard/virole_male.stl
[3.499s] -- Symlinking: /home/mtouri/ros2_ws_humble/install/nimblbot_description/share/nimblbot_description/meshes/nb55/low/bride.stl
[3.521s] -- Symlinking: /home/mtouri/ros2_ws_humble/install/nimblbot_description/share/nimblbot_description/meshes/nb55/low/poignet.stl
[3.553s] -- Symlinking: /home/mtouri/ros2_ws_humble/install/nimblbot_description/share/nimblbot_description/meshes/nb55/low/vertebre.stl
[3.589s] -- Symlinking: /home/mtouri/ros2_ws_humble/install/nimblbot_description/share/nimblbot_description/meshes/nb55/low/virole.stl
[3.622s] -- Symlinking: /home/mtouri/ros2_ws_humble/install/nimblbot_description/share/nimblbot_description/meshes/nb55/low/virole_femelle.stl
[3.661s] -- Symlinking: /home/mtouri/ros2_ws_humble/install/nimblbot_description/share/nimblbot_description/meshes/nb55/low/virole_male.stl
[3.686s] -- Symlinking: /home/mtouri/ros2_ws_humble/install/nimblbot_description/share/nimblbot_description/meshes/nb55/standard/demi_bride.stl
[3.720s] -- Symlinking: /home/mtouri/ros2_ws_humble/install/nimblbot_description/share/nimblbot_description/meshes/nb55/standard/poignet.stl
[3.740s] -- Symlinking: /home/mtouri/ros2_ws_humble/install/nimblbot_description/share/nimblbot_description/meshes/nb55/standard/rolling_line_1.stl
[3.795s] -- Symlinking: /home/mtouri/ros2_ws_humble/install/nimblbot_description/share/nimblbot_description/meshes/nb55/standard/rolling_line_2.stl
[3.828s] -- Symlinking: /home/mtouri/ros2_ws_humble/install/nimblbot_description/share/nimblbot_description/meshes/nb55/standard/vertebre.stl
[3.856s] -- Symlinking: /home/mtouri/ros2_ws_humble/install/nimblbot_description/share/nimblbot_description/meshes/nb55/standard/virole_femelle.stl
[3.903s] -- Symlinking: /home/mtouri/ros2_ws_humble/install/nimblbot_description/share/nimblbot_description/meshes/nb55/standard/virole_male.stl
[3.936s] -- Symlinking: /home/mtouri/ros2_ws_humble/install/nimblbot_description/share/nimblbot_description/templates/nb_robot.xacro
[3.971s] -- Symlinking: /home/mtouri/ros2_ws_humble/install/nimblbot_description/share/nimblbot_description/xacro/nb55_v7_mimic.xacro
[4.004s] -- Symlinking: /home/mtouri/ros2_ws_humble/install/nimblbot_description/share/nimblbot_description/xacro/nb_module.xacro
[4.039s] -- Symlinking: /home/mtouri/ros2_ws_humble/install/nimblbot_description/share/nimblbot_description/xacro/nb_module_mimic.xacro
[4.078s] -- Symlinking: /home/mtouri/ros2_ws_humble/install/nimblbot_description/share/nimblbot_description/xacro/nb_wrist.xacro
[4.112s] -- Symlinking: /home/mtouri/ros2_ws_humble/install/nimblbot_description/share/nimblbot_description/xacro_maker/__init__.py
[4.128s] -- Symlinking: /home/mtouri/ros2_ws_humble/install/nimblbot_description/share/nimblbot_description/xacro_maker/moveit_config_maker.py
[4.150s] -- Symlinking: /home/mtouri/ros2_ws_humble/install/nimblbot_description/share/nimblbot_description/xacro_maker/xacro_maker.py
[4.167s] -- Symlinking: /home/mtouri/ros2_ws_humble/install/nimblbot_description/share/nimblbot_description/config/initial_positions.yaml
[4.189s] -- Symlinking: /home/mtouri/ros2_ws_humble/install/nimblbot_description/share/nimblbot_description/config/joint_limits.yaml
[4.208s] -- Symlinking: /home/mtouri/ros2_ws_humble/install/nimblbot_description/share/nimblbot_description/config/kinematics.yaml
[4.223s] -- Symlinking: /home/mtouri/ros2_ws_humble/install/nimblbot_description/share/nimblbot_description/config/moveit_controllers.yaml
[4.239s] -- Symlinking: /home/mtouri/ros2_ws_humble/install/nimblbot_description/share/nimblbot_description/config/nb_moveit_configs_utils/nb_chomp_planning.yaml
[4.259s] -- Symlinking: /home/mtouri/ros2_ws_humble/install/nimblbot_description/share/nimblbot_description/config/nb_moveit_configs_utils/nb_ompl_planning.yaml
[4.274s] -- Symlinking: /home/mtouri/ros2_ws_humble/install/nimblbot_description/share/nimblbot_description/config/nb_moveit_configs_utils/nb_stomp_planning.yaml
[4.291s] -- Symlinking: /home/mtouri/ros2_ws_humble/install/nimblbot_description/share/nimblbot_description/config/nb_servo.yaml
[4.314s] -- Symlinking: /home/mtouri/ros2_ws_humble/install/nimblbot_description/share/nimblbot_description/config/ros2_controllers.yaml
[4.334s] -- Symlinking: /home/mtouri/ros2_ws_humble/install/nimblbot_description/share/nimblbot_description/config/trajectory_template.yaml
[4.353s] -- Symlinking: /home/mtouri/ros2_ws_humble/install/nimblbot_description/share/nimblbot_description/environment/pythonpath.sh
[4.374s] -- Symlinking: /home/mtouri/ros2_ws_humble/install/nimblbot_description/share/nimblbot_description/environment/pythonpath.dsv
[4.388s] -- Symlinking: /home/mtouri/ros2_ws_humble/install/nimblbot_description/local/lib/python3.10/dist-packages/xacro_maker-0.1.0-py3.10.egg-info/PKG-INFO
[4.408s] -- Symlinking: /home/mtouri/ros2_ws_humble/install/nimblbot_description/local/lib/python3.10/dist-packages/xacro_maker-0.1.0-py3.10.egg-info/SOURCES.txt
[4.427s] -- Symlinking: /home/mtouri/ros2_ws_humble/install/nimblbot_description/local/lib/python3.10/dist-packages/xacro_maker-0.1.0-py3.10.egg-info/dependency_links.txt
[4.444s] -- Symlinking: /home/mtouri/ros2_ws_humble/install/nimblbot_description/local/lib/python3.10/dist-packages/xacro_maker-0.1.0-py3.10.egg-info/top_level.txt
[4.463s] -- Symlinking: /home/mtouri/ros2_ws_humble/install/nimblbot_description/local/lib/python3.10/dist-packages/xacro_maker/__init__.py
[4.481s] -- Symlinking: /home/mtouri/ros2_ws_humble/install/nimblbot_description/local/lib/python3.10/dist-packages/xacro_maker/moveit_config_maker.py
[4.500s] -- Symlinking: /home/mtouri/ros2_ws_humble/install/nimblbot_description/local/lib/python3.10/dist-packages/xacro_maker/xacro_maker.py
[4.519s] -- Symlinking: /home/mtouri/ros2_ws_humble/install/nimblbot_description/share/ament_index/resource_index/package_run_dependencies/nimblbot_description
[4.535s] -- Symlinking: /home/mtouri/ros2_ws_humble/install/nimblbot_description/share/ament_index/resource_index/parent_prefix_path/nimblbot_description
[4.556s] -- Symlinking: /home/mtouri/ros2_ws_humble/install/nimblbot_description/share/nimblbot_description/environment/ament_prefix_path.sh
[4.570s] -- Symlinking: /home/mtouri/ros2_ws_humble/install/nimblbot_description/share/nimblbot_description/environment/ament_prefix_path.dsv
[4.584s] -- Symlinking: /home/mtouri/ros2_ws_humble/install/nimblbot_description/share/nimblbot_description/environment/path.sh
[4.602s] -- Symlinking: /home/mtouri/ros2_ws_humble/install/nimblbot_description/share/nimblbot_description/environment/path.dsv
[4.617s] -- Symlinking: /home/mtouri/ros2_ws_humble/install/nimblbot_description/share/nimblbot_description/local_setup.bash
[4.631s] -- Symlinking: /home/mtouri/ros2_ws_humble/install/nimblbot_description/share/nimblbot_description/local_setup.sh
[4.648s] -- Symlinking: /home/mtouri/ros2_ws_humble/install/nimblbot_description/share/nimblbot_description/local_setup.zsh
[4.659s] -- Symlinking: /home/mtouri/ros2_ws_humble/install/nimblbot_description/share/nimblbot_description/local_setup.dsv
[4.671s] -- Symlinking: /home/mtouri/ros2_ws_humble/install/nimblbot_description/share/nimblbot_description/package.dsv
[4.682s] -- Symlinking: /home/mtouri/ros2_ws_humble/install/nimblbot_description/share/ament_index/resource_index/packages/nimblbot_description
[4.693s] -- Symlinking: /home/mtouri/ros2_ws_humble/install/nimblbot_description/share/nimblbot_description/cmake/nimblbot_descriptionConfig.cmake
[4.705s] -- Symlinking: /home/mtouri/ros2_ws_humble/install/nimblbot_description/share/nimblbot_description/cmake/nimblbot_descriptionConfig-version.cmake
[4.717s] -- Symlinking: /home/mtouri/ros2_ws_humble/install/nimblbot_description/share/nimblbot_description/package.xml
[4.770s] Listing '/home/mtouri/ros2_ws_humble/install/nimblbot_description/local/lib/python3.10/dist-packages/xacro_maker'...
[4.770s] Compiling '/home/mtouri/ros2_ws_humble/install/nimblbot_description/local/lib/python3.10/dist-packages/xacro_maker/__init__.py'...
[4.771s] Compiling '/home/mtouri/ros2_ws_humble/install/nimblbot_description/local/lib/python3.10/dist-packages/xacro_maker/moveit_config_maker.py'...
[4.771s] Compiling '/home/mtouri/ros2_ws_humble/install/nimblbot_description/local/lib/python3.10/dist-packages/xacro_maker/xacro_maker.py'...
[4.933s] Invoked command in '/home/mtouri/ros2_ws_humble/build/nimblbot_description' returned '0': CMAKE_PREFIX_PATH=${CMAKE_PREFIX_PATH}:/home/mtouri/spot_ws/install/synchros2_tutorials_example:/home/mtouri/spot_ws/install/spot_examples:/home/mtouri/spot_ws/install/spot_common:/home/mtouri/spot_ws/install/synchros2:/home/mtouri/ros2_ws_humble/install/rviz_manager:/home/mtouri/ros2_ws_humble/install/nimblbot_control:/home/mtouri/ros2_ws_humble/install/nimblbot_utils:/home/mtouri/ros2_ws_humble/install/nimblbot_simulation_scenes:/home/mtouri/ros2_ws_humble/install/nimblbot_path_follow:/home/mtouri/ros2_ws_humble/install/nimblbot_kinematics:/home/mtouri/ros2_ws_humble/install/nimblbot_driver:/home/mtouri/ros2_ws_humble/install/circular_carrier_control:/home/mtouri/ros2_ws_humble/install/nanotec_driver:/opt/ros/humble /usr/bin/cmake --install /home/mtouri/ros2_ws_humble/build/nimblbot_description
