-- The C compiler identification is GNU 11.4.0
-- The CXX compiler identification is GNU 11.4.0
-- Detecting C compiler ABI info
-- Detecting C compiler ABI info - done
-- Check for working C compiler: /usr/bin/cc - skipped
-- Detecting C compile features
-- Detecting C compile features - done
-- Detecting CXX compiler ABI info
-- Detecting CXX compiler ABI info - done
-- Check for working CXX compiler: /usr/bin/c++ - skipped
-- Detecting CXX compile features
-- Detecting CXX compile features - done
-- Found ament_cmake: 1.3.14 (/opt/ros/humble/share/ament_cmake/cmake)
-- Found Python3: /usr/bin/python3 (found version "3.10.12") found components: Interpreter 
-- Override CMake install command with custom implementation using symlinks instead of copying resources
-- Found controller_interface: 2.53.1 (/opt/ros/humble/share/controller_interface/cmake)
-- Found rosidl_generator_c: 3.1.8 (/opt/ros/humble/share/rosidl_generator_c/cmake)
-- Found rosidl_adapter: 3.1.8 (/opt/ros/humble/share/rosidl_adapter/cmake)
-- Found rosidl_generator_cpp: 3.1.8 (/opt/ros/humble/share/rosidl_generator_cpp/cmake)
-- Using all available rosidl_typesupport_c: rosidl_typesupport_fastrtps_c;rosidl_typesupport_introspection_c
-- Using all available rosidl_typesupport_cpp: rosidl_typesupport_fastrtps_cpp;rosidl_typesupport_introspection_cpp
-- Found rmw_implementation_cmake: 6.1.2 (/opt/ros/humble/share/rmw_implementation_cmake/cmake)
-- Found rmw_fastrtps_cpp: 6.2.10 (/opt/ros/humble/share/rmw_fastrtps_cpp/cmake)
-- Found TinyXML2 via Config file: TinyXML2_DIR-NOTFOUND
-- Found OpenSSL: /usr/lib/x86_64-linux-gnu/libcrypto.so (found version "3.0.2")  
-- Found TinyXML2 via Config file: TinyXML2_DIR-NOTFOUND
-- Found FastRTPS: /opt/ros/humble/include  
-- Found TinyXML2 via Config file: TinyXML2_DIR-NOTFOUND
-- Found TinyXML2 via Config file: TinyXML2_DIR-NOTFOUND
-- Using RMW implementation 'rmw_fastrtps_cpp' as default
-- Looking for pthread.h
-- Looking for pthread.h - found
-- Performing Test CMAKE_HAVE_LIBC_PTHREAD
-- Performing Test CMAKE_HAVE_LIBC_PTHREAD - Success
-- Found Threads: TRUE  
-- Found forward_command_controller: 2.52.1 (/opt/ros/humble/share/forward_command_controller/cmake)
-- Found imu_sensor_broadcaster: 2.52.1 (/opt/ros/humble/share/imu_sensor_broadcaster/cmake)
-- Found spot_msgs: 0.0.0 (/home/mtouri/spot_ws/install/spot_msgs/share/spot_msgs/cmake)
-- Found PythonInterp: /usr/bin/python3.10 (found version "3.10.12") 
-- Found Protobuf: /usr/lib/x86_64-linux-gnu/libprotobuf.so (found version "3.12.4") 
-- Found rosidl_default_generators: 1.2.1 (/opt/ros/humble/share/rosidl_default_generators/cmake)
-- Checking for module 'grpc'
--   Found grpc, version 10.0.0
-- Checking for module 'grpc++'
--   Found grpc++, version 1.30.2
-- CMake is running /opt/spot-cpp-sdk/lib/cmake/bosdyn/UseInstallbosdyn.cmake
-- Found tf2_geometry_msgs: 0.25.20 (/opt/ros/humble/share/tf2_geometry_msgs/cmake)
-- Found eigen3_cmake_module: 0.1.1 (/opt/ros/humble/share/eigen3_cmake_module/cmake)
-- Found Eigen3: TRUE (found version "3.4.0") 
-- Ensuring Eigen3 include directory is part of orocos-kdl CMake target
-- Configuring done
-- Generating done
-- Build files have been written to: /home/mtouri/spot_ws/build/spot_controllers
[ 23%] [34m[1mRunning `/opt/ros/humble/bin/generate_parameter_library_cpp /home/mtouri/spot_ws/build/spot_controllers/include/spot_controllers/forward_state_controller_parameters.hpp /home/mtouri/spot_ws/src/spot_ros2/spot_controllers/include/spot_controllers/parameters/forward_state_controller_parameters.yaml `[0m
[ 23%] [34m[1mRunning `/opt/ros/humble/bin/generate_parameter_library_cpp /home/mtouri/spot_ws/build/spot_controllers/include/spot_controllers/spot_joint_controller_parameters.hpp /home/mtouri/spot_ws/src/spot_ros2/spot_controllers/include/spot_controllers/parameters/spot_joint_controller_parameters.yaml `[0m
[ 23%] [34m[1mRunning `/opt/ros/humble/bin/generate_parameter_library_cpp /home/mtouri/spot_ws/build/spot_controllers/include/spot_controllers/foot_state_broadcaster_parameters.hpp /home/mtouri/spot_ws/src/spot_ros2/spot_controllers/include/spot_controllers/parameters/foot_state_broadcaster_parameters.yaml `[0m
[ 23%] [34m[1mRunning `/opt/ros/humble/bin/generate_parameter_library_cpp /home/mtouri/spot_ws/build/spot_controllers/include/spot_controllers/spot_imu_broadcaster_parameters.hpp /home/mtouri/spot_ws/src/spot_ros2/spot_controllers/include/spot_controllers/parameters/spot_imu_broadcaster_parameters.yaml `[0m
[ 29%] [34m[1mRunning `/opt/ros/humble/bin/generate_parameter_library_cpp /home/mtouri/spot_ws/build/spot_controllers/include/spot_controllers/spot_pose_broadcaster_parameters.hpp /home/mtouri/spot_ws/src/spot_ros2/spot_controllers/include/spot_controllers/parameters/spot_pose_broadcaster_parameters.yaml `[0m
[ 35%] [34m[1mCreating deprecated header file /home/mtouri/spot_ws/build/spot_controllers/include/spot_joint_controller_parameters.hpp[0m
[ 41%] [34m[1mCreating deprecated header file /home/mtouri/spot_ws/build/spot_controllers/include/foot_state_broadcaster_parameters.hpp[0m
[ 41%] Built target spot_joint_controller_parameters
[ 47%] [34m[1mCreating deprecated header file /home/mtouri/spot_ws/build/spot_controllers/include/forward_state_controller_parameters.hpp[0m
[ 47%] Built target foot_state_broadcaster_parameters
[ 47%] Built target forward_state_controller_parameters
[ 52%] [34m[1mCreating deprecated header file /home/mtouri/spot_ws/build/spot_controllers/include/spot_pose_broadcaster_parameters.hpp[0m
[ 58%] [34m[1mCreating deprecated header file /home/mtouri/spot_ws/build/spot_controllers/include/spot_imu_broadcaster_parameters.hpp[0m
[ 58%] Built target spot_pose_broadcaster_parameters
[ 58%] Built target spot_imu_broadcaster_parameters
[ 88%] [32mBuilding CXX object CMakeFiles/spot_controllers.dir/src/spot_imu_broadcaster.cpp.o[0m
[ 88%] [32mBuilding CXX object CMakeFiles/spot_controllers.dir/src/forward_state_controller.cpp.o[0m
[ 88%] [32mBuilding CXX object CMakeFiles/spot_controllers.dir/src/spot_controller_utils.cpp.o[0m
[ 88%] [32mBuilding CXX object CMakeFiles/spot_controllers.dir/src/foot_state_broadcaster.cpp.o[0m
[ 88%] [32mBuilding CXX object CMakeFiles/spot_controllers.dir/src/spot_joint_controller.cpp.o[0m
[ 94%] [32mBuilding CXX object CMakeFiles/spot_controllers.dir/src/spot_pose_broadcaster.cpp.o[0m
[100%] [32m[1mLinking CXX shared library libspot_controllers.so[0m
[100%] Built target spot_controllers
-- Install configuration: ""
-- Execute custom install script
-- Symlinking: /home/mtouri/spot_ws/install/spot_controllers/include/spot_controllers/foot_state_broadcaster_parameters.hpp
-- Symlinking: /home/mtouri/spot_ws/install/spot_controllers/include/spot_controllers/forward_state_controller_parameters.hpp
-- Symlinking: /home/mtouri/spot_ws/install/spot_controllers/include/spot_controllers/spot_imu_broadcaster_parameters.hpp
-- Symlinking: /home/mtouri/spot_ws/install/spot_controllers/include/spot_controllers/spot_joint_controller_parameters.hpp
-- Symlinking: /home/mtouri/spot_ws/install/spot_controllers/include/spot_controllers/spot_pose_broadcaster_parameters.hpp
-- Up-to-date symlink: /home/mtouri/spot_ws/install/spot_controllers/include/spot_controllers/foot_state_broadcaster_parameters.hpp
-- Up-to-date symlink: /home/mtouri/spot_ws/install/spot_controllers/include/spot_controllers/forward_state_controller_parameters.hpp
-- Up-to-date symlink: /home/mtouri/spot_ws/install/spot_controllers/include/spot_controllers/spot_imu_broadcaster_parameters.hpp
-- Up-to-date symlink: /home/mtouri/spot_ws/install/spot_controllers/include/spot_controllers/spot_joint_controller_parameters.hpp
-- Up-to-date symlink: /home/mtouri/spot_ws/install/spot_controllers/include/spot_controllers/spot_pose_broadcaster_parameters.hpp
-- Up-to-date symlink: /home/mtouri/spot_ws/install/spot_controllers/include/spot_controllers/foot_state_broadcaster_parameters.hpp
-- Up-to-date symlink: /home/mtouri/spot_ws/install/spot_controllers/include/spot_controllers/forward_state_controller_parameters.hpp
-- Up-to-date symlink: /home/mtouri/spot_ws/install/spot_controllers/include/spot_controllers/spot_imu_broadcaster_parameters.hpp
-- Up-to-date symlink: /home/mtouri/spot_ws/install/spot_controllers/include/spot_controllers/spot_joint_controller_parameters.hpp
-- Up-to-date symlink: /home/mtouri/spot_ws/install/spot_controllers/include/spot_controllers/spot_pose_broadcaster_parameters.hpp
-- Up-to-date symlink: /home/mtouri/spot_ws/install/spot_controllers/include/spot_controllers/foot_state_broadcaster_parameters.hpp
-- Up-to-date symlink: /home/mtouri/spot_ws/install/spot_controllers/include/spot_controllers/forward_state_controller_parameters.hpp
-- Up-to-date symlink: /home/mtouri/spot_ws/install/spot_controllers/include/spot_controllers/spot_imu_broadcaster_parameters.hpp
-- Up-to-date symlink: /home/mtouri/spot_ws/install/spot_controllers/include/spot_controllers/spot_joint_controller_parameters.hpp
-- Up-to-date symlink: /home/mtouri/spot_ws/install/spot_controllers/include/spot_controllers/spot_pose_broadcaster_parameters.hpp
-- Up-to-date symlink: /home/mtouri/spot_ws/install/spot_controllers/include/spot_controllers/foot_state_broadcaster_parameters.hpp
-- Up-to-date symlink: /home/mtouri/spot_ws/install/spot_controllers/include/spot_controllers/forward_state_controller_parameters.hpp
-- Up-to-date symlink: /home/mtouri/spot_ws/install/spot_controllers/include/spot_controllers/spot_imu_broadcaster_parameters.hpp
-- Up-to-date symlink: /home/mtouri/spot_ws/install/spot_controllers/include/spot_controllers/spot_joint_controller_parameters.hpp
-- Up-to-date symlink: /home/mtouri/spot_ws/install/spot_controllers/include/spot_controllers/spot_pose_broadcaster_parameters.hpp
-- Symlinking: /home/mtouri/spot_ws/install/spot_controllers/share/spot_controllers//spot_controllers.xml
-- Symlinking: /home/mtouri/spot_ws/install/spot_controllers/include/spot_controllers/spot_controllers/foot_state_broadcaster.hpp
-- Symlinking: /home/mtouri/spot_ws/install/spot_controllers/include/spot_controllers/spot_controllers/forward_state_controller.hpp
-- Symlinking: /home/mtouri/spot_ws/install/spot_controllers/include/spot_controllers/spot_controllers/parameters/foot_state_broadcaster_parameters.yaml
-- Symlinking: /home/mtouri/spot_ws/install/spot_controllers/include/spot_controllers/spot_controllers/parameters/forward_state_controller_parameters.yaml
-- Symlinking: /home/mtouri/spot_ws/install/spot_controllers/include/spot_controllers/spot_controllers/parameters/spot_imu_broadcaster_parameters.yaml
-- Symlinking: /home/mtouri/spot_ws/install/spot_controllers/include/spot_controllers/spot_controllers/parameters/spot_joint_controller_parameters.yaml
-- Symlinking: /home/mtouri/spot_ws/install/spot_controllers/include/spot_controllers/spot_controllers/parameters/spot_pose_broadcaster_parameters.yaml
-- Symlinking: /home/mtouri/spot_ws/install/spot_controllers/include/spot_controllers/spot_controllers/spot_controller_utils.hpp
-- Symlinking: /home/mtouri/spot_ws/install/spot_controllers/include/spot_controllers/spot_controllers/spot_imu_broadcaster.hpp
-- Symlinking: /home/mtouri/spot_ws/install/spot_controllers/include/spot_controllers/spot_controllers/spot_joint_controller.hpp
-- Symlinking: /home/mtouri/spot_ws/install/spot_controllers/include/spot_controllers/spot_controllers/spot_pose_broadcaster.hpp
-- Symlinking: /home/mtouri/spot_ws/install/spot_controllers/include/spot_controllers/spot_controllers/visibility_control.h
-- Symlinking: /home/mtouri/spot_ws/install/spot_controllers/share/spot_controllers/environment/library_path.sh
-- Symlinking: /home/mtouri/spot_ws/install/spot_controllers/share/spot_controllers/environment/library_path.dsv
-- Symlinking: /home/mtouri/spot_ws/install/spot_controllers/share/ament_index/resource_index/package_run_dependencies/spot_controllers
-- Symlinking: /home/mtouri/spot_ws/install/spot_controllers/share/ament_index/resource_index/parent_prefix_path/spot_controllers
-- Symlinking: /home/mtouri/spot_ws/install/spot_controllers/share/spot_controllers/environment/ament_prefix_path.sh
-- Symlinking: /home/mtouri/spot_ws/install/spot_controllers/share/spot_controllers/environment/ament_prefix_path.dsv
-- Symlinking: /home/mtouri/spot_ws/install/spot_controllers/share/spot_controllers/environment/path.sh
-- Symlinking: /home/mtouri/spot_ws/install/spot_controllers/share/spot_controllers/environment/path.dsv
-- Symlinking: /home/mtouri/spot_ws/install/spot_controllers/share/spot_controllers/local_setup.bash
-- Symlinking: /home/mtouri/spot_ws/install/spot_controllers/share/spot_controllers/local_setup.sh
-- Symlinking: /home/mtouri/spot_ws/install/spot_controllers/share/spot_controllers/local_setup.zsh
-- Symlinking: /home/mtouri/spot_ws/install/spot_controllers/share/spot_controllers/local_setup.dsv
-- Symlinking: /home/mtouri/spot_ws/install/spot_controllers/share/spot_controllers/package.dsv
-- Symlinking: /home/mtouri/spot_ws/install/spot_controllers/share/ament_index/resource_index/packages/spot_controllers
-- Symlinking: /home/mtouri/spot_ws/install/spot_controllers/share/ament_index/resource_index/controller_interface__pluginlib__plugin/spot_controllers
-- Symlinking: /home/mtouri/spot_ws/install/spot_controllers/share/spot_controllers/cmake/ament_cmake_export_dependencies-extras.cmake
-- Symlinking: /home/mtouri/spot_ws/install/spot_controllers/share/spot_controllers/cmake/ament_cmake_export_targets-extras.cmake
-- Symlinking: /home/mtouri/spot_ws/install/spot_controllers/share/spot_controllers/cmake/spot_controllersConfig.cmake
-- Symlinking: /home/mtouri/spot_ws/install/spot_controllers/share/spot_controllers/cmake/spot_controllersConfig-version.cmake
-- Symlinking: /home/mtouri/spot_ws/install/spot_controllers/share/spot_controllers/package.xml
-- Installing: /home/mtouri/spot_ws/install/spot_controllers/lib/libspot_controllers.so
-- Set runtime path of "/home/mtouri/spot_ws/install/spot_controllers/lib/libspot_controllers.so" to ""
-- Installing: /home/mtouri/spot_ws/install/spot_controllers/share/spot_controllers/cmake/export_spot_controllersExport.cmake
-- Installing: /home/mtouri/spot_ws/install/spot_controllers/share/spot_controllers/cmake/export_spot_controllersExport-noconfig.cmake
