[0.009s] Invoking command in '/home/mtouri/spot_ws/build/spot_controllers': AMENT_PREFIX_PATH=/home/mtouri/spot_ws/install/spot_msgs:${AMENT_PREFIX_PATH} CMAKE_PREFIX_PATH=/home/mtouri/spot_ws/install/spot_msgs:/opt/ros/humble LD_LIBRARY_PATH=/home/mtouri/spot_ws/install/spot_msgs/lib:/opt/spot-cpp-sdk/lib:/opt/ros/humble/opt/rviz_ogre_vendor/lib:/opt/ros/humble/lib/x86_64-linux-gnu:/opt/ros/humble/lib:/usr/lib:/usr/lib PYTHONPATH=/home/mtouri/spot_ws/install/spot_msgs/local/lib/python3.10/dist-packages:${PYTHONPATH} /usr/bin/cmake /home/mtouri/spot_ws/src/spot_ros2/spot_controllers -DAMENT_CMAKE_SYMLINK_INSTALL=1 -DCMAKE_INSTALL_PREFIX=/home/mtouri/spot_ws/install/spot_controllers
[0.056s] -- The C compiler identification is GNU 11.4.0
[0.100s] -- The CXX compiler identification is GNU 11.4.0
[0.107s] -- Detecting C compiler ABI info
[0.166s] -- Detecting C compiler ABI info - done
[0.171s] -- Check for working C compiler: /usr/bin/cc - skipped
[0.171s] -- Detecting C compile features
[0.172s] -- Detecting C compile features - done
[0.173s] -- Detecting CXX compiler ABI info
[0.242s] -- Detecting CXX compiler ABI info - done
[0.247s] -- Check for working CXX compiler: /usr/bin/c++ - skipped
[0.247s] -- Detecting CXX compile features
[0.247s] -- Detecting CXX compile features - done
[0.249s] -- Found ament_cmake: 1.3.14 (/opt/ros/humble/share/ament_cmake/cmake)
[0.371s] -- Found Python3: /usr/bin/python3 (found version "3.10.12") found components: Interpreter 
[0.421s] -- Override CMake install command with custom implementation using symlinks instead of copying resources
[0.447s] -- Found controller_interface: 2.53.1 (/opt/ros/humble/share/controller_interface/cmake)
[0.486s] -- Found rosidl_generator_c: 3.1.8 (/opt/ros/humble/share/rosidl_generator_c/cmake)
[0.491s] -- Found rosidl_adapter: 3.1.8 (/opt/ros/humble/share/rosidl_adapter/cmake)
[0.497s] -- Found rosidl_generator_cpp: 3.1.8 (/opt/ros/humble/share/rosidl_generator_cpp/cmake)
[0.506s] -- Using all available rosidl_typesupport_c: rosidl_typesupport_fastrtps_c;rosidl_typesupport_introspection_c
[0.518s] -- Using all available rosidl_typesupport_cpp: rosidl_typesupport_fastrtps_cpp;rosidl_typesupport_introspection_cpp
[0.695s] -- Found rmw_implementation_cmake: 6.1.2 (/opt/ros/humble/share/rmw_implementation_cmake/cmake)
[0.697s] -- Found rmw_fastrtps_cpp: 6.2.10 (/opt/ros/humble/share/rmw_fastrtps_cpp/cmake)
[0.717s] -- Found TinyXML2 via Config file: TinyXML2_DIR-NOTFOUND
[0.771s] -- Found OpenSSL: /usr/lib/x86_64-linux-gnu/libcrypto.so (found version "3.0.2")  
[0.773s] -- Found TinyXML2 via Config file: TinyXML2_DIR-NOTFOUND
[0.787s] -- Found FastRTPS: /opt/ros/humble/include  
[0.789s] -- Found TinyXML2 via Config file: TinyXML2_DIR-NOTFOUND
[0.797s] -- Found TinyXML2 via Config file: TinyXML2_DIR-NOTFOUND
[0.808s] -- Using RMW implementation 'rmw_fastrtps_cpp' as default
[0.815s] -- Looking for pthread.h
[0.885s] -- Looking for pthread.h - found
[0.885s] -- Performing Test CMAKE_HAVE_LIBC_PTHREAD
[0.955s] -- Performing Test CMAKE_HAVE_LIBC_PTHREAD - Success
[0.956s] -- Found Threads: TRUE  
[0.990s] -- Found forward_command_controller: 2.52.1 (/opt/ros/humble/share/forward_command_controller/cmake)
[1.036s] -- Found imu_sensor_broadcaster: 2.52.1 (/opt/ros/humble/share/imu_sensor_broadcaster/cmake)
[1.041s] -- Found spot_msgs: 0.0.0 (/home/mtouri/spot_ws/install/spot_msgs/share/spot_msgs/cmake)
[1.110s] -- Found PythonInterp: /usr/bin/python3.10 (found version "3.10.12") 
[1.122s] -- Found Protobuf: /usr/lib/x86_64-linux-gnu/libprotobuf.so (found version "3.12.4") 
[1.126s] -- Found rosidl_default_generators: 1.2.1 (/opt/ros/humble/share/rosidl_default_generators/cmake)
[1.213s] -- Checking for module 'grpc'
[1.229s] --   Found grpc, version 10.0.0
[1.265s] -- Checking for module 'grpc++'
[1.279s] --   Found grpc++, version 1.30.2
[1.321s] -- CMake is running /opt/spot-cpp-sdk/lib/cmake/bosdyn/UseInstallbosdyn.cmake
[1.394s] -- Found tf2_geometry_msgs: 0.25.20 (/opt/ros/humble/share/tf2_geometry_msgs/cmake)
[1.404s] -- Found eigen3_cmake_module: 0.1.1 (/opt/ros/humble/share/eigen3_cmake_module/cmake)
[1.405s] -- Found Eigen3: TRUE (found version "3.4.0") 
[1.405s] -- Ensuring Eigen3 include directory is part of orocos-kdl CMake target
[1.520s] -- Configuring done
[1.538s] -- Generating done
[1.543s] -- Build files have been written to: /home/mtouri/spot_ws/build/spot_controllers
[1.560s] Invoked command in '/home/mtouri/spot_ws/build/spot_controllers' returned '0': AMENT_PREFIX_PATH=/home/mtouri/spot_ws/install/spot_msgs:${AMENT_PREFIX_PATH} CMAKE_PREFIX_PATH=/home/mtouri/spot_ws/install/spot_msgs:/opt/ros/humble LD_LIBRARY_PATH=/home/mtouri/spot_ws/install/spot_msgs/lib:/opt/spot-cpp-sdk/lib:/opt/ros/humble/opt/rviz_ogre_vendor/lib:/opt/ros/humble/lib/x86_64-linux-gnu:/opt/ros/humble/lib:/usr/lib:/usr/lib PYTHONPATH=/home/mtouri/spot_ws/install/spot_msgs/local/lib/python3.10/dist-packages:${PYTHONPATH} /usr/bin/cmake /home/mtouri/spot_ws/src/spot_ros2/spot_controllers -DAMENT_CMAKE_SYMLINK_INSTALL=1 -DCMAKE_INSTALL_PREFIX=/home/mtouri/spot_ws/install/spot_controllers
[1.561s] Invoking command in '/home/mtouri/spot_ws/build/spot_controllers': AMENT_PREFIX_PATH=/home/mtouri/spot_ws/install/spot_msgs:${AMENT_PREFIX_PATH} CMAKE_PREFIX_PATH=/home/mtouri/spot_ws/install/spot_msgs:/opt/ros/humble LD_LIBRARY_PATH=/home/mtouri/spot_ws/install/spot_msgs/lib:/opt/spot-cpp-sdk/lib:/opt/ros/humble/opt/rviz_ogre_vendor/lib:/opt/ros/humble/lib/x86_64-linux-gnu:/opt/ros/humble/lib:/usr/lib:/usr/lib PYTHONPATH=/home/mtouri/spot_ws/install/spot_msgs/local/lib/python3.10/dist-packages:${PYTHONPATH} /usr/bin/cmake --build /home/mtouri/spot_ws/build/spot_controllers -- -j16 -l16
[1.614s] [ 23%] [34m[1mRunning `/opt/ros/humble/bin/generate_parameter_library_cpp /home/mtouri/spot_ws/build/spot_controllers/include/spot_controllers/forward_state_controller_parameters.hpp /home/mtouri/spot_ws/src/spot_ros2/spot_controllers/include/spot_controllers/parameters/forward_state_controller_parameters.yaml `[0m
[1.614s] [ 23%] [34m[1mRunning `/opt/ros/humble/bin/generate_parameter_library_cpp /home/mtouri/spot_ws/build/spot_controllers/include/spot_controllers/spot_joint_controller_parameters.hpp /home/mtouri/spot_ws/src/spot_ros2/spot_controllers/include/spot_controllers/parameters/spot_joint_controller_parameters.yaml `[0m
[1.614s] [ 23%] [34m[1mRunning `/opt/ros/humble/bin/generate_parameter_library_cpp /home/mtouri/spot_ws/build/spot_controllers/include/spot_controllers/foot_state_broadcaster_parameters.hpp /home/mtouri/spot_ws/src/spot_ros2/spot_controllers/include/spot_controllers/parameters/foot_state_broadcaster_parameters.yaml `[0m
[1.614s] [ 23%] [34m[1mRunning `/opt/ros/humble/bin/generate_parameter_library_cpp /home/mtouri/spot_ws/build/spot_controllers/include/spot_controllers/spot_imu_broadcaster_parameters.hpp /home/mtouri/spot_ws/src/spot_ros2/spot_controllers/include/spot_controllers/parameters/spot_imu_broadcaster_parameters.yaml `[0m
[1.614s] [ 29%] [34m[1mRunning `/opt/ros/humble/bin/generate_parameter_library_cpp /home/mtouri/spot_ws/build/spot_controllers/include/spot_controllers/spot_pose_broadcaster_parameters.hpp /home/mtouri/spot_ws/src/spot_ros2/spot_controllers/include/spot_controllers/parameters/spot_pose_broadcaster_parameters.yaml `[0m
[2.191s] [ 35%] [34m[1mCreating deprecated header file /home/mtouri/spot_ws/build/spot_controllers/include/spot_joint_controller_parameters.hpp[0m
[2.211s] [ 41%] [34m[1mCreating deprecated header file /home/mtouri/spot_ws/build/spot_controllers/include/foot_state_broadcaster_parameters.hpp[0m
[2.211s] [ 41%] Built target spot_joint_controller_parameters
[2.215s] [ 47%] [34m[1mCreating deprecated header file /home/mtouri/spot_ws/build/spot_controllers/include/forward_state_controller_parameters.hpp[0m
[2.231s] [ 47%] Built target foot_state_broadcaster_parameters
[2.233s] [ 47%] Built target forward_state_controller_parameters
[2.274s] [ 52%] [34m[1mCreating deprecated header file /home/mtouri/spot_ws/build/spot_controllers/include/spot_pose_broadcaster_parameters.hpp[0m
[2.277s] [ 58%] [34m[1mCreating deprecated header file /home/mtouri/spot_ws/build/spot_controllers/include/spot_imu_broadcaster_parameters.hpp[0m
[2.292s] [ 58%] Built target spot_pose_broadcaster_parameters
[2.292s] [ 58%] Built target spot_imu_broadcaster_parameters
[2.314s] [ 88%] [32mBuilding CXX object CMakeFiles/spot_controllers.dir/src/spot_imu_broadcaster.cpp.o[0m
[2.314s] [ 88%] [32mBuilding CXX object CMakeFiles/spot_controllers.dir/src/forward_state_controller.cpp.o[0m
[2.314s] [ 88%] [32mBuilding CXX object CMakeFiles/spot_controllers.dir/src/spot_controller_utils.cpp.o[0m
[2.314s] [ 88%] [32mBuilding CXX object CMakeFiles/spot_controllers.dir/src/foot_state_broadcaster.cpp.o[0m
[2.314s] [ 88%] [32mBuilding CXX object CMakeFiles/spot_controllers.dir/src/spot_joint_controller.cpp.o[0m
[2.315s] [ 94%] [32mBuilding CXX object CMakeFiles/spot_controllers.dir/src/spot_pose_broadcaster.cpp.o[0m
[12.082s] [100%] [32m[1mLinking CXX shared library libspot_controllers.so[0m
[12.851s] [100%] Built target spot_controllers
[12.864s] Invoked command in '/home/mtouri/spot_ws/build/spot_controllers' returned '0': AMENT_PREFIX_PATH=/home/mtouri/spot_ws/install/spot_msgs:${AMENT_PREFIX_PATH} CMAKE_PREFIX_PATH=/home/mtouri/spot_ws/install/spot_msgs:/opt/ros/humble LD_LIBRARY_PATH=/home/mtouri/spot_ws/install/spot_msgs/lib:/opt/spot-cpp-sdk/lib:/opt/ros/humble/opt/rviz_ogre_vendor/lib:/opt/ros/humble/lib/x86_64-linux-gnu:/opt/ros/humble/lib:/usr/lib:/usr/lib PYTHONPATH=/home/mtouri/spot_ws/install/spot_msgs/local/lib/python3.10/dist-packages:${PYTHONPATH} /usr/bin/cmake --build /home/mtouri/spot_ws/build/spot_controllers -- -j16 -l16
[12.865s] Invoking command in '/home/mtouri/spot_ws/build/spot_controllers': AMENT_PREFIX_PATH=/home/mtouri/spot_ws/install/spot_msgs:${AMENT_PREFIX_PATH} CMAKE_PREFIX_PATH=/home/mtouri/spot_ws/install/spot_msgs:/opt/ros/humble LD_LIBRARY_PATH=/home/mtouri/spot_ws/install/spot_msgs/lib:/opt/spot-cpp-sdk/lib:/opt/ros/humble/opt/rviz_ogre_vendor/lib:/opt/ros/humble/lib/x86_64-linux-gnu:/opt/ros/humble/lib:/usr/lib:/usr/lib PYTHONPATH=/home/mtouri/spot_ws/install/spot_msgs/local/lib/python3.10/dist-packages:${PYTHONPATH} /usr/bin/cmake --install /home/mtouri/spot_ws/build/spot_controllers
[12.875s] -- Install configuration: ""
[12.875s] -- Execute custom install script
[12.875s] -- Symlinking: /home/mtouri/spot_ws/install/spot_controllers/include/spot_controllers/foot_state_broadcaster_parameters.hpp
[12.886s] -- Symlinking: /home/mtouri/spot_ws/install/spot_controllers/include/spot_controllers/forward_state_controller_parameters.hpp
[12.895s] -- Symlinking: /home/mtouri/spot_ws/install/spot_controllers/include/spot_controllers/spot_imu_broadcaster_parameters.hpp
[12.904s] -- Symlinking: /home/mtouri/spot_ws/install/spot_controllers/include/spot_controllers/spot_joint_controller_parameters.hpp
[12.913s] -- Symlinking: /home/mtouri/spot_ws/install/spot_controllers/include/spot_controllers/spot_pose_broadcaster_parameters.hpp
[12.923s] -- Up-to-date symlink: /home/mtouri/spot_ws/install/spot_controllers/include/spot_controllers/foot_state_broadcaster_parameters.hpp
[12.923s] -- Up-to-date symlink: /home/mtouri/spot_ws/install/spot_controllers/include/spot_controllers/forward_state_controller_parameters.hpp
[12.923s] -- Up-to-date symlink: /home/mtouri/spot_ws/install/spot_controllers/include/spot_controllers/spot_imu_broadcaster_parameters.hpp
[12.923s] -- Up-to-date symlink: /home/mtouri/spot_ws/install/spot_controllers/include/spot_controllers/spot_joint_controller_parameters.hpp
[12.923s] -- Up-to-date symlink: /home/mtouri/spot_ws/install/spot_controllers/include/spot_controllers/spot_pose_broadcaster_parameters.hpp
[12.923s] -- Up-to-date symlink: /home/mtouri/spot_ws/install/spot_controllers/include/spot_controllers/foot_state_broadcaster_parameters.hpp
[12.923s] -- Up-to-date symlink: /home/mtouri/spot_ws/install/spot_controllers/include/spot_controllers/forward_state_controller_parameters.hpp
[12.923s] -- Up-to-date symlink: /home/mtouri/spot_ws/install/spot_controllers/include/spot_controllers/spot_imu_broadcaster_parameters.hpp
[12.923s] -- Up-to-date symlink: /home/mtouri/spot_ws/install/spot_controllers/include/spot_controllers/spot_joint_controller_parameters.hpp
[12.923s] -- Up-to-date symlink: /home/mtouri/spot_ws/install/spot_controllers/include/spot_controllers/spot_pose_broadcaster_parameters.hpp
[12.924s] -- Up-to-date symlink: /home/mtouri/spot_ws/install/spot_controllers/include/spot_controllers/foot_state_broadcaster_parameters.hpp
[12.924s] -- Up-to-date symlink: /home/mtouri/spot_ws/install/spot_controllers/include/spot_controllers/forward_state_controller_parameters.hpp
[12.924s] -- Up-to-date symlink: /home/mtouri/spot_ws/install/spot_controllers/include/spot_controllers/spot_imu_broadcaster_parameters.hpp
[12.924s] -- Up-to-date symlink: /home/mtouri/spot_ws/install/spot_controllers/include/spot_controllers/spot_joint_controller_parameters.hpp
[12.925s] -- Up-to-date symlink: /home/mtouri/spot_ws/install/spot_controllers/include/spot_controllers/spot_pose_broadcaster_parameters.hpp
[12.925s] -- Up-to-date symlink: /home/mtouri/spot_ws/install/spot_controllers/include/spot_controllers/foot_state_broadcaster_parameters.hpp
[12.925s] -- Up-to-date symlink: /home/mtouri/spot_ws/install/spot_controllers/include/spot_controllers/forward_state_controller_parameters.hpp
[12.925s] -- Up-to-date symlink: /home/mtouri/spot_ws/install/spot_controllers/include/spot_controllers/spot_imu_broadcaster_parameters.hpp
[12.925s] -- Up-to-date symlink: /home/mtouri/spot_ws/install/spot_controllers/include/spot_controllers/spot_joint_controller_parameters.hpp
[12.925s] -- Up-to-date symlink: /home/mtouri/spot_ws/install/spot_controllers/include/spot_controllers/spot_pose_broadcaster_parameters.hpp
[12.925s] -- Symlinking: /home/mtouri/spot_ws/install/spot_controllers/share/spot_controllers//spot_controllers.xml
[12.936s] -- Symlinking: /home/mtouri/spot_ws/install/spot_controllers/include/spot_controllers/spot_controllers/foot_state_broadcaster.hpp
[12.947s] -- Symlinking: /home/mtouri/spot_ws/install/spot_controllers/include/spot_controllers/spot_controllers/forward_state_controller.hpp
[12.957s] -- Symlinking: /home/mtouri/spot_ws/install/spot_controllers/include/spot_controllers/spot_controllers/parameters/foot_state_broadcaster_parameters.yaml
[12.966s] -- Symlinking: /home/mtouri/spot_ws/install/spot_controllers/include/spot_controllers/spot_controllers/parameters/forward_state_controller_parameters.yaml
[12.976s] -- Symlinking: /home/mtouri/spot_ws/install/spot_controllers/include/spot_controllers/spot_controllers/parameters/spot_imu_broadcaster_parameters.yaml
[12.985s] -- Symlinking: /home/mtouri/spot_ws/install/spot_controllers/include/spot_controllers/spot_controllers/parameters/spot_joint_controller_parameters.yaml
[12.995s] -- Symlinking: /home/mtouri/spot_ws/install/spot_controllers/include/spot_controllers/spot_controllers/parameters/spot_pose_broadcaster_parameters.yaml
[13.004s] -- Symlinking: /home/mtouri/spot_ws/install/spot_controllers/include/spot_controllers/spot_controllers/spot_controller_utils.hpp
[13.013s] -- Symlinking: /home/mtouri/spot_ws/install/spot_controllers/include/spot_controllers/spot_controllers/spot_imu_broadcaster.hpp
[13.022s] -- Symlinking: /home/mtouri/spot_ws/install/spot_controllers/include/spot_controllers/spot_controllers/spot_joint_controller.hpp
[13.032s] -- Symlinking: /home/mtouri/spot_ws/install/spot_controllers/include/spot_controllers/spot_controllers/spot_pose_broadcaster.hpp
[13.040s] -- Symlinking: /home/mtouri/spot_ws/install/spot_controllers/include/spot_controllers/spot_controllers/visibility_control.h
[13.049s] -- Symlinking: /home/mtouri/spot_ws/install/spot_controllers/share/spot_controllers/environment/library_path.sh
[13.058s] -- Symlinking: /home/mtouri/spot_ws/install/spot_controllers/share/spot_controllers/environment/library_path.dsv
[13.069s] -- Symlinking: /home/mtouri/spot_ws/install/spot_controllers/share/ament_index/resource_index/package_run_dependencies/spot_controllers
[13.081s] -- Symlinking: /home/mtouri/spot_ws/install/spot_controllers/share/ament_index/resource_index/parent_prefix_path/spot_controllers
[13.090s] -- Symlinking: /home/mtouri/spot_ws/install/spot_controllers/share/spot_controllers/environment/ament_prefix_path.sh
[13.100s] -- Symlinking: /home/mtouri/spot_ws/install/spot_controllers/share/spot_controllers/environment/ament_prefix_path.dsv
[13.110s] -- Symlinking: /home/mtouri/spot_ws/install/spot_controllers/share/spot_controllers/environment/path.sh
[13.121s] -- Symlinking: /home/mtouri/spot_ws/install/spot_controllers/share/spot_controllers/environment/path.dsv
[13.132s] -- Symlinking: /home/mtouri/spot_ws/install/spot_controllers/share/spot_controllers/local_setup.bash
[13.142s] -- Symlinking: /home/mtouri/spot_ws/install/spot_controllers/share/spot_controllers/local_setup.sh
[13.151s] -- Symlinking: /home/mtouri/spot_ws/install/spot_controllers/share/spot_controllers/local_setup.zsh
[13.162s] -- Symlinking: /home/mtouri/spot_ws/install/spot_controllers/share/spot_controllers/local_setup.dsv
[13.171s] -- Symlinking: /home/mtouri/spot_ws/install/spot_controllers/share/spot_controllers/package.dsv
[13.181s] -- Symlinking: /home/mtouri/spot_ws/install/spot_controllers/share/ament_index/resource_index/packages/spot_controllers
[13.190s] -- Symlinking: /home/mtouri/spot_ws/install/spot_controllers/share/ament_index/resource_index/controller_interface__pluginlib__plugin/spot_controllers
[13.198s] -- Symlinking: /home/mtouri/spot_ws/install/spot_controllers/share/spot_controllers/cmake/ament_cmake_export_dependencies-extras.cmake
[13.208s] -- Symlinking: /home/mtouri/spot_ws/install/spot_controllers/share/spot_controllers/cmake/ament_cmake_export_targets-extras.cmake
[13.219s] -- Symlinking: /home/mtouri/spot_ws/install/spot_controllers/share/spot_controllers/cmake/spot_controllersConfig.cmake
[13.228s] -- Symlinking: /home/mtouri/spot_ws/install/spot_controllers/share/spot_controllers/cmake/spot_controllersConfig-version.cmake
[13.238s] -- Symlinking: /home/mtouri/spot_ws/install/spot_controllers/share/spot_controllers/package.xml
[13.249s] -- Installing: /home/mtouri/spot_ws/install/spot_controllers/lib/libspot_controllers.so
[13.258s] -- Set runtime path of "/home/mtouri/spot_ws/install/spot_controllers/lib/libspot_controllers.so" to ""
[13.258s] -- Installing: /home/mtouri/spot_ws/install/spot_controllers/share/spot_controllers/cmake/export_spot_controllersExport.cmake
[13.258s] -- Installing: /home/mtouri/spot_ws/install/spot_controllers/share/spot_controllers/cmake/export_spot_controllersExport-noconfig.cmake
[13.261s] Invoked command in '/home/mtouri/spot_ws/build/spot_controllers' returned '0': AMENT_PREFIX_PATH=/home/mtouri/spot_ws/install/spot_msgs:${AMENT_PREFIX_PATH} CMAKE_PREFIX_PATH=/home/mtouri/spot_ws/install/spot_msgs:/opt/ros/humble LD_LIBRARY_PATH=/home/mtouri/spot_ws/install/spot_msgs/lib:/opt/spot-cpp-sdk/lib:/opt/ros/humble/opt/rviz_ogre_vendor/lib:/opt/ros/humble/lib/x86_64-linux-gnu:/opt/ros/humble/lib:/usr/lib:/usr/lib PYTHONPATH=/home/mtouri/spot_ws/install/spot_msgs/local/lib/python3.10/dist-packages:${PYTHONPATH} /usr/bin/cmake --install /home/mtouri/spot_ws/build/spot_controllers
