running develop
running egg_info
creating nimblbot_driver.egg-info
writing nimblbot_driver.egg-info/PKG-INFO
writing dependency_links to nimblbot_driver.egg-info/dependency_links.txt
writing entry points to nimblbot_driver.egg-info/entry_points.txt
writing requirements to nimblbot_driver.egg-info/requires.txt
writing top-level names to nimblbot_driver.egg-info/top_level.txt
writing manifest file 'nimblbot_driver.egg-info/SOURCES.txt'
reading manifest file 'nimblbot_driver.egg-info/SOURCES.txt'
writing manifest file 'nimblbot_driver.egg-info/SOURCES.txt'
running build_ext
Creating /home/mtouri/ros2_ws_humble/install/nimblbot_driver/lib/python3.10/site-packages/nimblbot-driver.egg-link (link to .)
Installing luos_wrapper_node script to /home/mtouri/ros2_ws_humble/install/nimblbot_driver/lib/nimblbot_driver
Installing sim_node script to /home/mtouri/ros2_ws_humble/install/nimblbot_driver/lib/nimblbot_driver

Installed /home/mtouri/ros2_ws_humble/build/nimblbot_driver
running symlink_data
creating /home/mtouri/ros2_ws_humble/install/nimblbot_driver/share/ament_index
creating /home/mtouri/ros2_ws_humble/install/nimblbot_driver/share/ament_index/resource_index
creating /home/mtouri/ros2_ws_humble/install/nimblbot_driver/share/ament_index/resource_index/packages
symbolically linking /home/mtouri/ros2_ws_humble/build/nimblbot_driver/resource/nimblbot_driver -> /home/mtouri/ros2_ws_humble/install/nimblbot_driver/share/ament_index/resource_index/packages
symbolically linking /home/mtouri/ros2_ws_humble/build/nimblbot_driver/package.xml -> /home/mtouri/ros2_ws_humble/install/nimblbot_driver/share/nimblbot_driver
