[3.157s] Invoking command in '/home/mtouri/ros2_ws_humble/build/nimblbot_driver': PYTHONPATH=/home/mtouri/ros2_ws_humble/build/nimblbot_driver/prefix_override:/usr/lib/python3/dist-packages/colcon_core/task/python/colcon_distutils_commands:/home/mtouri/ros2_ws_humble/install/nimblbot_driver/lib/python3.10/site-packages:${PYTHONPATH} /usr/bin/python3 -W ignore:setup.py install is deprecated -W ignore:easy_install command is deprecated setup.py develop --editable --build-directory /home/mtouri/ros2_ws_humble/build/nimblbot_driver/build --no-deps symlink_data
[3.974s] running develop
[4.527s] running egg_info
[4.527s] creating nimblbot_driver.egg-info
[4.528s] writing nimblbot_driver.egg-info/PKG-INFO
[4.528s] writing dependency_links to nimblbot_driver.egg-info/dependency_links.txt
[4.528s] writing entry points to nimblbot_driver.egg-info/entry_points.txt
[4.528s] writing requirements to nimblbot_driver.egg-info/requires.txt
[4.528s] writing top-level names to nimblbot_driver.egg-info/top_level.txt
[4.528s] writing manifest file 'nimblbot_driver.egg-info/SOURCES.txt'
[4.530s] reading manifest file 'nimblbot_driver.egg-info/SOURCES.txt'
[4.530s] writing manifest file 'nimblbot_driver.egg-info/SOURCES.txt'
[4.533s] running build_ext
[4.534s] Creating /home/mtouri/ros2_ws_humble/install/nimblbot_driver/lib/python3.10/site-packages/nimblbot-driver.egg-link (link to .)
[4.536s] Installing luos_wrapper_node script to /home/mtouri/ros2_ws_humble/install/nimblbot_driver/lib/nimblbot_driver
[4.536s] Installing sim_node script to /home/mtouri/ros2_ws_humble/install/nimblbot_driver/lib/nimblbot_driver
[4.536s] 
[4.536s] Installed /home/mtouri/ros2_ws_humble/build/nimblbot_driver
[4.536s] running symlink_data
[4.536s] creating /home/mtouri/ros2_ws_humble/install/nimblbot_driver/share/ament_index
[4.537s] creating /home/mtouri/ros2_ws_humble/install/nimblbot_driver/share/ament_index/resource_index
[4.537s] creating /home/mtouri/ros2_ws_humble/install/nimblbot_driver/share/ament_index/resource_index/packages
[4.537s] symbolically linking /home/mtouri/ros2_ws_humble/build/nimblbot_driver/resource/nimblbot_driver -> /home/mtouri/ros2_ws_humble/install/nimblbot_driver/share/ament_index/resource_index/packages
[4.537s] symbolically linking /home/mtouri/ros2_ws_humble/build/nimblbot_driver/package.xml -> /home/mtouri/ros2_ws_humble/install/nimblbot_driver/share/nimblbot_driver
[4.910s] Invoked command in '/home/mtouri/ros2_ws_humble/build/nimblbot_driver' returned '0': PYTHONPATH=/home/mtouri/ros2_ws_humble/build/nimblbot_driver/prefix_override:/usr/lib/python3/dist-packages/colcon_core/task/python/colcon_distutils_commands:/home/mtouri/ros2_ws_humble/install/nimblbot_driver/lib/python3.10/site-packages:${PYTHONPATH} /usr/bin/python3 -W ignore:setup.py install is deprecated -W ignore:easy_install command is deprecated setup.py develop --editable --build-directory /home/mtouri/ros2_ws_humble/build/nimblbot_driver/build --no-deps symlink_data
