running develop
running egg_info
creating nimblbot_kinematics.egg-info
writing nimblbot_kinematics.egg-info/PKG-INFO
writing dependency_links to nimblbot_kinematics.egg-info/dependency_links.txt
writing entry points to nimblbot_kinematics.egg-info/entry_points.txt
writing requirements to nimblbot_kinematics.egg-info/requires.txt
writing top-level names to nimblbot_kinematics.egg-info/top_level.txt
writing manifest file 'nimblbot_kinematics.egg-info/SOURCES.txt'
reading manifest file 'nimblbot_kinematics.egg-info/SOURCES.txt'
writing manifest file 'nimblbot_kinematics.egg-info/SOURCES.txt'
running build_ext
Creating /home/mtouri/ros2_ws_humble/install/nimblbot_kinematics/lib/python3.10/site-packages/nimblbot-kinematics.egg-link (link to .)
Installing fabrik_control script to /home/mtouri/ros2_ws_humble/install/nimblbot_kinematics/lib/nimblbot_kinematics
Installing qm_to_joint_state script to /home/mtouri/ros2_ws_humble/install/nimblbot_kinematics/lib/nimblbot_kinematics

Installed /home/mtouri/ros2_ws_humble/build/nimblbot_kinematics
running symlink_data
creating /home/mtouri/ros2_ws_humble/install/nimblbot_kinematics/share/ament_index
creating /home/mtouri/ros2_ws_humble/install/nimblbot_kinematics/share/ament_index/resource_index
creating /home/mtouri/ros2_ws_humble/install/nimblbot_kinematics/share/ament_index/resource_index/packages
symbolically linking /home/mtouri/ros2_ws_humble/build/nimblbot_kinematics/resource/nimblbot_kinematics -> /home/mtouri/ros2_ws_humble/install/nimblbot_kinematics/share/ament_index/resource_index/packages
symbolically linking /home/mtouri/ros2_ws_humble/build/nimblbot_kinematics/package.xml -> /home/mtouri/ros2_ws_humble/install/nimblbot_kinematics/share/nimblbot_kinematics
