[3.192s] Invoking command in '/home/mtouri/ros2_ws_humble/build/nimblbot_kinematics': PYTHONPATH=/home/mtouri/ros2_ws_humble/build/nimblbot_kinematics/prefix_override:/usr/lib/python3/dist-packages/colcon_core/task/python/colcon_distutils_commands:/home/mtouri/ros2_ws_humble/install/nimblbot_kinematics/lib/python3.10/site-packages:${PYTHONPATH} /usr/bin/python3 -W ignore:setup.py install is deprecated -W ignore:easy_install command is deprecated setup.py develop --editable --build-directory /home/mtouri/ros2_ws_humble/build/nimblbot_kinematics/build --no-deps symlink_data
[4.275s] running develop
[4.290s] running egg_info
[4.290s] creating nimblbot_kinematics.egg-info
[4.291s] writing nimblbot_kinematics.egg-info/PKG-INFO
[4.293s] writing dependency_links to nimblbot_kinematics.egg-info/dependency_links.txt
[4.293s] writing entry points to nimblbot_kinematics.egg-info/entry_points.txt
[4.293s] writing requirements to nimblbot_kinematics.egg-info/requires.txt
[4.293s] writing top-level names to nimblbot_kinematics.egg-info/top_level.txt
[4.293s] writing manifest file 'nimblbot_kinematics.egg-info/SOURCES.txt'
[4.300s] reading manifest file 'nimblbot_kinematics.egg-info/SOURCES.txt'
[4.301s] writing manifest file 'nimblbot_kinematics.egg-info/SOURCES.txt'
[4.309s] running build_ext
[4.309s] Creating /home/mtouri/ros2_ws_humble/install/nimblbot_kinematics/lib/python3.10/site-packages/nimblbot-kinematics.egg-link (link to .)
[4.311s] Installing fabrik_control script to /home/mtouri/ros2_ws_humble/install/nimblbot_kinematics/lib/nimblbot_kinematics
[4.318s] Installing qm_to_joint_state script to /home/mtouri/ros2_ws_humble/install/nimblbot_kinematics/lib/nimblbot_kinematics
[4.318s] 
[4.318s] Installed /home/mtouri/ros2_ws_humble/build/nimblbot_kinematics
[4.318s] running symlink_data
[4.318s] creating /home/mtouri/ros2_ws_humble/install/nimblbot_kinematics/share/ament_index
[4.319s] creating /home/mtouri/ros2_ws_humble/install/nimblbot_kinematics/share/ament_index/resource_index
[4.319s] creating /home/mtouri/ros2_ws_humble/install/nimblbot_kinematics/share/ament_index/resource_index/packages
[4.319s] symbolically linking /home/mtouri/ros2_ws_humble/build/nimblbot_kinematics/resource/nimblbot_kinematics -> /home/mtouri/ros2_ws_humble/install/nimblbot_kinematics/share/ament_index/resource_index/packages
[4.319s] symbolically linking /home/mtouri/ros2_ws_humble/build/nimblbot_kinematics/package.xml -> /home/mtouri/ros2_ws_humble/install/nimblbot_kinematics/share/nimblbot_kinematics
[4.455s] Invoked command in '/home/mtouri/ros2_ws_humble/build/nimblbot_kinematics' returned '0': PYTHONPATH=/home/mtouri/ros2_ws_humble/build/nimblbot_kinematics/prefix_override:/usr/lib/python3/dist-packages/colcon_core/task/python/colcon_distutils_commands:/home/mtouri/ros2_ws_humble/install/nimblbot_kinematics/lib/python3.10/site-packages:${PYTHONPATH} /usr/bin/python3 -W ignore:setup.py install is deprecated -W ignore:easy_install command is deprecated setup.py develop --editable --build-directory /home/mtouri/ros2_ws_humble/build/nimblbot_kinematics/build --no-deps symlink_data
