[3.187s] Invoking command in '/home/mtouri/ros2_ws_humble/build/whole_body_scripts': PYTHONPATH=/home/mtouri/ros2_ws_humble/build/whole_body_scripts/prefix_override:/usr/lib/python3/dist-packages/colcon_core/task/python/colcon_distutils_commands:/home/mtouri/ros2_ws_humble/install/whole_body_scripts/lib/python3.10/site-packages:${PYTHONPATH} /usr/bin/python3 -W ignore:setup.py install is deprecated -W ignore:easy_install command is deprecated setup.py develop --editable --build-directory /home/mtouri/ros2_ws_humble/build/whole_body_scripts/build --no-deps symlink_data
[4.291s] running develop
[4.346s] running egg_info
[4.346s] creating whole_body_scripts.egg-info
[4.346s] writing whole_body_scripts.egg-info/PKG-INFO
[4.346s] writing dependency_links to whole_body_scripts.egg-info/dependency_links.txt
[4.347s] writing entry points to whole_body_scripts.egg-info/entry_points.txt
[4.347s] writing requirements to whole_body_scripts.egg-info/requires.txt
[4.347s] writing top-level names to whole_body_scripts.egg-info/top_level.txt
[4.348s] writing manifest file 'whole_body_scripts.egg-info/SOURCES.txt'
[4.350s] reading manifest file 'whole_body_scripts.egg-info/SOURCES.txt'
[4.351s] writing manifest file 'whole_body_scripts.egg-info/SOURCES.txt'
[4.355s] running build_ext
[4.355s] Creating /home/mtouri/ros2_ws_humble/install/whole_body_scripts/lib/python3.10/site-packages/whole-body-scripts.egg-link (link to .)
[4.356s] 
[4.356s] Installed /home/mtouri/ros2_ws_humble/build/whole_body_scripts
[4.356s] running symlink_data
[4.356s] creating /home/mtouri/ros2_ws_humble/install/whole_body_scripts/share/ament_index
[4.356s] creating /home/mtouri/ros2_ws_humble/install/whole_body_scripts/share/ament_index/resource_index
[4.356s] creating /home/mtouri/ros2_ws_humble/install/whole_body_scripts/share/ament_index/resource_index/packages
[4.356s] symbolically linking /home/mtouri/ros2_ws_humble/build/whole_body_scripts/resource/whole_body_scripts -> /home/mtouri/ros2_ws_humble/install/whole_body_scripts/share/ament_index/resource_index/packages
[4.356s] symbolically linking /home/mtouri/ros2_ws_humble/build/whole_body_scripts/package.xml -> /home/mtouri/ros2_ws_humble/install/whole_body_scripts/share/whole_body_scripts
[4.518s] Invoked command in '/home/mtouri/ros2_ws_humble/build/whole_body_scripts' returned '0': PYTHONPATH=/home/mtouri/ros2_ws_humble/build/whole_body_scripts/prefix_override:/usr/lib/python3/dist-packages/colcon_core/task/python/colcon_distutils_commands:/home/mtouri/ros2_ws_humble/install/whole_body_scripts/lib/python3.10/site-packages:${PYTHONPATH} /usr/bin/python3 -W ignore:setup.py install is deprecated -W ignore:easy_install command is deprecated setup.py develop --editable --build-directory /home/mtouri/ros2_ws_humble/build/whole_body_scripts/build --no-deps symlink_data
