-- The C compiler identification is GNU 11.4.0
-- The CXX compiler identification is GNU 11.4.0
-- Detecting C compiler ABI info
-- Detecting C compiler ABI info - done
-- Check for working C compiler: /usr/bin/cc - skipped
-- Detecting C compile features
-- Detecting C compile features - done
-- Detecting CXX compiler ABI info
-- Detecting CXX compiler ABI info - done
-- Check for working CXX compiler: /usr/bin/c++ - skipped
-- Detecting CXX compile features
-- Detecting CXX compile features - done
-- Found ament_cmake: 1.3.14 (/opt/ros/humble/share/ament_cmake/cmake)
-- Found Python3: /usr/bin/python3 (found version "3.10.12") found components: Interpreter 
-- Override CMake install command with custom implementation using symlinks instead of copying resources
-- Found rclcpp: 16.0.19 (/opt/ros/humble/share/rclcpp/cmake)
-- Found rosidl_generator_c: 3.1.8 (/opt/ros/humble/share/rosidl_generator_c/cmake)
-- Found rosidl_adapter: 3.1.8 (/opt/ros/humble/share/rosidl_adapter/cmake)
-- Found rosidl_generator_cpp: 3.1.8 (/opt/ros/humble/share/rosidl_generator_cpp/cmake)
-- Using all available rosidl_typesupport_c: rosidl_typesupport_fastrtps_c;rosidl_typesupport_introspection_c
-- Using all available rosidl_typesupport_cpp: rosidl_typesupport_fastrtps_cpp;rosidl_typesupport_introspection_cpp
-- Found rmw_implementation_cmake: 6.1.2 (/opt/ros/humble/share/rmw_implementation_cmake/cmake)
-- Found rmw_fastrtps_cpp: 6.2.10 (/opt/ros/humble/share/rmw_fastrtps_cpp/cmake)
-- Found OpenSSL: /usr/lib/x86_64-linux-gnu/libcrypto.so (found version "3.0.2")  
-- Found FastRTPS: /opt/ros/humble/include  
-- Using RMW implementation 'rmw_fastrtps_cpp' as default
-- Looking for pthread.h
-- Looking for pthread.h - found
-- Performing Test CMAKE_HAVE_LIBC_PTHREAD
-- Performing Test CMAKE_HAVE_LIBC_PTHREAD - Success
-- Found Threads: TRUE  
-- Found rclcpp_lifecycle: 16.0.19 (/opt/ros/humble/share/rclcpp_lifecycle/cmake)
-- Found sensor_msgs: 4.9.1 (/opt/ros/humble/share/sensor_msgs/cmake)
-- Found spot_hardware_interface: 0.0.0 (/home/mtouri/spot_ws/install/spot_hardware_interface/share/spot_hardware_interface/cmake)
-- Found PythonInterp: /usr/bin/python3.10 (found version "3.10.12") 
-- Found Protobuf: /usr/lib/x86_64-linux-gnu/libprotobuf.so (found version "3.12.4") 
-- Found rosidl_default_generators: 1.2.1 (/opt/ros/humble/share/rosidl_default_generators/cmake)
-- Checking for module 'grpc'
--   Found grpc, version 10.0.0
-- Checking for module 'grpc++'
--   Found grpc++, version 1.30.2
-- CMake is running /opt/spot-cpp-sdk/lib/cmake/bosdyn/UseInstallbosdyn.cmake
-- Found ament_cmake_pytest: 1.3.14 (/opt/ros/humble/share/ament_cmake_pytest/cmake)
-- Configuring done
-- Generating done
-- Build files have been written to: /home/mtouri/spot_ws/build/spot_ros2_control
[ 12%] [32mBuilding CXX object CMakeFiles/spot_ros2_control.dir/src/spot_joint_map.cpp.o[0m
[ 25%] [32m[1mLinking CXX shared library libspot_ros2_control.so[0m
[ 25%] Built target spot_ros2_control
[ 50%] [32mBuilding CXX object CMakeFiles/wiggle_arm.dir/examples/wiggle_arm.cpp.o[0m
[ 50%] [32mBuilding CXX object CMakeFiles/joint_command_passthrough.dir/examples/joint_command_passthrough.cpp.o[0m
[ 62%] [32mBuilding CXX object CMakeFiles/noarm_squat.dir/examples/noarm_squat.cpp.o[0m
[ 75%] [32m[1mLinking CXX executable joint_command_passthrough[0m
[ 87%] [32m[1mLinking CXX executable noarm_squat[0m
[100%] [32m[1mLinking CXX executable wiggle_arm[0m
[100%] Built target joint_command_passthrough
[100%] Built target noarm_squat
[100%] Built target wiggle_arm
-- Install configuration: ""
-- Execute custom install script
-- Symlinking: /home/mtouri/spot_ws/install/spot_ros2_control/lib/spot_ros2_control/noarm_squat
-- Symlinking: /home/mtouri/spot_ws/install/spot_ros2_control/lib/spot_ros2_control/wiggle_arm
-- Symlinking: /home/mtouri/spot_ws/install/spot_ros2_control/lib/spot_ros2_control/joint_command_passthrough
-- Symlinking: /home/mtouri/spot_ws/install/spot_ros2_control/include/spot_ros2_control/spot_joint_map.hpp
-- Symlinking: /home/mtouri/spot_ws/install/spot_ros2_control/share/spot_ros2_control/launch/noarm_squat.launch.py
-- Symlinking: /home/mtouri/spot_ws/install/spot_ros2_control/share/spot_ros2_control/launch/spot_ros2_control.launch.py
-- Symlinking: /home/mtouri/spot_ws/install/spot_ros2_control/share/spot_ros2_control/launch/wiggle_arm.launch.py
-- Symlinking: /home/mtouri/spot_ws/install/spot_ros2_control/share/spot_ros2_control/config/spot_default_controllers_with_arm.yaml
-- Symlinking: /home/mtouri/spot_ws/install/spot_ros2_control/share/spot_ros2_control/config/spot_default_controllers_without_arm.yaml
-- Symlinking: /home/mtouri/spot_ws/install/spot_ros2_control/share/spot_ros2_control/rviz/template.rviz
-- Symlinking: /home/mtouri/spot_ws/install/spot_ros2_control/share/spot_ros2_control/environment/library_path.sh
-- Symlinking: /home/mtouri/spot_ws/install/spot_ros2_control/share/spot_ros2_control/environment/library_path.dsv
-- Symlinking: /home/mtouri/spot_ws/install/spot_ros2_control/share/ament_index/resource_index/package_run_dependencies/spot_ros2_control
-- Symlinking: /home/mtouri/spot_ws/install/spot_ros2_control/share/ament_index/resource_index/parent_prefix_path/spot_ros2_control
-- Symlinking: /home/mtouri/spot_ws/install/spot_ros2_control/share/spot_ros2_control/environment/ament_prefix_path.sh
-- Symlinking: /home/mtouri/spot_ws/install/spot_ros2_control/share/spot_ros2_control/environment/ament_prefix_path.dsv
-- Symlinking: /home/mtouri/spot_ws/install/spot_ros2_control/share/spot_ros2_control/environment/path.sh
-- Symlinking: /home/mtouri/spot_ws/install/spot_ros2_control/share/spot_ros2_control/environment/path.dsv
-- Symlinking: /home/mtouri/spot_ws/install/spot_ros2_control/share/spot_ros2_control/local_setup.bash
-- Symlinking: /home/mtouri/spot_ws/install/spot_ros2_control/share/spot_ros2_control/local_setup.sh
-- Symlinking: /home/mtouri/spot_ws/install/spot_ros2_control/share/spot_ros2_control/local_setup.zsh
-- Symlinking: /home/mtouri/spot_ws/install/spot_ros2_control/share/spot_ros2_control/local_setup.dsv
-- Symlinking: /home/mtouri/spot_ws/install/spot_ros2_control/share/spot_ros2_control/package.dsv
-- Symlinking: /home/mtouri/spot_ws/install/spot_ros2_control/share/ament_index/resource_index/packages/spot_ros2_control
-- Symlinking: /home/mtouri/spot_ws/install/spot_ros2_control/share/spot_ros2_control/cmake/ament_cmake_export_targets-extras.cmake
-- Symlinking: /home/mtouri/spot_ws/install/spot_ros2_control/share/spot_ros2_control/cmake/spot_ros2_controlConfig.cmake
-- Symlinking: /home/mtouri/spot_ws/install/spot_ros2_control/share/spot_ros2_control/cmake/spot_ros2_controlConfig-version.cmake
-- Symlinking: /home/mtouri/spot_ws/install/spot_ros2_control/share/spot_ros2_control/package.xml
-- Installing: /home/mtouri/spot_ws/install/spot_ros2_control/lib/spot_ros2_control/set_gripper_gains
-- Installing: /home/mtouri/spot_ws/install/spot_ros2_control/lib/spot_ros2_control/mixed_level_example
-- Installing: /home/mtouri/spot_ws/install/spot_ros2_control/lib/libspot_ros2_control.so
-- Set runtime path of "/home/mtouri/spot_ws/install/spot_ros2_control/lib/libspot_ros2_control.so" to ""
-- Installing: /home/mtouri/spot_ws/install/spot_ros2_control/share/spot_ros2_control/cmake/export_spot_ros2_controlExport.cmake
-- Installing: /home/mtouri/spot_ws/install/spot_ros2_control/share/spot_ros2_control/cmake/export_spot_ros2_controlExport-noconfig.cmake
