running develop
running egg_info
creating spot_examples.egg-info
writing spot_examples.egg-info/PKG-INFO
writing dependency_links to spot_examples.egg-info/dependency_links.txt
writing entry points to spot_examples.egg-info/entry_points.txt
writing requirements to spot_examples.egg-info/requires.txt
writing top-level names to spot_examples.egg-info/top_level.txt
writing manifest file 'spot_examples.egg-info/SOURCES.txt'
reading manifest file 'spot_examples.egg-info/SOURCES.txt'
writing manifest file 'spot_examples.egg-info/SOURCES.txt'
running build_ext
Creating /home/mtouri/spot_ws/install/spot_examples/lib/python3.10/site-packages/spot-examples.egg-link (link to .)
Installing arm_simple script to /home/mtouri/spot_ws/install/spot_examples/lib/spot_examples
Installing arm_with_body_follow script to /home/mtouri/spot_ws/install/spot_examples/lib/spot_examples
Installing batch_trajectory script to /home/mtouri/spot_ws/install/spot_examples/lib/spot_examples
Installing hello_spot script to /home/mtouri/spot_ws/install/spot_examples/lib/spot_examples
Installing nogo_example script to /home/mtouri/spot_ws/install/spot_examples/lib/spot_examples
Installing send_inverse_kinematics_requests script to /home/mtouri/spot_ws/install/spot_examples/lib/spot_examples
Installing simple_sub script to /home/mtouri/spot_ws/install/spot_examples/lib/spot_examples
Installing spot_in_circle script to /home/mtouri/spot_ws/install/spot_examples/lib/spot_examples
Installing walk_forward script to /home/mtouri/spot_ws/install/spot_examples/lib/spot_examples
Installing wasd script to /home/mtouri/spot_ws/install/spot_examples/lib/spot_examples

Installed /home/mtouri/spot_ws/build/spot_examples
running symlink_data
creating /home/mtouri/spot_ws/install/spot_examples/share/ament_index
creating /home/mtouri/spot_ws/install/spot_examples/share/ament_index/resource_index
creating /home/mtouri/spot_ws/install/spot_examples/share/ament_index/resource_index/packages
symbolically linking /home/mtouri/spot_ws/build/spot_examples/resource/spot_examples -> /home/mtouri/spot_ws/install/spot_examples/share/ament_index/resource_index/packages
symbolically linking /home/mtouri/spot_ws/build/spot_examples/package.xml -> /home/mtouri/spot_ws/install/spot_examples/share/spot_examples
