[0.977s] Invoking command in '/home/mtouri/spot_ws/build/spot_examples': AMENT_PREFIX_PATH=/home/mtouri/spot_ws/install/synchros2:${AMENT_PREFIX_PATH} PYTHONPATH=/home/mtouri/spot_ws/build/spot_examples/prefix_override:/usr/lib/python3/dist-packages/colcon_core/task/python/colcon_distutils_commands:/home/mtouri/spot_ws/install/spot_examples/lib/python3.10/site-packages:/home/mtouri/spot_ws/build/synchros2:/home/mtouri/spot_ws/install/synchros2/lib/python3.10/site-packages:${PYTHONPATH} /usr/bin/python3 -W ignore:setup.py install is deprecated -W ignore:easy_install command is deprecated setup.py develop --editable --build-directory /home/mtouri/spot_ws/build/spot_examples/build --no-deps symlink_data
[1.270s] running develop
[1.524s] running egg_info
[1.524s] creating spot_examples.egg-info
[1.525s] writing spot_examples.egg-info/PKG-INFO
[1.525s] writing dependency_links to spot_examples.egg-info/dependency_links.txt
[1.525s] writing entry points to spot_examples.egg-info/entry_points.txt
[1.525s] writing requirements to spot_examples.egg-info/requires.txt
[1.525s] writing top-level names to spot_examples.egg-info/top_level.txt
[1.526s] writing manifest file 'spot_examples.egg-info/SOURCES.txt'
[1.529s] reading manifest file 'spot_examples.egg-info/SOURCES.txt'
[1.530s] writing manifest file 'spot_examples.egg-info/SOURCES.txt'
[1.533s] running build_ext
[1.533s] Creating /home/mtouri/spot_ws/install/spot_examples/lib/python3.10/site-packages/spot-examples.egg-link (link to .)
[1.534s] Installing arm_simple script to /home/mtouri/spot_ws/install/spot_examples/lib/spot_examples
[1.534s] Installing arm_with_body_follow script to /home/mtouri/spot_ws/install/spot_examples/lib/spot_examples
[1.534s] Installing batch_trajectory script to /home/mtouri/spot_ws/install/spot_examples/lib/spot_examples
[1.534s] Installing hello_spot script to /home/mtouri/spot_ws/install/spot_examples/lib/spot_examples
[1.535s] Installing nogo_example script to /home/mtouri/spot_ws/install/spot_examples/lib/spot_examples
[1.535s] Installing send_inverse_kinematics_requests script to /home/mtouri/spot_ws/install/spot_examples/lib/spot_examples
[1.535s] Installing simple_sub script to /home/mtouri/spot_ws/install/spot_examples/lib/spot_examples
[1.535s] Installing spot_in_circle script to /home/mtouri/spot_ws/install/spot_examples/lib/spot_examples
[1.535s] Installing walk_forward script to /home/mtouri/spot_ws/install/spot_examples/lib/spot_examples
[1.535s] Installing wasd script to /home/mtouri/spot_ws/install/spot_examples/lib/spot_examples
[1.535s] 
[1.536s] Installed /home/mtouri/spot_ws/build/spot_examples
[1.536s] running symlink_data
[1.536s] creating /home/mtouri/spot_ws/install/spot_examples/share/ament_index
[1.536s] creating /home/mtouri/spot_ws/install/spot_examples/share/ament_index/resource_index
[1.536s] creating /home/mtouri/spot_ws/install/spot_examples/share/ament_index/resource_index/packages
[1.536s] symbolically linking /home/mtouri/spot_ws/build/spot_examples/resource/spot_examples -> /home/mtouri/spot_ws/install/spot_examples/share/ament_index/resource_index/packages
[1.536s] symbolically linking /home/mtouri/spot_ws/build/spot_examples/package.xml -> /home/mtouri/spot_ws/install/spot_examples/share/spot_examples
[1.648s] Invoked command in '/home/mtouri/spot_ws/build/spot_examples' returned '0': AMENT_PREFIX_PATH=/home/mtouri/spot_ws/install/synchros2:${AMENT_PREFIX_PATH} PYTHONPATH=/home/mtouri/spot_ws/build/spot_examples/prefix_override:/usr/lib/python3/dist-packages/colcon_core/task/python/colcon_distutils_commands:/home/mtouri/spot_ws/install/spot_examples/lib/python3.10/site-packages:/home/mtouri/spot_ws/build/synchros2:/home/mtouri/spot_ws/install/synchros2/lib/python3.10/site-packages:${PYTHONPATH} /usr/bin/python3 -W ignore:setup.py install is deprecated -W ignore:easy_install command is deprecated setup.py develop --editable --build-directory /home/mtouri/spot_ws/build/spot_examples/build --no-deps symlink_data
