[0.176s] DEBUG:colcon:Command line arguments: ['/usr/bin/colcon', 'build', '--symlink-install', '--packages-select', 'spot_examples']
[0.176s] DEBUG:colcon:Parsed command line arguments: Namespace(log_base=None, log_level=None, verb_name='build', build_base='build', install_base='install', merge_install=False, symlink_install=True, test_result_base=None, continue_on_error=False, executor='parallel', parallel_workers=16, event_handlers=None, ignore_user_meta=False, metas=['./colcon.meta'], base_paths=['.'], packages_ignore=None, packages_ignore_regex=None, paths=None, packages_up_to=None, packages_up_to_regex=None, packages_above=None, packages_above_and_dependencies=None, packages_above_depth=None, packages_select_by_dep=None, packages_skip_by_dep=None, packages_skip_up_to=None, packages_select_build_failed=False, packages_skip_build_finished=False, packages_select_test_failures=False, packages_skip_test_passed=False, packages_select=['spot_examples'], packages_skip=None, packages_select_regex=None, packages_skip_regex=None, packages_start=None, packages_end=None, allow_overriding=[], cmake_args=None, cmake_target=None, cmake_target_skip_unavailable=False, cmake_clean_cache=False, cmake_clean_first=False, cmake_force_configure=False, ament_cmake_args=None, catkin_cmake_args=None, catkin_skip_building_tests=False, mixin_files=None, mixin=None, verb_parser=<colcon_mixin.mixin.mixin_argument.MixinArgumentDecorator object at 0x7c70a63e5720>, verb_extension=<colcon_core.verb.build.BuildVerb object at 0x7c70a63e5150>, main=<bound method BuildVerb.main of <colcon_core.verb.build.BuildVerb object at 0x7c70a63e5150>>, mixin_verb=('build',))
[0.439s] Level 1:colcon.colcon_core.package_discovery:discover_packages(colcon_meta) check parameters
[0.439s] Level 1:colcon.colcon_core.package_discovery:discover_packages(recursive) check parameters
[0.439s] Level 1:colcon.colcon_core.package_discovery:discover_packages(ignore) check parameters
[0.439s] Level 1:colcon.colcon_core.package_discovery:discover_packages(path) check parameters
[0.439s] Level 1:colcon.colcon_core.package_discovery:discover_packages(colcon_meta) discover
[0.439s] Level 1:colcon.colcon_core.package_discovery:discover_packages(recursive) discover
[0.439s] INFO:colcon.colcon_core.package_discovery:Crawling recursively for packages in '/home/mtouri/spot_ws'
[0.439s] Level 1:colcon.colcon_core.package_identification:_identify(.) by extensions ['ignore', 'ignore_ament_install']
[0.439s] Level 1:colcon.colcon_core.package_identification:_identify(.) by extension 'ignore'
[0.439s] Level 1:colcon.colcon_core.package_identification:_identify(.) by extension 'ignore_ament_install'
[0.439s] Level 1:colcon.colcon_core.package_identification:_identify(.) by extensions ['colcon_pkg']
[0.439s] Level 1:colcon.colcon_core.package_identification:_identify(.) by extension 'colcon_pkg'
[0.439s] Level 1:colcon.colcon_core.package_identification:_identify(.) by extensions ['colcon_meta']
[0.439s] Level 1:colcon.colcon_core.package_identification:_identify(.) by extension 'colcon_meta'
[0.439s] Level 1:colcon.colcon_core.package_identification:_identify(.) by extensions ['ros']
[0.439s] Level 1:colcon.colcon_core.package_identification:_identify(.) by extension 'ros'
[0.449s] Level 1:colcon.colcon_core.package_identification:_identify(.) by extensions ['cmake', 'python']
[0.449s] Level 1:colcon.colcon_core.package_identification:_identify(.) by extension 'cmake'
[0.449s] Level 1:colcon.colcon_core.package_identification:_identify(.) by extension 'python'
[0.449s] Level 1:colcon.colcon_core.package_identification:_identify(.) by extensions ['python_setup_py']
[0.449s] Level 1:colcon.colcon_core.package_identification:_identify(.) by extension 'python_setup_py'
[0.450s] Level 1:colcon.colcon_core.package_identification:_identify(build) by extensions ['ignore', 'ignore_ament_install']
[0.450s] Level 1:colcon.colcon_core.package_identification:_identify(build) by extension 'ignore'
[0.450s] Level 1:colcon.colcon_core.package_identification:_identify(build) ignored
[0.450s] Level 1:colcon.colcon_core.package_identification:_identify(install) by extensions ['ignore', 'ignore_ament_install']
[0.450s] Level 1:colcon.colcon_core.package_identification:_identify(install) by extension 'ignore'
[0.450s] Level 1:colcon.colcon_core.package_identification:_identify(install) ignored
[0.450s] Level 1:colcon.colcon_core.package_identification:_identify(log) by extensions ['ignore', 'ignore_ament_install']
[0.450s] Level 1:colcon.colcon_core.package_identification:_identify(log) by extension 'ignore'
[0.450s] Level 1:colcon.colcon_core.package_identification:_identify(log) ignored
[0.450s] Level 1:colcon.colcon_core.package_identification:_identify(src) by extensions ['ignore', 'ignore_ament_install']
[0.450s] Level 1:colcon.colcon_core.package_identification:_identify(src) by extension 'ignore'
[0.450s] Level 1:colcon.colcon_core.package_identification:_identify(src) by extension 'ignore_ament_install'
[0.450s] Level 1:colcon.colcon_core.package_identification:_identify(src) by extensions ['colcon_pkg']
[0.450s] Level 1:colcon.colcon_core.package_identification:_identify(src) by extension 'colcon_pkg'
[0.450s] Level 1:colcon.colcon_core.package_identification:_identify(src) by extensions ['colcon_meta']
[0.450s] Level 1:colcon.colcon_core.package_identification:_identify(src) by extension 'colcon_meta'
[0.450s] Level 1:colcon.colcon_core.package_identification:_identify(src) by extensions ['ros']
[0.450s] Level 1:colcon.colcon_core.package_identification:_identify(src) by extension 'ros'
[0.450s] Level 1:colcon.colcon_core.package_identification:_identify(src) by extensions ['cmake', 'python']
[0.450s] Level 1:colcon.colcon_core.package_identification:_identify(src) by extension 'cmake'
[0.450s] Level 1:colcon.colcon_core.package_identification:_identify(src) by extension 'python'
[0.450s] Level 1:colcon.colcon_core.package_identification:_identify(src) by extensions ['python_setup_py']
[0.450s] Level 1:colcon.colcon_core.package_identification:_identify(src) by extension 'python_setup_py'
[0.451s] Level 1:colcon.colcon_core.package_identification:_identify(src/spot_ros2) by extensions ['ignore', 'ignore_ament_install']
[0.451s] Level 1:colcon.colcon_core.package_identification:_identify(src/spot_ros2) by extension 'ignore'
[0.451s] Level 1:colcon.colcon_core.package_identification:_identify(src/spot_ros2) by extension 'ignore_ament_install'
[0.451s] Level 1:colcon.colcon_core.package_identification:_identify(src/spot_ros2) by extensions ['colcon_pkg']
[0.451s] Level 1:colcon.colcon_core.package_identification:_identify(src/spot_ros2) by extension 'colcon_pkg'
[0.451s] Level 1:colcon.colcon_core.package_identification:_identify(src/spot_ros2) by extensions ['colcon_meta']
[0.451s] Level 1:colcon.colcon_core.package_identification:_identify(src/spot_ros2) by extension 'colcon_meta'
[0.451s] Level 1:colcon.colcon_core.package_identification:_identify(src/spot_ros2) by extensions ['ros']
[0.451s] Level 1:colcon.colcon_core.package_identification:_identify(src/spot_ros2) by extension 'ros'
[0.451s] Level 1:colcon.colcon_core.package_identification:_identify(src/spot_ros2) by extensions ['cmake', 'python']
[0.451s] Level 1:colcon.colcon_core.package_identification:_identify(src/spot_ros2) by extension 'cmake'
[0.451s] Level 1:colcon.colcon_core.package_identification:_identify(src/spot_ros2) by extension 'python'
[0.451s] Level 1:colcon.colcon_core.package_identification:_identify(src/spot_ros2) by extensions ['python_setup_py']
[0.451s] Level 1:colcon.colcon_core.package_identification:_identify(src/spot_ros2) by extension 'python_setup_py'
[0.451s] Level 1:colcon.colcon_core.package_identification:_identify(src/spot_ros2/docs) by extensions ['ignore', 'ignore_ament_install']
[0.451s] Level 1:colcon.colcon_core.package_identification:_identify(src/spot_ros2/docs) by extension 'ignore'
[0.451s] Level 1:colcon.colcon_core.package_identification:_identify(src/spot_ros2/docs) by extension 'ignore_ament_install'
[0.451s] Level 1:colcon.colcon_core.package_identification:_identify(src/spot_ros2/docs) by extensions ['colcon_pkg']
[0.451s] Level 1:colcon.colcon_core.package_identification:_identify(src/spot_ros2/docs) by extension 'colcon_pkg'
[0.451s] Level 1:colcon.colcon_core.package_identification:_identify(src/spot_ros2/docs) by extensions ['colcon_meta']
[0.451s] Level 1:colcon.colcon_core.package_identification:_identify(src/spot_ros2/docs) by extension 'colcon_meta'
[0.451s] Level 1:colcon.colcon_core.package_identification:_identify(src/spot_ros2/docs) by extensions ['ros']
[0.451s] Level 1:colcon.colcon_core.package_identification:_identify(src/spot_ros2/docs) by extension 'ros'
[0.451s] Level 1:colcon.colcon_core.package_identification:_identify(src/spot_ros2/docs) by extensions ['cmake', 'python']
[0.451s] Level 1:colcon.colcon_core.package_identification:_identify(src/spot_ros2/docs) by extension 'cmake'
[0.451s] Level 1:colcon.colcon_core.package_identification:_identify(src/spot_ros2/docs) by extension 'python'
[0.451s] Level 1:colcon.colcon_core.package_identification:_identify(src/spot_ros2/docs) by extensions ['python_setup_py']
[0.451s] Level 1:colcon.colcon_core.package_identification:_identify(src/spot_ros2/docs) by extension 'python_setup_py'
[0.451s] Level 1:colcon.colcon_core.package_identification:_identify(src/spot_ros2/docs/source) by extensions ['ignore', 'ignore_ament_install']
[0.452s] Level 1:colcon.colcon_core.package_identification:_identify(src/spot_ros2/docs/source) by extension 'ignore'
[0.452s] Level 1:colcon.colcon_core.package_identification:_identify(src/spot_ros2/docs/source) by extension 'ignore_ament_install'
[0.452s] Level 1:colcon.colcon_core.package_identification:_identify(src/spot_ros2/docs/source) by extensions ['colcon_pkg']
[0.452s] Level 1:colcon.colcon_core.package_identification:_identify(src/spot_ros2/docs/source) by extension 'colcon_pkg'
[0.452s] Level 1:colcon.colcon_core.package_identification:_identify(src/spot_ros2/docs/source) by extensions ['colcon_meta']
[0.452s] Level 1:colcon.colcon_core.package_identification:_identify(src/spot_ros2/docs/source) by extension 'colcon_meta'
[0.452s] Level 1:colcon.colcon_core.package_identification:_identify(src/spot_ros2/docs/source) by extensions ['ros']
[0.452s] Level 1:colcon.colcon_core.package_identification:_identify(src/spot_ros2/docs/source) by extension 'ros'
[0.452s] Level 1:colcon.colcon_core.package_identification:_identify(src/spot_ros2/docs/source) by extensions ['cmake', 'python']
[0.452s] Level 1:colcon.colcon_core.package_identification:_identify(src/spot_ros2/docs/source) by extension 'cmake'
[0.452s] Level 1:colcon.colcon_core.package_identification:_identify(src/spot_ros2/docs/source) by extension 'python'
[0.452s] Level 1:colcon.colcon_core.package_identification:_identify(src/spot_ros2/docs/source) by extensions ['python_setup_py']
[0.452s] Level 1:colcon.colcon_core.package_identification:_identify(src/spot_ros2/docs/source) by extension 'python_setup_py'
[0.452s] Level 1:colcon.colcon_core.package_identification:_identify(src/spot_ros2/spot_common) by extensions ['ignore', 'ignore_ament_install']
[0.452s] Level 1:colcon.colcon_core.package_identification:_identify(src/spot_ros2/spot_common) by extension 'ignore'
[0.452s] Level 1:colcon.colcon_core.package_identification:_identify(src/spot_ros2/spot_common) by extension 'ignore_ament_install'
[0.452s] Level 1:colcon.colcon_core.package_identification:_identify(src/spot_ros2/spot_common) by extensions ['colcon_pkg']
[0.452s] Level 1:colcon.colcon_core.package_identification:_identify(src/spot_ros2/spot_common) by extension 'colcon_pkg'
[0.452s] Level 1:colcon.colcon_core.package_identification:_identify(src/spot_ros2/spot_common) by extensions ['colcon_meta']
[0.452s] Level 1:colcon.colcon_core.package_identification:_identify(src/spot_ros2/spot_common) by extension 'colcon_meta'
[0.452s] Level 1:colcon.colcon_core.package_identification:_identify(src/spot_ros2/spot_common) by extensions ['ros']
[0.452s] Level 1:colcon.colcon_core.package_identification:_identify(src/spot_ros2/spot_common) by extension 'ros'
[0.454s] DEBUG:colcon.colcon_core.package_identification:Package 'src/spot_ros2/spot_common' with type 'ros.ament_python' and name 'spot_common'
[0.455s] Level 1:colcon.colcon_core.package_identification:_identify(src/spot_ros2/spot_controllers) by extensions ['ignore', 'ignore_ament_install']
[0.455s] Level 1:colcon.colcon_core.package_identification:_identify(src/spot_ros2/spot_controllers) by extension 'ignore'
[0.455s] Level 1:colcon.colcon_core.package_identification:_identify(src/spot_ros2/spot_controllers) by extension 'ignore_ament_install'
[0.455s] Level 1:colcon.colcon_core.package_identification:_identify(src/spot_ros2/spot_controllers) by extensions ['colcon_pkg']
[0.455s] Level 1:colcon.colcon_core.package_identification:_identify(src/spot_ros2/spot_controllers) by extension 'colcon_pkg'
[0.455s] Level 1:colcon.colcon_core.package_identification:_identify(src/spot_ros2/spot_controllers) by extensions ['colcon_meta']
[0.455s] Level 1:colcon.colcon_core.package_identification:_identify(src/spot_ros2/spot_controllers) by extension 'colcon_meta'
[0.455s] Level 1:colcon.colcon_core.package_identification:_identify(src/spot_ros2/spot_controllers) by extensions ['ros']
[0.455s] Level 1:colcon.colcon_core.package_identification:_identify(src/spot_ros2/spot_controllers) by extension 'ros'
[0.455s] DEBUG:colcon.colcon_core.package_identification:Package 'src/spot_ros2/spot_controllers' with type 'ros.ament_cmake' and name 'spot_controllers'
[0.455s] Level 1:colcon.colcon_core.package_identification:_identify(src/spot_ros2/spot_description) by extensions ['ignore', 'ignore_ament_install']
[0.456s] Level 1:colcon.colcon_core.package_identification:_identify(src/spot_ros2/spot_description) by extension 'ignore'
[0.456s] Level 1:colcon.colcon_core.package_identification:_identify(src/spot_ros2/spot_description) by extension 'ignore_ament_install'
[0.456s] Level 1:colcon.colcon_core.package_identification:_identify(src/spot_ros2/spot_description) by extensions ['colcon_pkg']
[0.456s] Level 1:colcon.colcon_core.package_identification:_identify(src/spot_ros2/spot_description) by extension 'colcon_pkg'
[0.456s] Level 1:colcon.colcon_core.package_identification:_identify(src/spot_ros2/spot_description) by extensions ['colcon_meta']
[0.456s] Level 1:colcon.colcon_core.package_identification:_identify(src/spot_ros2/spot_description) by extension 'colcon_meta'
[0.456s] Level 1:colcon.colcon_core.package_identification:_identify(src/spot_ros2/spot_description) by extensions ['ros']
[0.456s] Level 1:colcon.colcon_core.package_identification:_identify(src/spot_ros2/spot_description) by extension 'ros'
[0.456s] Level 1:colcon.colcon_core.package_identification:_identify(src/spot_ros2/spot_description) by extensions ['cmake', 'python']
[0.456s] Level 1:colcon.colcon_core.package_identification:_identify(src/spot_ros2/spot_description) by extension 'cmake'
[0.456s] Level 1:colcon.colcon_core.package_identification:_identify(src/spot_ros2/spot_description) by extension 'python'
[0.456s] Level 1:colcon.colcon_core.package_identification:_identify(src/spot_ros2/spot_description) by extensions ['python_setup_py']
[0.456s] Level 1:colcon.colcon_core.package_identification:_identify(src/spot_ros2/spot_description) by extension 'python_setup_py'
[0.456s] Level 1:colcon.colcon_core.package_identification:_identify(src/spot_ros2/spot_description/spot_description) by extensions ['ignore', 'ignore_ament_install']
[0.456s] Level 1:colcon.colcon_core.package_identification:_identify(src/spot_ros2/spot_description/spot_description) by extension 'ignore'
[0.456s] Level 1:colcon.colcon_core.package_identification:_identify(src/spot_ros2/spot_description/spot_description) by extension 'ignore_ament_install'
[0.456s] Level 1:colcon.colcon_core.package_identification:_identify(src/spot_ros2/spot_description/spot_description) by extensions ['colcon_pkg']
[0.456s] Level 1:colcon.colcon_core.package_identification:_identify(src/spot_ros2/spot_description/spot_description) by extension 'colcon_pkg'
[0.456s] Level 1:colcon.colcon_core.package_identification:_identify(src/spot_ros2/spot_description/spot_description) by extensions ['colcon_meta']
[0.456s] Level 1:colcon.colcon_core.package_identification:_identify(src/spot_ros2/spot_description/spot_description) by extension 'colcon_meta'
[0.456s] Level 1:colcon.colcon_core.package_identification:_identify(src/spot_ros2/spot_description/spot_description) by extensions ['ros']
[0.456s] Level 1:colcon.colcon_core.package_identification:_identify(src/spot_ros2/spot_description/spot_description) by extension 'ros'
[0.457s] DEBUG:colcon.colcon_core.package_identification:Package 'src/spot_ros2/spot_description/spot_description' with type 'ros.ament_cmake' and name 'spot_description'
[0.457s] Level 1:colcon.colcon_core.package_identification:_identify(src/spot_ros2/spot_driver) by extensions ['ignore', 'ignore_ament_install']
[0.457s] Level 1:colcon.colcon_core.package_identification:_identify(src/spot_ros2/spot_driver) by extension 'ignore'
[0.457s] Level 1:colcon.colcon_core.package_identification:_identify(src/spot_ros2/spot_driver) by extension 'ignore_ament_install'
[0.457s] Level 1:colcon.colcon_core.package_identification:_identify(src/spot_ros2/spot_driver) by extensions ['colcon_pkg']
[0.457s] Level 1:colcon.colcon_core.package_identification:_identify(src/spot_ros2/spot_driver) by extension 'colcon_pkg'
[0.457s] Level 1:colcon.colcon_core.package_identification:_identify(src/spot_ros2/spot_driver) by extensions ['colcon_meta']
[0.457s] Level 1:colcon.colcon_core.package_identification:_identify(src/spot_ros2/spot_driver) by extension 'colcon_meta'
[0.457s] Level 1:colcon.colcon_core.package_identification:_identify(src/spot_ros2/spot_driver) by extensions ['ros']
[0.457s] Level 1:colcon.colcon_core.package_identification:_identify(src/spot_ros2/spot_driver) by extension 'ros'
[0.458s] DEBUG:colcon.colcon_core.package_identification:Package 'src/spot_ros2/spot_driver' with type 'ros.ament_cmake' and name 'spot_driver'
[0.459s] Level 1:colcon.colcon_core.package_identification:_identify(src/spot_ros2/spot_examples) by extensions ['ignore', 'ignore_ament_install']
[0.459s] Level 1:colcon.colcon_core.package_identification:_identify(src/spot_ros2/spot_examples) by extension 'ignore'
[0.459s] Level 1:colcon.colcon_core.package_identification:_identify(src/spot_ros2/spot_examples) by extension 'ignore_ament_install'
[0.459s] Level 1:colcon.colcon_core.package_identification:_identify(src/spot_ros2/spot_examples) by extensions ['colcon_pkg']
[0.459s] Level 1:colcon.colcon_core.package_identification:_identify(src/spot_ros2/spot_examples) by extension 'colcon_pkg'
[0.459s] Level 1:colcon.colcon_core.package_identification:_identify(src/spot_ros2/spot_examples) by extensions ['colcon_meta']
[0.459s] Level 1:colcon.colcon_core.package_identification:_identify(src/spot_ros2/spot_examples) by extension 'colcon_meta'
[0.459s] Level 1:colcon.colcon_core.package_identification:_identify(src/spot_ros2/spot_examples) by extensions ['ros']
[0.459s] Level 1:colcon.colcon_core.package_identification:_identify(src/spot_ros2/spot_examples) by extension 'ros'
[0.459s] DEBUG:colcon.colcon_core.package_identification:Package 'src/spot_ros2/spot_examples' with type 'ros.ament_python' and name 'spot_examples'
[0.459s] Level 1:colcon.colcon_core.package_identification:_identify(src/spot_ros2/spot_hardware_interface) by extensions ['ignore', 'ignore_ament_install']
[0.459s] Level 1:colcon.colcon_core.package_identification:_identify(src/spot_ros2/spot_hardware_interface) by extension 'ignore'
[0.459s] Level 1:colcon.colcon_core.package_identification:_identify(src/spot_ros2/spot_hardware_interface) by extension 'ignore_ament_install'
[0.459s] Level 1:colcon.colcon_core.package_identification:_identify(src/spot_ros2/spot_hardware_interface) by extensions ['colcon_pkg']
[0.459s] Level 1:colcon.colcon_core.package_identification:_identify(src/spot_ros2/spot_hardware_interface) by extension 'colcon_pkg'
[0.459s] Level 1:colcon.colcon_core.package_identification:_identify(src/spot_ros2/spot_hardware_interface) by extensions ['colcon_meta']
[0.459s] Level 1:colcon.colcon_core.package_identification:_identify(src/spot_ros2/spot_hardware_interface) by extension 'colcon_meta'
[0.459s] Level 1:colcon.colcon_core.package_identification:_identify(src/spot_ros2/spot_hardware_interface) by extensions ['ros']
[0.459s] Level 1:colcon.colcon_core.package_identification:_identify(src/spot_ros2/spot_hardware_interface) by extension 'ros'
[0.460s] DEBUG:colcon.colcon_core.package_identification:Package 'src/spot_ros2/spot_hardware_interface' with type 'ros.ament_cmake' and name 'spot_hardware_interface'
[0.460s] Level 1:colcon.colcon_core.package_identification:_identify(src/spot_ros2/spot_msgs) by extensions ['ignore', 'ignore_ament_install']
[0.460s] Level 1:colcon.colcon_core.package_identification:_identify(src/spot_ros2/spot_msgs) by extension 'ignore'
[0.460s] Level 1:colcon.colcon_core.package_identification:_identify(src/spot_ros2/spot_msgs) by extension 'ignore_ament_install'
[0.460s] Level 1:colcon.colcon_core.package_identification:_identify(src/spot_ros2/spot_msgs) by extensions ['colcon_pkg']
[0.460s] Level 1:colcon.colcon_core.package_identification:_identify(src/spot_ros2/spot_msgs) by extension 'colcon_pkg'
[0.460s] Level 1:colcon.colcon_core.package_identification:_identify(src/spot_ros2/spot_msgs) by extensions ['colcon_meta']
[0.460s] Level 1:colcon.colcon_core.package_identification:_identify(src/spot_ros2/spot_msgs) by extension 'colcon_meta'
[0.460s] Level 1:colcon.colcon_core.package_identification:_identify(src/spot_ros2/spot_msgs) by extensions ['ros']
[0.460s] Level 1:colcon.colcon_core.package_identification:_identify(src/spot_ros2/spot_msgs) by extension 'ros'
[0.461s] DEBUG:colcon.colcon_core.package_identification:Package 'src/spot_ros2/spot_msgs' with type 'ros.ament_cmake' and name 'spot_msgs'
[0.461s] Level 1:colcon.colcon_core.package_identification:_identify(src/spot_ros2/spot_ros2_control) by extensions ['ignore', 'ignore_ament_install']
[0.461s] Level 1:colcon.colcon_core.package_identification:_identify(src/spot_ros2/spot_ros2_control) by extension 'ignore'
[0.461s] Level 1:colcon.colcon_core.package_identification:_identify(src/spot_ros2/spot_ros2_control) by extension 'ignore_ament_install'
[0.461s] Level 1:colcon.colcon_core.package_identification:_identify(src/spot_ros2/spot_ros2_control) by extensions ['colcon_pkg']
[0.461s] Level 1:colcon.colcon_core.package_identification:_identify(src/spot_ros2/spot_ros2_control) by extension 'colcon_pkg'
[0.461s] Level 1:colcon.colcon_core.package_identification:_identify(src/spot_ros2/spot_ros2_control) by extensions ['colcon_meta']
[0.461s] Level 1:colcon.colcon_core.package_identification:_identify(src/spot_ros2/spot_ros2_control) by extension 'colcon_meta'
[0.461s] Level 1:colcon.colcon_core.package_identification:_identify(src/spot_ros2/spot_ros2_control) by extensions ['ros']
[0.461s] Level 1:colcon.colcon_core.package_identification:_identify(src/spot_ros2/spot_ros2_control) by extension 'ros'
[0.462s] DEBUG:colcon.colcon_core.package_identification:Package 'src/spot_ros2/spot_ros2_control' with type 'ros.ament_cmake' and name 'spot_ros2_control'
[0.462s] Level 1:colcon.colcon_core.package_identification:_identify(src/spot_ros2/spot_rviz_plugins) by extensions ['ignore', 'ignore_ament_install']
[0.462s] Level 1:colcon.colcon_core.package_identification:_identify(src/spot_ros2/spot_rviz_plugins) by extension 'ignore'
[0.462s] Level 1:colcon.colcon_core.package_identification:_identify(src/spot_ros2/spot_rviz_plugins) by extension 'ignore_ament_install'
[0.462s] Level 1:colcon.colcon_core.package_identification:_identify(src/spot_ros2/spot_rviz_plugins) by extensions ['colcon_pkg']
[0.462s] Level 1:colcon.colcon_core.package_identification:_identify(src/spot_ros2/spot_rviz_plugins) by extension 'colcon_pkg'
[0.462s] Level 1:colcon.colcon_core.package_identification:_identify(src/spot_ros2/spot_rviz_plugins) by extensions ['colcon_meta']
[0.462s] Level 1:colcon.colcon_core.package_identification:_identify(src/spot_ros2/spot_rviz_plugins) by extension 'colcon_meta'
[0.462s] Level 1:colcon.colcon_core.package_identification:_identify(src/spot_ros2/spot_rviz_plugins) by extensions ['ros']
[0.462s] Level 1:colcon.colcon_core.package_identification:_identify(src/spot_ros2/spot_rviz_plugins) by extension 'ros'
[0.463s] DEBUG:colcon.colcon_core.package_identification:Package 'src/spot_ros2/spot_rviz_plugins' with type 'ros.ament_cmake' and name 'spot_rviz_plugins'
[0.463s] Level 1:colcon.colcon_core.package_identification:_identify(src/spot_ros2/spot_wrapper) by extensions ['ignore', 'ignore_ament_install']
[0.463s] Level 1:colcon.colcon_core.package_identification:_identify(src/spot_ros2/spot_wrapper) by extension 'ignore'
[0.463s] Level 1:colcon.colcon_core.package_identification:_identify(src/spot_ros2/spot_wrapper) by extension 'ignore_ament_install'
[0.463s] Level 1:colcon.colcon_core.package_identification:_identify(src/spot_ros2/spot_wrapper) by extensions ['colcon_pkg']
[0.463s] Level 1:colcon.colcon_core.package_identification:_identify(src/spot_ros2/spot_wrapper) by extension 'colcon_pkg'
[0.463s] Level 1:colcon.colcon_core.package_identification:_identify(src/spot_ros2/spot_wrapper) by extensions ['colcon_meta']
[0.463s] Level 1:colcon.colcon_core.package_identification:_identify(src/spot_ros2/spot_wrapper) by extension 'colcon_meta'
[0.463s] Level 1:colcon.colcon_core.package_identification:_identify(src/spot_ros2/spot_wrapper) by extensions ['ros']
[0.463s] Level 1:colcon.colcon_core.package_identification:_identify(src/spot_ros2/spot_wrapper) by extension 'ros'
[0.463s] Level 1:colcon.colcon_core.package_identification:_identify(src/spot_ros2/spot_wrapper) by extensions ['cmake', 'python']
[0.463s] Level 1:colcon.colcon_core.package_identification:_identify(src/spot_ros2/spot_wrapper) by extension 'cmake'
[0.463s] Level 1:colcon.colcon_core.package_identification:_identify(src/spot_ros2/spot_wrapper) by extension 'python'
[0.463s] Level 1:colcon.colcon_core.package_identification:_identify(src/spot_ros2/spot_wrapper) by extensions ['python_setup_py']
[0.463s] Level 1:colcon.colcon_core.package_identification:_identify(src/spot_ros2/spot_wrapper) by extension 'python_setup_py'
[0.719s] DEBUG:colcon.colcon_core.package_identification:Package 'src/spot_ros2/spot_wrapper' with type 'python' and name 'spot_wrapper'
[0.719s] Level 1:colcon.colcon_core.package_identification:_identify(src/spot_ros2/synchros2) by extensions ['ignore', 'ignore_ament_install']
[0.719s] Level 1:colcon.colcon_core.package_identification:_identify(src/spot_ros2/synchros2) by extension 'ignore'
[0.719s] Level 1:colcon.colcon_core.package_identification:_identify(src/spot_ros2/synchros2) by extension 'ignore_ament_install'
[0.719s] Level 1:colcon.colcon_core.package_identification:_identify(src/spot_ros2/synchros2) by extensions ['colcon_pkg']
[0.719s] Level 1:colcon.colcon_core.package_identification:_identify(src/spot_ros2/synchros2) by extension 'colcon_pkg'
[0.719s] Level 1:colcon.colcon_core.package_identification:_identify(src/spot_ros2/synchros2) by extensions ['colcon_meta']
[0.719s] Level 1:colcon.colcon_core.package_identification:_identify(src/spot_ros2/synchros2) by extension 'colcon_meta'
[0.719s] Level 1:colcon.colcon_core.package_identification:_identify(src/spot_ros2/synchros2) by extensions ['ros']
[0.719s] Level 1:colcon.colcon_core.package_identification:_identify(src/spot_ros2/synchros2) by extension 'ros'
[0.719s] Level 1:colcon.colcon_core.package_identification:_identify(src/spot_ros2/synchros2) by extensions ['cmake', 'python']
[0.719s] Level 1:colcon.colcon_core.package_identification:_identify(src/spot_ros2/synchros2) by extension 'cmake'
[0.719s] Level 1:colcon.colcon_core.package_identification:_identify(src/spot_ros2/synchros2) by extension 'python'
[0.719s] Level 1:colcon.colcon_core.package_identification:_identify(src/spot_ros2/synchros2) by extensions ['python_setup_py']
[0.720s] Level 1:colcon.colcon_core.package_identification:_identify(src/spot_ros2/synchros2) by extension 'python_setup_py'
[0.720s] Level 1:colcon.colcon_core.package_identification:_identify(src/spot_ros2/synchros2/synchros2) by extensions ['ignore', 'ignore_ament_install']
[0.720s] Level 1:colcon.colcon_core.package_identification:_identify(src/spot_ros2/synchros2/synchros2) by extension 'ignore'
[0.720s] Level 1:colcon.colcon_core.package_identification:_identify(src/spot_ros2/synchros2/synchros2) by extension 'ignore_ament_install'
[0.720s] Level 1:colcon.colcon_core.package_identification:_identify(src/spot_ros2/synchros2/synchros2) by extensions ['colcon_pkg']
[0.720s] Level 1:colcon.colcon_core.package_identification:_identify(src/spot_ros2/synchros2/synchros2) by extension 'colcon_pkg'
[0.720s] Level 1:colcon.colcon_core.package_identification:_identify(src/spot_ros2/synchros2/synchros2) by extensions ['colcon_meta']
[0.720s] Level 1:colcon.colcon_core.package_identification:_identify(src/spot_ros2/synchros2/synchros2) by extension 'colcon_meta'
[0.720s] Level 1:colcon.colcon_core.package_identification:_identify(src/spot_ros2/synchros2/synchros2) by extensions ['ros']
[0.720s] Level 1:colcon.colcon_core.package_identification:_identify(src/spot_ros2/synchros2/synchros2) by extension 'ros'
[0.720s] DEBUG:colcon.colcon_core.package_identification:Package 'src/spot_ros2/synchros2/synchros2' with type 'ros.ament_python' and name 'synchros2'
[0.720s] Level 1:colcon.colcon_core.package_identification:_identify(src/spot_ros2/synchros2/synchros2_tutorials_example) by extensions ['ignore', 'ignore_ament_install']
[0.721s] Level 1:colcon.colcon_core.package_identification:_identify(src/spot_ros2/synchros2/synchros2_tutorials_example) by extension 'ignore'
[0.721s] Level 1:colcon.colcon_core.package_identification:_identify(src/spot_ros2/synchros2/synchros2_tutorials_example) by extension 'ignore_ament_install'
[0.721s] Level 1:colcon.colcon_core.package_identification:_identify(src/spot_ros2/synchros2/synchros2_tutorials_example) by extensions ['colcon_pkg']
[0.721s] Level 1:colcon.colcon_core.package_identification:_identify(src/spot_ros2/synchros2/synchros2_tutorials_example) by extension 'colcon_pkg'
[0.721s] Level 1:colcon.colcon_core.package_identification:_identify(src/spot_ros2/synchros2/synchros2_tutorials_example) by extensions ['colcon_meta']
[0.721s] Level 1:colcon.colcon_core.package_identification:_identify(src/spot_ros2/synchros2/synchros2_tutorials_example) by extension 'colcon_meta'
[0.721s] Level 1:colcon.colcon_core.package_identification:_identify(src/spot_ros2/synchros2/synchros2_tutorials_example) by extensions ['ros']
[0.721s] Level 1:colcon.colcon_core.package_identification:_identify(src/spot_ros2/synchros2/synchros2_tutorials_example) by extension 'ros'
[0.721s] DEBUG:colcon.colcon_core.package_identification:Package 'src/spot_ros2/synchros2/synchros2_tutorials_example' with type 'ros.ament_python' and name 'synchros2_tutorials_example'
[0.721s] Level 1:colcon.colcon_core.package_identification:_identify(src/spot_ros2/synchros2/synchros2_tutorials_interfaces_example) by extensions ['ignore', 'ignore_ament_install']
[0.721s] Level 1:colcon.colcon_core.package_identification:_identify(src/spot_ros2/synchros2/synchros2_tutorials_interfaces_example) by extension 'ignore'
[0.721s] Level 1:colcon.colcon_core.package_identification:_identify(src/spot_ros2/synchros2/synchros2_tutorials_interfaces_example) by extension 'ignore_ament_install'
[0.721s] Level 1:colcon.colcon_core.package_identification:_identify(src/spot_ros2/synchros2/synchros2_tutorials_interfaces_example) by extensions ['colcon_pkg']
[0.721s] Level 1:colcon.colcon_core.package_identification:_identify(src/spot_ros2/synchros2/synchros2_tutorials_interfaces_example) by extension 'colcon_pkg'
[0.721s] Level 1:colcon.colcon_core.package_identification:_identify(src/spot_ros2/synchros2/synchros2_tutorials_interfaces_example) by extensions ['colcon_meta']
[0.721s] Level 1:colcon.colcon_core.package_identification:_identify(src/spot_ros2/synchros2/synchros2_tutorials_interfaces_example) by extension 'colcon_meta'
[0.721s] Level 1:colcon.colcon_core.package_identification:_identify(src/spot_ros2/synchros2/synchros2_tutorials_interfaces_example) by extensions ['ros']
[0.722s] Level 1:colcon.colcon_core.package_identification:_identify(src/spot_ros2/synchros2/synchros2_tutorials_interfaces_example) by extension 'ros'
[0.722s] DEBUG:colcon.colcon_core.package_identification:Package 'src/spot_ros2/synchros2/synchros2_tutorials_interfaces_example' with type 'ros.ament_cmake' and name 'synchros2_tutorials_interfaces_example'
[0.722s] Level 1:colcon.colcon_core.package_discovery:discover_packages(recursive) using defaults
[0.722s] Level 1:colcon.colcon_core.package_discovery:discover_packages(ignore) discover
[0.722s] Level 1:colcon.colcon_core.package_discovery:discover_packages(ignore) using defaults
[0.722s] Level 1:colcon.colcon_core.package_discovery:discover_packages(path) discover
[0.722s] Level 1:colcon.colcon_core.package_discovery:discover_packages(path) using defaults
[0.747s] INFO:colcon.colcon_core.package_selection:Skipping not selected package 'spot_description' in 'src/spot_ros2/spot_description/spot_description'
[0.747s] INFO:colcon.colcon_core.package_selection:Skipping not selected package 'spot_msgs' in 'src/spot_ros2/spot_msgs'
[0.747s] INFO:colcon.colcon_core.package_selection:Skipping not selected package 'spot_wrapper' in 'src/spot_ros2/spot_wrapper'
[0.747s] INFO:colcon.colcon_core.package_selection:Skipping not selected package 'synchros2' in 'src/spot_ros2/synchros2/synchros2'
[0.747s] INFO:colcon.colcon_core.package_selection:Skipping not selected package 'synchros2_tutorials_interfaces_example' in 'src/spot_ros2/synchros2/synchros2_tutorials_interfaces_example'
[0.747s] INFO:colcon.colcon_core.package_selection:Skipping not selected package 'spot_common' in 'src/spot_ros2/spot_common'
[0.747s] INFO:colcon.colcon_core.package_selection:Skipping not selected package 'spot_controllers' in 'src/spot_ros2/spot_controllers'
[0.747s] INFO:colcon.colcon_core.package_selection:Skipping not selected package 'spot_hardware_interface' in 'src/spot_ros2/spot_hardware_interface'
[0.748s] INFO:colcon.colcon_core.package_selection:Skipping not selected package 'spot_rviz_plugins' in 'src/spot_ros2/spot_rviz_plugins'
[0.748s] INFO:colcon.colcon_core.package_selection:Skipping not selected package 'synchros2_tutorials_example' in 'src/spot_ros2/synchros2/synchros2_tutorials_example'
[0.748s] INFO:colcon.colcon_core.package_selection:Skipping not selected package 'spot_ros2_control' in 'src/spot_ros2/spot_ros2_control'
[0.748s] INFO:colcon.colcon_core.package_selection:Skipping not selected package 'spot_driver' in 'src/spot_ros2/spot_driver'
[0.748s] Level 1:colcon.colcon_core.package_discovery:discover_packages(prefix_path) check parameters
[0.748s] Level 1:colcon.colcon_core.package_discovery:discover_packages(prefix_path) discover
[0.760s] DEBUG:colcon.colcon_installed_package_information.package_discovery:Found 14 installed packages in /home/mtouri/ros2_ws_humble/install
[0.761s] DEBUG:colcon.colcon_installed_package_information.package_discovery:Found 13 installed packages in /home/mtouri/spot_ws/install
[0.763s] DEBUG:colcon.colcon_installed_package_information.package_discovery:Found 380 installed packages in /opt/ros/humble
[0.764s] Level 1:colcon.colcon_core.package_discovery:discover_packages(prefix_path) using defaults
[0.875s] Level 5:colcon.colcon_core.verb:set package 'spot_examples' build argument 'cmake_args' from command line to 'None'
[0.875s] Level 5:colcon.colcon_core.verb:set package 'spot_examples' build argument 'cmake_target' from command line to 'None'
[0.875s] Level 5:colcon.colcon_core.verb:set package 'spot_examples' build argument 'cmake_target_skip_unavailable' from command line to 'False'
[0.875s] Level 5:colcon.colcon_core.verb:set package 'spot_examples' build argument 'cmake_clean_cache' from command line to 'False'
[0.875s] Level 5:colcon.colcon_core.verb:set package 'spot_examples' build argument 'cmake_clean_first' from command line to 'False'
[0.875s] Level 5:colcon.colcon_core.verb:set package 'spot_examples' build argument 'cmake_force_configure' from command line to 'False'
[0.875s] Level 5:colcon.colcon_core.verb:set package 'spot_examples' build argument 'ament_cmake_args' from command line to 'None'
[0.875s] Level 5:colcon.colcon_core.verb:set package 'spot_examples' build argument 'catkin_cmake_args' from command line to 'None'
[0.875s] Level 5:colcon.colcon_core.verb:set package 'spot_examples' build argument 'catkin_skip_building_tests' from command line to 'False'
[0.875s] DEBUG:colcon.colcon_core.verb:Building package 'spot_examples' with the following arguments: {'ament_cmake_args': None, 'build_base': '/home/mtouri/spot_ws/build/spot_examples', 'catkin_cmake_args': None, 'catkin_skip_building_tests': False, 'cmake_args': None, 'cmake_clean_cache': False, 'cmake_clean_first': False, 'cmake_force_configure': False, 'cmake_target': None, 'cmake_target_skip_unavailable': False, 'install_base': '/home/mtouri/spot_ws/install/spot_examples', 'merge_install': False, 'path': '/home/mtouri/spot_ws/src/spot_ros2/spot_examples', 'symlink_install': True, 'test_result_base': None}
[0.876s] INFO:colcon.colcon_core.executor:Executing jobs using 'parallel' executor
[0.877s] DEBUG:colcon.colcon_parallel_executor.executor.parallel:run_until_complete
[0.877s] INFO:colcon.colcon_ros.task.ament_python.build:Building ROS package in '/home/mtouri/spot_ws/src/spot_ros2/spot_examples' with build type 'ament_python'
[0.877s] Level 1:colcon.colcon_core.shell:create_environment_hook('spot_examples', 'ament_prefix_path')
[0.880s] INFO:colcon.colcon_core.plugin_system:Skipping extension 'colcon_core.shell.bat': Not used on non-Windows systems
[0.880s] INFO:colcon.colcon_core.shell:Creating environment hook '/home/mtouri/spot_ws/install/spot_examples/share/spot_examples/hook/ament_prefix_path.ps1'
[0.881s] INFO:colcon.colcon_core.shell:Creating environment descriptor '/home/mtouri/spot_ws/install/spot_examples/share/spot_examples/hook/ament_prefix_path.dsv'
[0.881s] INFO:colcon.colcon_core.shell:Creating environment hook '/home/mtouri/spot_ws/install/spot_examples/share/spot_examples/hook/ament_prefix_path.sh'
[0.882s] INFO:colcon.colcon_core.shell:Skip shell extension 'powershell' for command environment: Not usable outside of PowerShell
[0.882s] DEBUG:colcon.colcon_core.shell:Skip shell extension 'dsv' for command environment
[1.152s] INFO:colcon.colcon_core.task.python.build:Building Python package in '/home/mtouri/spot_ws/src/spot_ros2/spot_examples'
[1.152s] INFO:colcon.colcon_core.shell:Skip shell extension 'powershell' for command environment: Not usable outside of PowerShell
[1.152s] DEBUG:colcon.colcon_core.shell:Skip shell extension 'dsv' for command environment
[1.551s] DEBUG:colcon.colcon_core.event_handler.log_command:Invoking command in '/home/mtouri/spot_ws/build/spot_examples': AMENT_PREFIX_PATH=/home/mtouri/spot_ws/install/synchros2:/home/mtouri/ros2_ws_humble/install/nimblbot_control:/home/mtouri/ros2_ws_humble/install/nimblbot_utils:/home/mtouri/ros2_ws_humble/install/nimblbot_simulation_scenes:/home/mtouri/ros2_ws_humble/install/nimblbot_path_follow:/home/mtouri/ros2_ws_humble/install/nimblbot_bringup:/home/mtouri/ros2_ws_humble/install/nimblbot_kinematics:/home/mtouri/ros2_ws_humble/install/nimblbot_driver:/home/mtouri/ros2_ws_humble/install/nimblbot_description:/home/mtouri/ros2_ws_humble/install/circular_carrier_control:/home/mtouri/ros2_ws_humble/install/nanotec_driver:/home/mtouri/ros2_ws_humble/install/nanotec_msgs:/home/mtouri/ros2_ws_humble/install/circular_carrier_msgs:/home/mtouri/ros2_ws_humble/install/circular_carrier_bringup:/home/mtouri/ros2_ws_humble/install/circular_carrier_description:/home/mtouri/spot_ws/install/synchros2_tutorials_example:/home/mtouri/spot_ws/install/synchros2_tutorials_interfaces_example:/home/mtouri/spot_ws/install/spot_driver:/home/mtouri/spot_ws/install/spot_ros2_control:/home/mtouri/spot_ws/install/spot_examples:/home/mtouri/spot_ws/install/spot_common:/home/mtouri/spot_ws/install/spot_rviz_plugins:/home/mtouri/spot_ws/install/spot_hardware_interface:/home/mtouri/spot_ws/install/spot_controllers:/home/mtouri/spot_ws/install/spot_msgs:/home/mtouri/spot_ws/install/spot_description:/opt/ros/humble PYTHONPATH=/home/mtouri/spot_ws/build/spot_examples/prefix_override:/usr/lib/python3/dist-packages/colcon_core/task/python/colcon_distutils_commands:/home/mtouri/spot_ws/install/spot_examples/lib/python3.10/site-packages:/home/mtouri/spot_ws/build/synchros2:/home/mtouri/spot_ws/install/synchros2/lib/python3.10/site-packages:/home/mtouri/ros2_ws_humble/build/nimblbot_control:/home/mtouri/ros2_ws_humble/install/nimblbot_control/lib/python3.10/site-packages:/home/mtouri/ros2_ws_humble/build/nimblbot_utils:/home/mtouri/ros2_ws_humble/install/nimblbot_utils/lib/python3.10/site-packages:/home/mtouri/ros2_ws_humble/build/nimblbot_simulation_scenes:/home/mtouri/ros2_ws_humble/install/nimblbot_simulation_scenes/lib/python3.10/site-packages:/home/mtouri/ros2_ws_humble/build/nimblbot_path_follow:/home/mtouri/ros2_ws_humble/install/nimblbot_path_follow/lib/python3.10/site-packages:/home/mtouri/ros2_ws_humble/build/nimblbot_kinematics:/home/mtouri/ros2_ws_humble/install/nimblbot_kinematics/lib/python3.10/site-packages:/home/mtouri/ros2_ws_humble/build/nimblbot_driver:/home/mtouri/ros2_ws_humble/install/nimblbot_driver/lib/python3.10/site-packages:/home/mtouri/ros2_ws_humble/install/nimblbot_description/local/lib/python3.10/dist-packages:/home/mtouri/ros2_ws_humble/build/circular_carrier_control:/home/mtouri/ros2_ws_humble/install/circular_carrier_control/lib/python3.10/site-packages:/home/mtouri/ros2_ws_humble/build/nanotec_driver:/home/mtouri/ros2_ws_humble/install/nanotec_driver/lib/python3.10/site-packages:/home/mtouri/ros2_ws_humble/install/nanotec_msgs/local/lib/python3.10/dist-packages:/home/mtouri/spot_ws/build/synchros2_tutorials_example:/home/mtouri/spot_ws/install/synchros2_tutorials_example/lib/python3.10/site-packages:/home/mtouri/spot_ws/install/synchros2_tutorials_interfaces_example/local/lib/python3.10/dist-packages:/home/mtouri/spot_ws/install/spot_driver/local/lib/python3.10/dist-packages:/home/mtouri/spot_ws/build/spot_examples:/home/mtouri/spot_ws/install/spot_examples/lib/python3.10/site-packages:/home/mtouri/spot_ws/build/spot_common:/home/mtouri/spot_ws/install/spot_common/lib/python3.10/site-packages:/home/mtouri/spot_ws/build/spot_wrapper:/home/mtouri/spot_ws/install/spot_wrapper/lib/python3.10/site-packages:/home/mtouri/spot_ws/install/spot_msgs/local/lib/python3.10/dist-packages:/opt/ros/humble/lib/python3.10/site-packages:/opt/ros/humble/local/lib/python3.10/dist-packages /usr/bin/python3 -W ignore:setup.py install is deprecated -W ignore:easy_install command is deprecated setup.py develop --editable --build-directory /home/mtouri/spot_ws/build/spot_examples/build --no-deps symlink_data
[2.041s] Level 1:colcon.colcon_core.shell:create_environment_hook('spot_examples', 'pythonpath_develop')
[2.042s] INFO:colcon.colcon_core.shell:Creating environment hook '/home/mtouri/spot_ws/build/spot_examples/share/spot_examples/hook/pythonpath_develop.ps1'
[2.042s] DEBUG:colcon.colcon_core.event_handler.log_command:Invoked command in '/home/mtouri/spot_ws/build/spot_examples' returned '0': AMENT_PREFIX_PATH=/home/mtouri/spot_ws/install/synchros2:/home/mtouri/ros2_ws_humble/install/nimblbot_control:/home/mtouri/ros2_ws_humble/install/nimblbot_utils:/home/mtouri/ros2_ws_humble/install/nimblbot_simulation_scenes:/home/mtouri/ros2_ws_humble/install/nimblbot_path_follow:/home/mtouri/ros2_ws_humble/install/nimblbot_bringup:/home/mtouri/ros2_ws_humble/install/nimblbot_kinematics:/home/mtouri/ros2_ws_humble/install/nimblbot_driver:/home/mtouri/ros2_ws_humble/install/nimblbot_description:/home/mtouri/ros2_ws_humble/install/circular_carrier_control:/home/mtouri/ros2_ws_humble/install/nanotec_driver:/home/mtouri/ros2_ws_humble/install/nanotec_msgs:/home/mtouri/ros2_ws_humble/install/circular_carrier_msgs:/home/mtouri/ros2_ws_humble/install/circular_carrier_bringup:/home/mtouri/ros2_ws_humble/install/circular_carrier_description:/home/mtouri/spot_ws/install/synchros2_tutorials_example:/home/mtouri/spot_ws/install/synchros2_tutorials_interfaces_example:/home/mtouri/spot_ws/install/spot_driver:/home/mtouri/spot_ws/install/spot_ros2_control:/home/mtouri/spot_ws/install/spot_examples:/home/mtouri/spot_ws/install/spot_common:/home/mtouri/spot_ws/install/spot_rviz_plugins:/home/mtouri/spot_ws/install/spot_hardware_interface:/home/mtouri/spot_ws/install/spot_controllers:/home/mtouri/spot_ws/install/spot_msgs:/home/mtouri/spot_ws/install/spot_description:/opt/ros/humble PYTHONPATH=/home/mtouri/spot_ws/build/spot_examples/prefix_override:/usr/lib/python3/dist-packages/colcon_core/task/python/colcon_distutils_commands:/home/mtouri/spot_ws/install/spot_examples/lib/python3.10/site-packages:/home/mtouri/spot_ws/build/synchros2:/home/mtouri/spot_ws/install/synchros2/lib/python3.10/site-packages:/home/mtouri/ros2_ws_humble/build/nimblbot_control:/home/mtouri/ros2_ws_humble/install/nimblbot_control/lib/python3.10/site-packages:/home/mtouri/ros2_ws_humble/build/nimblbot_utils:/home/mtouri/ros2_ws_humble/install/nimblbot_utils/lib/python3.10/site-packages:/home/mtouri/ros2_ws_humble/build/nimblbot_simulation_scenes:/home/mtouri/ros2_ws_humble/install/nimblbot_simulation_scenes/lib/python3.10/site-packages:/home/mtouri/ros2_ws_humble/build/nimblbot_path_follow:/home/mtouri/ros2_ws_humble/install/nimblbot_path_follow/lib/python3.10/site-packages:/home/mtouri/ros2_ws_humble/build/nimblbot_kinematics:/home/mtouri/ros2_ws_humble/install/nimblbot_kinematics/lib/python3.10/site-packages:/home/mtouri/ros2_ws_humble/build/nimblbot_driver:/home/mtouri/ros2_ws_humble/install/nimblbot_driver/lib/python3.10/site-packages:/home/mtouri/ros2_ws_humble/install/nimblbot_description/local/lib/python3.10/dist-packages:/home/mtouri/ros2_ws_humble/build/circular_carrier_control:/home/mtouri/ros2_ws_humble/install/circular_carrier_control/lib/python3.10/site-packages:/home/mtouri/ros2_ws_humble/build/nanotec_driver:/home/mtouri/ros2_ws_humble/install/nanotec_driver/lib/python3.10/site-packages:/home/mtouri/ros2_ws_humble/install/nanotec_msgs/local/lib/python3.10/dist-packages:/home/mtouri/spot_ws/build/synchros2_tutorials_example:/home/mtouri/spot_ws/install/synchros2_tutorials_example/lib/python3.10/site-packages:/home/mtouri/spot_ws/install/synchros2_tutorials_interfaces_example/local/lib/python3.10/dist-packages:/home/mtouri/spot_ws/install/spot_driver/local/lib/python3.10/dist-packages:/home/mtouri/spot_ws/build/spot_examples:/home/mtouri/spot_ws/install/spot_examples/lib/python3.10/site-packages:/home/mtouri/spot_ws/build/spot_common:/home/mtouri/spot_ws/install/spot_common/lib/python3.10/site-packages:/home/mtouri/spot_ws/build/spot_wrapper:/home/mtouri/spot_ws/install/spot_wrapper/lib/python3.10/site-packages:/home/mtouri/spot_ws/install/spot_msgs/local/lib/python3.10/dist-packages:/opt/ros/humble/lib/python3.10/site-packages:/opt/ros/humble/local/lib/python3.10/dist-packages /usr/bin/python3 -W ignore:setup.py install is deprecated -W ignore:easy_install command is deprecated setup.py develop --editable --build-directory /home/mtouri/spot_ws/build/spot_examples/build --no-deps symlink_data
[2.043s] INFO:colcon.colcon_core.shell:Creating environment descriptor '/home/mtouri/spot_ws/build/spot_examples/share/spot_examples/hook/pythonpath_develop.dsv'
[2.043s] INFO:colcon.colcon_core.shell:Creating environment hook '/home/mtouri/spot_ws/build/spot_examples/share/spot_examples/hook/pythonpath_develop.sh'
[2.048s] Level 1:colcon.colcon_core.environment:checking '/home/mtouri/spot_ws/install/spot_examples' for CMake module files
[2.048s] Level 1:colcon.colcon_core.environment:checking '/home/mtouri/spot_ws/install/spot_examples' for CMake config files
[2.050s] Level 1:colcon.colcon_core.environment:checking '/home/mtouri/spot_ws/install/spot_examples/lib'
[2.050s] Level 1:colcon.colcon_core.environment:checking '/home/mtouri/spot_ws/install/spot_examples/bin'
[2.050s] Level 1:colcon.colcon_core.environment:checking '/home/mtouri/spot_ws/install/spot_examples/lib/pkgconfig/spot_examples.pc'
[2.051s] Level 1:colcon.colcon_core.environment:checking '/home/mtouri/spot_ws/install/spot_examples/lib/python3.10/site-packages'
[2.051s] Level 1:colcon.colcon_core.shell:create_environment_hook('spot_examples', 'pythonpath')
[2.051s] INFO:colcon.colcon_core.shell:Creating environment hook '/home/mtouri/spot_ws/install/spot_examples/share/spot_examples/hook/pythonpath.ps1'
[2.051s] INFO:colcon.colcon_core.shell:Creating environment descriptor '/home/mtouri/spot_ws/install/spot_examples/share/spot_examples/hook/pythonpath.dsv'
[2.051s] INFO:colcon.colcon_core.shell:Creating environment hook '/home/mtouri/spot_ws/install/spot_examples/share/spot_examples/hook/pythonpath.sh'
[2.052s] Level 1:colcon.colcon_core.environment:checking '/home/mtouri/spot_ws/install/spot_examples/bin'
[2.052s] Level 1:colcon.colcon_core.environment:create_environment_scripts_only(spot_examples)
[2.052s] INFO:colcon.colcon_core.shell:Creating package script '/home/mtouri/spot_ws/install/spot_examples/share/spot_examples/package.ps1'
[2.053s] INFO:colcon.colcon_core.shell:Creating package descriptor '/home/mtouri/spot_ws/install/spot_examples/share/spot_examples/package.dsv'
[2.054s] INFO:colcon.colcon_core.shell:Creating package script '/home/mtouri/spot_ws/install/spot_examples/share/spot_examples/package.sh'
[2.054s] INFO:colcon.colcon_core.shell:Creating package script '/home/mtouri/spot_ws/install/spot_examples/share/spot_examples/package.bash'
[2.055s] INFO:colcon.colcon_core.shell:Creating package script '/home/mtouri/spot_ws/install/spot_examples/share/spot_examples/package.zsh'
[2.056s] Level 1:colcon.colcon_core.environment:create_file_with_runtime_dependencies(/home/mtouri/spot_ws/install/spot_examples/share/colcon-core/packages/spot_examples)
[2.056s] DEBUG:colcon.colcon_parallel_executor.executor.parallel:closing loop
[2.056s] DEBUG:colcon.colcon_parallel_executor.executor.parallel:loop closed
[2.056s] DEBUG:colcon.colcon_parallel_executor.executor.parallel:run_until_complete finished with '0'
[2.056s] DEBUG:colcon.colcon_core.event_reactor:joining thread
[2.066s] INFO:colcon.colcon_core.plugin_system:Skipping extension 'colcon_notification.desktop_notification.notify_send': Could not find 'notify-send'
[2.066s] INFO:colcon.colcon_core.plugin_system:Skipping extension 'colcon_notification.desktop_notification.terminal_notifier': Not used on non-Darwin systems
[2.066s] INFO:colcon.colcon_core.plugin_system:Skipping extension 'colcon_notification.desktop_notification.win32': Not used on non-Windows systems
[2.066s] INFO:colcon.colcon_notification.desktop_notification:Sending desktop notification using 'notify2'
[2.088s] DEBUG:colcon.colcon_core.event_reactor:joined thread
[2.089s] INFO:colcon.colcon_core.shell:Creating prefix script '/home/mtouri/spot_ws/install/local_setup.ps1'
[2.090s] INFO:colcon.colcon_core.shell:Creating prefix util module '/home/mtouri/spot_ws/install/_local_setup_util_ps1.py'
[2.091s] INFO:colcon.colcon_core.shell:Creating prefix chain script '/home/mtouri/spot_ws/install/setup.ps1'
[2.094s] INFO:colcon.colcon_core.shell:Creating prefix script '/home/mtouri/spot_ws/install/local_setup.sh'
[2.094s] INFO:colcon.colcon_core.shell:Creating prefix util module '/home/mtouri/spot_ws/install/_local_setup_util_sh.py'
[2.095s] INFO:colcon.colcon_core.shell:Creating prefix chain script '/home/mtouri/spot_ws/install/setup.sh'
[2.097s] INFO:colcon.colcon_core.shell:Creating prefix script '/home/mtouri/spot_ws/install/local_setup.bash'
[2.097s] INFO:colcon.colcon_core.shell:Creating prefix chain script '/home/mtouri/spot_ws/install/setup.bash'
[2.099s] INFO:colcon.colcon_core.shell:Creating prefix script '/home/mtouri/spot_ws/install/local_setup.zsh'
[2.099s] INFO:colcon.colcon_core.shell:Creating prefix chain script '/home/mtouri/spot_ws/install/setup.zsh'
