running develop
running egg_info
creating circular_carrier_control.egg-info
writing circular_carrier_control.egg-info/PKG-INFO
writing dependency_links to circular_carrier_control.egg-info/dependency_links.txt
writing entry points to circular_carrier_control.egg-info/entry_points.txt
writing requirements to circular_carrier_control.egg-info/requires.txt
writing top-level names to circular_carrier_control.egg-info/top_level.txt
writing manifest file 'circular_carrier_control.egg-info/SOURCES.txt'
reading manifest file 'circular_carrier_control.egg-info/SOURCES.txt'
writing manifest file 'circular_carrier_control.egg-info/SOURCES.txt'
running build_ext
Creating /home/mtouri/ros2_ws_humble/install/circular_carrier_control/lib/python3.10/site-packages/circular-carrier-control.egg-link (link to .)
Installing circular_wrapper_nanotec script to /home/mtouri/ros2_ws_humble/install/circular_carrier_control/lib/circular_carrier_control
Installing joint_csv_publisher script to /home/mtouri/ros2_ws_humble/install/circular_carrier_control/lib/circular_carrier_control
Installing marker_interaction script to /home/mtouri/ros2_ws_humble/install/circular_carrier_control/lib/circular_carrier_control

Installed /home/mtouri/ros2_ws_humble/build/circular_carrier_control
running symlink_data
creating /home/mtouri/ros2_ws_humble/install/circular_carrier_control/share/ament_index
creating /home/mtouri/ros2_ws_humble/install/circular_carrier_control/share/ament_index/resource_index
creating /home/mtouri/ros2_ws_humble/install/circular_carrier_control/share/ament_index/resource_index/packages
symbolically linking /home/mtouri/ros2_ws_humble/build/circular_carrier_control/resource/circular_carrier_control -> /home/mtouri/ros2_ws_humble/install/circular_carrier_control/share/ament_index/resource_index/packages
symbolically linking /home/mtouri/ros2_ws_humble/build/circular_carrier_control/package.xml -> /home/mtouri/ros2_ws_humble/install/circular_carrier_control/share/circular_carrier_control
