-- The C compiler identification is GNU 11.4.0
-- The CXX compiler identification is GNU 11.4.0
-- Detecting C compiler ABI info
-- Detecting C compiler ABI info - done
-- Check for working C compiler: /usr/bin/cc - skipped
-- Detecting C compile features
-- Detecting C compile features - done
-- Detecting CXX compiler ABI info
-- Detecting CXX compiler ABI info - done
-- Check for working CXX compiler: /usr/bin/c++ - skipped
-- Detecting CXX compile features
-- Detecting CXX compile features - done
-- Found ament_cmake: 1.3.14 (/opt/ros/humble/share/ament_cmake/cmake)
-- Found Python3: /usr/bin/python3 (found version "3.10.12") found components: Interpreter 
-- Override CMake install command with custom implementation using symlinks instead of copying resources
-- Found rviz_common: 11.2.26 (/opt/ros/humble/share/rviz_common/cmake)
-- Setting assimp_DIR to: '/opt/ros/humble/share/rviz_assimp_vendor/cmake/../../../opt/rviz_assimp_vendor/lib/cmake/assimp-4.1'
-- Setting OGRE_DIR to: '/opt/ros/humble/share/rviz_ogre_vendor/cmake/../../../opt/rviz_ogre_vendor/lib/OGRE/cmake'
-- Found OGRE
--   static     : OFF
--   components : HLMS;MeshLodGenerator;Overlay;Paging;Property;RTShaderSystem;Terrain;Volume
--   plugins    : Plugin_BSPSceneManager;Plugin_OctreeSceneManager;Plugin_PCZSceneManager;Plugin_ParticleFX;RenderSystem_GL;RenderSystem_GL3Plus;Codec_STBI
--   media      : /opt/ros/humble/opt/rviz_ogre_vendor/share/OGRE/Media
-- OGRE_LIBRARIES: OgreHLMS;OgreMeshLodGenerator;OgreOverlay;OgrePaging;OgreProperty;OgreRTShaderSystem;OgreTerrain;OgreVolume;OgreMain
-- OGRE_LIBRARY_DIRS: /opt/ros/humble/opt/rviz_ogre_vendor/lib
-- OGRE_PLUGINS: Plugin_BSPSceneManager;Plugin_OctreeSceneManager;Plugin_PCZSceneManager;Plugin_ParticleFX;RenderSystem_GL;RenderSystem_GL3Plus;Codec_STBI
-- OGRE_PLUGIN_DIR: /opt/ros/humble/opt/rviz_ogre_vendor/lib/OGRE
-- rviz_ogre_vendor::OgreOverlay for IMPORTED_LOCATION_RELEASE: /opt/ros/humble/opt/rviz_ogre_vendor/lib/libOgreOverlay.so
-- rviz_ogre_vendor::OgreOverlay for IMPORTED_LOCATION_DEBUG: /opt/ros/humble/opt/rviz_ogre_vendor/lib/libOgreOverlay.so
-- rviz_ogre_vendor::OgreMain for IMPORTED_LOCATION_RELEASE: /opt/ros/humble/opt/rviz_ogre_vendor/lib/libOgreMain.so
-- rviz_ogre_vendor::OgreMain for IMPORTED_LOCATION_DEBUG: /opt/ros/humble/opt/rviz_ogre_vendor/lib/libOgreMain.so
-- Could not find freeimage library
-- Found ZLIB: /usr/lib/x86_64-linux-gnu/libz.so (found version "1.2.11") 
-- Found OpenGL: /usr/lib/x86_64-linux-gnu/libOpenGL.so   
-- Found X11: /usr/include   
-- Looking for XOpenDisplay in /usr/lib/x86_64-linux-gnu/libX11.so;/usr/lib/x86_64-linux-gnu/libXext.so
-- Looking for XOpenDisplay in /usr/lib/x86_64-linux-gnu/libX11.so;/usr/lib/x86_64-linux-gnu/libXext.so - found
-- Looking for gethostbyname
-- Looking for gethostbyname - found
-- Looking for connect
-- Looking for connect - found
-- Looking for remove
-- Looking for remove - found
-- Looking for shmat
-- Looking for shmat - found
-- Looking for IceConnectionNumber in ICE
-- Looking for IceConnectionNumber in ICE - found
-- library: /usr/lib/x86_64-linux-gnu/libcurl.so
-- Found rosidl_generator_c: 3.1.8 (/opt/ros/humble/share/rosidl_generator_c/cmake)
-- Found rosidl_adapter: 3.1.8 (/opt/ros/humble/share/rosidl_adapter/cmake)
-- Found rosidl_generator_cpp: 3.1.8 (/opt/ros/humble/share/rosidl_generator_cpp/cmake)
-- Using all available rosidl_typesupport_c: rosidl_typesupport_fastrtps_c;rosidl_typesupport_introspection_c
-- Using all available rosidl_typesupport_cpp: rosidl_typesupport_fastrtps_cpp;rosidl_typesupport_introspection_cpp
-- Found rmw_implementation_cmake: 6.1.2 (/opt/ros/humble/share/rmw_implementation_cmake/cmake)
-- Found rmw_fastrtps_cpp: 6.2.10 (/opt/ros/humble/share/rmw_fastrtps_cpp/cmake)
-- Found TinyXML2 via Config file: TinyXML2_DIR-NOTFOUND
-- Found OpenSSL: /usr/lib/x86_64-linux-gnu/libcrypto.so (found version "3.0.2")  
-- Found TinyXML2 via Config file: TinyXML2_DIR-NOTFOUND
-- Found FastRTPS: /opt/ros/humble/include  
-- Found TinyXML2 via Config file: TinyXML2_DIR-NOTFOUND
-- Found TinyXML2 via Config file: TinyXML2_DIR-NOTFOUND
-- Using RMW implementation 'rmw_fastrtps_cpp' as default
-- Looking for pthread.h
-- Looking for pthread.h - found
-- Performing Test CMAKE_HAVE_LIBC_PTHREAD
-- Performing Test CMAKE_HAVE_LIBC_PTHREAD - Success
-- Found Threads: TRUE  
-- Found Eigen3: TRUE (found version "3.4.0") 
-- Ensuring Eigen3 include directory is part of orocos-kdl CMake target
-- Found GLEW: /usr/include (found version "2.2.0") 
-- Configuring done
-- Generating done
-- Build files have been written to: /home/mtouri/ros2_ws_humble/build/hector_rviz_overlay
[  2%] [34m[1mAutomatic MOC for target hector_rviz_overlay[0m
[  2%] Built target hector_rviz_overlay_autogen
[  5%] [32mBuilding CXX object CMakeFiles/hector_rviz_overlay.dir/hector_rviz_overlay_autogen/mocs_compilation.cpp.o[0m
[ 11%] [32mBuilding CXX object CMakeFiles/hector_rviz_overlay.dir/src/displays/qml_overlay_display.cpp.o[0m
[ 11%] [32mBuilding CXX object CMakeFiles/hector_rviz_overlay.dir/src/displays/overlay_display.cpp.o[0m
[ 14%] [32mBuilding CXX object CMakeFiles/hector_rviz_overlay.dir/src/events/qwidget_event_manager.cpp.o[0m
[ 17%] [32mBuilding CXX object CMakeFiles/hector_rviz_overlay.dir/src/displays/qwidget_overlay_display.cpp.o[0m
[ 20%] [32mBuilding CXX object CMakeFiles/hector_rviz_overlay.dir/src/helper/file_system_watcher.cpp.o[0m
[ 23%] [32mBuilding CXX object CMakeFiles/hector_rviz_overlay.dir/src/helper/qml_rviz_property.cpp.o[0m
[ 26%] [32mBuilding CXX object CMakeFiles/hector_rviz_overlay.dir/src/popup/positioning/center_tracker.cpp.o[0m
[ 29%] [32mBuilding CXX object CMakeFiles/hector_rviz_overlay.dir/src/helper/rviz_tool_icon_provider.cpp.o[0m
[ 32%] [32mBuilding CXX object CMakeFiles/hector_rviz_overlay.dir/src/helper/qml_rviz_context.cpp.o[0m
[ 35%] [32mBuilding CXX object CMakeFiles/hector_rviz_overlay.dir/src/helper/qml_tool_manager.cpp.o[0m
[ 38%] [32mBuilding CXX object CMakeFiles/hector_rviz_overlay.dir/src/popup/popup_overlay.cpp.o[0m
[ 41%] [32mBuilding CXX object CMakeFiles/hector_rviz_overlay.dir/src/popup/positioning/ogre_tracker.cpp.o[0m
[ 44%] [32mBuilding CXX object CMakeFiles/hector_rviz_overlay.dir/src/popup/popup_container_widget.cpp.o[0m
[ 47%] [32mBuilding CXX object CMakeFiles/hector_rviz_overlay.dir/src/popup/popup_dialog.cpp.o[0m
[ 50%] [32mBuilding CXX object CMakeFiles/hector_rviz_overlay.dir/src/popup/positioning/popup_move_bar.cpp.o[0m
[ 52%] [32mBuilding CXX object CMakeFiles/hector_rviz_overlay.dir/src/popup/qwidget_popup_factory.cpp.o[0m
[ 55%] [32mBuilding CXX object CMakeFiles/hector_rviz_overlay.dir/src/popup/qwidget_popup_overlay.cpp.o[0m
[ 58%] [32mBuilding CXX object CMakeFiles/hector_rviz_overlay.dir/src/positioning/ogre_position_tracker.cpp.o[0m
[ 61%] [32mBuilding CXX object CMakeFiles/hector_rviz_overlay.dir/src/positioning/position_tracker.cpp.o[0m
[ 64%] [32mBuilding CXX object CMakeFiles/hector_rviz_overlay.dir/src/render/qimage_texture_overlay_renderer.cpp.o[0m
[ 67%] [32mBuilding CXX object CMakeFiles/hector_rviz_overlay.dir/src/render/overlay_renderer.cpp.o[0m
[ 70%] [32mBuilding CXX object CMakeFiles/hector_rviz_overlay.dir/src/render/qopengl_wrapper.cpp.o[0m
[ 73%] [32mBuilding CXX object CMakeFiles/hector_rviz_overlay.dir/src/render/texture_overlay_renderer.cpp.o[0m
[ 76%] [32mBuilding CXX object CMakeFiles/hector_rviz_overlay.dir/src/ui/qml_overlay.cpp.o[0m
[ 79%] [32mBuilding CXX object CMakeFiles/hector_rviz_overlay.dir/src/ui/qwidget_overlay.cpp.o[0m
[ 82%] [32mBuilding CXX object CMakeFiles/hector_rviz_overlay.dir/src/ui/ui_overlay.cpp.o[0m
[ 85%] [32mBuilding CXX object CMakeFiles/hector_rviz_overlay.dir/src/overlay.cpp.o[0m
[ 88%] [32mBuilding CXX object CMakeFiles/hector_rviz_overlay.dir/src/overlay_manager.cpp.o[0m
[ 91%] [32mBuilding CXX object CMakeFiles/hector_rviz_overlay.dir/src/overlay_widget.cpp.o[0m
[ 94%] [32mBuilding CXX object CMakeFiles/hector_rviz_overlay.dir/src/path_helper.cpp.o[0m
[ 97%] [32mBuilding CXX object CMakeFiles/hector_rviz_overlay.dir/src/render/qopengl_texture_overlay_renderer.cpp.o[0m
[100%] [32m[1mLinking CXX shared library libhector_rviz_overlay.so[0m
[100%] Built target hector_rviz_overlay
-- Install configuration: ""
-- Execute custom install script
-- Symlinking: /home/mtouri/ros2_ws_humble/install/hector_rviz_overlay/share/hector_rviz_overlay/environment/library_path.sh
-- Symlinking: /home/mtouri/ros2_ws_humble/install/hector_rviz_overlay/share/hector_rviz_overlay/environment/library_path.dsv
-- Symlinking: /home/mtouri/ros2_ws_humble/install/hector_rviz_overlay/include/hector_rviz_overlay/displays/overlay_display.hpp
-- Symlinking: /home/mtouri/ros2_ws_humble/install/hector_rviz_overlay/include/hector_rviz_overlay/displays/qml_overlay_display.hpp
-- Symlinking: /home/mtouri/ros2_ws_humble/install/hector_rviz_overlay/include/hector_rviz_overlay/displays/qwidget_overlay_display.hpp
-- Symlinking: /home/mtouri/ros2_ws_humble/install/hector_rviz_overlay/include/hector_rviz_overlay/events/qwidget_event_manager.hpp
-- Symlinking: /home/mtouri/ros2_ws_humble/install/hector_rviz_overlay/include/hector_rviz_overlay/helper/file_system_watcher.hpp
-- Symlinking: /home/mtouri/ros2_ws_humble/install/hector_rviz_overlay/include/hector_rviz_overlay/helper/qml_rviz_context.hpp
-- Symlinking: /home/mtouri/ros2_ws_humble/install/hector_rviz_overlay/include/hector_rviz_overlay/helper/qml_rviz_property.hpp
-- Symlinking: /home/mtouri/ros2_ws_humble/install/hector_rviz_overlay/include/hector_rviz_overlay/helper/qml_tool_manager.hpp
-- Symlinking: /home/mtouri/ros2_ws_humble/install/hector_rviz_overlay/include/hector_rviz_overlay/helper/rviz_tool_icon_provider.hpp
-- Symlinking: /home/mtouri/ros2_ws_humble/install/hector_rviz_overlay/include/hector_rviz_overlay/overlay.hpp
-- Symlinking: /home/mtouri/ros2_ws_humble/install/hector_rviz_overlay/include/hector_rviz_overlay/overlay_manager.hpp
-- Symlinking: /home/mtouri/ros2_ws_humble/install/hector_rviz_overlay/include/hector_rviz_overlay/overlay_widget.hpp
-- Symlinking: /home/mtouri/ros2_ws_humble/install/hector_rviz_overlay/include/hector_rviz_overlay/path_helper.hpp
-- Symlinking: /home/mtouri/ros2_ws_humble/install/hector_rviz_overlay/include/hector_rviz_overlay/popup/popup_container_widget.hpp
-- Symlinking: /home/mtouri/ros2_ws_humble/install/hector_rviz_overlay/include/hector_rviz_overlay/popup/popup_dialog.hpp
-- Symlinking: /home/mtouri/ros2_ws_humble/install/hector_rviz_overlay/include/hector_rviz_overlay/popup/popup_overlay.hpp
-- Symlinking: /home/mtouri/ros2_ws_humble/install/hector_rviz_overlay/include/hector_rviz_overlay/popup/positioning/anchor_point.hpp
-- Symlinking: /home/mtouri/ros2_ws_humble/install/hector_rviz_overlay/include/hector_rviz_overlay/popup/positioning/center_tracker.hpp
-- Symlinking: /home/mtouri/ros2_ws_humble/install/hector_rviz_overlay/include/hector_rviz_overlay/popup/positioning/ogre_tracker.hpp
-- Symlinking: /home/mtouri/ros2_ws_humble/install/hector_rviz_overlay/include/hector_rviz_overlay/popup/positioning/point_tracker.hpp
-- Symlinking: /home/mtouri/ros2_ws_humble/install/hector_rviz_overlay/include/hector_rviz_overlay/popup/positioning/popup_move_bar.hpp
-- Symlinking: /home/mtouri/ros2_ws_humble/install/hector_rviz_overlay/include/hector_rviz_overlay/popup/qwidget_popup_factory.hpp
-- Symlinking: /home/mtouri/ros2_ws_humble/install/hector_rviz_overlay/include/hector_rviz_overlay/popup/qwidget_popup_overlay.hpp
-- Symlinking: /home/mtouri/ros2_ws_humble/install/hector_rviz_overlay/include/hector_rviz_overlay/positioning/ogre_position_tracker.hpp
-- Symlinking: /home/mtouri/ros2_ws_humble/install/hector_rviz_overlay/include/hector_rviz_overlay/positioning/position_tracker.hpp
-- Symlinking: /home/mtouri/ros2_ws_humble/install/hector_rviz_overlay/include/hector_rviz_overlay/render/overlay_renderer.hpp
-- Symlinking: /home/mtouri/ros2_ws_humble/install/hector_rviz_overlay/include/hector_rviz_overlay/render/qimage_texture_overlay_renderer.hpp
-- Symlinking: /home/mtouri/ros2_ws_humble/install/hector_rviz_overlay/include/hector_rviz_overlay/render/qopengl_texture_overlay_renderer.hpp
-- Symlinking: /home/mtouri/ros2_ws_humble/install/hector_rviz_overlay/include/hector_rviz_overlay/render/renderer.hpp
-- Symlinking: /home/mtouri/ros2_ws_humble/install/hector_rviz_overlay/include/hector_rviz_overlay/render/texture_overlay_renderer.hpp
-- Symlinking: /home/mtouri/ros2_ws_humble/install/hector_rviz_overlay/include/hector_rviz_overlay/ui/qml_overlay.hpp
-- Symlinking: /home/mtouri/ros2_ws_humble/install/hector_rviz_overlay/include/hector_rviz_overlay/ui/qwidget_overlay.hpp
-- Symlinking: /home/mtouri/ros2_ws_humble/install/hector_rviz_overlay/include/hector_rviz_overlay/ui/ui_overlay.hpp
-- Symlinking: /home/mtouri/ros2_ws_humble/install/hector_rviz_overlay/share/ament_index/resource_index/package_run_dependencies/hector_rviz_overlay
-- Symlinking: /home/mtouri/ros2_ws_humble/install/hector_rviz_overlay/share/ament_index/resource_index/parent_prefix_path/hector_rviz_overlay
-- Symlinking: /home/mtouri/ros2_ws_humble/install/hector_rviz_overlay/share/hector_rviz_overlay/environment/ament_prefix_path.sh
-- Symlinking: /home/mtouri/ros2_ws_humble/install/hector_rviz_overlay/share/hector_rviz_overlay/environment/ament_prefix_path.dsv
-- Symlinking: /home/mtouri/ros2_ws_humble/install/hector_rviz_overlay/share/hector_rviz_overlay/environment/path.sh
-- Symlinking: /home/mtouri/ros2_ws_humble/install/hector_rviz_overlay/share/hector_rviz_overlay/environment/path.dsv
-- Symlinking: /home/mtouri/ros2_ws_humble/install/hector_rviz_overlay/share/hector_rviz_overlay/local_setup.bash
-- Symlinking: /home/mtouri/ros2_ws_humble/install/hector_rviz_overlay/share/hector_rviz_overlay/local_setup.sh
-- Symlinking: /home/mtouri/ros2_ws_humble/install/hector_rviz_overlay/share/hector_rviz_overlay/local_setup.zsh
-- Symlinking: /home/mtouri/ros2_ws_humble/install/hector_rviz_overlay/share/hector_rviz_overlay/local_setup.dsv
-- Symlinking: /home/mtouri/ros2_ws_humble/install/hector_rviz_overlay/share/hector_rviz_overlay/package.dsv
-- Symlinking: /home/mtouri/ros2_ws_humble/install/hector_rviz_overlay/share/ament_index/resource_index/packages/hector_rviz_overlay
-- Symlinking: /home/mtouri/ros2_ws_humble/install/hector_rviz_overlay/share/hector_rviz_overlay/cmake/hector_rviz_overlay-extras.cmake
-- Symlinking: /home/mtouri/ros2_ws_humble/install/hector_rviz_overlay/share/hector_rviz_overlay/cmake/ament_cmake_export_dependencies-extras.cmake
-- Symlinking: /home/mtouri/ros2_ws_humble/install/hector_rviz_overlay/share/hector_rviz_overlay/cmake/ament_cmake_export_include_directories-extras.cmake
-- Symlinking: /home/mtouri/ros2_ws_humble/install/hector_rviz_overlay/share/hector_rviz_overlay/cmake/ament_cmake_export_libraries-extras.cmake
-- Symlinking: /home/mtouri/ros2_ws_humble/install/hector_rviz_overlay/share/hector_rviz_overlay/cmake/ament_cmake_export_targets-extras.cmake
-- Symlinking: /home/mtouri/ros2_ws_humble/install/hector_rviz_overlay/share/hector_rviz_overlay/cmake/hector_rviz_overlayConfig.cmake
-- Symlinking: /home/mtouri/ros2_ws_humble/install/hector_rviz_overlay/share/hector_rviz_overlay/cmake/hector_rviz_overlayConfig-version.cmake
-- Symlinking: /home/mtouri/ros2_ws_humble/install/hector_rviz_overlay/share/hector_rviz_overlay/package.xml
-- Installing: /home/mtouri/ros2_ws_humble/install/hector_rviz_overlay/lib/libhector_rviz_overlay.so
-- Set runtime path of "/home/mtouri/ros2_ws_humble/install/hector_rviz_overlay/lib/libhector_rviz_overlay.so" to ""
-- Installing: /home/mtouri/ros2_ws_humble/install/hector_rviz_overlay/share/hector_rviz_overlay/cmake/hector_rviz_overlayExport.cmake
-- Installing: /home/mtouri/ros2_ws_humble/install/hector_rviz_overlay/share/hector_rviz_overlay/cmake/hector_rviz_overlayExport-noconfig.cmake
