[0.879s] Invoking command in '/home/mtouri/ros2_ws_humble/build/hector_rviz_overlay': CMAKE_PREFIX_PATH=${CMAKE_PREFIX_PATH}:/home/mtouri/spot_ws/install/synchros2_tutorials_example:/home/mtouri/spot_ws/install/spot_examples:/home/mtouri/spot_ws/install/spot_common:/home/mtouri/spot_ws/install/synchros2:/home/mtouri/ros2_ws_humble/install/rviz_manager:/home/mtouri/ros2_ws_humble/install/nimblbot_control:/home/mtouri/ros2_ws_humble/install/nimblbot_utils:/home/mtouri/ros2_ws_humble/install/nimblbot_simulation_scenes:/home/mtouri/ros2_ws_humble/install/nimblbot_path_follow:/home/mtouri/ros2_ws_humble/install/nimblbot_kinematics:/home/mtouri/ros2_ws_humble/install/nimblbot_driver:/home/mtouri/ros2_ws_humble/install/circular_carrier_control:/home/mtouri/ros2_ws_humble/install/nanotec_driver:/opt/ros/humble /usr/bin/cmake /home/mtouri/ros2_ws_humble/src/rviz-overlay-ros2/hector_rviz_overlay/hector_rviz_overlay -DAMENT_CMAKE_SYMLINK_INSTALL=1 -DCMAKE_INSTALL_PREFIX=/home/mtouri/ros2_ws_humble/install/hector_rviz_overlay
[2.034s] -- The C compiler identification is GNU 11.4.0
[2.034s] -- The CXX compiler identification is GNU 11.4.0
[2.034s] -- Detecting C compiler ABI info
[2.034s] -- Detecting C compiler ABI info - done
[2.034s] -- Check for working C compiler: /usr/bin/cc - skipped
[2.034s] -- Detecting C compile features
[2.034s] -- Detecting C compile features - done
[2.034s] -- Detecting CXX compiler ABI info
[2.034s] -- Detecting CXX compiler ABI info - done
[2.035s] -- Check for working CXX compiler: /usr/bin/c++ - skipped
[2.035s] -- Detecting CXX compile features
[2.035s] -- Detecting CXX compile features - done
[2.035s] -- Found ament_cmake: 1.3.14 (/opt/ros/humble/share/ament_cmake/cmake)
[2.035s] -- Found Python3: /usr/bin/python3 (found version "3.10.12") found components: Interpreter 
[2.035s] -- Override CMake install command with custom implementation using symlinks instead of copying resources
[2.035s] -- Found rviz_common: 11.2.26 (/opt/ros/humble/share/rviz_common/cmake)
[2.035s] -- Setting assimp_DIR to: '/opt/ros/humble/share/rviz_assimp_vendor/cmake/../../../opt/rviz_assimp_vendor/lib/cmake/assimp-4.1'
[2.035s] -- Setting OGRE_DIR to: '/opt/ros/humble/share/rviz_ogre_vendor/cmake/../../../opt/rviz_ogre_vendor/lib/OGRE/cmake'
[2.035s] -- Found OGRE
[2.035s] --   static     : OFF
[2.035s] --   components : HLMS;MeshLodGenerator;Overlay;Paging;Property;RTShaderSystem;Terrain;Volume
[2.035s] --   plugins    : Plugin_BSPSceneManager;Plugin_OctreeSceneManager;Plugin_PCZSceneManager;Plugin_ParticleFX;RenderSystem_GL;RenderSystem_GL3Plus;Codec_STBI
[2.035s] --   media      : /opt/ros/humble/opt/rviz_ogre_vendor/share/OGRE/Media
[2.035s] -- OGRE_LIBRARIES: OgreHLMS;OgreMeshLodGenerator;OgreOverlay;OgrePaging;OgreProperty;OgreRTShaderSystem;OgreTerrain;OgreVolume;OgreMain
[2.035s] -- OGRE_LIBRARY_DIRS: /opt/ros/humble/opt/rviz_ogre_vendor/lib
[2.035s] -- OGRE_PLUGINS: Plugin_BSPSceneManager;Plugin_OctreeSceneManager;Plugin_PCZSceneManager;Plugin_ParticleFX;RenderSystem_GL;RenderSystem_GL3Plus;Codec_STBI
[2.035s] -- OGRE_PLUGIN_DIR: /opt/ros/humble/opt/rviz_ogre_vendor/lib/OGRE
[2.035s] -- rviz_ogre_vendor::OgreOverlay for IMPORTED_LOCATION_RELEASE: /opt/ros/humble/opt/rviz_ogre_vendor/lib/libOgreOverlay.so
[2.035s] -- rviz_ogre_vendor::OgreOverlay for IMPORTED_LOCATION_DEBUG: /opt/ros/humble/opt/rviz_ogre_vendor/lib/libOgreOverlay.so
[2.035s] -- rviz_ogre_vendor::OgreMain for IMPORTED_LOCATION_RELEASE: /opt/ros/humble/opt/rviz_ogre_vendor/lib/libOgreMain.so
[2.035s] -- rviz_ogre_vendor::OgreMain for IMPORTED_LOCATION_DEBUG: /opt/ros/humble/opt/rviz_ogre_vendor/lib/libOgreMain.so
[2.035s] -- Could not find freeimage library
[2.035s] -- Found ZLIB: /usr/lib/x86_64-linux-gnu/libz.so (found version "1.2.11") 
[2.035s] -- Found OpenGL: /usr/lib/x86_64-linux-gnu/libOpenGL.so   
[2.036s] -- Found X11: /usr/include   
[2.036s] -- Looking for XOpenDisplay in /usr/lib/x86_64-linux-gnu/libX11.so;/usr/lib/x86_64-linux-gnu/libXext.so
[2.036s] -- Looking for XOpenDisplay in /usr/lib/x86_64-linux-gnu/libX11.so;/usr/lib/x86_64-linux-gnu/libXext.so - found
[2.036s] -- Looking for gethostbyname
[2.036s] -- Looking for gethostbyname - found
[2.036s] -- Looking for connect
[2.036s] -- Looking for connect - found
[2.036s] -- Looking for remove
[2.036s] -- Looking for remove - found
[2.036s] -- Looking for shmat
[2.036s] -- Looking for shmat - found
[2.036s] -- Looking for IceConnectionNumber in ICE
[2.097s] -- Looking for IceConnectionNumber in ICE - found
[2.215s] -- library: /usr/lib/x86_64-linux-gnu/libcurl.so
[2.263s] -- Found rosidl_generator_c: 3.1.8 (/opt/ros/humble/share/rosidl_generator_c/cmake)
[2.270s] -- Found rosidl_adapter: 3.1.8 (/opt/ros/humble/share/rosidl_adapter/cmake)
[2.280s] -- Found rosidl_generator_cpp: 3.1.8 (/opt/ros/humble/share/rosidl_generator_cpp/cmake)
[2.294s] -- Using all available rosidl_typesupport_c: rosidl_typesupport_fastrtps_c;rosidl_typesupport_introspection_c
[2.313s] -- Using all available rosidl_typesupport_cpp: rosidl_typesupport_fastrtps_cpp;rosidl_typesupport_introspection_cpp
[2.574s] -- Found rmw_implementation_cmake: 6.1.2 (/opt/ros/humble/share/rmw_implementation_cmake/cmake)
[2.585s] -- Found rmw_fastrtps_cpp: 6.2.10 (/opt/ros/humble/share/rmw_fastrtps_cpp/cmake)
[2.677s] -- Found TinyXML2 via Config file: TinyXML2_DIR-NOTFOUND
[2.907s] -- Found OpenSSL: /usr/lib/x86_64-linux-gnu/libcrypto.so (found version "3.0.2")  
[2.915s] -- Found TinyXML2 via Config file: TinyXML2_DIR-NOTFOUND
[2.968s] -- Found FastRTPS: /opt/ros/humble/include  
[2.975s] -- Found TinyXML2 via Config file: TinyXML2_DIR-NOTFOUND
[2.996s] -- Found TinyXML2 via Config file: TinyXML2_DIR-NOTFOUND
[3.031s] -- Using RMW implementation 'rmw_fastrtps_cpp' as default
[3.084s] -- Looking for pthread.h
[3.226s] -- Looking for pthread.h - found
[3.226s] -- Performing Test CMAKE_HAVE_LIBC_PTHREAD
[3.484s] -- Performing Test CMAKE_HAVE_LIBC_PTHREAD - Success
[3.488s] -- Found Threads: TRUE  
[3.812s] -- Found Eigen3: TRUE (found version "3.4.0") 
[3.812s] -- Ensuring Eigen3 include directory is part of orocos-kdl CMake target
[4.354s] -- Found GLEW: /usr/include (found version "2.2.0") 
[4.479s] -- Configuring done
[4.551s] -- Generating done
[4.560s] -- Build files have been written to: /home/mtouri/ros2_ws_humble/build/hector_rviz_overlay
[4.891s] Invoked command in '/home/mtouri/ros2_ws_humble/build/hector_rviz_overlay' returned '0': CMAKE_PREFIX_PATH=${CMAKE_PREFIX_PATH}:/home/mtouri/spot_ws/install/synchros2_tutorials_example:/home/mtouri/spot_ws/install/spot_examples:/home/mtouri/spot_ws/install/spot_common:/home/mtouri/spot_ws/install/synchros2:/home/mtouri/ros2_ws_humble/install/rviz_manager:/home/mtouri/ros2_ws_humble/install/nimblbot_control:/home/mtouri/ros2_ws_humble/install/nimblbot_utils:/home/mtouri/ros2_ws_humble/install/nimblbot_simulation_scenes:/home/mtouri/ros2_ws_humble/install/nimblbot_path_follow:/home/mtouri/ros2_ws_humble/install/nimblbot_kinematics:/home/mtouri/ros2_ws_humble/install/nimblbot_driver:/home/mtouri/ros2_ws_humble/install/circular_carrier_control:/home/mtouri/ros2_ws_humble/install/nanotec_driver:/opt/ros/humble /usr/bin/cmake /home/mtouri/ros2_ws_humble/src/rviz-overlay-ros2/hector_rviz_overlay/hector_rviz_overlay -DAMENT_CMAKE_SYMLINK_INSTALL=1 -DCMAKE_INSTALL_PREFIX=/home/mtouri/ros2_ws_humble/install/hector_rviz_overlay
[4.893s] Invoking command in '/home/mtouri/ros2_ws_humble/build/hector_rviz_overlay': CMAKE_PREFIX_PATH=${CMAKE_PREFIX_PATH}:/home/mtouri/spot_ws/install/synchros2_tutorials_example:/home/mtouri/spot_ws/install/spot_examples:/home/mtouri/spot_ws/install/spot_common:/home/mtouri/spot_ws/install/synchros2:/home/mtouri/ros2_ws_humble/install/rviz_manager:/home/mtouri/ros2_ws_humble/install/nimblbot_control:/home/mtouri/ros2_ws_humble/install/nimblbot_utils:/home/mtouri/ros2_ws_humble/install/nimblbot_simulation_scenes:/home/mtouri/ros2_ws_humble/install/nimblbot_path_follow:/home/mtouri/ros2_ws_humble/install/nimblbot_kinematics:/home/mtouri/ros2_ws_humble/install/nimblbot_driver:/home/mtouri/ros2_ws_humble/install/circular_carrier_control:/home/mtouri/ros2_ws_humble/install/nanotec_driver:/opt/ros/humble /usr/bin/cmake --build /home/mtouri/ros2_ws_humble/build/hector_rviz_overlay -- -j16 -l16
[4.964s] [  2%] [34m[1mAutomatic MOC for target hector_rviz_overlay[0m
[6.111s] [  2%] Built target hector_rviz_overlay_autogen
[6.157s] [  5%] [32mBuilding CXX object CMakeFiles/hector_rviz_overlay.dir/hector_rviz_overlay_autogen/mocs_compilation.cpp.o[0m
[6.164s] [ 11%] [32mBuilding CXX object CMakeFiles/hector_rviz_overlay.dir/src/displays/qml_overlay_display.cpp.o[0m
[6.164s] [ 11%] [32mBuilding CXX object CMakeFiles/hector_rviz_overlay.dir/src/displays/overlay_display.cpp.o[0m
[6.164s] [ 14%] [32mBuilding CXX object CMakeFiles/hector_rviz_overlay.dir/src/events/qwidget_event_manager.cpp.o[0m
[6.164s] [ 17%] [32mBuilding CXX object CMakeFiles/hector_rviz_overlay.dir/src/displays/qwidget_overlay_display.cpp.o[0m
[6.168s] [ 20%] [32mBuilding CXX object CMakeFiles/hector_rviz_overlay.dir/src/helper/file_system_watcher.cpp.o[0m
[6.170s] [ 23%] [32mBuilding CXX object CMakeFiles/hector_rviz_overlay.dir/src/helper/qml_rviz_property.cpp.o[0m
[6.175s] [ 26%] [32mBuilding CXX object CMakeFiles/hector_rviz_overlay.dir/src/popup/positioning/center_tracker.cpp.o[0m
[6.175s] [ 29%] [32mBuilding CXX object CMakeFiles/hector_rviz_overlay.dir/src/helper/rviz_tool_icon_provider.cpp.o[0m
[6.175s] [ 32%] [32mBuilding CXX object CMakeFiles/hector_rviz_overlay.dir/src/helper/qml_rviz_context.cpp.o[0m
[6.182s] [ 35%] [32mBuilding CXX object CMakeFiles/hector_rviz_overlay.dir/src/helper/qml_tool_manager.cpp.o[0m
[6.223s] [ 38%] [32mBuilding CXX object CMakeFiles/hector_rviz_overlay.dir/src/popup/popup_overlay.cpp.o[0m
[6.229s] [ 41%] [32mBuilding CXX object CMakeFiles/hector_rviz_overlay.dir/src/popup/positioning/ogre_tracker.cpp.o[0m
[6.230s] [ 44%] [32mBuilding CXX object CMakeFiles/hector_rviz_overlay.dir/src/popup/popup_container_widget.cpp.o[0m
[6.230s] [ 47%] [32mBuilding CXX object CMakeFiles/hector_rviz_overlay.dir/src/popup/popup_dialog.cpp.o[0m
[6.233s] [ 50%] [32mBuilding CXX object CMakeFiles/hector_rviz_overlay.dir/src/popup/positioning/popup_move_bar.cpp.o[0m
[7.555s] [ 52%] [32mBuilding CXX object CMakeFiles/hector_rviz_overlay.dir/src/popup/qwidget_popup_factory.cpp.o[0m
[8.866s] [ 55%] [32mBuilding CXX object CMakeFiles/hector_rviz_overlay.dir/src/popup/qwidget_popup_overlay.cpp.o[0m
[9.449s] [ 58%] [32mBuilding CXX object CMakeFiles/hector_rviz_overlay.dir/src/positioning/ogre_position_tracker.cpp.o[0m
[9.541s] [ 61%] [32mBuilding CXX object CMakeFiles/hector_rviz_overlay.dir/src/positioning/position_tracker.cpp.o[0m
[9.865s] [ 64%] [32mBuilding CXX object CMakeFiles/hector_rviz_overlay.dir/src/render/qimage_texture_overlay_renderer.cpp.o[0m
[10.262s] [ 67%] [32mBuilding CXX object CMakeFiles/hector_rviz_overlay.dir/src/render/overlay_renderer.cpp.o[0m
[10.750s] [ 70%] [32mBuilding CXX object CMakeFiles/hector_rviz_overlay.dir/src/render/qopengl_wrapper.cpp.o[0m
[11.178s] [ 73%] [32mBuilding CXX object CMakeFiles/hector_rviz_overlay.dir/src/render/texture_overlay_renderer.cpp.o[0m
[11.273s] [ 76%] [32mBuilding CXX object CMakeFiles/hector_rviz_overlay.dir/src/ui/qml_overlay.cpp.o[0m
[11.317s] [ 79%] [32mBuilding CXX object CMakeFiles/hector_rviz_overlay.dir/src/ui/qwidget_overlay.cpp.o[0m
[11.445s] [ 82%] [32mBuilding CXX object CMakeFiles/hector_rviz_overlay.dir/src/ui/ui_overlay.cpp.o[0m
[11.533s] [ 85%] [32mBuilding CXX object CMakeFiles/hector_rviz_overlay.dir/src/overlay.cpp.o[0m
[11.752s] [ 88%] [32mBuilding CXX object CMakeFiles/hector_rviz_overlay.dir/src/overlay_manager.cpp.o[0m
[11.818s] [ 91%] [32mBuilding CXX object CMakeFiles/hector_rviz_overlay.dir/src/overlay_widget.cpp.o[0m
[12.843s] [ 94%] [32mBuilding CXX object CMakeFiles/hector_rviz_overlay.dir/src/path_helper.cpp.o[0m
[13.127s] [ 97%] [32mBuilding CXX object CMakeFiles/hector_rviz_overlay.dir/src/render/qopengl_texture_overlay_renderer.cpp.o[0m
[21.185s] [100%] [32m[1mLinking CXX shared library libhector_rviz_overlay.so[0m
[23.863s] [100%] Built target hector_rviz_overlay
[23.876s] Invoked command in '/home/mtouri/ros2_ws_humble/build/hector_rviz_overlay' returned '0': CMAKE_PREFIX_PATH=${CMAKE_PREFIX_PATH}:/home/mtouri/spot_ws/install/synchros2_tutorials_example:/home/mtouri/spot_ws/install/spot_examples:/home/mtouri/spot_ws/install/spot_common:/home/mtouri/spot_ws/install/synchros2:/home/mtouri/ros2_ws_humble/install/rviz_manager:/home/mtouri/ros2_ws_humble/install/nimblbot_control:/home/mtouri/ros2_ws_humble/install/nimblbot_utils:/home/mtouri/ros2_ws_humble/install/nimblbot_simulation_scenes:/home/mtouri/ros2_ws_humble/install/nimblbot_path_follow:/home/mtouri/ros2_ws_humble/install/nimblbot_kinematics:/home/mtouri/ros2_ws_humble/install/nimblbot_driver:/home/mtouri/ros2_ws_humble/install/circular_carrier_control:/home/mtouri/ros2_ws_humble/install/nanotec_driver:/opt/ros/humble /usr/bin/cmake --build /home/mtouri/ros2_ws_humble/build/hector_rviz_overlay -- -j16 -l16
[23.878s] Invoking command in '/home/mtouri/ros2_ws_humble/build/hector_rviz_overlay': CMAKE_PREFIX_PATH=${CMAKE_PREFIX_PATH}:/home/mtouri/spot_ws/install/synchros2_tutorials_example:/home/mtouri/spot_ws/install/spot_examples:/home/mtouri/spot_ws/install/spot_common:/home/mtouri/spot_ws/install/synchros2:/home/mtouri/ros2_ws_humble/install/rviz_manager:/home/mtouri/ros2_ws_humble/install/nimblbot_control:/home/mtouri/ros2_ws_humble/install/nimblbot_utils:/home/mtouri/ros2_ws_humble/install/nimblbot_simulation_scenes:/home/mtouri/ros2_ws_humble/install/nimblbot_path_follow:/home/mtouri/ros2_ws_humble/install/nimblbot_kinematics:/home/mtouri/ros2_ws_humble/install/nimblbot_driver:/home/mtouri/ros2_ws_humble/install/circular_carrier_control:/home/mtouri/ros2_ws_humble/install/nanotec_driver:/opt/ros/humble /usr/bin/cmake --install /home/mtouri/ros2_ws_humble/build/hector_rviz_overlay
[23.886s] -- Install configuration: ""
[23.887s] -- Execute custom install script
[23.887s] -- Symlinking: /home/mtouri/ros2_ws_humble/install/hector_rviz_overlay/share/hector_rviz_overlay/environment/library_path.sh
[23.897s] -- Symlinking: /home/mtouri/ros2_ws_humble/install/hector_rviz_overlay/share/hector_rviz_overlay/environment/library_path.dsv
[23.907s] -- Symlinking: /home/mtouri/ros2_ws_humble/install/hector_rviz_overlay/include/hector_rviz_overlay/displays/overlay_display.hpp
[23.916s] -- Symlinking: /home/mtouri/ros2_ws_humble/install/hector_rviz_overlay/include/hector_rviz_overlay/displays/qml_overlay_display.hpp
[23.925s] -- Symlinking: /home/mtouri/ros2_ws_humble/install/hector_rviz_overlay/include/hector_rviz_overlay/displays/qwidget_overlay_display.hpp
[23.935s] -- Symlinking: /home/mtouri/ros2_ws_humble/install/hector_rviz_overlay/include/hector_rviz_overlay/events/qwidget_event_manager.hpp
[23.946s] -- Symlinking: /home/mtouri/ros2_ws_humble/install/hector_rviz_overlay/include/hector_rviz_overlay/helper/file_system_watcher.hpp
[23.955s] -- Symlinking: /home/mtouri/ros2_ws_humble/install/hector_rviz_overlay/include/hector_rviz_overlay/helper/qml_rviz_context.hpp
[23.966s] -- Symlinking: /home/mtouri/ros2_ws_humble/install/hector_rviz_overlay/include/hector_rviz_overlay/helper/qml_rviz_property.hpp
[23.975s] -- Symlinking: /home/mtouri/ros2_ws_humble/install/hector_rviz_overlay/include/hector_rviz_overlay/helper/qml_tool_manager.hpp
[23.986s] -- Symlinking: /home/mtouri/ros2_ws_humble/install/hector_rviz_overlay/include/hector_rviz_overlay/helper/rviz_tool_icon_provider.hpp
[23.995s] -- Symlinking: /home/mtouri/ros2_ws_humble/install/hector_rviz_overlay/include/hector_rviz_overlay/overlay.hpp
[24.004s] -- Symlinking: /home/mtouri/ros2_ws_humble/install/hector_rviz_overlay/include/hector_rviz_overlay/overlay_manager.hpp
[24.013s] -- Symlinking: /home/mtouri/ros2_ws_humble/install/hector_rviz_overlay/include/hector_rviz_overlay/overlay_widget.hpp
[24.022s] -- Symlinking: /home/mtouri/ros2_ws_humble/install/hector_rviz_overlay/include/hector_rviz_overlay/path_helper.hpp
[24.032s] -- Symlinking: /home/mtouri/ros2_ws_humble/install/hector_rviz_overlay/include/hector_rviz_overlay/popup/popup_container_widget.hpp
[24.042s] -- Symlinking: /home/mtouri/ros2_ws_humble/install/hector_rviz_overlay/include/hector_rviz_overlay/popup/popup_dialog.hpp
[24.050s] -- Symlinking: /home/mtouri/ros2_ws_humble/install/hector_rviz_overlay/include/hector_rviz_overlay/popup/popup_overlay.hpp
[24.062s] -- Symlinking: /home/mtouri/ros2_ws_humble/install/hector_rviz_overlay/include/hector_rviz_overlay/popup/positioning/anchor_point.hpp
[24.072s] -- Symlinking: /home/mtouri/ros2_ws_humble/install/hector_rviz_overlay/include/hector_rviz_overlay/popup/positioning/center_tracker.hpp
[24.082s] -- Symlinking: /home/mtouri/ros2_ws_humble/install/hector_rviz_overlay/include/hector_rviz_overlay/popup/positioning/ogre_tracker.hpp
[24.091s] -- Symlinking: /home/mtouri/ros2_ws_humble/install/hector_rviz_overlay/include/hector_rviz_overlay/popup/positioning/point_tracker.hpp
[24.101s] -- Symlinking: /home/mtouri/ros2_ws_humble/install/hector_rviz_overlay/include/hector_rviz_overlay/popup/positioning/popup_move_bar.hpp
[24.111s] -- Symlinking: /home/mtouri/ros2_ws_humble/install/hector_rviz_overlay/include/hector_rviz_overlay/popup/qwidget_popup_factory.hpp
[24.121s] -- Symlinking: /home/mtouri/ros2_ws_humble/install/hector_rviz_overlay/include/hector_rviz_overlay/popup/qwidget_popup_overlay.hpp
[24.131s] -- Symlinking: /home/mtouri/ros2_ws_humble/install/hector_rviz_overlay/include/hector_rviz_overlay/positioning/ogre_position_tracker.hpp
[24.141s] -- Symlinking: /home/mtouri/ros2_ws_humble/install/hector_rviz_overlay/include/hector_rviz_overlay/positioning/position_tracker.hpp
[24.152s] -- Symlinking: /home/mtouri/ros2_ws_humble/install/hector_rviz_overlay/include/hector_rviz_overlay/render/overlay_renderer.hpp
[24.162s] -- Symlinking: /home/mtouri/ros2_ws_humble/install/hector_rviz_overlay/include/hector_rviz_overlay/render/qimage_texture_overlay_renderer.hpp
[24.171s] -- Symlinking: /home/mtouri/ros2_ws_humble/install/hector_rviz_overlay/include/hector_rviz_overlay/render/qopengl_texture_overlay_renderer.hpp
[24.181s] -- Symlinking: /home/mtouri/ros2_ws_humble/install/hector_rviz_overlay/include/hector_rviz_overlay/render/renderer.hpp
[24.190s] -- Symlinking: /home/mtouri/ros2_ws_humble/install/hector_rviz_overlay/include/hector_rviz_overlay/render/texture_overlay_renderer.hpp
[24.199s] -- Symlinking: /home/mtouri/ros2_ws_humble/install/hector_rviz_overlay/include/hector_rviz_overlay/ui/qml_overlay.hpp
[24.210s] -- Symlinking: /home/mtouri/ros2_ws_humble/install/hector_rviz_overlay/include/hector_rviz_overlay/ui/qwidget_overlay.hpp
[24.219s] -- Symlinking: /home/mtouri/ros2_ws_humble/install/hector_rviz_overlay/include/hector_rviz_overlay/ui/ui_overlay.hpp
[24.229s] -- Symlinking: /home/mtouri/ros2_ws_humble/install/hector_rviz_overlay/share/ament_index/resource_index/package_run_dependencies/hector_rviz_overlay
[24.240s] -- Symlinking: /home/mtouri/ros2_ws_humble/install/hector_rviz_overlay/share/ament_index/resource_index/parent_prefix_path/hector_rviz_overlay
[24.250s] -- Symlinking: /home/mtouri/ros2_ws_humble/install/hector_rviz_overlay/share/hector_rviz_overlay/environment/ament_prefix_path.sh
[24.259s] -- Symlinking: /home/mtouri/ros2_ws_humble/install/hector_rviz_overlay/share/hector_rviz_overlay/environment/ament_prefix_path.dsv
[24.268s] -- Symlinking: /home/mtouri/ros2_ws_humble/install/hector_rviz_overlay/share/hector_rviz_overlay/environment/path.sh
[24.279s] -- Symlinking: /home/mtouri/ros2_ws_humble/install/hector_rviz_overlay/share/hector_rviz_overlay/environment/path.dsv
[24.290s] -- Symlinking: /home/mtouri/ros2_ws_humble/install/hector_rviz_overlay/share/hector_rviz_overlay/local_setup.bash
[24.300s] -- Symlinking: /home/mtouri/ros2_ws_humble/install/hector_rviz_overlay/share/hector_rviz_overlay/local_setup.sh
[24.310s] -- Symlinking: /home/mtouri/ros2_ws_humble/install/hector_rviz_overlay/share/hector_rviz_overlay/local_setup.zsh
[24.320s] -- Symlinking: /home/mtouri/ros2_ws_humble/install/hector_rviz_overlay/share/hector_rviz_overlay/local_setup.dsv
[24.329s] -- Symlinking: /home/mtouri/ros2_ws_humble/install/hector_rviz_overlay/share/hector_rviz_overlay/package.dsv
[24.341s] -- Symlinking: /home/mtouri/ros2_ws_humble/install/hector_rviz_overlay/share/ament_index/resource_index/packages/hector_rviz_overlay
[24.351s] -- Symlinking: /home/mtouri/ros2_ws_humble/install/hector_rviz_overlay/share/hector_rviz_overlay/cmake/hector_rviz_overlay-extras.cmake
[24.360s] -- Symlinking: /home/mtouri/ros2_ws_humble/install/hector_rviz_overlay/share/hector_rviz_overlay/cmake/ament_cmake_export_dependencies-extras.cmake
[24.370s] -- Symlinking: /home/mtouri/ros2_ws_humble/install/hector_rviz_overlay/share/hector_rviz_overlay/cmake/ament_cmake_export_include_directories-extras.cmake
[24.378s] -- Symlinking: /home/mtouri/ros2_ws_humble/install/hector_rviz_overlay/share/hector_rviz_overlay/cmake/ament_cmake_export_libraries-extras.cmake
[24.388s] -- Symlinking: /home/mtouri/ros2_ws_humble/install/hector_rviz_overlay/share/hector_rviz_overlay/cmake/ament_cmake_export_targets-extras.cmake
[24.398s] -- Symlinking: /home/mtouri/ros2_ws_humble/install/hector_rviz_overlay/share/hector_rviz_overlay/cmake/hector_rviz_overlayConfig.cmake
[24.407s] -- Symlinking: /home/mtouri/ros2_ws_humble/install/hector_rviz_overlay/share/hector_rviz_overlay/cmake/hector_rviz_overlayConfig-version.cmake
[24.416s] -- Symlinking: /home/mtouri/ros2_ws_humble/install/hector_rviz_overlay/share/hector_rviz_overlay/package.xml
[24.427s] -- Installing: /home/mtouri/ros2_ws_humble/install/hector_rviz_overlay/lib/libhector_rviz_overlay.so
[24.429s] -- Set runtime path of "/home/mtouri/ros2_ws_humble/install/hector_rviz_overlay/lib/libhector_rviz_overlay.so" to ""
[24.429s] -- Installing: /home/mtouri/ros2_ws_humble/install/hector_rviz_overlay/share/hector_rviz_overlay/cmake/hector_rviz_overlayExport.cmake
[24.429s] -- Installing: /home/mtouri/ros2_ws_humble/install/hector_rviz_overlay/share/hector_rviz_overlay/cmake/hector_rviz_overlayExport-noconfig.cmake
[24.432s] Invoked command in '/home/mtouri/ros2_ws_humble/build/hector_rviz_overlay' returned '0': CMAKE_PREFIX_PATH=${CMAKE_PREFIX_PATH}:/home/mtouri/spot_ws/install/synchros2_tutorials_example:/home/mtouri/spot_ws/install/spot_examples:/home/mtouri/spot_ws/install/spot_common:/home/mtouri/spot_ws/install/synchros2:/home/mtouri/ros2_ws_humble/install/rviz_manager:/home/mtouri/ros2_ws_humble/install/nimblbot_control:/home/mtouri/ros2_ws_humble/install/nimblbot_utils:/home/mtouri/ros2_ws_humble/install/nimblbot_simulation_scenes:/home/mtouri/ros2_ws_humble/install/nimblbot_path_follow:/home/mtouri/ros2_ws_humble/install/nimblbot_kinematics:/home/mtouri/ros2_ws_humble/install/nimblbot_driver:/home/mtouri/ros2_ws_humble/install/circular_carrier_control:/home/mtouri/ros2_ws_humble/install/nanotec_driver:/opt/ros/humble /usr/bin/cmake --install /home/mtouri/ros2_ws_humble/build/hector_rviz_overlay
