[0.911s] Invoking command in '/home/mtouri/spot_ws/build/synchros2': PYTHONPATH=/home/mtouri/spot_ws/build/synchros2/prefix_override:/usr/lib/python3/dist-packages/colcon_core/task/python/colcon_distutils_commands:/home/mtouri/spot_ws/install/synchros2/lib/python3.10/site-packages:${PYTHONPATH} /usr/bin/python3 -W ignore:setup.py install is deprecated -W ignore:easy_install command is deprecated setup.py develop --editable --build-directory /home/mtouri/spot_ws/build/synchros2/build --no-deps symlink_data
[1.173s] running develop
[1.358s] running egg_info
[1.358s] creating synchros2.egg-info
[1.359s] writing synchros2.egg-info/PKG-INFO
[1.359s] writing dependency_links to synchros2.egg-info/dependency_links.txt
[1.359s] writing requirements to synchros2.egg-info/requires.txt
[1.359s] writing top-level names to synchros2.egg-info/top_level.txt
[1.359s] writing manifest file 'synchros2.egg-info/SOURCES.txt'
[1.361s] reading manifest file 'synchros2.egg-info/SOURCES.txt'
[1.362s] writing manifest file 'synchros2.egg-info/SOURCES.txt'
[1.363s] running build_ext
[1.363s] Creating /home/mtouri/spot_ws/install/synchros2/lib/python3.10/site-packages/synchros2.egg-link (link to .)
[1.364s] 
[1.364s] Installed /home/mtouri/spot_ws/build/synchros2
[1.364s] running symlink_data
[1.364s] creating /home/mtouri/spot_ws/install/synchros2/share/ament_index
[1.364s] creating /home/mtouri/spot_ws/install/synchros2/share/ament_index/resource_index
[1.364s] creating /home/mtouri/spot_ws/install/synchros2/share/ament_index/resource_index/packages
[1.364s] symbolically linking /home/mtouri/spot_ws/build/synchros2/resource/synchros2 -> /home/mtouri/spot_ws/install/synchros2/share/ament_index/resource_index/packages
[1.364s] symbolically linking /home/mtouri/spot_ws/build/synchros2/package.xml -> /home/mtouri/spot_ws/install/synchros2/share/synchros2
[1.427s] Invoked command in '/home/mtouri/spot_ws/build/synchros2' returned '0': PYTHONPATH=/home/mtouri/spot_ws/build/synchros2/prefix_override:/usr/lib/python3/dist-packages/colcon_core/task/python/colcon_distutils_commands:/home/mtouri/spot_ws/install/synchros2/lib/python3.10/site-packages:${PYTHONPATH} /usr/bin/python3 -W ignore:setup.py install is deprecated -W ignore:easy_install command is deprecated setup.py develop --editable --build-directory /home/mtouri/spot_ws/build/synchros2/build --no-deps symlink_data
