[1.003s] Invoking command in '/home/mtouri/spot_ws/build/spot_common': AMENT_PREFIX_PATH=/home/mtouri/spot_ws/install/synchros2:${AMENT_PREFIX_PATH} PYTHONPATH=/home/mtouri/spot_ws/build/spot_common/prefix_override:/usr/lib/python3/dist-packages/colcon_core/task/python/colcon_distutils_commands:/home/mtouri/spot_ws/install/spot_common/lib/python3.10/site-packages:/home/mtouri/spot_ws/build/synchros2:/home/mtouri/spot_ws/install/synchros2/lib/python3.10/site-packages:/home/mtouri/spot_ws/build/spot_wrapper:/home/mtouri/spot_ws/install/spot_wrapper/lib/python3.10/site-packages:${PYTHONPATH} /usr/bin/python3 -W ignore:setup.py install is deprecated -W ignore:easy_install command is deprecated setup.py develop --editable --build-directory /home/mtouri/spot_ws/build/spot_common/build --no-deps symlink_data
[1.296s] running develop
[1.552s] running egg_info
[1.552s] creating spot_common.egg-info
[1.552s] writing spot_common.egg-info/PKG-INFO
[1.553s] writing dependency_links to spot_common.egg-info/dependency_links.txt
[1.553s] writing requirements to spot_common.egg-info/requires.txt
[1.553s] writing top-level names to spot_common.egg-info/top_level.txt
[1.553s] writing manifest file 'spot_common.egg-info/SOURCES.txt'
[1.555s] reading manifest file 'spot_common.egg-info/SOURCES.txt'
[1.555s] writing manifest file 'spot_common.egg-info/SOURCES.txt'
[1.557s] running build_ext
[1.557s] Creating /home/mtouri/spot_ws/install/spot_common/lib/python3.10/site-packages/spot-common.egg-link (link to .)
[1.558s] 
[1.558s] Installed /home/mtouri/spot_ws/build/spot_common
[1.558s] running symlink_data
[1.558s] creating /home/mtouri/spot_ws/install/spot_common/share/ament_index
[1.559s] creating /home/mtouri/spot_ws/install/spot_common/share/ament_index/resource_index
[1.559s] creating /home/mtouri/spot_ws/install/spot_common/share/ament_index/resource_index/packages
[1.559s] symbolically linking /home/mtouri/spot_ws/build/spot_common/resource/spot_common -> /home/mtouri/spot_ws/install/spot_common/share/ament_index/resource_index/packages
[1.559s] symbolically linking /home/mtouri/spot_ws/build/spot_common/package.xml -> /home/mtouri/spot_ws/install/spot_common/share/spot_common
[1.623s] Invoked command in '/home/mtouri/spot_ws/build/spot_common' returned '0': AMENT_PREFIX_PATH=/home/mtouri/spot_ws/install/synchros2:${AMENT_PREFIX_PATH} PYTHONPATH=/home/mtouri/spot_ws/build/spot_common/prefix_override:/usr/lib/python3/dist-packages/colcon_core/task/python/colcon_distutils_commands:/home/mtouri/spot_ws/install/spot_common/lib/python3.10/site-packages:/home/mtouri/spot_ws/build/synchros2:/home/mtouri/spot_ws/install/synchros2/lib/python3.10/site-packages:/home/mtouri/spot_ws/build/spot_wrapper:/home/mtouri/spot_ws/install/spot_wrapper/lib/python3.10/site-packages:${PYTHONPATH} /usr/bin/python3 -W ignore:setup.py install is deprecated -W ignore:easy_install command is deprecated setup.py develop --editable --build-directory /home/mtouri/spot_ws/build/spot_common/build --no-deps symlink_data
