-- The C compiler identification is GNU 11.4.0
-- The CXX compiler identification is GNU 11.4.0
-- Detecting C compiler ABI info
-- Detecting C compiler ABI info - done
-- Check for working C compiler: /usr/bin/cc - skipped
-- Detecting C compile features
-- Detecting C compile features - done
-- Detecting CXX compiler ABI info
-- Detecting CXX compiler ABI info - done
-- Check for working CXX compiler: /usr/bin/c++ - skipped
-- Detecting CXX compile features
-- Detecting CXX compile features - done
-- Found ament_cmake: 1.3.14 (/opt/ros/humble/share/ament_cmake/cmake)
-- Found Python3: /usr/bin/python3 (found version "3.10.12") found components: Interpreter 
-- Override CMake install command with custom implementation using symlinks instead of copying resources
-- Found rosidl_default_generators: 1.2.1 (/opt/ros/humble/share/rosidl_default_generators/cmake)
-- Using all available rosidl_typesupport_c: rosidl_typesupport_fastrtps_c;rosidl_typesupport_introspection_c
-- Found rosidl_adapter: 3.1.8 (/opt/ros/humble/share/rosidl_adapter/cmake)
-- Using all available rosidl_typesupport_cpp: rosidl_typesupport_fastrtps_cpp;rosidl_typesupport_introspection_cpp
-- Found ament_cmake_ros: 0.10.0 (/opt/ros/humble/share/ament_cmake_ros/cmake)
-- Using all available rosidl_typesupport_c: rosidl_typesupport_fastrtps_c;rosidl_typesupport_introspection_c
-- Using all available rosidl_typesupport_cpp: rosidl_typesupport_fastrtps_cpp;rosidl_typesupport_introspection_cpp
-- Found PythonInterp: /usr/bin/python3 (found suitable version "3.10.12", minimum required is "3.6") 
-- Found python_cmake_module: 0.10.0 (/opt/ros/humble/share/python_cmake_module/cmake)
-- Found PythonLibs: /usr/lib/x86_64-linux-gnu/libpython3.10.so (found suitable version "3.10.12", minimum required is "3.5") 
-- Using PYTHON_EXECUTABLE: /usr/bin/python3
-- Using PYTHON_INCLUDE_DIRS: /usr/include/python3.10
-- Using PYTHON_LIBRARIES: /usr/lib/x86_64-linux-gnu/libpython3.10.so
-- Found PythonExtra: .so  
-- Found ament_lint_auto: 0.12.15 (/opt/ros/humble/share/ament_lint_auto/cmake)
-- Added test 'lint_cmake' to check CMake code style
-- Added test 'xmllint' to check XML markup files
-- Configuring done
-- Generating done
-- Build files have been written to: /home/mtouri/spot_ws/build/synchros2_tutorials_interfaces_example
[  2%] [34m[1mGenerating C code for ROS interfaces[0m
[  7%] [34m[1mGenerating C++ code for ROS interfaces[0m
[  7%] [34m[1mGenerating Rust code for ROS interfaces[0m
[  7%] Built target ament_cmake_python_symlink_synchros2_tutorials_interfaces_example
[  7%] Built target synchros2_tutorials_interfaces_example__rs
running egg_info
creating synchros2_tutorials_interfaces_example.egg-info
writing synchros2_tutorials_interfaces_example.egg-info/PKG-INFO
writing dependency_links to synchros2_tutorials_interfaces_example.egg-info/dependency_links.txt
writing top-level names to synchros2_tutorials_interfaces_example.egg-info/top_level.txt
writing manifest file 'synchros2_tutorials_interfaces_example.egg-info/SOURCES.txt'
reading manifest file 'synchros2_tutorials_interfaces_example.egg-info/SOURCES.txt'
writing manifest file 'synchros2_tutorials_interfaces_example.egg-info/SOURCES.txt'
[  7%] Built target ament_cmake_python_build_synchros2_tutorials_interfaces_example_egg
[ 10%] [32mBuilding C object CMakeFiles/synchros2_tutorials_interfaces_example__rosidl_generator_c.dir/rosidl_generator_c/synchros2_tutorials_interfaces_example/action/detail/wait__functions.c.o[0m
[ 12%] [32mBuilding C object CMakeFiles/synchros2_tutorials_interfaces_example__rosidl_generator_c.dir/rosidl_generator_c/synchros2_tutorials_interfaces_example/msg/detail/string__functions.c.o[0m
[ 12%] Built target synchros2_tutorials_interfaces_example__cpp
[ 15%] [34m[1mGenerating C++ type support for eProsima Fast-RTPS[0m
[ 17%] [34m[1mGenerating C++ introspection for ROS interfaces[0m
[ 20%] [34m[1mGenerating C++ type support dispatch for ROS interfaces[0m
[ 22%] [32m[1mLinking C shared library libsynchros2_tutorials_interfaces_example__rosidl_generator_c.so[0m
[ 22%] Built target synchros2_tutorials_interfaces_example__rosidl_generator_c
[ 27%] [34m[1mGenerating C type support for eProsima Fast-RTPS[0m
[ 27%] [34m[1mGenerating C introspection for ROS interfaces[0m
[ 30%] [34m[1mGenerating C type support dispatch for ROS interfaces[0m
[ 32%] [32mBuilding CXX object CMakeFiles/synchros2_tutorials_interfaces_example__rosidl_typesupport_cpp.dir/rosidl_typesupport_cpp/synchros2_tutorials_interfaces_example/msg/string__type_support.cpp.o[0m
[ 35%] [32mBuilding CXX object CMakeFiles/synchros2_tutorials_interfaces_example__rosidl_typesupport_cpp.dir/rosidl_typesupport_cpp/synchros2_tutorials_interfaces_example/action/wait__type_support.cpp.o[0m
[ 37%] [32mBuilding CXX object CMakeFiles/synchros2_tutorials_interfaces_example__rosidl_typesupport_fastrtps_cpp.dir/rosidl_typesupport_fastrtps_cpp/synchros2_tutorials_interfaces_example/action/detail/dds_fastrtps/wait__type_support.cpp.o[0m
[ 40%] [32mBuilding CXX object CMakeFiles/synchros2_tutorials_interfaces_example__rosidl_typesupport_fastrtps_cpp.dir/rosidl_typesupport_fastrtps_cpp/synchros2_tutorials_interfaces_example/msg/detail/dds_fastrtps/string__type_support.cpp.o[0m
[ 42%] [32mBuilding CXX object CMakeFiles/synchros2_tutorials_interfaces_example__rosidl_typesupport_introspection_cpp.dir/rosidl_typesupport_introspection_cpp/synchros2_tutorials_interfaces_example/action/detail/wait__type_support.cpp.o[0m
[ 45%] [32mBuilding CXX object CMakeFiles/synchros2_tutorials_interfaces_example__rosidl_typesupport_introspection_cpp.dir/rosidl_typesupport_introspection_cpp/synchros2_tutorials_interfaces_example/msg/detail/string__type_support.cpp.o[0m
[ 50%] [32mBuilding CXX object CMakeFiles/synchros2_tutorials_interfaces_example__rosidl_typesupport_c.dir/rosidl_typesupport_c/synchros2_tutorials_interfaces_example/action/wait__type_support.cpp.o[0m
[ 50%] [32mBuilding CXX object CMakeFiles/synchros2_tutorials_interfaces_example__rosidl_typesupport_c.dir/rosidl_typesupport_c/synchros2_tutorials_interfaces_example/msg/string__type_support.cpp.o[0m
[ 52%] [32m[1mLinking CXX shared library libsynchros2_tutorials_interfaces_example__rosidl_typesupport_c.so[0m
[ 57%] [32mBuilding C object CMakeFiles/synchros2_tutorials_interfaces_example__rosidl_typesupport_introspection_c.dir/rosidl_typesupport_introspection_c/synchros2_tutorials_interfaces_example/action/detail/wait__type_support.c.o[0m
[ 57%] [32mBuilding C object CMakeFiles/synchros2_tutorials_interfaces_example__rosidl_typesupport_introspection_c.dir/rosidl_typesupport_introspection_c/synchros2_tutorials_interfaces_example/msg/detail/string__type_support.c.o[0m
[ 57%] Built target synchros2_tutorials_interfaces_example__rosidl_typesupport_c
[ 60%] [32m[1mLinking C shared library libsynchros2_tutorials_interfaces_example__rosidl_typesupport_introspection_c.so[0m
[ 65%] [32mBuilding CXX object CMakeFiles/synchros2_tutorials_interfaces_example__rosidl_typesupport_fastrtps_c.dir/rosidl_typesupport_fastrtps_c/synchros2_tutorials_interfaces_example/action/detail/wait__type_support_c.cpp.o[0m
[ 65%] [32mBuilding CXX object CMakeFiles/synchros2_tutorials_interfaces_example__rosidl_typesupport_fastrtps_c.dir/rosidl_typesupport_fastrtps_c/synchros2_tutorials_interfaces_example/msg/detail/string__type_support_c.cpp.o[0m
[ 65%] Built target synchros2_tutorials_interfaces_example__rosidl_typesupport_introspection_c
[ 67%] [32m[1mLinking CXX shared library libsynchros2_tutorials_interfaces_example__rosidl_typesupport_cpp.so[0m
[ 67%] Built target synchros2_tutorials_interfaces_example__rosidl_typesupport_cpp
[ 70%] [32m[1mLinking CXX shared library libsynchros2_tutorials_interfaces_example__rosidl_typesupport_fastrtps_cpp.so[0m
[ 70%] Built target synchros2_tutorials_interfaces_example__rosidl_typesupport_fastrtps_cpp
[ 72%] [32m[1mLinking CXX shared library libsynchros2_tutorials_interfaces_example__rosidl_typesupport_fastrtps_c.so[0m
[ 75%] [32m[1mLinking CXX shared library libsynchros2_tutorials_interfaces_example__rosidl_typesupport_introspection_cpp.so[0m
[ 75%] Built target synchros2_tutorials_interfaces_example__rosidl_typesupport_fastrtps_c
[ 75%] Built target synchros2_tutorials_interfaces_example__rosidl_typesupport_introspection_cpp
[ 75%] Built target synchros2_tutorials_interfaces_example
[ 77%] [34m[1mGenerating Python code for ROS interfaces[0m
[ 77%] Built target synchros2_tutorials_interfaces_example__py
[ 82%] [32mBuilding C object CMakeFiles/synchros2_tutorials_interfaces_example__rosidl_generator_py.dir/rosidl_generator_py/synchros2_tutorials_interfaces_example/msg/_string_s.c.o[0m
[ 82%] [32mBuilding C object CMakeFiles/synchros2_tutorials_interfaces_example__rosidl_generator_py.dir/rosidl_generator_py/synchros2_tutorials_interfaces_example/action/_wait_s.c.o[0m
[ 85%] [32m[1mLinking C shared library rosidl_generator_py/synchros2_tutorials_interfaces_example/libsynchros2_tutorials_interfaces_example__rosidl_generator_py.so[0m
[ 85%] Built target synchros2_tutorials_interfaces_example__rosidl_generator_py
[ 92%] [32mBuilding C object CMakeFiles/synchros2_tutorials_interfaces_example__rosidl_typesupport_c__pyext.dir/rosidl_generator_py/synchros2_tutorials_interfaces_example/_synchros2_tutorials_interfaces_example_s.ep.rosidl_typesupport_c.c.o[0m
[ 92%] [32mBuilding C object CMakeFiles/synchros2_tutorials_interfaces_example__rosidl_typesupport_fastrtps_c__pyext.dir/rosidl_generator_py/synchros2_tutorials_interfaces_example/_synchros2_tutorials_interfaces_example_s.ep.rosidl_typesupport_fastrtps_c.c.o[0m
[ 92%] [32mBuilding C object CMakeFiles/synchros2_tutorials_interfaces_example__rosidl_typesupport_introspection_c__pyext.dir/rosidl_generator_py/synchros2_tutorials_interfaces_example/_synchros2_tutorials_interfaces_example_s.ep.rosidl_typesupport_introspection_c.c.o[0m
[100%] [32m[1mLinking C shared library rosidl_generator_py/synchros2_tutorials_interfaces_example/synchros2_tutorials_interfaces_example_s__rosidl_typesupport_introspection_c.cpython-310-x86_64-linux-gnu.so[0m
[100%] [32m[1mLinking C shared library rosidl_generator_py/synchros2_tutorials_interfaces_example/synchros2_tutorials_interfaces_example_s__rosidl_typesupport_fastrtps_c.cpython-310-x86_64-linux-gnu.so[0m
[100%] [32m[1mLinking C shared library rosidl_generator_py/synchros2_tutorials_interfaces_example/synchros2_tutorials_interfaces_example_s__rosidl_typesupport_c.cpython-310-x86_64-linux-gnu.so[0m
[100%] Built target synchros2_tutorials_interfaces_example__rosidl_typesupport_fastrtps_c__pyext
[100%] Built target synchros2_tutorials_interfaces_example__rosidl_typesupport_c__pyext
[100%] Built target synchros2_tutorials_interfaces_example__rosidl_typesupport_introspection_c__pyext
-- Install configuration: ""
-- Execute custom install script
-- Symlinking: /home/mtouri/spot_ws/install/synchros2_tutorials_interfaces_example/share/ament_index/resource_index/rosidl_interfaces/synchros2_tutorials_interfaces_example
-- Symlinking: /home/mtouri/spot_ws/install/synchros2_tutorials_interfaces_example/include/synchros2_tutorials_interfaces_example/synchros2_tutorials_interfaces_example/action/detail/wait__functions.h
-- Symlinking: /home/mtouri/spot_ws/install/synchros2_tutorials_interfaces_example/include/synchros2_tutorials_interfaces_example/synchros2_tutorials_interfaces_example/action/detail/wait__struct.h
-- Symlinking: /home/mtouri/spot_ws/install/synchros2_tutorials_interfaces_example/include/synchros2_tutorials_interfaces_example/synchros2_tutorials_interfaces_example/action/detail/wait__type_support.h
-- Symlinking: /home/mtouri/spot_ws/install/synchros2_tutorials_interfaces_example/include/synchros2_tutorials_interfaces_example/synchros2_tutorials_interfaces_example/action/wait.h
-- Symlinking: /home/mtouri/spot_ws/install/synchros2_tutorials_interfaces_example/include/synchros2_tutorials_interfaces_example/synchros2_tutorials_interfaces_example/msg/detail/string__functions.h
-- Symlinking: /home/mtouri/spot_ws/install/synchros2_tutorials_interfaces_example/include/synchros2_tutorials_interfaces_example/synchros2_tutorials_interfaces_example/msg/detail/string__struct.h
-- Symlinking: /home/mtouri/spot_ws/install/synchros2_tutorials_interfaces_example/include/synchros2_tutorials_interfaces_example/synchros2_tutorials_interfaces_example/msg/detail/string__type_support.h
-- Symlinking: /home/mtouri/spot_ws/install/synchros2_tutorials_interfaces_example/include/synchros2_tutorials_interfaces_example/synchros2_tutorials_interfaces_example/msg/rosidl_generator_c__visibility_control.h
-- Symlinking: /home/mtouri/spot_ws/install/synchros2_tutorials_interfaces_example/include/synchros2_tutorials_interfaces_example/synchros2_tutorials_interfaces_example/msg/string.h
-- Symlinking: /home/mtouri/spot_ws/install/synchros2_tutorials_interfaces_example/share/synchros2_tutorials_interfaces_example/environment/library_path.sh
-- Symlinking: /home/mtouri/spot_ws/install/synchros2_tutorials_interfaces_example/share/synchros2_tutorials_interfaces_example/environment/library_path.dsv
-- Symlinking: /home/mtouri/spot_ws/install/synchros2_tutorials_interfaces_example/include/synchros2_tutorials_interfaces_example/synchros2_tutorials_interfaces_example/action/detail/wait__rosidl_typesupport_fastrtps_c.h
-- Symlinking: /home/mtouri/spot_ws/install/synchros2_tutorials_interfaces_example/include/synchros2_tutorials_interfaces_example/synchros2_tutorials_interfaces_example/msg/detail/string__rosidl_typesupport_fastrtps_c.h
-- Symlinking: /home/mtouri/spot_ws/install/synchros2_tutorials_interfaces_example/include/synchros2_tutorials_interfaces_example/synchros2_tutorials_interfaces_example/msg/rosidl_typesupport_fastrtps_c__visibility_control.h
-- Symlinking: /home/mtouri/spot_ws/install/synchros2_tutorials_interfaces_example/include/synchros2_tutorials_interfaces_example/synchros2_tutorials_interfaces_example/action/detail/wait__rosidl_typesupport_introspection_c.h
-- Symlinking: /home/mtouri/spot_ws/install/synchros2_tutorials_interfaces_example/include/synchros2_tutorials_interfaces_example/synchros2_tutorials_interfaces_example/msg/detail/string__rosidl_typesupport_introspection_c.h
-- Symlinking: /home/mtouri/spot_ws/install/synchros2_tutorials_interfaces_example/include/synchros2_tutorials_interfaces_example/synchros2_tutorials_interfaces_example/msg/rosidl_typesupport_introspection_c__visibility_control.h
-- Symlinking: /home/mtouri/spot_ws/install/synchros2_tutorials_interfaces_example/include/synchros2_tutorials_interfaces_example/synchros2_tutorials_interfaces_example/action/detail/wait__builder.hpp
-- Symlinking: /home/mtouri/spot_ws/install/synchros2_tutorials_interfaces_example/include/synchros2_tutorials_interfaces_example/synchros2_tutorials_interfaces_example/action/detail/wait__struct.hpp
-- Symlinking: /home/mtouri/spot_ws/install/synchros2_tutorials_interfaces_example/include/synchros2_tutorials_interfaces_example/synchros2_tutorials_interfaces_example/action/detail/wait__traits.hpp
-- Symlinking: /home/mtouri/spot_ws/install/synchros2_tutorials_interfaces_example/include/synchros2_tutorials_interfaces_example/synchros2_tutorials_interfaces_example/action/detail/wait__type_support.hpp
-- Symlinking: /home/mtouri/spot_ws/install/synchros2_tutorials_interfaces_example/include/synchros2_tutorials_interfaces_example/synchros2_tutorials_interfaces_example/action/wait.hpp
-- Symlinking: /home/mtouri/spot_ws/install/synchros2_tutorials_interfaces_example/include/synchros2_tutorials_interfaces_example/synchros2_tutorials_interfaces_example/msg/detail/string__builder.hpp
-- Symlinking: /home/mtouri/spot_ws/install/synchros2_tutorials_interfaces_example/include/synchros2_tutorials_interfaces_example/synchros2_tutorials_interfaces_example/msg/detail/string__struct.hpp
-- Symlinking: /home/mtouri/spot_ws/install/synchros2_tutorials_interfaces_example/include/synchros2_tutorials_interfaces_example/synchros2_tutorials_interfaces_example/msg/detail/string__traits.hpp
-- Symlinking: /home/mtouri/spot_ws/install/synchros2_tutorials_interfaces_example/include/synchros2_tutorials_interfaces_example/synchros2_tutorials_interfaces_example/msg/detail/string__type_support.hpp
-- Symlinking: /home/mtouri/spot_ws/install/synchros2_tutorials_interfaces_example/include/synchros2_tutorials_interfaces_example/synchros2_tutorials_interfaces_example/msg/rosidl_generator_cpp__visibility_control.hpp
-- Symlinking: /home/mtouri/spot_ws/install/synchros2_tutorials_interfaces_example/include/synchros2_tutorials_interfaces_example/synchros2_tutorials_interfaces_example/msg/string.hpp
-- Symlinking: /home/mtouri/spot_ws/install/synchros2_tutorials_interfaces_example/include/synchros2_tutorials_interfaces_example/synchros2_tutorials_interfaces_example/action/detail/wait__rosidl_typesupport_fastrtps_cpp.hpp
-- Symlinking: /home/mtouri/spot_ws/install/synchros2_tutorials_interfaces_example/include/synchros2_tutorials_interfaces_example/synchros2_tutorials_interfaces_example/msg/detail/string__rosidl_typesupport_fastrtps_cpp.hpp
-- Symlinking: /home/mtouri/spot_ws/install/synchros2_tutorials_interfaces_example/include/synchros2_tutorials_interfaces_example/synchros2_tutorials_interfaces_example/msg/rosidl_typesupport_fastrtps_cpp__visibility_control.h
-- Symlinking: /home/mtouri/spot_ws/install/synchros2_tutorials_interfaces_example/include/synchros2_tutorials_interfaces_example/synchros2_tutorials_interfaces_example/action/detail/wait__rosidl_typesupport_introspection_cpp.hpp
-- Symlinking: /home/mtouri/spot_ws/install/synchros2_tutorials_interfaces_example/include/synchros2_tutorials_interfaces_example/synchros2_tutorials_interfaces_example/msg/detail/string__rosidl_typesupport_introspection_cpp.hpp
-- Symlinking: /home/mtouri/spot_ws/install/synchros2_tutorials_interfaces_example/share/synchros2_tutorials_interfaces_example/environment/pythonpath.sh
-- Symlinking: /home/mtouri/spot_ws/install/synchros2_tutorials_interfaces_example/share/synchros2_tutorials_interfaces_example/environment/pythonpath.dsv
-- Symlinking: /home/mtouri/spot_ws/install/synchros2_tutorials_interfaces_example/local/lib/python3.10/dist-packages/synchros2_tutorials_interfaces_example-1.0.4-py3.10.egg-info/PKG-INFO
-- Symlinking: /home/mtouri/spot_ws/install/synchros2_tutorials_interfaces_example/local/lib/python3.10/dist-packages/synchros2_tutorials_interfaces_example-1.0.4-py3.10.egg-info/SOURCES.txt
-- Symlinking: /home/mtouri/spot_ws/install/synchros2_tutorials_interfaces_example/local/lib/python3.10/dist-packages/synchros2_tutorials_interfaces_example-1.0.4-py3.10.egg-info/dependency_links.txt
-- Symlinking: /home/mtouri/spot_ws/install/synchros2_tutorials_interfaces_example/local/lib/python3.10/dist-packages/synchros2_tutorials_interfaces_example-1.0.4-py3.10.egg-info/top_level.txt
-- Symlinking: /home/mtouri/spot_ws/install/synchros2_tutorials_interfaces_example/local/lib/python3.10/dist-packages/synchros2_tutorials_interfaces_example/__init__.py
-- Symlinking: /home/mtouri/spot_ws/install/synchros2_tutorials_interfaces_example/local/lib/python3.10/dist-packages/synchros2_tutorials_interfaces_example/_synchros2_tutorials_interfaces_example_s.ep.rosidl_typesupport_c.c
-- Symlinking: /home/mtouri/spot_ws/install/synchros2_tutorials_interfaces_example/local/lib/python3.10/dist-packages/synchros2_tutorials_interfaces_example/_synchros2_tutorials_interfaces_example_s.ep.rosidl_typesupport_fastrtps_c.c
-- Symlinking: /home/mtouri/spot_ws/install/synchros2_tutorials_interfaces_example/local/lib/python3.10/dist-packages/synchros2_tutorials_interfaces_example/_synchros2_tutorials_interfaces_example_s.ep.rosidl_typesupport_introspection_c.c
-- Symlinking: /home/mtouri/spot_ws/install/synchros2_tutorials_interfaces_example/local/lib/python3.10/dist-packages/synchros2_tutorials_interfaces_example/action/__init__.py
-- Symlinking: /home/mtouri/spot_ws/install/synchros2_tutorials_interfaces_example/local/lib/python3.10/dist-packages/synchros2_tutorials_interfaces_example/action/_wait.py
-- Symlinking: /home/mtouri/spot_ws/install/synchros2_tutorials_interfaces_example/local/lib/python3.10/dist-packages/synchros2_tutorials_interfaces_example/action/_wait_s.c
-- Symlinking: /home/mtouri/spot_ws/install/synchros2_tutorials_interfaces_example/local/lib/python3.10/dist-packages/synchros2_tutorials_interfaces_example/libsynchros2_tutorials_interfaces_example__rosidl_generator_py.so
-- Symlinking: /home/mtouri/spot_ws/install/synchros2_tutorials_interfaces_example/local/lib/python3.10/dist-packages/synchros2_tutorials_interfaces_example/msg/__init__.py
-- Symlinking: /home/mtouri/spot_ws/install/synchros2_tutorials_interfaces_example/local/lib/python3.10/dist-packages/synchros2_tutorials_interfaces_example/msg/_string.py
-- Symlinking: /home/mtouri/spot_ws/install/synchros2_tutorials_interfaces_example/local/lib/python3.10/dist-packages/synchros2_tutorials_interfaces_example/msg/_string_s.c
-- Symlinking: /home/mtouri/spot_ws/install/synchros2_tutorials_interfaces_example/local/lib/python3.10/dist-packages/synchros2_tutorials_interfaces_example/synchros2_tutorials_interfaces_example_s__rosidl_typesupport_c.cpython-310-x86_64-linux-gnu.so
-- Symlinking: /home/mtouri/spot_ws/install/synchros2_tutorials_interfaces_example/local/lib/python3.10/dist-packages/synchros2_tutorials_interfaces_example/synchros2_tutorials_interfaces_example_s__rosidl_typesupport_fastrtps_c.cpython-310-x86_64-linux-gnu.so
-- Symlinking: /home/mtouri/spot_ws/install/synchros2_tutorials_interfaces_example/local/lib/python3.10/dist-packages/synchros2_tutorials_interfaces_example/synchros2_tutorials_interfaces_example_s__rosidl_typesupport_introspection_c.cpython-310-x86_64-linux-gnu.so
-- Up-to-date symlink: /home/mtouri/spot_ws/install/synchros2_tutorials_interfaces_example/local/lib/python3.10/dist-packages/synchros2_tutorials_interfaces_example/synchros2_tutorials_interfaces_example_s__rosidl_typesupport_fastrtps_c.cpython-310-x86_64-linux-gnu.so
-- Up-to-date symlink: /home/mtouri/spot_ws/install/synchros2_tutorials_interfaces_example/local/lib/python3.10/dist-packages/synchros2_tutorials_interfaces_example/synchros2_tutorials_interfaces_example_s__rosidl_typesupport_introspection_c.cpython-310-x86_64-linux-gnu.so
-- Up-to-date symlink: /home/mtouri/spot_ws/install/synchros2_tutorials_interfaces_example/local/lib/python3.10/dist-packages/synchros2_tutorials_interfaces_example/synchros2_tutorials_interfaces_example_s__rosidl_typesupport_c.cpython-310-x86_64-linux-gnu.so
-- Symlinking: /home/mtouri/spot_ws/install/synchros2_tutorials_interfaces_example/share/ament_index/resource_index/rust_packages/synchros2_tutorials_interfaces_example
-- Symlinking: /home/mtouri/spot_ws/install/synchros2_tutorials_interfaces_example/share/synchros2_tutorials_interfaces_example/rust/Cargo.toml
-- Symlinking: /home/mtouri/spot_ws/install/synchros2_tutorials_interfaces_example/share/synchros2_tutorials_interfaces_example/rust/build.rs
-- Symlinking: /home/mtouri/spot_ws/install/synchros2_tutorials_interfaces_example/share/synchros2_tutorials_interfaces_example/rust/src/action.rs
-- Symlinking: /home/mtouri/spot_ws/install/synchros2_tutorials_interfaces_example/share/synchros2_tutorials_interfaces_example/rust/src/action/rmw.rs
-- Symlinking: /home/mtouri/spot_ws/install/synchros2_tutorials_interfaces_example/share/synchros2_tutorials_interfaces_example/rust/src/lib.rs
-- Symlinking: /home/mtouri/spot_ws/install/synchros2_tutorials_interfaces_example/share/synchros2_tutorials_interfaces_example/rust/src/msg.rs
-- Symlinking: /home/mtouri/spot_ws/install/synchros2_tutorials_interfaces_example/share/synchros2_tutorials_interfaces_example/rust/src/msg/rmw.rs
-- Symlinking: /home/mtouri/spot_ws/install/synchros2_tutorials_interfaces_example/share/synchros2_tutorials_interfaces_example/action/Wait.idl
-- Symlinking: /home/mtouri/spot_ws/install/synchros2_tutorials_interfaces_example/share/synchros2_tutorials_interfaces_example/msg/String.idl
-- Symlinking: /home/mtouri/spot_ws/install/synchros2_tutorials_interfaces_example/share/synchros2_tutorials_interfaces_example/action/Wait.action
-- Symlinking: /home/mtouri/spot_ws/install/synchros2_tutorials_interfaces_example/share/synchros2_tutorials_interfaces_example/msg/String.msg
-- Symlinking: /home/mtouri/spot_ws/install/synchros2_tutorials_interfaces_example/share/ament_index/resource_index/package_run_dependencies/synchros2_tutorials_interfaces_example
-- Symlinking: /home/mtouri/spot_ws/install/synchros2_tutorials_interfaces_example/share/ament_index/resource_index/parent_prefix_path/synchros2_tutorials_interfaces_example
-- Symlinking: /home/mtouri/spot_ws/install/synchros2_tutorials_interfaces_example/share/synchros2_tutorials_interfaces_example/environment/ament_prefix_path.sh
-- Symlinking: /home/mtouri/spot_ws/install/synchros2_tutorials_interfaces_example/share/synchros2_tutorials_interfaces_example/environment/ament_prefix_path.dsv
-- Symlinking: /home/mtouri/spot_ws/install/synchros2_tutorials_interfaces_example/share/synchros2_tutorials_interfaces_example/environment/path.sh
-- Symlinking: /home/mtouri/spot_ws/install/synchros2_tutorials_interfaces_example/share/synchros2_tutorials_interfaces_example/environment/path.dsv
-- Symlinking: /home/mtouri/spot_ws/install/synchros2_tutorials_interfaces_example/share/synchros2_tutorials_interfaces_example/local_setup.bash
-- Symlinking: /home/mtouri/spot_ws/install/synchros2_tutorials_interfaces_example/share/synchros2_tutorials_interfaces_example/local_setup.sh
-- Symlinking: /home/mtouri/spot_ws/install/synchros2_tutorials_interfaces_example/share/synchros2_tutorials_interfaces_example/local_setup.zsh
-- Symlinking: /home/mtouri/spot_ws/install/synchros2_tutorials_interfaces_example/share/synchros2_tutorials_interfaces_example/local_setup.dsv
-- Symlinking: /home/mtouri/spot_ws/install/synchros2_tutorials_interfaces_example/share/synchros2_tutorials_interfaces_example/package.dsv
-- Symlinking: /home/mtouri/spot_ws/install/synchros2_tutorials_interfaces_example/share/ament_index/resource_index/packages/synchros2_tutorials_interfaces_example
-- Symlinking: /home/mtouri/spot_ws/install/synchros2_tutorials_interfaces_example/share/synchros2_tutorials_interfaces_example/cmake/rosidl_cmake-extras.cmake
-- Symlinking: /home/mtouri/spot_ws/install/synchros2_tutorials_interfaces_example/share/synchros2_tutorials_interfaces_example/cmake/ament_cmake_export_dependencies-extras.cmake
-- Symlinking: /home/mtouri/spot_ws/install/synchros2_tutorials_interfaces_example/share/synchros2_tutorials_interfaces_example/cmake/ament_cmake_export_include_directories-extras.cmake
-- Symlinking: /home/mtouri/spot_ws/install/synchros2_tutorials_interfaces_example/share/synchros2_tutorials_interfaces_example/cmake/ament_cmake_export_libraries-extras.cmake
-- Symlinking: /home/mtouri/spot_ws/install/synchros2_tutorials_interfaces_example/share/synchros2_tutorials_interfaces_example/cmake/ament_cmake_export_targets-extras.cmake
-- Symlinking: /home/mtouri/spot_ws/install/synchros2_tutorials_interfaces_example/share/synchros2_tutorials_interfaces_example/cmake/rosidl_cmake_export_typesupport_targets-extras.cmake
-- Symlinking: /home/mtouri/spot_ws/install/synchros2_tutorials_interfaces_example/share/synchros2_tutorials_interfaces_example/cmake/rosidl_cmake_export_typesupport_libraries-extras.cmake
-- Symlinking: /home/mtouri/spot_ws/install/synchros2_tutorials_interfaces_example/share/synchros2_tutorials_interfaces_example/cmake/synchros2_tutorials_interfaces_exampleConfig.cmake
-- Symlinking: /home/mtouri/spot_ws/install/synchros2_tutorials_interfaces_example/share/synchros2_tutorials_interfaces_example/cmake/synchros2_tutorials_interfaces_exampleConfig-version.cmake
-- Symlinking: /home/mtouri/spot_ws/install/synchros2_tutorials_interfaces_example/share/synchros2_tutorials_interfaces_example/package.xml
-- Installing: /home/mtouri/spot_ws/install/synchros2_tutorials_interfaces_example/lib/libsynchros2_tutorials_interfaces_example__rosidl_generator_c.so
-- Set runtime path of "/home/mtouri/spot_ws/install/synchros2_tutorials_interfaces_example/lib/libsynchros2_tutorials_interfaces_example__rosidl_generator_c.so" to ""
-- Installing: /home/mtouri/spot_ws/install/synchros2_tutorials_interfaces_example/lib/libsynchros2_tutorials_interfaces_example__rosidl_typesupport_fastrtps_c.so
-- Set runtime path of "/home/mtouri/spot_ws/install/synchros2_tutorials_interfaces_example/lib/libsynchros2_tutorials_interfaces_example__rosidl_typesupport_fastrtps_c.so" to ""
-- Installing: /home/mtouri/spot_ws/install/synchros2_tutorials_interfaces_example/lib/libsynchros2_tutorials_interfaces_example__rosidl_typesupport_introspection_c.so
-- Set runtime path of "/home/mtouri/spot_ws/install/synchros2_tutorials_interfaces_example/lib/libsynchros2_tutorials_interfaces_example__rosidl_typesupport_introspection_c.so" to ""
-- Installing: /home/mtouri/spot_ws/install/synchros2_tutorials_interfaces_example/lib/libsynchros2_tutorials_interfaces_example__rosidl_typesupport_c.so
-- Set runtime path of "/home/mtouri/spot_ws/install/synchros2_tutorials_interfaces_example/lib/libsynchros2_tutorials_interfaces_example__rosidl_typesupport_c.so" to ""
-- Installing: /home/mtouri/spot_ws/install/synchros2_tutorials_interfaces_example/lib/libsynchros2_tutorials_interfaces_example__rosidl_typesupport_fastrtps_cpp.so
-- Set runtime path of "/home/mtouri/spot_ws/install/synchros2_tutorials_interfaces_example/lib/libsynchros2_tutorials_interfaces_example__rosidl_typesupport_fastrtps_cpp.so" to ""
-- Installing: /home/mtouri/spot_ws/install/synchros2_tutorials_interfaces_example/lib/libsynchros2_tutorials_interfaces_example__rosidl_typesupport_introspection_cpp.so
-- Set runtime path of "/home/mtouri/spot_ws/install/synchros2_tutorials_interfaces_example/lib/libsynchros2_tutorials_interfaces_example__rosidl_typesupport_introspection_cpp.so" to ""
-- Installing: /home/mtouri/spot_ws/install/synchros2_tutorials_interfaces_example/lib/libsynchros2_tutorials_interfaces_example__rosidl_typesupport_cpp.so
-- Set runtime path of "/home/mtouri/spot_ws/install/synchros2_tutorials_interfaces_example/lib/libsynchros2_tutorials_interfaces_example__rosidl_typesupport_cpp.so" to ""
Listing '/home/mtouri/spot_ws/install/synchros2_tutorials_interfaces_example/local/lib/python3.10/dist-packages/synchros2_tutorials_interfaces_example'...
Compiling '/home/mtouri/spot_ws/install/synchros2_tutorials_interfaces_example/local/lib/python3.10/dist-packages/synchros2_tutorials_interfaces_example/__init__.py'...
Listing '/home/mtouri/spot_ws/install/synchros2_tutorials_interfaces_example/local/lib/python3.10/dist-packages/synchros2_tutorials_interfaces_example/action'...
Compiling '/home/mtouri/spot_ws/install/synchros2_tutorials_interfaces_example/local/lib/python3.10/dist-packages/synchros2_tutorials_interfaces_example/action/__init__.py'...
Compiling '/home/mtouri/spot_ws/install/synchros2_tutorials_interfaces_example/local/lib/python3.10/dist-packages/synchros2_tutorials_interfaces_example/action/_wait.py'...
Listing '/home/mtouri/spot_ws/install/synchros2_tutorials_interfaces_example/local/lib/python3.10/dist-packages/synchros2_tutorials_interfaces_example/msg'...
Compiling '/home/mtouri/spot_ws/install/synchros2_tutorials_interfaces_example/local/lib/python3.10/dist-packages/synchros2_tutorials_interfaces_example/msg/__init__.py'...
Compiling '/home/mtouri/spot_ws/install/synchros2_tutorials_interfaces_example/local/lib/python3.10/dist-packages/synchros2_tutorials_interfaces_example/msg/_string.py'...
-- Installing: /home/mtouri/spot_ws/install/synchros2_tutorials_interfaces_example/lib/libsynchros2_tutorials_interfaces_example__rosidl_generator_py.so
-- Set runtime path of "/home/mtouri/spot_ws/install/synchros2_tutorials_interfaces_example/lib/libsynchros2_tutorials_interfaces_example__rosidl_generator_py.so" to ""
-- Installing: /home/mtouri/spot_ws/install/synchros2_tutorials_interfaces_example/share/synchros2_tutorials_interfaces_example/cmake/export_synchros2_tutorials_interfaces_example__rosidl_generator_cExport.cmake
-- Installing: /home/mtouri/spot_ws/install/synchros2_tutorials_interfaces_example/share/synchros2_tutorials_interfaces_example/cmake/export_synchros2_tutorials_interfaces_example__rosidl_generator_cExport-noconfig.cmake
-- Installing: /home/mtouri/spot_ws/install/synchros2_tutorials_interfaces_example/share/synchros2_tutorials_interfaces_example/cmake/export_synchros2_tutorials_interfaces_example__rosidl_typesupport_fastrtps_cExport.cmake
-- Installing: /home/mtouri/spot_ws/install/synchros2_tutorials_interfaces_example/share/synchros2_tutorials_interfaces_example/cmake/export_synchros2_tutorials_interfaces_example__rosidl_typesupport_fastrtps_cExport-noconfig.cmake
-- Installing: /home/mtouri/spot_ws/install/synchros2_tutorials_interfaces_example/share/synchros2_tutorials_interfaces_example/cmake/synchros2_tutorials_interfaces_example__rosidl_typesupport_introspection_cExport.cmake
-- Installing: /home/mtouri/spot_ws/install/synchros2_tutorials_interfaces_example/share/synchros2_tutorials_interfaces_example/cmake/synchros2_tutorials_interfaces_example__rosidl_typesupport_introspection_cExport-noconfig.cmake
-- Installing: /home/mtouri/spot_ws/install/synchros2_tutorials_interfaces_example/share/synchros2_tutorials_interfaces_example/cmake/synchros2_tutorials_interfaces_example__rosidl_typesupport_cExport.cmake
-- Installing: /home/mtouri/spot_ws/install/synchros2_tutorials_interfaces_example/share/synchros2_tutorials_interfaces_example/cmake/synchros2_tutorials_interfaces_example__rosidl_typesupport_cExport-noconfig.cmake
-- Installing: /home/mtouri/spot_ws/install/synchros2_tutorials_interfaces_example/share/synchros2_tutorials_interfaces_example/cmake/export_synchros2_tutorials_interfaces_example__rosidl_generator_cppExport.cmake
-- Installing: /home/mtouri/spot_ws/install/synchros2_tutorials_interfaces_example/share/synchros2_tutorials_interfaces_example/cmake/export_synchros2_tutorials_interfaces_example__rosidl_typesupport_fastrtps_cppExport.cmake
-- Installing: /home/mtouri/spot_ws/install/synchros2_tutorials_interfaces_example/share/synchros2_tutorials_interfaces_example/cmake/export_synchros2_tutorials_interfaces_example__rosidl_typesupport_fastrtps_cppExport-noconfig.cmake
-- Installing: /home/mtouri/spot_ws/install/synchros2_tutorials_interfaces_example/share/synchros2_tutorials_interfaces_example/cmake/synchros2_tutorials_interfaces_example__rosidl_typesupport_introspection_cppExport.cmake
-- Installing: /home/mtouri/spot_ws/install/synchros2_tutorials_interfaces_example/share/synchros2_tutorials_interfaces_example/cmake/synchros2_tutorials_interfaces_example__rosidl_typesupport_introspection_cppExport-noconfig.cmake
-- Installing: /home/mtouri/spot_ws/install/synchros2_tutorials_interfaces_example/share/synchros2_tutorials_interfaces_example/cmake/synchros2_tutorials_interfaces_example__rosidl_typesupport_cppExport.cmake
-- Installing: /home/mtouri/spot_ws/install/synchros2_tutorials_interfaces_example/share/synchros2_tutorials_interfaces_example/cmake/synchros2_tutorials_interfaces_example__rosidl_typesupport_cppExport-noconfig.cmake
-- Installing: /home/mtouri/spot_ws/install/synchros2_tutorials_interfaces_example/share/synchros2_tutorials_interfaces_example/cmake/export_synchros2_tutorials_interfaces_example__rosidl_generator_pyExport.cmake
-- Installing: /home/mtouri/spot_ws/install/synchros2_tutorials_interfaces_example/share/synchros2_tutorials_interfaces_example/cmake/export_synchros2_tutorials_interfaces_example__rosidl_generator_pyExport-noconfig.cmake
