running develop
running egg_info
creating rviz_manager.egg-info
writing rviz_manager.egg-info/PKG-INFO
writing dependency_links to rviz_manager.egg-info/dependency_links.txt
writing entry points to rviz_manager.egg-info/entry_points.txt
writing requirements to rviz_manager.egg-info/requires.txt
writing top-level names to rviz_manager.egg-info/top_level.txt
writing manifest file 'rviz_manager.egg-info/SOURCES.txt'
reading manifest file 'rviz_manager.egg-info/SOURCES.txt'
writing manifest file 'rviz_manager.egg-info/SOURCES.txt'
running build_ext
Creating /home/mtouri/ros2_ws_humble/install/rviz_manager/lib/python3.10/site-packages/rviz-manager.egg-link (link to .)
Installing manager script to /home/mtouri/ros2_ws_humble/install/rviz_manager/lib/rviz_manager

Installed /home/mtouri/ros2_ws_humble/build/rviz_manager
running symlink_data
creating /home/mtouri/ros2_ws_humble/install/rviz_manager/share/ament_index
creating /home/mtouri/ros2_ws_humble/install/rviz_manager/share/ament_index/resource_index
creating /home/mtouri/ros2_ws_humble/install/rviz_manager/share/ament_index/resource_index/packages
symbolically linking /home/mtouri/ros2_ws_humble/build/rviz_manager/resource/rviz_manager -> /home/mtouri/ros2_ws_humble/install/rviz_manager/share/ament_index/resource_index/packages
symbolically linking /home/mtouri/ros2_ws_humble/build/rviz_manager/package.xml -> /home/mtouri/ros2_ws_humble/install/rviz_manager/share/rviz_manager
