[0.014s] Invoking command in '/home/mtouri/spot_ws/build/spot_description': CMAKE_PREFIX_PATH=${CMAKE_PREFIX_PATH}:/home/mtouri/spot_ws/install/synchros2_tutorials_example:/home/mtouri/spot_ws/install/spot_examples:/home/mtouri/spot_ws/install/spot_common:/home/mtouri/spot_ws/install/synchros2:/opt/ros/humble /usr/bin/cmake --build /home/mtouri/spot_ws/build/spot_description -- -j16 -l16
[0.072s] Invoked command in '/home/mtouri/spot_ws/build/spot_description' returned '0': CMAKE_PREFIX_PATH=${CMAKE_PREFIX_PATH}:/home/mtouri/spot_ws/install/synchros2_tutorials_example:/home/mtouri/spot_ws/install/spot_examples:/home/mtouri/spot_ws/install/spot_common:/home/mtouri/spot_ws/install/synchros2:/opt/ros/humble /usr/bin/cmake --build /home/mtouri/spot_ws/build/spot_description -- -j16 -l16
[0.083s] Invoking command in '/home/mtouri/spot_ws/build/spot_description': CMAKE_PREFIX_PATH=${CMAKE_PREFIX_PATH}:/home/mtouri/spot_ws/install/synchros2_tutorials_example:/home/mtouri/spot_ws/install/spot_examples:/home/mtouri/spot_ws/install/spot_common:/home/mtouri/spot_ws/install/synchros2:/opt/ros/humble /usr/bin/cmake --install /home/mtouri/spot_ws/build/spot_description
[0.091s] -- Install configuration: ""
[0.092s] -- Execute custom install script
[0.092s] -- Up-to-date symlink: /home/mtouri/spot_ws/install/spot_description/share/spot_description/launch/description.launch.py
[0.092s] -- Up-to-date symlink: /home/mtouri/spot_ws/install/spot_description/share/spot_description/launch/standalone_arm.launch.py
[0.092s] -- Up-to-date symlink: /home/mtouri/spot_ws/install/spot_description/share/spot_description/urdf/README.md
[0.092s] -- Up-to-date symlink: /home/mtouri/spot_ws/install/spot_description/share/spot_description/urdf/accessories.urdf.xacro
[0.092s] -- Up-to-date symlink: /home/mtouri/spot_ws/install/spot_description/share/spot_description/urdf/empty.urdf
[0.093s] -- Up-to-date symlink: /home/mtouri/spot_ws/install/spot_description/share/spot_description/urdf/spot.ros2_control.xacro
[0.093s] -- Up-to-date symlink: /home/mtouri/spot_ws/install/spot_description/share/spot_description/urdf/spot.urdf.xacro
[0.093s] -- Up-to-date symlink: /home/mtouri/spot_ws/install/spot_description/share/spot_description/urdf/spot_arm_macro.urdf
[0.093s] -- Up-to-date symlink: /home/mtouri/spot_ws/install/spot_description/share/spot_description/urdf/spot_feet_macro.urdf
[0.093s] -- Up-to-date symlink: /home/mtouri/spot_ws/install/spot_description/share/spot_description/urdf/spot_gripper_macro.urdf
[0.093s] -- Up-to-date symlink: /home/mtouri/spot_ws/install/spot_description/share/spot_description/urdf/spot_macro.xacro
[0.093s] -- Up-to-date symlink: /home/mtouri/spot_ws/install/spot_description/share/spot_description/urdf/spot_simple.urdf.xacro
[0.094s] -- Up-to-date symlink: /home/mtouri/spot_ws/install/spot_description/share/spot_description/urdf/standalone_arm.urdf.xacro
[0.094s] -- Up-to-date symlink: /home/mtouri/spot_ws/install/spot_description/share/spot_description/urdf/standalone_gripper.urdf.xacro
[0.094s] -- Up-to-date symlink: /home/mtouri/spot_ws/install/spot_description/share/spot_description/meshes/arm/collision/arm_link_el0.obj
[0.095s] -- Up-to-date symlink: /home/mtouri/spot_ws/install/spot_description/share/spot_description/meshes/arm/collision/arm_link_el1_lip.obj
[0.095s] -- Up-to-date symlink: /home/mtouri/spot_ws/install/spot_description/share/spot_description/meshes/arm/collision/arm_link_el1_main.obj
[0.095s] -- Up-to-date symlink: /home/mtouri/spot_ws/install/spot_description/share/spot_description/meshes/arm/collision/arm_link_hr0.obj
[0.095s] -- Up-to-date symlink: /home/mtouri/spot_ws/install/spot_description/share/spot_description/meshes/arm/collision/arm_link_sh0_base.obj
[0.095s] -- Up-to-date symlink: /home/mtouri/spot_ws/install/spot_description/share/spot_description/meshes/arm/collision/arm_link_sh0_left_motor.obj
[0.095s] -- Up-to-date symlink: /home/mtouri/spot_ws/install/spot_description/share/spot_description/meshes/arm/collision/arm_link_sh0_right_motor.obj
[0.095s] -- Up-to-date symlink: /home/mtouri/spot_ws/install/spot_description/share/spot_description/meshes/arm/collision/arm_link_wr0.obj
[0.095s] -- Up-to-date symlink: /home/mtouri/spot_ws/install/spot_description/share/spot_description/meshes/arm/collision/arm_link_wr1.obj
[0.095s] -- Up-to-date symlink: /home/mtouri/spot_ws/install/spot_description/share/spot_description/meshes/arm/collision/front_jaw.obj
[0.095s] -- Up-to-date symlink: /home/mtouri/spot_ws/install/spot_description/share/spot_description/meshes/arm/collision/jaw_tooth.obj
[0.095s] -- Up-to-date symlink: /home/mtouri/spot_ws/install/spot_description/share/spot_description/meshes/arm/collision/left_finger.obj
[0.095s] -- Up-to-date symlink: /home/mtouri/spot_ws/install/spot_description/share/spot_description/meshes/arm/collision/left_hinge.obj
[0.096s] -- Up-to-date symlink: /home/mtouri/spot_ws/install/spot_description/share/spot_description/meshes/arm/collision/left_tooth.obj
[0.096s] -- Up-to-date symlink: /home/mtouri/spot_ws/install/spot_description/share/spot_description/meshes/arm/collision/middle_jaw.obj
[0.096s] -- Up-to-date symlink: /home/mtouri/spot_ws/install/spot_description/share/spot_description/meshes/arm/collision/right_finger.obj
[0.096s] -- Up-to-date symlink: /home/mtouri/spot_ws/install/spot_description/share/spot_description/meshes/arm/collision/right_hinge.obj
[0.096s] -- Up-to-date symlink: /home/mtouri/spot_ws/install/spot_description/share/spot_description/meshes/arm/collision/right_tooth.obj
[0.096s] -- Up-to-date symlink: /home/mtouri/spot_ws/install/spot_description/share/spot_description/meshes/arm/visual/arm_link_el0.obj
[0.096s] -- Up-to-date symlink: /home/mtouri/spot_ws/install/spot_description/share/spot_description/meshes/arm/visual/arm_link_el1.obj
[0.096s] -- Up-to-date symlink: /home/mtouri/spot_ws/install/spot_description/share/spot_description/meshes/arm/visual/arm_link_fngr.obj
[0.096s] -- Up-to-date symlink: /home/mtouri/spot_ws/install/spot_description/share/spot_description/meshes/arm/visual/arm_link_gripper_side_realsense_mount.obj
[0.096s] -- Up-to-date symlink: /home/mtouri/spot_ws/install/spot_description/share/spot_description/meshes/arm/visual/arm_link_hr0.obj
[0.096s] -- Up-to-date symlink: /home/mtouri/spot_ws/install/spot_description/share/spot_description/meshes/arm/visual/arm_link_lower_jaw_realsense_mount.obj
[0.096s] -- Up-to-date symlink: /home/mtouri/spot_ws/install/spot_description/share/spot_description/meshes/arm/visual/arm_link_sh0.obj
[0.097s] -- Up-to-date symlink: /home/mtouri/spot_ws/install/spot_description/share/spot_description/meshes/arm/visual/arm_link_sh1.obj
[0.097s] -- Up-to-date symlink: /home/mtouri/spot_ws/install/spot_description/share/spot_description/meshes/arm/visual/arm_link_wr0.obj
[0.097s] -- Up-to-date symlink: /home/mtouri/spot_ws/install/spot_description/share/spot_description/meshes/arm/visual/arm_link_wr1.obj
[0.097s] -- Up-to-date symlink: /home/mtouri/spot_ws/install/spot_description/share/spot_description/meshes/base/collision/body_collision.obj
[0.097s] -- Up-to-date symlink: /home/mtouri/spot_ws/install/spot_description/share/spot_description/meshes/base/collision/left_lower_leg_collision.obj
[0.097s] -- Up-to-date symlink: /home/mtouri/spot_ws/install/spot_description/share/spot_description/meshes/base/collision/left_upper_leg_collision.obj
[0.097s] -- Up-to-date symlink: /home/mtouri/spot_ws/install/spot_description/share/spot_description/meshes/base/collision/lidar_mount_collision.stl
[0.097s] -- Up-to-date symlink: /home/mtouri/spot_ws/install/spot_description/share/spot_description/meshes/base/collision/right_lower_leg_collision.obj
[0.097s] -- Up-to-date symlink: /home/mtouri/spot_ws/install/spot_description/share/spot_description/meshes/base/collision/right_upper_leg_collision.obj
[0.097s] -- Up-to-date symlink: /home/mtouri/spot_ws/install/spot_description/share/spot_description/meshes/base/collision/velo_collision.stl
[0.097s] -- Up-to-date symlink: /home/mtouri/spot_ws/install/spot_description/share/spot_description/meshes/base/collision/velodyne_cage.stl
[0.097s] -- Up-to-date symlink: /home/mtouri/spot_ws/install/spot_description/share/spot_description/meshes/base/visual/body.obj
[0.097s] -- Up-to-date symlink: /home/mtouri/spot_ws/install/spot_description/share/spot_description/meshes/base/visual/front_left_hip.obj
[0.098s] -- Up-to-date symlink: /home/mtouri/spot_ws/install/spot_description/share/spot_description/meshes/base/visual/front_left_lower_leg.obj
[0.098s] -- Up-to-date symlink: /home/mtouri/spot_ws/install/spot_description/share/spot_description/meshes/base/visual/front_left_upper_leg.obj
[0.098s] -- Up-to-date symlink: /home/mtouri/spot_ws/install/spot_description/share/spot_description/meshes/base/visual/front_right_hip.obj
[0.098s] -- Up-to-date symlink: /home/mtouri/spot_ws/install/spot_description/share/spot_description/meshes/base/visual/front_right_lower_leg.obj
[0.098s] -- Up-to-date symlink: /home/mtouri/spot_ws/install/spot_description/share/spot_description/meshes/base/visual/front_right_upper_leg.obj
[0.098s] -- Up-to-date symlink: /home/mtouri/spot_ws/install/spot_description/share/spot_description/meshes/base/visual/lidar_mount.obj
[0.098s] -- Up-to-date symlink: /home/mtouri/spot_ws/install/spot_description/share/spot_description/meshes/base/visual/pack_body.obj
[0.098s] -- Up-to-date symlink: /home/mtouri/spot_ws/install/spot_description/share/spot_description/meshes/base/visual/pack_top.obj
[0.098s] -- Up-to-date symlink: /home/mtouri/spot_ws/install/spot_description/share/spot_description/meshes/base/visual/rear_left_hip.obj
[0.098s] -- Up-to-date symlink: /home/mtouri/spot_ws/install/spot_description/share/spot_description/meshes/base/visual/rear_left_lower_leg.obj
[0.098s] -- Up-to-date symlink: /home/mtouri/spot_ws/install/spot_description/share/spot_description/meshes/base/visual/rear_left_upper_leg.obj
[0.098s] -- Up-to-date symlink: /home/mtouri/spot_ws/install/spot_description/share/spot_description/meshes/base/visual/rear_right_hip.obj
[0.099s] -- Up-to-date symlink: /home/mtouri/spot_ws/install/spot_description/share/spot_description/meshes/base/visual/rear_right_lower_leg.obj
[0.099s] -- Up-to-date symlink: /home/mtouri/spot_ws/install/spot_description/share/spot_description/meshes/base/visual/rear_right_upper_leg.obj
[0.099s] -- Up-to-date symlink: /home/mtouri/spot_ws/install/spot_description/share/spot_description/meshes/base/visual/spot_accessories.mtl
[0.099s] -- Up-to-date symlink: /home/mtouri/spot_ws/install/spot_description/share/spot_description/meshes/base/visual/spot_mat.png
[0.099s] -- Up-to-date symlink: /home/mtouri/spot_ws/install/spot_description/share/spot_description/meshes/base/visual/velo.obj
[0.099s] -- Up-to-date symlink: /home/mtouri/spot_ws/install/spot_description/share/spot_description/meshes/base_simple/collision/body.stl
[0.099s] -- Up-to-date symlink: /home/mtouri/spot_ws/install/spot_description/share/spot_description/meshes/base_simple/collision/fl_hip.stl
[0.099s] -- Up-to-date symlink: /home/mtouri/spot_ws/install/spot_description/share/spot_description/meshes/base_simple/collision/fl_lleg.stl
[0.099s] -- Up-to-date symlink: /home/mtouri/spot_ws/install/spot_description/share/spot_description/meshes/base_simple/collision/fl_uleg.stl
[0.099s] -- Up-to-date symlink: /home/mtouri/spot_ws/install/spot_description/share/spot_description/meshes/base_simple/collision/fr_hip.stl
[0.099s] -- Up-to-date symlink: /home/mtouri/spot_ws/install/spot_description/share/spot_description/meshes/base_simple/collision/fr_lleg.stl
[0.099s] -- Up-to-date symlink: /home/mtouri/spot_ws/install/spot_description/share/spot_description/meshes/base_simple/collision/fr_uleg.stl
[0.100s] -- Up-to-date symlink: /home/mtouri/spot_ws/install/spot_description/share/spot_description/meshes/base_simple/collision/hl_hip.stl
[0.100s] -- Up-to-date symlink: /home/mtouri/spot_ws/install/spot_description/share/spot_description/meshes/base_simple/collision/hl_lleg.stl
[0.100s] -- Up-to-date symlink: /home/mtouri/spot_ws/install/spot_description/share/spot_description/meshes/base_simple/collision/hl_uleg.stl
[0.100s] -- Up-to-date symlink: /home/mtouri/spot_ws/install/spot_description/share/spot_description/meshes/base_simple/collision/hr_hip.stl
[0.100s] -- Up-to-date symlink: /home/mtouri/spot_ws/install/spot_description/share/spot_description/meshes/base_simple/collision/hr_lleg.stl
[0.100s] -- Up-to-date symlink: /home/mtouri/spot_ws/install/spot_description/share/spot_description/meshes/base_simple/collision/hr_uleg.stl
[0.100s] -- Up-to-date symlink: /home/mtouri/spot_ws/install/spot_description/share/spot_description/meshes/base_simple/visual/body.obj
[0.100s] -- Up-to-date symlink: /home/mtouri/spot_ws/install/spot_description/share/spot_description/meshes/base_simple/visual/fl_hip.obj
[0.100s] -- Up-to-date symlink: /home/mtouri/spot_ws/install/spot_description/share/spot_description/meshes/base_simple/visual/fl_lleg.obj
[0.100s] -- Up-to-date symlink: /home/mtouri/spot_ws/install/spot_description/share/spot_description/meshes/base_simple/visual/fl_uleg.obj
[0.100s] -- Up-to-date symlink: /home/mtouri/spot_ws/install/spot_description/share/spot_description/meshes/base_simple/visual/fr_hip.obj
[0.100s] -- Up-to-date symlink: /home/mtouri/spot_ws/install/spot_description/share/spot_description/meshes/base_simple/visual/fr_lleg.obj
[0.100s] -- Up-to-date symlink: /home/mtouri/spot_ws/install/spot_description/share/spot_description/meshes/base_simple/visual/fr_uleg.obj
[0.101s] -- Up-to-date symlink: /home/mtouri/spot_ws/install/spot_description/share/spot_description/meshes/base_simple/visual/hl_hip.obj
[0.101s] -- Up-to-date symlink: /home/mtouri/spot_ws/install/spot_description/share/spot_description/meshes/base_simple/visual/hl_lleg.obj
[0.101s] -- Up-to-date symlink: /home/mtouri/spot_ws/install/spot_description/share/spot_description/meshes/base_simple/visual/hl_uleg.obj
[0.101s] -- Up-to-date symlink: /home/mtouri/spot_ws/install/spot_description/share/spot_description/meshes/base_simple/visual/hr_hip.obj
[0.101s] -- Up-to-date symlink: /home/mtouri/spot_ws/install/spot_description/share/spot_description/meshes/base_simple/visual/hr_lleg.obj
[0.101s] -- Up-to-date symlink: /home/mtouri/spot_ws/install/spot_description/share/spot_description/meshes/base_simple/visual/hr_uleg.obj
[0.101s] -- Up-to-date symlink: /home/mtouri/spot_ws/install/spot_description/share/spot_description/meshes/spot.mtl
[0.101s] -- Up-to-date symlink: /home/mtouri/spot_ws/install/spot_description/share/spot_description/rviz/standalone_arm.rviz
[0.101s] -- Up-to-date symlink: /home/mtouri/spot_ws/install/spot_description/share/spot_description/rviz/viz_spot.rviz
[0.101s] -- Up-to-date symlink: /home/mtouri/spot_ws/install/spot_description/share/ament_index/resource_index/package_run_dependencies/spot_description
[0.102s] -- Up-to-date symlink: /home/mtouri/spot_ws/install/spot_description/share/ament_index/resource_index/parent_prefix_path/spot_description
[0.102s] -- Up-to-date symlink: /home/mtouri/spot_ws/install/spot_description/share/spot_description/environment/ament_prefix_path.sh
[0.102s] -- Up-to-date symlink: /home/mtouri/spot_ws/install/spot_description/share/spot_description/environment/ament_prefix_path.dsv
[0.102s] -- Up-to-date symlink: /home/mtouri/spot_ws/install/spot_description/share/spot_description/environment/path.sh
[0.102s] -- Up-to-date symlink: /home/mtouri/spot_ws/install/spot_description/share/spot_description/environment/path.dsv
[0.102s] -- Up-to-date symlink: /home/mtouri/spot_ws/install/spot_description/share/spot_description/local_setup.bash
[0.102s] -- Up-to-date symlink: /home/mtouri/spot_ws/install/spot_description/share/spot_description/local_setup.sh
[0.103s] -- Up-to-date symlink: /home/mtouri/spot_ws/install/spot_description/share/spot_description/local_setup.zsh
[0.103s] -- Up-to-date symlink: /home/mtouri/spot_ws/install/spot_description/share/spot_description/local_setup.dsv
[0.103s] -- Symlinking: /home/mtouri/spot_ws/install/spot_description/share/spot_description/package.dsv
[0.113s] -- Up-to-date symlink: /home/mtouri/spot_ws/install/spot_description/share/ament_index/resource_index/packages/spot_description
[0.113s] -- Up-to-date symlink: /home/mtouri/spot_ws/install/spot_description/share/spot_description/cmake/spot_descriptionConfig.cmake
[0.113s] -- Up-to-date symlink: /home/mtouri/spot_ws/install/spot_description/share/spot_description/cmake/spot_descriptionConfig-version.cmake
[0.113s] -- Up-to-date symlink: /home/mtouri/spot_ws/install/spot_description/share/spot_description/package.xml
[0.115s] Invoked command in '/home/mtouri/spot_ws/build/spot_description' returned '0': CMAKE_PREFIX_PATH=${CMAKE_PREFIX_PATH}:/home/mtouri/spot_ws/install/synchros2_tutorials_example:/home/mtouri/spot_ws/install/spot_examples:/home/mtouri/spot_ws/install/spot_common:/home/mtouri/spot_ws/install/synchros2:/opt/ros/humble /usr/bin/cmake --install /home/mtouri/spot_ws/build/spot_description
