running develop
running egg_info
creating nanotec_driver.egg-info
writing nanotec_driver.egg-info/PKG-INFO
writing dependency_links to nanotec_driver.egg-info/dependency_links.txt
writing entry points to nanotec_driver.egg-info/entry_points.txt
writing requirements to nanotec_driver.egg-info/requires.txt
writing top-level names to nanotec_driver.egg-info/top_level.txt
writing manifest file 'nanotec_driver.egg-info/SOURCES.txt'
reading manifest file 'nanotec_driver.egg-info/SOURCES.txt'
writing manifest file 'nanotec_driver.egg-info/SOURCES.txt'
running build_ext
Creating /home/mtouri/ros2_ws_humble/install/nanotec_driver/lib/python3.10/site-packages/nanotec-driver.egg-link (link to .)
Installing real_node script to /home/mtouri/ros2_ws_humble/install/nanotec_driver/lib/nanotec_driver
Installing sim_node script to /home/mtouri/ros2_ws_humble/install/nanotec_driver/lib/nanotec_driver

Installed /home/mtouri/ros2_ws_humble/build/nanotec_driver
running symlink_data
creating /home/mtouri/ros2_ws_humble/install/nanotec_driver/share/ament_index
creating /home/mtouri/ros2_ws_humble/install/nanotec_driver/share/ament_index/resource_index
creating /home/mtouri/ros2_ws_humble/install/nanotec_driver/share/ament_index/resource_index/packages
symbolically linking /home/mtouri/ros2_ws_humble/build/nanotec_driver/resource/nanotec_driver -> /home/mtouri/ros2_ws_humble/install/nanotec_driver/share/ament_index/resource_index/packages
symbolically linking /home/mtouri/ros2_ws_humble/build/nanotec_driver/package.xml -> /home/mtouri/ros2_ws_humble/install/nanotec_driver/share/nanotec_driver
