[3.207s] Invoking command in '/home/mtouri/ros2_ws_humble/build/nanotec_driver': CMAKE_PREFIX_PATH=/home/mtouri/ros2_ws_humble/install/nanotec_msgs:/home/mtouri/spot_ws/install/synchros2_tutorials_interfaces_example:/home/mtouri/spot_ws/install/spot_driver:/home/mtouri/spot_ws/install/spot_ros2_control:/home/mtouri/spot_ws/install/spot_rviz_plugins:/home/mtouri/spot_ws/install/spot_hardware_interface:/home/mtouri/spot_ws/install/spot_controllers:/home/mtouri/spot_ws/install/spot_msgs:/home/mtouri/spot_ws/install/spot_description:/home/mtouri/ros2_ws_humble/install/rviz_manager_msgs:/home/mtouri/ros2_ws_humble/install/ros_babel_fish_test_msgs:/home/mtouri/ros2_ws_humble/install/nimblbot_bringup:/home/mtouri/ros2_ws_humble/install/nimblbot_description:/home/mtouri/ros2_ws_humble/install/circular_carrier_msgs:/home/mtouri/ros2_ws_humble/install/circular_carrier_bringup:/home/mtouri/ros2_ws_humble/install/circular_carrier_description LD_LIBRARY_PATH=/home/mtouri/ros2_ws_humble/install/nanotec_msgs/lib:/home/mtouri/spot_ws/install/synchros2_tutorials_interfaces_example/lib:/home/mtouri/spot_ws/install/spot_driver/lib:/home/mtouri/spot_ws/install/spot_ros2_control/lib:/home/mtouri/spot_ws/install/spot_rviz_plugins/lib:/home/mtouri/spot_ws/install/spot_hardware_interface/lib:/home/mtouri/spot_ws/install/spot_controllers/lib:/home/mtouri/spot_ws/install/spot_msgs/lib:/home/mtouri/ros2_ws_humble/install/rviz_manager_msgs/lib:/home/mtouri/ros2_ws_humble/install/ros_babel_fish_test_msgs/lib:/opt/ros/humble/opt/rviz_ogre_vendor/lib:/opt/ros/humble/lib/x86_64-linux-gnu:/opt/spot-cpp-sdk/lib:/opt/ros/humble/lib:/usr/lib PYTHONPATH=/home/mtouri/ros2_ws_humble/build/nanotec_driver/prefix_override:/usr/lib/python3/dist-packages/colcon_core/task/python/colcon_distutils_commands:/home/mtouri/ros2_ws_humble/install/nanotec_driver/lib/python3.10/site-packages:${PYTHONPATH} /usr/bin/python3 -W ignore:setup.py install is deprecated -W ignore:easy_install command is deprecated setup.py develop --editable --build-directory /home/mtouri/ros2_ws_humble/build/nanotec_driver/build --no-deps symlink_data
[3.802s] running develop
[4.084s] running egg_info
[4.084s] creating nanotec_driver.egg-info
[4.084s] writing nanotec_driver.egg-info/PKG-INFO
[4.085s] writing dependency_links to nanotec_driver.egg-info/dependency_links.txt
[4.085s] writing entry points to nanotec_driver.egg-info/entry_points.txt
[4.085s] writing requirements to nanotec_driver.egg-info/requires.txt
[4.085s] writing top-level names to nanotec_driver.egg-info/top_level.txt
[4.086s] writing manifest file 'nanotec_driver.egg-info/SOURCES.txt'
[4.088s] reading manifest file 'nanotec_driver.egg-info/SOURCES.txt'
[4.088s] writing manifest file 'nanotec_driver.egg-info/SOURCES.txt'
[4.090s] running build_ext
[4.091s] Creating /home/mtouri/ros2_ws_humble/install/nanotec_driver/lib/python3.10/site-packages/nanotec-driver.egg-link (link to .)
[4.091s] Installing real_node script to /home/mtouri/ros2_ws_humble/install/nanotec_driver/lib/nanotec_driver
[4.092s] Installing sim_node script to /home/mtouri/ros2_ws_humble/install/nanotec_driver/lib/nanotec_driver
[4.092s] 
[4.092s] Installed /home/mtouri/ros2_ws_humble/build/nanotec_driver
[4.092s] running symlink_data
[4.092s] creating /home/mtouri/ros2_ws_humble/install/nanotec_driver/share/ament_index
[4.092s] creating /home/mtouri/ros2_ws_humble/install/nanotec_driver/share/ament_index/resource_index
[4.092s] creating /home/mtouri/ros2_ws_humble/install/nanotec_driver/share/ament_index/resource_index/packages
[4.093s] symbolically linking /home/mtouri/ros2_ws_humble/build/nanotec_driver/resource/nanotec_driver -> /home/mtouri/ros2_ws_humble/install/nanotec_driver/share/ament_index/resource_index/packages
[4.093s] symbolically linking /home/mtouri/ros2_ws_humble/build/nanotec_driver/package.xml -> /home/mtouri/ros2_ws_humble/install/nanotec_driver/share/nanotec_driver
[4.163s] Invoked command in '/home/mtouri/ros2_ws_humble/build/nanotec_driver' returned '0': CMAKE_PREFIX_PATH=/home/mtouri/ros2_ws_humble/install/nanotec_msgs:/home/mtouri/spot_ws/install/synchros2_tutorials_interfaces_example:/home/mtouri/spot_ws/install/spot_driver:/home/mtouri/spot_ws/install/spot_ros2_control:/home/mtouri/spot_ws/install/spot_rviz_plugins:/home/mtouri/spot_ws/install/spot_hardware_interface:/home/mtouri/spot_ws/install/spot_controllers:/home/mtouri/spot_ws/install/spot_msgs:/home/mtouri/spot_ws/install/spot_description:/home/mtouri/ros2_ws_humble/install/rviz_manager_msgs:/home/mtouri/ros2_ws_humble/install/ros_babel_fish_test_msgs:/home/mtouri/ros2_ws_humble/install/nimblbot_bringup:/home/mtouri/ros2_ws_humble/install/nimblbot_description:/home/mtouri/ros2_ws_humble/install/circular_carrier_msgs:/home/mtouri/ros2_ws_humble/install/circular_carrier_bringup:/home/mtouri/ros2_ws_humble/install/circular_carrier_description LD_LIBRARY_PATH=/home/mtouri/ros2_ws_humble/install/nanotec_msgs/lib:/home/mtouri/spot_ws/install/synchros2_tutorials_interfaces_example/lib:/home/mtouri/spot_ws/install/spot_driver/lib:/home/mtouri/spot_ws/install/spot_ros2_control/lib:/home/mtouri/spot_ws/install/spot_rviz_plugins/lib:/home/mtouri/spot_ws/install/spot_hardware_interface/lib:/home/mtouri/spot_ws/install/spot_controllers/lib:/home/mtouri/spot_ws/install/spot_msgs/lib:/home/mtouri/ros2_ws_humble/install/rviz_manager_msgs/lib:/home/mtouri/ros2_ws_humble/install/ros_babel_fish_test_msgs/lib:/opt/ros/humble/opt/rviz_ogre_vendor/lib:/opt/ros/humble/lib/x86_64-linux-gnu:/opt/spot-cpp-sdk/lib:/opt/ros/humble/lib:/usr/lib PYTHONPATH=/home/mtouri/ros2_ws_humble/build/nanotec_driver/prefix_override:/usr/lib/python3/dist-packages/colcon_core/task/python/colcon_distutils_commands:/home/mtouri/ros2_ws_humble/install/nanotec_driver/lib/python3.10/site-packages:${PYTHONPATH} /usr/bin/python3 -W ignore:setup.py install is deprecated -W ignore:easy_install command is deprecated setup.py develop --editable --build-directory /home/mtouri/ros2_ws_humble/build/nanotec_driver/build --no-deps symlink_data
